10-24 16:44:51.224  1864  2210 I chatty  : uid=10020(com.oculus.vrshell) ShellMainVR expire 550 lines
10-24 16:44:51.226   721  1143 D audio_hw_primary: start_output_stream: enter: stream(0xe80a9000)usecase(1: low-latency-playback) devices(0x2) is_haptic_usecase(0)
10-24 16:44:51.226   721  1143 I audio_hw_primary: select_devices for use case (low-latency-playback)
10-24 16:44:51.226   721  1143 I msm8974_platform: platform_check_and_set_codec_backend_cfg:becf: afe: bitwidth 16, samplerate 48000 channels 2, backend_idx 0 usecase = 1 device (speaker)
10-24 16:44:51.226   721  1143 D msm8974_platform: platform_split_snd_device: snd_device(2) num devices(1) new_snd_devices(0)
10-24 16:44:51.226   721  1143 I msm8974_platform: platform_check_and_set_codec_backend_cfg: new_snd_devices[0] is 2
10-24 16:44:51.226   721  1143 I msm8974_platform: platform_check_codec_backend_cfg:becf: afe: bitwidth 16, samplerate 48000 channels 2, backend_idx 0 usecase = 1 device (speaker)
10-24 16:44:51.226   721  1143 D msm8974_platform: platform_check_codec_backend_cfg:napb: (0) - (deep-buffer-playback)id (0) sr 48000 bw (16) ch (2) device speaker
10-24 16:44:51.227   721  1143 D audio_hw_extn: audio_extn_enable_hifi_filter: mixer_value set 0
10-24 16:44:51.227   721  1143 D msm8974_platform: platform_check_codec_backend_cfg:becf: updated afe: bitwidth 16, samplerate 48000 channels 2,backend_idx 0 usecase = 1 device (speaker)
10-24 16:44:51.227   721  1143 D msm8974_platform: platform_check_codec_backend_cfg:becf: afe: playback on codec device not supporting native playback set default Sample Rate(48k)
10-24 16:44:51.227   721  1143 I msm8974_platform: platform_check_codec_backend_cfg:becf: afe: Codec selected backend: 0 updated bit width: 16 and sample rate: 48000
10-24 16:44:51.227   721  1143 D audio_hw_primary: check_usecases_codec_backend:becf: force routing 0
10-24 16:44:51.227   721  1143 E msm8974_platform: platform_check_backends_match: Invalid snd_device = 
10-24 16:44:51.227   721  1143 D audio_hw_primary: check_usecases_codec_backend:becf: (75) check_usecases curr device: speaker, usecase device: backends match 0
10-24 16:44:51.227   721  1143 D audio_hw_primary: check_usecases_codec_backend:becf: (75) check_usecases curr device: speaker, usecase device:speaker backends match 1
10-24 16:44:51.227   721  1143 E msm8974_platform: platform_check_backends_match: Invalid snd_device = 
10-24 16:44:51.227   721  1143 D audio_hw_primary: check_usecases_codec_backend:becf: (75) check_usecases curr device: speaker, usecase device: backends match 0
10-24 16:44:51.227   721  1143 D audio_hw_primary: check_usecases_codec_backend:becf: check_usecases num.of Usecases to switch 0
10-24 16:44:51.227   721  1143 D hardware_info: hw_info_append_hw_type : device_name = speaker
10-24 16:44:51.227   721  1143 D msm8974_platform: platform_split_snd_device: snd_device(2) num devices(0) new_snd_devices(0)
10-24 16:44:51.227   721  1143 I audio_hw_utils: audio_extn_utils_update_stream_output_app_type_cfg Allowing 24 and above bits playback on speaker ONLY at default sampling rate
10-24 16:44:51.227   721  1143 D audio_hw_utils: audio_extn_utils_send_app_type_cfg: usecase->out_snd_device speaker
10-24 16:44:51.227   721  1143 D msm8974_platform: platform_split_snd_device: snd_device(2) num devices(0) new_snd_devices(0)
10-24 16:44:51.227   721  1143 D audio_hw_utils: audio_extn_btsco_get_sample_rate:Not a BT SCO device, need not update sampling rate
10-24 16:44:51.227   721  1143 I audio_hw_utils: send_app_type_cfg_for_device PLAYBACK app_type 69943, acdb_dev_id 15, sample_rate 48000, snd_device_be_idx 43
10-24 16:44:51.228   721  1143 D msm8974_platform: platform_split_snd_device: snd_device(2) num devices(1) new_snd_devices(0)
10-24 16:44:51.228   721  1143 D audio_hw_utils: audio_extn_btsco_get_sample_rate:Not a BT SCO device, need not update sampling rate
10-24 16:44:51.228   721  1143 D ACDB-LOADER: ACDB -> send_audio_cal, acdb_id = 15, path = 0, app id = 0x11137, sample rate = 48000, afe_sample_rate = 48000
10-24 16:44:51.228   721  1143 D ACDB-LOADER: ACDB -> send_asm_topology
10-24 16:44:51.228   721  1143 D ACDB-LOADER: ACDB -> ACDB_CMD_GET_AUDPROC_STREAM_TOPOLOGY_ID
10-24 16:44:51.228   721  1143 D ACDB-LOADER: ACDB -> send_adm_topology
10-24 16:44:51.228   721  1143 D ACDB-LOADER: ACDB -> ACDB_CMD_GET_AUDPROC_COMMON_TOPOLOGY_ID
10-24 16:44:51.228   721  1143 D ACDB-LOADER: ACDB -> send_audtable
10-24 16:44:51.228   721  1143 D ACDB-LOADER: ACDB -> ACDB_CMD_GET_AUDPROC_INSTANCE_COMMON_TABLE_SIZE
10-24 16:44:51.228   721  1143 D ACDB-LOADER: ACDB -> ACDB_CMD_GET_AUDPROC_INSTANCE_COMMON_TABLE
10-24 16:44:51.228   721  1143 D ACDB-LOADER: ACDB -> AUDIO_SET_AUDPROC_CAL cal_type[11] acdb_id[15] app_type[69943]
10-24 16:44:51.228   721  1143 D ACDB-LOADER: ACDB -> ACDB_CMD_GET_PERSISTENT_AUDPROC_INSTANCE_COMMON_TABLE_SIZE
10-24 16:44:51.228   721  1143 D         : [Data Manager]-> No data found
10-24 16:44:51.228   721  1143 D ACDB-LOADER: Error: ACDB_CMD_GET_PERSISTENT_AUDPROC_INSTANCE_COMMON_TABLE_SIZE returned -18
10-24 16:44:51.228   721  1143 D ACDB-LOADER: ACDB -> send_audproc_persist_table -18 
10-24 16:44:51.228   721  1143 D ACDB-LOADER: Error: Invalid Audproc persist size = -18
10-24 16:44:51.228   721  1143 D ACDB-LOADER: ACDB -> send_audvoltable
10-24 16:44:51.228   721  1143 D ACDB-LOADER: ACDB -> ACDB_CMD_GET_AUDPROC_INSTANCE_GAIN_DEP_STEP_TABLE_SIZE
10-24 16:44:51.228   721  1143 D         : Failed to fetch the lookup information of the device 0000000F 
10-24 16:44:51.228   721  1143 D ACDB-LOADER: Error: ACDB_CMD_GET_AUDPROC_INSTANCE_GAIN_DEP_STEP_TABLE_SIZE Returned = -19
10-24 16:44:51.228   721  1143 D ACDB-LOADER: ACDB -> ACDB_CMD_GET_AUDPROC_INSTANCE_GAIN_DEP_STEP_TABLE, vol index 1
10-24 16:44:51.228   721  1143 D         : Failed to fetch the lookup information of the device 0000000F 
10-24 16:44:51.228   721  1143 D ACDB-LOADER: Error: ACDB AudProc vol returned = -19
10-24 16:44:51.228   721  1143 D ACDB-LOADER: ACDB -> AUDIO_SET_VOL_CAL cal type = 12
10-24 16:44:51.228   721  1143 D ACDB-LOADER: ACDB -> ACDB_CMD_GET_AUDPROC_INSTANCE_STREAM_TABLE_SIZE
10-24 16:44:51.228   721  1143 D ACDB-LOADER: ACDB -> send_audstrmtable
10-24 16:44:51.228   721  1143 D ACDB-LOADER: ACDB -> ACDB_CMD_GET_AUDPROC_INSTANCE_STREAM_TABLE
10-24 16:44:51.228   721  1143 D ACDB-LOADER: ACDB -> audstrm_cal->cal_type.cal_data.cal_size = 20
10-24 16:44:51.228   721  1143 D ACDB-LOADER: ACDB -> send_afe_topology
10-24 16:44:51.228   721  1143 D ACDB-LOADER: ACDB -> ACDB_CMD_GET_AFE_TOPOLOGY_ID
10-24 16:44:51.228   721  1143 D ACDB-LOADER: ACDB -> GET_AFE_TOPOLOGY_ID for adcd_id 15, Topology Id 112fc
10-24 16:44:51.228   721  1143 D ACDB-LOADER: ACDB -> send_afe_cal
10-24 16:44:51.228   721  1143 D ACDB-LOADER: ACDB -> ACDB_CMD_GET_AFE_INSTANCE_COMMON_TABLE_SIZE
10-24 16:44:51.228   721  1143 D         : Failed to fetch the lookup information of the device 0000000F 
10-24 16:44:51.228   721  1143 D ACDB-LOADER: Error: ACDB_CMD_GET_AFE_INSTANCE_COMMON_TABLE_SIZE Returned = -19
10-24 16:44:51.228   721  1143 D ACDB-LOADER: ACDB -> ACDB_CMD_GET_AFE_INSTANCE_COMMON_TABLE
10-24 16:44:51.228   721  1143 D         : Failed to fetch the lookup information of the device 0000000F 
10-24 16:44:51.228   721  1143 D ACDB-LOADER: Error: ACDB AFE returned = -19
10-24 16:44:51.228   721  1143 D ACDB-LOADER: ACDB -> AUDIO_SET_AFE_CAL cal_type[16] acdb_id[15]
10-24 16:44:51.228   721  1143 D ACDB-LOADER: ACDB -> send_hw_delay : acdb_id = 15 path = 0
10-24 16:44:51.228   721  1143 D ACDB-LOADER: ACDB -> ACDB_AVSYNC_INFO: ACDB_CMD_GET_DEVICE_PROPERTY
10-24 16:44:51.228   721  1143 D msm8974_platform: platform_split_snd_device: snd_device(2) num devices(0) new_snd_devices(0)
10-24 16:44:51.228   721  1143 I msm8974_platform: platform_get_custom_mtmx_params: no matching param with id 0 ip_ch 2 op_ch 2 uc_id 1 snd_dev 2
10-24 16:44:51.228   721  1143 I audio_hw_primary: enable_audio_route: apply mixer and update path: low-latency-playback
10-24 16:44:51.228   721  1143 D audio_route: Apply path: low-latency-playback
10-24 16:44:51.229  1059  1152 E WindowManager: App trying to use insecure INPUT_FEATURE_NO_INPUT_CHANNEL flag. Ignoring
10-24 16:44:51.229   721  1143 D audio_hw_primary: select_devices: done
10-24 16:44:51.234   799  4736 D CCodecBufferChannel: [c2.android.vorbis.decoder#196] buffers after EOS ignored (0 us)
10-24 16:44:51.234   799  4736 I chatty  : uid=1013(media) /system/bin/mediaserver identical 1 line
10-24 16:44:51.234   799  4736 D CCodecBufferChannel: [c2.android.vorbis.decoder#196] buffers after EOS ignored (0 us)
10-24 16:44:51.238   721  1143 D msm8974_platform: platform_set_channel_map mixer_ctl_name:Playback Channel Map9
10-24 16:44:51.238   721  1143 D msm8974_platform: platform_set_channel_map: set mapping(1 2 0 0 0 0 0 0) for channel:2
10-24 16:44:51.239   799  4734 D AudioTrack: stop(35): called with 11233 frames delivered
10-24 16:44:51.239   721  1143 D audio_hw_primary: start_output_stream: exit
10-24 16:44:51.241  2164  2192 I LibraryProvider: running queryApp(com.oculus.shellenv) for UID 10031
10-24 16:44:51.242  2164  2192 W LibraryProvider: Cannot find entitlement for com.oculus.shellenv
10-24 16:44:51.243  1964  1964 W OVRLibrary: null cursor received for query content://com.oculus.ocms.library/apps/com.oculus.shellenv
10-24 16:44:51.243  1927  4742 I OSUpdateService: Intent with action system_interactive_changed
10-24 16:44:51.244  1864  4743 I chatty  : uid=10020(com.oculus.vrshell) OVRInput expire 2 lines
10-24 16:44:51.244   845  1755 I TrackingService: TrackingService::getSharedMemoryFileDescriptor
10-24 16:44:51.253  2382  2727 I VrRuntimeService: RuntimeServiceSDKServer::EnableRendering: 0x6f3b995a40, 1, com.oculus.vrshell
10-24 16:44:51.257  1788  1862 I Clay    : BaseApp: Leaving hibernation
10-24 16:44:51.257  1788  1862 I Clay    : EnvironmentSystem: computed visibility changed from Unload to Hidden (reason: LayerRendering)
10-24 16:44:51.257  1788  1862 I Clay    : Entering VR mode
10-24 16:44:51.257  1788  1862 I ClientInputSettings: SetInhibitHandleHomeKey = true for com.oculus.shellenv
10-24 16:44:51.257  1788  1862 I ClientInputInterface: SetInhibitHandleHomeKey 1
10-24 16:44:51.257  1788  1862 I VrApi   : ---------- vrapi_EnterVrMode [start] ----------
10-24 16:44:51.257  1788  1862 I VrRuntimeClient: Tracing is disabled
10-24 16:44:51.257  1788  1862 I VrRuntimeClient: SysProp debug mode is disabled on Client side
10-24 16:44:51.259  1788  1862 D VrApi   : targetSDKVersion 25
10-24 16:44:51.260  1788  1862 I VrRuntimeClient: DEVICE MODEL NUMBER = Quest 2
10-24 16:44:51.260  1788  1862 I VrRuntimeClient: DEVICE BUILD NAME = user-19130100199900000
10-24 16:44:51.260  1788  1862 I VrRuntimeClient: DEVICE BUILD TYPE = user
10-24 16:44:51.260  1788  1862 I VrRuntimeClient: DEVICE OS VERSION = 10
10-24 16:44:51.260  1788  1862 I VrRuntimeClient: API LOADER VERSION = 1.47.0
10-24 16:44:51.260  1788  1862 I VrRuntimeClient: RUNTIME API VERSION = 1.50.0
10-24 16:44:51.260  1788  1862 I VrRuntimeClient: RUNTIME VERSION = 33.0.0.69.370 Sep 26 2021 16:15:10 RELEASE
10-24 16:44:51.260  1788  1862 I VrRuntimeClient: APP NAME = ShellEnv
10-24 16:44:51.260  1788  1862 I VrRuntimeClient: APP VERSION = 33.0.0.69.367 versionCode 320876928 internalVersionName 33.0.0.69.367.b6e20d733497 2021_09_26_16_32
10-24 16:44:51.260  1788  1862 I VrRuntimeClient: APP VR TYPE = vr_only
10-24 16:44:51.260  1788  1862 I VrRuntimeClient: APP MODE TYPE = VR
10-24 16:44:51.261  1788  1862 I VrRuntimeClient: APP PACKAGE NAME = com.oculus.shellenv
10-24 16:44:51.261  1788  1862 I VrRuntimeClient: APP ACTIVITY CLASS = com.oculus.shellenv.ShellEnvActivity
10-24 16:44:51.261  1788  1862 I Sensor  : OSSDKTRACKING Initializing head tracking
10-24 16:44:51.261  1788  1862 D OsSdk   : TrackingServiceConnection ctor
10-24 16:44:51.261  1788  1862 I Sensor  : OSSDKTRACKING Head tracker != nullpointer 0x6fd21d3f58, 1
10-24 16:44:51.261  1788  1862 I Sensor  : OSSDKTRACKING Initializing controller tracking
10-24 16:44:51.261  1788  1862 I Sensor  : OSSDKTRACKING Controller tracker != nullpointer 0x6ec2876700, 1
10-24 16:44:51.261  1788  1862 D BatteryReceiver: Registering battery receiver
10-24 16:44:51.265  1788  1862 D HeadsetReceiver: getCurrentHeadsetState: false
10-24 16:44:51.265  1788  1862 I DeviceStatus: nativeHeadsetEvent(0)
10-24 16:44:51.266  1972  2320 I chatty  : uid=10069(com.oculus.guardian) Thread-2 expire 1 line
10-24 16:44:51.267  1788  1862 I ClientInputInterface: DEADRECKONING SetControllerTrackingExtendedDeadreckoning 0
10-24 16:44:51.267  1788  1862 I ClientInputSettings: HANDTRACKING package name is com.oculus.shellenv
10-24 16:44:51.268  1459  1459 D OculusNotificationListenerService: Notification posted: 0|android|0|com.android.server.wm.AlertWindowNotification - com.oculus.vrshell|1000
10-24 16:44:51.268  1788  1862 I ClientInputSettings: HANDTRACKING: Manifest Permission request for com.oculus.shellenv
10-24 16:44:51.269  1788  1862 I ClientInputSettings: HANDTRACKING:  'com.oculus.shellenv' Is hands or controller.
10-24 16:44:51.269  1788  1862 I ClientInputSettings: HANDTRACKING: feature flag set to 2
10-24 16:44:51.269  1788  1862 I ClientInputInterface: HANDTRACKING sethandmanifest 2
10-24 16:44:51.269  1788  1862 I InputHooks_Internal: Enabling Native Input Hooks
10-24 16:44:51.269  1788  1862 I InputDevice_TrackedRemote: OSSDKTRACKING Initializing Haptics
10-24 16:44:51.269  1788  1862 I InputDevice_TrackedRemote: OSSDKTRACKING Haptics != nullpointer 0x6eae155180, 1
10-24 16:44:51.269  1788  1862 I InputDevice_TrackedRemote: OSSDKTRACKING Initializing Haptics
10-24 16:44:51.270  1788  1862 I InputDevice_TrackedRemote: OSSDKTRACKING Haptics != nullpointer 0x6eae155200, 1
10-24 16:44:51.270  1788  1862 I InputDeviceManager: ovrInputDeviceManager::Initialize
10-24 16:44:51.270  1788  1862 I OSHandDataQuerier: OSSDKTRACKING Initializing HandsTracker
10-24 16:44:51.270  1788  1862 I OSHandDataQuerier: OSSDKTRACKING HandsTracker != nullpointer 0x6ec2901540, 1
10-24 16:44:51.270  1788  1862 I OSHandDataQuerier: OSSDKTRACKING Initializing HandsTracker
10-24 16:44:51.270  1788  1862 I OSHandDataQuerier: OSSDKTRACKING HandsTracker != nullpointer 0x6ec29015e0, 1
10-24 16:44:51.270  1788  4744 I InputDeviceManager: HANDTRACKING Pointer filter profile changed to: 0
10-24 16:44:51.270  1788  4744 I InputDeviceManager: HANDTRACKING Pointer filter profile changed to: 0
10-24 16:44:51.271  1788  1862 D OsSdk   : TrackingServiceConnection registered
10-24 16:44:51.271   845  1755 I TrackingService: TrackingService::getSharedMemoryFileDescriptor
10-24 16:44:51.274  1788  1862 I Distortion: Initializing Mesh Decenter Correction
10-24 16:44:51.276  1788  1862 I Distortion: EYE_DECENTER ipdMin 58.2306 left H: -2.7859 v: 5.0935  right  H: 3.286 v: 1.1055
10-24 16:44:51.276  1788  1862 I Distortion: EYE_DECENTER ipdMid 63.0047 left H: 5.3061 v: 2.7347  right  H: 5.6804 v: 3.3169
10-24 16:44:51.276  1788  1862 I Distortion: EYE_DECENTER ipdMax 67.9514 left H: 6.4621 v: 2.7347  right  H: 5.6804 v: 3.3169
10-24 16:44:51.276  1788  1862 I Distortion: EYE_DECENTER PIXELS(4) left H: -6.4621 V: -2.7347  right H: -5.6804 V: -3.3169
10-24 16:44:51.276  1788  1862 I Distortion: EYE_DECENTER iad:0.0682034,  left H:-0.000199439 V:-8.98349e-05 R:0,  right H:-0.000199439 V:-0.00010896 R:0
10-24 16:44:51.276  1788  1862 I Distortion: SetLensPositions - iad=0.0682034, left offset=0.00220185,-0.00133813, right offset=-0.00260072,-0.00135726
10-24 16:44:51.277  1788  1862 I Distortion: Initializing Mesh Decenter Correction
10-24 16:44:51.278  1788  1862 I Distortion: EYE_DECENTER ipdMin 58.2306 left H: -2.7859 v: 5.0935  right  H: 3.286 v: 1.1055
10-24 16:44:51.278  1788  1862 I Distortion: EYE_DECENTER ipdMid 63.0047 left H: 5.3061 v: 2.7347  right  H: 5.6804 v: 3.3169
10-24 16:44:51.278  1788  1862 I Distortion: EYE_DECENTER ipdMax 67.9514 left H: 6.4621 v: 2.7347  right  H: 5.6804 v: 3.3169
10-24 16:44:51.278  1788  1862 I Distortion: EYE_DECENTER PIXELS(4) left H: -6.4621 V: -2.7347  right H: -5.6804 V: -3.3169
10-24 16:44:51.278  1788  1862 I Distortion: EYE_DECENTER iad:0.0682034,  left H:-0.000199439 V:-8.98349e-05 R:0,  right H:-0.000199439 V:-0.00010896 R:0
10-24 16:44:51.278  1788  1862 I Distortion: SetLensPositions - iad=0.0682034, left offset=0.00220185,-0.00133813, right offset=-0.00260072,-0.00135726
10-24 16:44:51.279  1788  1862 I Distortion: Created custom distortion mesh.
10-24 16:44:51.279  1788  1862 I Distortion: ovrDistortionMeshHeader::magic = 0x56347807
10-24 16:44:51.279  1788  1862 I Distortion: ovrDistortionMeshHeader::deviceModel = 0x200
10-24 16:44:51.279  1788  1862 I Distortion: ovrDistortionMeshHeader::headsetModel = 0x104
10-24 16:44:51.279  1788  1862 I Distortion: ovrDistortionMeshHeader::eyeBlocksWide = 32
10-24 16:44:51.279  1788  1862 I Distortion: ovrDistortionMeshHeader::eyeBlocksHigh = 32
10-24 16:44:51.279  1788  1862 I Distortion: ovrDistortionMeshHeader::lensSeparationMeters = 0.068203
10-24 16:44:51.279  1788  1862 I Distortion: ovrDistortionMeshHeader::horizontalOffsetMeters = -0.000199
10-24 16:44:51.279  1788  1862 I Distortion: ovrDistortionMeshHeader::displayWidthMeters = 0.120362
10-24 16:44:51.279  1788  1862 I Distortion: ovrDistortionMeshHeader::displayHeightMeters = 0.063072
10-24 16:44:51.279  1788  1862 I Distortion: ovrDistortionMeshHeader::displayWidthPixels = 3664
10-24 16:44:51.279  1788  1862 I Distortion: ovrDistortionMeshHeader::displayHeightPixels = 1920
10-24 16:44:51.279  1788  1862 I Distortion: ovrDistortionMeshHeader::eyeTextureWidthPixels = 1440
10-24 16:44:51.279  1788  1862 I Distortion: ovrDistortionMeshHeader::eyeTextureHeightPixels = 1584
10-24 16:44:51.279  1788  1862 I Distortion: ovrDistortionMeshHeader::leftEye = up 48.000000 / down 50.000000 / left 43.000000 / right 45.000000
10-24 16:44:51.279  1788  1862 I Distortion: ovrDistortionMeshHeader::rightEye = up 48.000000 / down 50.000000 / left 45.000000 / right 43.000000
10-24 16:44:51.279  1788  1862 I VrApi   : ovrModeParms::VRAPI_MODE_FLAG_RESET_WINDOW_FULLSCREEN = 1
10-24 16:44:51.279  1788  1862 I VrApi   : ovrModeParms::VRAPI_MODE_FLAG_NATIVE_WINDOW = 1
10-24 16:44:51.279  1788  1862 I VrApi   : ovrModeParms::VRAPI_MODE_FLAG_FRONT_BUFFER_SRGB = 1
10-24 16:44:51.279  1788  1862 I VrApi   : ovrModeParms::VRAPI_MODE_FLAG_PHASE_SYNC = 0
10-24 16:44:51.279  1788  1862 I VrApi   : ovrModeParms::VRAPI_MODE_FLAG_APP_SPACE_WARP = 0
10-24 16:44:51.279  1788  1862 I VrRuntimeClient: SetPhaseSyncMode 0
10-24 16:44:51.279  1788  1862 I VrApi   : PhaseSync disabled
10-24 16:44:51.279  1788  1862 I VrApi   : HMD sensor attached.
10-24 16:44:51.279  1788  1862 D VrRuntimeClient: pokeGuardianUserServiceForThisClient: com.oculus.shellenv:10013
10-24 16:44:51.281  1788  1862 D VrRuntimeClient: VrRuntimeClient: getClientWindow: activity client
10-24 16:44:51.281  1972  1972 I chatty  : uid=10069(com.oculus.guardian) com.oculus.vrguardianservice expire 5 lines
10-24 16:44:51.282  2537  2537 W com.oculus.processhelper.ProcessHelper: Current process name is: com.oculus.socialplatform
10-24 16:44:51.282  2382  2728 I VrRuntimeService: RuntimeServiceSDKServer::EnableRendering: 0x6ee237e780, 2, com.oculus.shellenv
10-24 16:44:51.282  1964  1964 E OVRMediaServiceManager: LivestreamingManager Not initialized
10-24 16:44:51.285  2537  2537 E PartyStateManager: onAppStart nativeGetSystemVoipData didn't contain state
10-24 16:44:51.286  2537  2537 W VRLifecycleManager: onHeadsetMounted
10-24 16:44:51.289  2164  2192 I LibraryProvider: running queryApp(com.oculus.socialplatform) for UID 1000
10-24 16:44:51.290   733  1729 I SyncBossFW:  239492 [info   ] {BCAM}: OV7251 sensors found - 0xf
10-24 16:44:51.294  1459  1459 D OculusNotificationListenerService: Notification posted: 0|com.oculus.horizon|135234|null|10031
10-24 16:44:51.306  1964  1964 W VRLifecycleManager: onHeadsetMounted
10-24 16:44:51.307  1964  1964 D PlatformPlugin: [PlatformPluginManager] Acquiring lock: nativeInit
10-24 16:44:51.307  1964  1964 D PlatformPlugin: [PlatformPluginManager] Successfully acquired lock: nativeInit
10-24 16:44:51.307  1964  1964 I PlatformPlugin: [PlatformPluginManager] Init
10-24 16:44:51.308  1964  1964 I OVRPlatform: [Context] ConfigOption DisableFbns =>  1
10-24 16:44:51.308  1964  1964 I OVRPlatform: [Context] Didn't find config(DisableP2pNetworking), returning default(0)
10-24 16:44:51.309  1964  1964 I OVRPlatform: [AndroidPlatformIntegration] SetThreadCPUAffinity thread 0, cpu mask 0x0000007f
10-24 16:44:51.312   741  1067 D AudioFlinger: mixer(0x740e253cc0) throttle end: throttle time(46)
10-24 16:44:51.313  1964  4759 I libjingle: [224:506] [4759] (RenderFrameCapturerImpl.cpp:351): InitializeAndroid
10-24 16:44:51.313  1964  4759 D JVM     : JVM::Initialize@[tid=4759]
10-24 16:44:51.313  1964  4759 D JVM     : JVM::JVM@[tid=4759]
10-24 16:44:51.313  1964  4759 I org.webrtc.Logging: MediaCodecVideoEncoder: Found target encoder for mime video/x-vnd.on2.vp8 : OMX.qcom.video.encoder.vp8. Color: 0x15
10-24 16:44:51.314  1964  4759 I MediaCodecVideoEncoder: [224:507] [4759] MediaCodecVideoEncoder: VP8 HW Encoder supported.
10-24 16:44:51.314  1964  1964 W OVR     : OVRPlatform is in limited mode. Some features won't work. You likely want to init with an Activity.
10-24 16:44:51.314  1964  4759 I org.webrtc.Logging: MediaCodecVideoEncoder: Found target encoder for mime video/avc : OMX.qcom.video.encoder.avc. Color: 0x15
10-24 16:44:51.314  1964  4759 I MediaCodecVideoEncoder: [224:508] [4759] MediaCodecVideoEncoder: H.264 HW Encoder supported.
10-24 16:44:51.315  2164  2192 I LibraryProvider: running queryAppId(826037204154824) for UID 10031
10-24 16:44:51.316  2164  2192 W LibraryProvider: Cannot find entitlement for ID 826037204154824
10-24 16:44:51.317  1964  4758 W OVRLibrary: null cursor received for query content://com.oculus.ocms.library/appid/826037204154824
10-24 16:44:51.317  1964  4759 I MediaCodecVideoEncoder: [224:511] [4759] MediaCodecVideoEncoder: MediaCodecVideoEncoderFactory::SetEGLContext
10-24 16:44:51.317  1964  4759 I MediaCodecVideoDecoder: [224:511] [4759] MediaCodecVideoDecoder: MediaCodecVideoDecoderFactory ctor
10-24 16:44:51.317  1964  4759 I org.webrtc.Logging: MediaCodecVideoDecoder: Trying to find HW decoder for mime video/x-vnd.on2.vp8
10-24 16:44:51.317  1964  4759 I org.webrtc.Logging: MediaCodecVideoDecoder: Found candidate decoder OMX.qcom.video.decoder.vp8
10-24 16:44:51.317  1964  4759 I org.webrtc.Logging: MediaCodecVideoDecoder: Found target decoder OMX.qcom.video.decoder.vp8. Color: 0x13
10-24 16:44:51.317  1964  4759 I MediaCodecVideoDecoder: [224:511] [4759] MediaCodecVideoDecoder: VP8 HW Decoder supported.
10-24 16:44:51.318  1964  4759 I org.webrtc.Logging: MediaCodecVideoDecoder: Trying to find HW decoder for mime video/x-vnd.on2.vp9
10-24 16:44:51.318  1964  4759 I org.webrtc.Logging: MediaCodecVideoDecoder: Found candidate decoder OMX.qcom.video.decoder.vp9
10-24 16:44:51.318  1964  4759 I org.webrtc.Logging: MediaCodecVideoDecoder: Found target decoder OMX.qcom.video.decoder.vp9. Color: 0x13
10-24 16:44:51.318  1964  4759 I MediaCodecVideoDecoder: [224:512] [4759] MediaCodecVideoDecoder: VP9 HW Decoder supported.
10-24 16:44:51.318  1964  4759 I org.webrtc.Logging: MediaCodecVideoDecoder: Trying to find HW decoder for mime video/avc
10-24 16:44:51.318  1964  4759 I org.webrtc.Logging: MediaCodecVideoDecoder: Found candidate decoder OMX.qcom.video.decoder.avc
10-24 16:44:51.318  1964  4759 I org.webrtc.Logging: MediaCodecVideoDecoder: Found target decoder OMX.qcom.video.decoder.avc. Color: 0x13
10-24 16:44:51.318  1964  4759 I MediaCodecVideoDecoder: [224:512] [4759] MediaCodecVideoDecoder: H264 HW Decoder supported.
10-24 16:44:51.321   733  1729 I SyncBossFW:  239518 [info   ] {APPI}: Camera probe, found: 0xf
10-24 16:44:51.322  1964  1964 I OVRPlatform: [RequestStopwatch] AndroidPlatformIntegration-Constructor took 13.8150 milliseconds
10-24 16:44:51.325  1964  1964 I OVRPlatform: [AndroidPlatformIntegration] OS supports Oculus mic sharing, using native APIs for ovr_Microphone
10-24 16:44:51.325  1964  1964 I OboeAudio: openStream() INPUT -------- OboeVersion1.5.1 --------
10-24 16:44:51.325  1964  1964 I AAudio  : AAudioStreamBuilder_openStream() called ----------------------------------------
10-24 16:44:51.325  1964  1964 I AudioStreamBuilder: rate   =  48000, channels  = 1, format   = 1, sharing = SH, dir = INPUT
10-24 16:44:51.325  1964  1964 I AudioStreamBuilder: device =      0, sessionId = -1, perfMode = 10, callback: OFF with frames = 0
10-24 16:44:51.325  1964  1964 I AudioStreamBuilder: usage  =      1, contentType = 2, inputPreset = 1, allowedCapturePolicy = 0
10-24 16:44:51.325  1964  1964 D AudioStreamBuilder: build() MMAP not available because AAUDIO_PERFORMANCE_MODE_LOW_LATENCY not used.
10-24 16:44:51.326  1964  1964 D         : PlayerBase::PlayerBase()
10-24 16:44:51.327   741  1449 I AudioFlinger: createRecord()
10-24 16:44:51.328   733   733 I HollywoodCameraProvider: [HollywoodCameraProvider] Set cameras to 10 bpp (format 0x00000025)
10-24 16:44:51.330   721   989 W EffectHAL: Effect 0xe80a8860 command SET_CONFIG returned status: Invalid argument
10-24 16:44:51.331   721   989 W EffectHAL: Effect 0xe80a8860 command SET_CONFIG returned status: Invalid argument
10-24 16:44:51.331   721   989 W EffectHAL: Effect 0xe80a88a0 command SET_CONFIG returned status: Invalid argument
10-24 16:44:51.333   733  1735 I SyncBossHAL: [info   ] pulsar_manager.c(715): Setting controller LED config to period: 33333us, on-time: 34us
10-24 16:44:51.333   741  1449 D AF::RecordHandle: OpRecordAudio: track:77 uid:10031 pkg:com.oculus.horizon usage:0 not muted
10-24 16:44:51.334  1964  1964 I AAudio  : AAudioStreamBuilder_openStream() returns 0 = AAUDIO_OK for s#3 ----------------
10-24 16:44:51.334  1964  1964 I OVRPlatform: [OboeMicrophone] Successfully opened Oboe stream
10-24 16:44:51.335  1964  1964 I libjingle: [224:529] [1964] (WebRtcPeerConnectionFactory.cpp:119): WebRtcPeerConnectionFactory::WebRtcPeerConnectionFactory
10-24 16:44:51.336  1964  4764 I libjingle: [224:530] [4764] (WebRtcPeerConnectionFactory.cpp:100): SetThreadCPUAffinity thread 0, cpu mask 127
10-24 16:44:51.336  1964  4765 I libjingle: [224:530] [4765] (WebRtcPeerConnectionFactory.cpp:100): SetThreadCPUAffinity thread 0, cpu mask 127
10-24 16:44:51.337  1964  1964 I libjingle: [224:530] [1964] (WebRtcPeerConnectionFactory.cpp:164): WebRtcPeerConnectionFactory::WebRtcPeerConnectionFactory enc 0xc5870150 dec 0xc5870510
10-24 16:44:51.337  1964  4765 D JVM     : AttachCurrentThreadIfNeeded::ctor@[tid=4765]
10-24 16:44:51.337  1964  4765 D JVM     : Attaching thread to JVM
10-24 16:44:51.337  1964  4765 D JVM     : JVM::environment@[tid=4765]
10-24 16:44:51.337  1964  4765 D JVM     : JNIEnvironment::ctor@[tid=4765]
10-24 16:44:51.337  1964  4765 D AudioManager: ctor@[tid=4765]
10-24 16:44:51.337  1964  4765 D JVM     : JNIEnvironment::RegisterNatives(org/webrtc/voiceengine/WebRtcAudioManager)
10-24 16:44:51.337  1964  4765 D JVM     : NativeRegistration::ctor@[tid=4765]
10-24 16:44:51.337  1964  4765 D JVM     : NativeRegistration::NewObject@[tid=4765]
10-24 16:44:51.338  1964  4765 I org.webrtc.Logging: WebRtcAudioManager: ctor@[name=Thread-19, id=214]
10-24 16:44:51.338  1964  4765 I org.webrtc.Logging: WebRtcAudioManager: Sample rate is set to 48000 Hz
10-24 16:44:51.338  1964  4765 D AudioManager: OnCacheAudioParameters@[tid=4765]
10-24 16:44:51.338  1964  4765 D AudioManager: hardware_aec: 1
10-24 16:44:51.338  1964  4765 D AudioManager: hardware_agc: 0
10-24 16:44:51.338  1964  4765 D AudioManager: hardware_ns: 1
10-24 16:44:51.338  1964  4765 D AudioManager: low_latency_output: 1
10-24 16:44:51.338  1964  4765 D AudioManager: sample_rate: 48000
10-24 16:44:51.338  1964  4765 D AudioManager: channels: 1
10-24 16:44:51.338  1964  4765 D AudioManager: output_buffer_size: 192
10-24 16:44:51.338  1964  4765 D AudioManager: input_buffer_size: 1920
10-24 16:44:51.338  1964  4765 D JVM     : GlobalRef::ctor@[tid=4765]
10-24 16:44:51.338  1964  4765 D AudioManager: JavaAudioManager::ctor@[tid=4765]
10-24 16:44:51.338  1964  4765 D JVM     : AttachCurrentThreadIfNeeded::ctor@[tid=4765]
10-24 16:44:51.338  1964  4765 D JVM     : JVM::environment@[tid=4765]
10-24 16:44:51.338  1964  4765 D JVM     : JNIEnvironment::ctor@[tid=4765]
10-24 16:44:51.338  1964  4765 D AudioTrackJni: ctor@[tid=4765]
10-24 16:44:51.339  1964  4765 D JVM     : JNIEnvironment::RegisterNatives(org/webrtc/voiceengine/WebRtcAudioTrack)
10-24 16:44:51.339  1964  4765 D JVM     : NativeRegistration::ctor@[tid=4765]
10-24 16:44:51.339  1964  4765 D JVM     : NativeRegistration::NewObject@[tid=4765]
10-24 16:44:51.339  1964  4765 I org.webrtc.Logging: WebRtcAudioTrack: ctor@[name=Thread-19, id=214]
10-24 16:44:51.339  1964  4765 D JVM     : GlobalRef::ctor@[tid=4765]
10-24 16:44:51.339  1964  4765 D AudioManager: SetActiveAudioLayer(5)@[tid=4765]
10-24 16:44:51.339  1964  4765 D AudioManager: delay_estimate_in_milliseconds: 150
10-24 16:44:51.339  1964  4765 D AudioTrackJni: AttachAudioBuffer@[tid=4765]
10-24 16:44:51.339  1964  4765 D AudioTrackJni: SetPlayoutSampleRate(48000)
10-24 16:44:51.339  1964  4765 D AudioTrackJni: SetPlayoutChannels(1)
10-24 16:44:51.339  1964  4765 I libjingle: [224:532] [4765] (AudioRecordWrapper.cpp:53): Attached an audio buffer to AudioRecordWrapper
10-24 16:44:51.340  1964  4765 I libjingle: [224:534] [4765] (webrtcvoiceengine.cc:246): WebRtc VoiceEngine codecs:
10-24 16:44:51.340  1964  4765 I libjingle: [224:534] [4765] (webrtcvoiceengine.cc:273): ISAC/16000/1 (103)
10-24 16:44:51.340  1964  4765 I libjingle: [224:534] [4765] (webrtcvoiceengine.cc:273): PCMU/8000/1 (0)
10-24 16:44:51.340  1964  4765 I libjingle: [224:534] [4765] (webrtcvoiceengine.cc:273): PCMA/8000/1 (8)
10-24 16:44:51.340  1964  4765 W libjingle: [224:534] [4765] (webrtcvoiceengine.cc:297): Unexpected codec: PCMU/8000/2 (110)
10-24 16:44:51.341  1964  4765 W libjingle: [224:534] [4765] (webrtcvoiceengine.cc:297): Unexpected codec: PCMA/8000/2 (118)
10-24 16:44:51.341  1964  4765 I libjingle: [224:534] [4765] (webrtcvoiceengine.cc:273): ILBC/8000/1 (102)
10-24 16:44:51.341  1964  4765 I libjingle: [224:534] [4765] (webrtcvoiceengine.cc:273): G722/8000/1 (9)
10-24 16:44:51.341  1964  4765 W libjingle: [224:534] [4765] (webrtcvoiceengine.cc:297): Unexpected codec: G722/8000/2 (119)
10-24 16:44:51.341  1964  4765 I libjingle: [224:534] [4765] (webrtcvoiceengine.cc:273): opus/48000/2 (111)
10-24 16:44:51.341  1964  4765 I libjingle: [224:534] [4765] (webrtcvoiceengine.cc:273): CN/8000/1 (13)
10-24 16:44:51.341  1964  4765 I libjingle: [224:535] [4765] (webrtcvoiceengine.cc:273): CN/16000/1 (105)
10-24 16:44:51.341  1964  4765 I libjingle: [224:535] [4765] (webrtcvoiceengine.cc:273): CN/32000/1 (106)
10-24 16:44:51.341  1964  4765 I libjingle: [224:535] [4765] (webrtcvoiceengine.cc:273): telephone-event/8000/1 (126)
10-24 16:44:51.341  1964  4765 I libjingle: [224:535] [4765] (webrtcvoiceengine.cc:273): red/8000/1 (127)
10-24 16:44:51.341  1964  4765 I libjingle: [224:535] [4765] (webrtcvideoengine2.cc:497): WebRtcVideoEngine2::WebRtcVideoEngine2()
10-24 16:44:51.342  1964  4765 I libjingle: [224:536] [4765] (webrtcvoiceengine.cc:551): WebRtcVoiceEngine::Init
10-24 16:44:51.342  1964  4765 I libjingle: [224:536] [4765] (webrtcvoiceengine.cc:575): VoiceEngine 4.1.0
10-24 16:44:51.342  1964  4765 I libjingle: [224:536] [4765] (voe_base_impl.cc:244): Init: An external ADM implementation will be used in VoiceEngine
10-24 16:44:51.342  1964  4765 D AudioManager: Init@[tid=4765]
10-24 16:44:51.342  1964  4765 I org.webrtc.Logging: WebRtcAudioManager: init@[name=Thread-19, id=214]
10-24 16:44:51.342  1964  4765 I org.webrtc.Logging: WebRtcAudioManager: audio mode is: MODE_NORMAL
10-24 16:44:51.342  1964  4765 D AudioTrackJni: Init@[tid=4765]
10-24 16:44:51.343  1964  4765 I libjingle: [224:536] [4765] (webrtcvoiceengine.cc:1066): webrtc: output: available=0
10-24 16:44:51.343  1964  4765 E libjingle: [224:536] [4765] (webrtcvoiceengine.cc:1066): webrtc: stereo playout is not supported
10-24 16:44:51.343  1964  4765 W libjingle: [224:536] [4765] (webrtcvoiceengine.cc:1066): webrtc: Init() failed to set mono/stereo playout mode (error=8090)
10-24 16:44:51.343  1964  4765 I libjingle: [224:536] [4765] (webrtcvoiceengine.cc:1066): webrtc: output: available=0
10-24 16:44:51.343  1964  4765 E libjingle: [224:536] [4765] (webrtcvoiceengine.cc:1066): webrtc: recording in stereo is not supported
10-24 16:44:51.343  1964  4765 W libjingle: [224:537] [4765] (webrtcvoiceengine.cc:1066): webrtc: Init() failed to set mono/stereo recording mode (error=8090)
10-24 16:44:51.343  1964  4765 I libjingle: [224:537] [4765] (webrtcvoiceengine.cc:1066): webrtc: TransmitMixer::SetAudioProcessingModule(audioProcessingModule=0xc4cf8d40)
10-24 16:44:51.343  1964  4765 I libjingle: [224:537] [4765] (webrtcvoiceengine.cc:1066): webrtc: OutputMixer::SetAudioProcessingModule(audioProcessingModule=0xc4cf8d40)
10-24 16:44:51.343  1964  4765 E libjingle: [224:537] [4765] (voe_base_impl.cc:371): Init: Failed to set agc to enabled: 0
10-24 16:44:51.343  1964  4765 I libjingle: [224:537] [4765] (webrtcvoiceengine.cc:648): ApplyOptions: AudioOptions {aec: true, agc: true, ns: true, hf: true, swap: false, audio_jitter_buffer_max_packets: 50, audio_jitter_buffer_fast_accelerate: false, typing: true, agc_delta: 0, experimental_agc: false, extended_filter_aec: false, delay_agnostic_aec: false, experimental_ns: false, }
10-24 16:44:51.343  1964  4765 I OVRPlatform: [SharedMicrophoneAudioRecord] EnableBuiltInEffect(): called to enable effect 0
10-24 16:44:51.343  1964  4765 I libjingle: [224:537] [4765] (webrtcvoiceengine.cc:722): Disabling EC since built-in EC will be used instead
10-24 16:44:51.343  1964  4765 I libjingle: [224:537] [4765] (webrtcvoiceengine.cc:729): Echo control set to 0 with mode 4
10-24 16:44:51.343  1964  4765 I libjingle: [224:537] [4765] (webrtcvoiceengine.cc:764): Auto gain set to 0 with mode 4
10-24 16:44:51.343  1964  4765 I OVRPlatform: [SharedMicrophoneAudioRecord] EnableBuiltInEffect(): called to enable effect 2
10-24 16:44:51.344  1964  4765 I libjingle: [224:537] [4765] (webrtcvoiceengine.cc:804): Disabling NS since built-in NS will be used instead
10-24 16:44:51.344  1964  4765 I libjingle: [224:537] [4765] (webrtcvoiceengine.cc:811): Noise suppression set to 0 with mode 5
10-24 16:44:51.344  1964  4765 I libjingle: [224:537] [4765] (webrtcvoiceengine.cc:817): High pass filter enabled? 0
10-24 16:44:51.344  1964  4765 I libjingle: [224:537] [4765] (webrtcvoiceengine.cc:825): Stereo swapping enabled? 0
10-24 16:44:51.344  1964  4765 I libjingle: [224:537] [4765] (webrtcvoiceengine.cc:834): NetEq capacity is 50
10-24 16:44:51.344  1964  4765 I libjingle: [224:537] [4765] (webrtcvoiceengine.cc:842): NetEq fast mode? 0
10-24 16:44:51.344  1964  4765 I libjingle: [224:538] [4765] (webrtcvoiceengine.cc:850): Typing detection is enabled? 0
10-24 16:44:51.344  1964  4765 E libjingle: [224:538] [4765] (voe_audio_processing_impl.cc:955): SetTypingDetectionStatus: not supported
10-24 16:44:51.344  1964  4765 W libjingle: [224:538] [4765] (webrtcvoiceengine.cc:854): SetTypingDetectionStatus(0) failed, err=8003
10-24 16:44:51.344  1964  4765 I libjingle: [224:538] [4765] (webrtcvoiceengine.cc:859): Adjust agc delta is 0
10-24 16:44:51.344  1964  4765 I libjingle: [224:538] [4765] (webrtcvoiceengine.cc:1091): Adjusting AGC level from default -3dB to -3dB
10-24 16:44:51.344  1964  4765 I libjingle: [224:538] [4765] (webrtcvoiceengine.cc:870): Delay agnostic aec is enabled? 0
10-24 16:44:51.344  1964  4765 I libjingle: [224:538] [4765] (webrtcvoiceengine.cc:879): Extended filter aec is enabled? 0
10-24 16:44:51.344  1964  4765 I libjingle: [224:538] [4765] (webrtcvoiceengine.cc:888): Experimental ns is enabled? 0
10-24 16:44:51.344  1964  4765 I libjingle: [224:538] [4765] (webrtcvoiceengine.cc:611): WebRtc VoiceEngine codecs:
10-24 16:44:51.344  1964  4765 I libjingle: [224:538] [4765] (webrtcvoiceengine.cc:613): opus/48000/2 (111)
10-24 16:44:51.344  1964  4765 I libjingle: [224:538] [4765] (webrtcvoiceengine.cc:613): ISAC/16000/1 (103)
10-24 16:44:51.344  1964  4765 I libjingle: [224:538] [4765] (webrtcvoiceengine.cc:613): G722/8000/1 (9)
10-24 16:44:51.344  1964  4765 I libjingle: [224:538] [4765] (webrtcvoiceengine.cc:613): ILBC/8000/1 (102)
10-24 16:44:51.344  1964  4765 I libjingle: [224:538] [4765] (webrtcvoiceengine.cc:613): PCMU/8000/1 (0)
10-24 16:44:51.344  1964  4765 I libjingle: [224:538] [4765] (webrtcvoiceengine.cc:613): PCMA/8000/1 (8)
10-24 16:44:51.344  1964  4765 I libjingle: [224:538] [4765] (webrtcvoiceengine.cc:613): CN/32000/1 (106)
10-24 16:44:51.345  1964  4765 I libjingle: [224:538] [4765] (webrtcvoiceengine.cc:613): CN/16000/1 (105)
10-24 16:44:51.345  1964  4765 I libjingle: [224:538] [4765] (webrtcvoiceengine.cc:613): CN/8000/1 (13)
10-24 16:44:51.345  1964  4765 I libjingle: [224:538] [4765] (webrtcvoiceengine.cc:613): red/8000/1 (127)
10-24 16:44:51.345  1964  4765 I libjingle: [224:538] [4765] (webrtcvoiceengine.cc:613): telephone-event/8000/1 (126)
10-24 16:44:51.345  1964  4765 I libjingle: [224:538] [4765] (webrtcvoiceengine.cc:961): Setting microphone to (id=0) and speaker to (id=0)
10-24 16:44:51.345  1964  4765 W libjingle: [224:539] [4765] (webrtcvoiceengine.cc:1066): webrtc: SetRecordingChannel() unable to set the recording channel (error=10028)
10-24 16:44:51.345  1964  4765 E libjingle: [224:539] [4765] (webrtcvoiceengine.cc:1066): webrtc: recording in stereo is not supported
10-24 16:44:51.345  1964  4765 W libjingle: [224:539] [4765] (webrtcvoiceengine.cc:1066): webrtc: SetRecordingDevice() failed to set mono recording mode (error=8090)
10-24 16:44:51.345  1964  4765 E libjingle: [224:539] [4765] (webrtcvoiceengine.cc:1066): webrtc: stereo playout is not supported
10-24 16:44:51.345  1964  4765 W libjingle: [224:539] [4765] (webrtcvoiceengine.cc:1066): webrtc: SetPlayoutDevice() failed to set stereo playout mode (error=8090)
10-24 16:44:51.345  1964  4765 I libjingle: [224:539] [4765] (webrtcvoiceengine.cc:981): Set microphone to (id=0) and speaker to (id=0)
10-24 16:44:51.345  1964  4765 I libjingle: [224:539] [4765] (webrtcvoiceengine.cc:554): WebRtcVoiceEngine::Init Done!
10-24 16:44:51.345  1964  4765 I libjingle: [224:539] [4765] (webrtcvideoengine2.cc:506): WebRtcVideoEngine2::Init
10-24 16:44:51.345  1964  4765 I libjingle: [224:539] [4765] (dtlsidentitystore.cc:53): Generating identity, using keytype 0
10-24 16:44:51.345  1964  4765 I libjingle: [224:539] [4765] (opensslidentity.cc:41): Making key pair
10-24 16:44:51.365  2537  2537 W PartyNativeModuleManager: Calling nativeTearDown but native code wasn't initialized. Noop.
10-24 16:44:51.376   741  2906 W AudioFlinger: RecordThread: buffer overflow
10-24 16:44:51.376  2537  2537 W PartyNativeModuleManager: Calling nativeTearDown but native code wasn't initialized. Noop.
10-24 16:44:51.378  1518  2789 I [CT]    : MIXEDREALITY: MrServiceView: renderIteration: Display refresh rate changed, new value: 72.0.
10-24 16:44:51.378  1518  2789 I [CT]    : MIXEDREALITY: MrRuntimeImpl: onDisplayRefreshRateChanged: Display rate changed from 0.0 to 72.0.
10-24 16:44:51.378  1518  2789 I [CT]    : MIXEDREALITY: MrRuntimeImpl: Force telemetry to be sent now.
10-24 16:44:51.378  1518  2789 I [CT]    : MIXEDREALITY: MrRuntimeImpl: Reset telemetry such to start collecting data using the new refresh rate.
10-24 16:44:51.378  1518  2789 I [CT]    : MIXEDREALITY: MrRuntimeImpl: setSessionInitTime: Session initialization timer was set to 252.521434902 ns.
10-24 16:44:51.378  1518  2789 I [CT]    : MIXEDREALITY: MrRuntimeImpl: setSessionInitTime: Reset session duration timer after 0.200409062 seconds.
10-24 16:44:51.381   845  1656 I TrackingService: [            iot] STANDBY -> RUNNING transition time: 261 ms
10-24 16:44:51.381   845  1657 I TrackingService: [  constellation] STANDBY -> RUNNING transition time: 0 ms
10-24 16:44:51.381   733  1729 I SyncBossFW:  239583 [info   ] {APPI}: Starting camera streaming
10-24 16:44:51.381   733  1729 I SyncBossFW:  239583 [info   ] {BCAM}: Camera streaming started
10-24 16:44:51.383   733   733 I FrameSetDispatcher: [HAND] Client thread started
10-24 16:44:51.383   733   733 I CameraClientManager: [HAND] Added client - started clients: 1
10-24 16:44:51.432   733  4767 W SensorService: FrameType HAND: New frameset capture timestamp exceeds tolerance bounds
10-24 16:44:51.447   733  4770 W SensorService: FrameType HEADSET: New frameset capture timestamp exceeds tolerance bounds
10-24 16:44:51.451   845  4771 I chatty  : uid=1000(system) IOTcam expire 23 lines
10-24 16:44:51.463   733  4770 E SensorService: FrameType HAND: Releasing incomplete frame set: Received frame from next frame set
10-24 16:44:51.464   845  4777 I chatty  : uid=1000(system) HandCam expire 4 lines
10-24 16:44:51.469   845  4778 I chatty  : uid=1000(system) /system/bin/trackingservice expire 2 lines
10-24 16:44:51.474  1059  1059 V MediaPlayer: resetDrmState:  mDrmInfo=null mDrmProvisioningThread=null mPrepareDrmInProgress=false mActiveDrmScheme=false
10-24 16:44:51.474  1059  1059 V MediaPlayer: cleanDrmObj: mDrmObj=null mDrmSessionId=null
10-24 16:44:51.475   799  3419 D NuPlayerDriver: reset(0xecb2e5a0) at state 6
10-24 16:44:51.475  1272  1272 V AvrcpMediaPlayerList: onPlaybackConfigChanged(): Configs list size=5
10-24 16:44:51.476  1272  1272 V AvrcpMediaPlayerList: onPlaybackConfigChanged(): Configs list size=4
10-24 16:44:51.479   799  4729 D NuPlayerDriver: notifyResetComplete(0xecb2e5a0)
10-24 16:44:51.480   832  1616 V C2Store : in ~ComponentModule
10-24 16:44:51.480   832  1616 V C2Store : unloading dll
10-24 16:44:51.481   799  3419 W AMessage: failed to post message as target looper for handler 0 is gone.
10-24 16:44:51.482   845  1658 I chatty  : uid=1000(system) /system/bin/trackingservice expire 31 lines
10-24 16:44:51.487   745   745 D SurfaceFlinger: setCacPowerMode: mode=2
10-24 16:44:51.487   745   745 I HWC2    : Creating virtual display
10-24 16:44:51.490   849  3912 D VrApiService: refresh-rate changed to 72Hz
10-24 16:44:51.492  2382  2382 I Vsync   : Opened /sys/class/drm/sde-crtc-0/lineptr_event
10-24 16:44:51.492  2382  2382 I CompositorTiming: ---------------- CompositorTiming::Init ----------------
10-24 16:44:51.492  2382  2382 I TimeWarp: Application context EGL_CONTEXT_CLIENT_VERSION = 3
10-24 16:44:51.492  2382  2382 I TimeWarp: createSurface( vr_compositor, 3664, 1920 )
10-24 16:44:51.493  2382  2382 I TimeWarp: getSurfaceWindow returned 0x6ee2796010
10-24 16:44:51.493   735   735 I chatty  : uid=1000(system) composer-servic expire 15 lines
10-24 16:44:51.499   735   735 I SDM     : HWCDisplay::SetFrameBufferConfig: New framebuffer resolution (1920x3664)
10-24 16:44:51.499   735   735 I SDM     : HWCVirtualDisplayFactory::Create: Creating virtual display: w: 1920 h:3664 format:0x1
10-24 16:44:51.499   735   735 I SDM     : HWCSession::CreateVirtualDisplayObj: Created virtual display id:1 with res: 1920x3664
10-24 16:44:51.499   735   735 I SDM     : HWCSession::CreateVirtualDisplay: Created virtual display id:1, res: 1920x3664
10-24 16:44:51.500   745   745 I HWC2    : Created virtual display
10-24 16:44:51.501   845  4780 I chatty  : uid=1000(system) Tracking Init expire 42 lines
10-24 16:44:51.508   745   745 D SurfaceFlinger: Finished setting power mode 2 on display 19261214226499457
10-24 16:44:51.509  1059  1233 D SurfaceControl: Excessive delay in setPowerMode()
10-24 16:44:51.509  1059  1104 W PowerManagerService: Screen on took 396 ms
10-24 16:44:51.510  2382  2382 I TimeWarp: getSurfaceWindow for protected surface returned 0x6ee2797010
10-24 16:44:51.510   735   977 E SDM     : ScalarConfig::GetPipeScaleSettingsInfo: lib_scale_get_pipe_settings failed: status = 2
10-24 16:44:51.510   735   977 D SDM     : ScalarConfig::DumpPipeInputParams: ====== Dual Config ======
10-24 16:44:51.510   735   977 D SDM     : ScalarConfig::DumpPipeInputParams: Optimization Mode: 0 ContentType: 2 ModuleType[0]: 3 ModuleType[1]: 3 InputFlags: 10 Delta_Phase_Horizontal: 0 Delta_Phase_Vertical: 0 Chroma_Site: 0
10-24 16:44:51.511   735   977 E SDM     : ScalarConfig::GetPipeScaleSettingsInfo: lib_scale_get_pipe_settings failed: status = 2
10-24 16:44:51.511   735   977 D SDM     : ScalarConfig::DumpPipeInputParams: ====== Dual Config ======
10-24 16:44:51.511   735   977 D SDM     : ScalarConfig::DumpPipeInputParams: Optimization Mode: 0 ContentType: 2 ModuleType[0]: 3 ModuleType[1]: 3 InputFlags: 10 Delta_Phase_Horizontal: 0 Delta_Phase_Vertical: 0 Chroma_Site: 0
10-24 16:44:51.511   735   977 E SDM     : CompManager::Prepare: Composition strategies exhausted for display = 0
10-24 16:44:51.511   735   977 W SDM     : HWCDisplay::PrepareLayerStack: Prepare failed. Error = 2
10-24 16:44:51.511  2382  2382 I TimeWarp: frontBufferWidth = 3664
10-24 16:44:51.511  2382  2382 I TimeWarp: frontBufferHeight = 1920
10-24 16:44:51.511  2382  2382 I TimeWarp: frontBufferIsProtected = 1
10-24 16:44:51.511  2382  4781 I TimeWarp: WarpThreadInit()
10-24 16:44:51.511   735   977 E SDM     : ScalarConfig::GetPipeScaleSettingsInfo: lib_scale_get_pipe_settings failed: status = 2
10-24 16:44:51.511   735   977 D SDM     : ScalarConfig::DumpPipeInputParams: ====== Dual Config ======
10-24 16:44:51.511   735   977 D SDM     : ScalarConfig::DumpPipeInputParams: Optimization Mode: 0 ContentType: 2 ModuleType[0]: 3 ModuleType[1]: 3 InputFlags: 10 Delta_Phase_Horizontal: 0 Delta_Phase_Vertical: 0 Chroma_Site: 0
10-24 16:44:51.511   735   977 E SDM     : ScalarConfig::GetPipeScaleSettingsInfo: lib_scale_get_pipe_settings failed: status = 2
10-24 16:44:51.511   735   977 D SDM     : ScalarConfig::DumpPipeInputParams: ====== Dual Config ======
10-24 16:44:51.511   735   977 D SDM     : ScalarConfig::DumpPipeInputParams: Optimization Mode: 0 ContentType: 2 ModuleType[0]: 3 ModuleType[1]: 3 InputFlags: 10 Delta_Phase_Horizontal: 0 Delta_Phase_Vertical: 0 Chroma_Site: 0
10-24 16:44:51.511   735   977 E SDM     : CompManager::Prepare: Composition strategies exhausted for display = 0
10-24 16:44:51.511   735   977 W SDM     : HWCDisplay::PrepareLayerStack: Prepare failed. Error = 2
10-24 16:44:51.511   745   745 E HWComposer: prepare: presentOrValidate failed for display 19261214226499457: BadDisplay (2)
10-24 16:44:51.511   745   745 E SurfaceFlinger: prepareFrame failed for DisplayDevice{19261214226499457, primary, "jdi 4k 120Hz "}: -2147483648 (Unknown error -2147483648)
10-24 16:44:51.514   735   977 E SDM     : ScalarConfig::GetPipeScaleSettingsInfo: lib_scale_get_pipe_settings failed: status = 2
10-24 16:44:51.514   735   977 D SDM     : ScalarConfig::DumpPipeInputParams: ====== Dual Config ======
10-24 16:44:51.514   735   977 D SDM     : ScalarConfig::DumpPipeInputParams: Optimization Mode: 0 ContentType: 2 ModuleType[0]: 3 ModuleType[1]: 3 InputFlags: 10 Delta_Phase_Horizontal: 0 Delta_Phase_Vertical: 0 Chroma_Site: 0
10-24 16:44:51.514   735   977 E SDM     : ScalarConfig::GetPipeScaleSettingsInfo: lib_scale_get_pipe_settings failed: status = 2
10-24 16:44:51.514   735   977 D SDM     : ScalarConfig::DumpPipeInputParams: ====== Dual Config ======
10-24 16:44:51.514   735   977 D SDM     : ScalarConfig::DumpPipeInputParams: Optimization Mode: 0 ContentType: 2 ModuleType[0]: 3 ModuleType[1]: 3 InputFlags: 10 Delta_Phase_Horizontal: 0 Delta_Phase_Vertical: 0 Chroma_Site: 0
10-24 16:44:51.514   735   977 E SDM     : CompManager::Prepare: Composition strategies exhausted for display = 0
10-24 16:44:51.514   735   977 W SDM     : HWCDisplay::PrepareLayerStack: Prepare failed. Error = 2
10-24 16:44:51.514   745   745 E HWComposer: prepare: presentOrValidate failed for display 19261214226499457: BadDisplay (2)
10-24 16:44:51.514   745   745 E SurfaceFlinger: prepareFrame failed for DisplayDevice{19261214226499457, primary, "jdi 4k 120Hz "}: -2147483648 (Unknown error -2147483648)
10-24 16:44:51.520   735   735 E SDM     : ScalarConfig::GetPipeScaleSettingsInfo: lib_scale_get_pipe_settings failed: status = 2
10-24 16:44:51.521   735   735 D SDM     : ScalarConfig::DumpPipeInputParams: ====== Dual Config ======
10-24 16:44:51.521   735   735 D SDM     : ScalarConfig::DumpPipeInputParams: Optimization Mode: 0 ContentType: 2 ModuleType[0]: 3 ModuleType[1]: 3 InputFlags: 10 Delta_Phase_Horizontal: 0 Delta_Phase_Vertical: 0 Chroma_Site: 0
10-24 16:44:51.521   735   735 E SDM     : ScalarConfig::GetPipeScaleSettingsInfo: lib_scale_get_pipe_settings failed: status = 2
10-24 16:44:51.521   735   735 D SDM     : ScalarConfig::DumpPipeInputParams: ====== Dual Config ======
10-24 16:44:51.521   735   735 D SDM     : ScalarConfig::DumpPipeInputParams: Optimization Mode: 0 ContentType: 2 ModuleType[0]: 3 ModuleType[1]: 3 InputFlags: 10 Delta_Phase_Horizontal: 0 Delta_Phase_Vertical: 0 Chroma_Site: 0
10-24 16:44:51.521   735   735 E SDM     : ScalarConfig::GetPipeScaleSettingsInfo: lib_scale_get_pipe_settings failed: status = 2
10-24 16:44:51.521   735   735 D SDM     : ScalarConfig::DumpPipeInputParams: ====== Dual Config ======
10-24 16:44:51.521   735   735 D SDM     : ScalarConfig::DumpPipeInputParams: Optimization Mode: 0 ContentType: 2 ModuleType[0]: 3 ModuleType[1]: 3 InputFlags: 10 Delta_Phase_Horizontal: 0 Delta_Phase_Vertical: 0 Chroma_Site: 0
10-24 16:44:51.521   735   735 E SDM     : ScalarConfig::GetPipeScaleSettingsInfo: lib_scale_get_pipe_settings failed: status = 2
10-24 16:44:51.521   735   735 D SDM     : ScalarConfig::DumpPipeInputParams: ====== Dual Config ======
