10-24 16:44:52.040  1059  1083 E NetworkStats: 	at com.android.server.NetworkManagementService$NetdTetheringStatsProvider.getTetherStats(NetworkManagementService.java:1568)
10-24 16:44:52.040  1059  1083 E NetworkStats: 	at com.android.server.NetworkManagementService.getNetworkStatsTethering(NetworkManagementService.java:1608)
10-24 16:44:52.040  1059  1083 E NetworkStats: 	at com.android.server.net.NetworkStatsService.getNetworkStatsTethering(NetworkStatsService.java:1717)
10-24 16:44:52.040  1059  1083 E NetworkStats: 	at com.android.server.net.NetworkStatsService.getNetworkStatsUidDetail(NetworkStatsService.java:1670)
10-24 16:44:52.040  1059  1083 E NetworkStats: 	at com.android.server.net.NetworkStatsService.recordSnapshotLocked(NetworkStatsService.java:1256)
10-24 16:44:52.040  1059  1083 E NetworkStats: 	at com.android.server.net.NetworkStatsService.performPollLocked(NetworkStatsService.java:1343)
10-24 16:44:52.040  1059  1083 E NetworkStats: 	at com.android.server.net.NetworkStatsService.performPoll(NetworkStatsService.java:1318)
10-24 16:44:52.040  1059  1083 E NetworkStats: 	at com.android.server.net.NetworkStatsService.openSessionInternal(NetworkStatsService.java:568)
10-24 16:44:52.040  1059  1083 E NetworkStats: 	at com.android.server.net.NetworkStatsService.openSessionForUsageStats(NetworkStatsService.java:537)
10-24 16:44:52.040  1059  1083 E NetworkStats: 	at android.net.INetworkStatsService$Stub.onTransact(INetworkStatsService.java:209)
10-24 16:44:52.040  1059  1083 E NetworkStats: 	at android.os.Binder.execTransactInternal(Binder.java:1021)
10-24 16:44:52.040  1059  1083 E NetworkStats: 	at android.os.Binder.execTransact(Binder.java:994)
10-24 16:44:52.040  1059  1083 E NetworkStats: Caused by: android.os.ServiceSpecificException: [Operation not permitted] : failed to fetch tether stats (0): -1 (code 1)
10-24 16:44:52.040  1059  1083 E NetworkStats: 	at android.os.Parcel.createException(Parcel.java:2052)
10-24 16:44:52.040  1059  1083 E NetworkStats: 	at android.os.Parcel.readException(Parcel.java:2006)
10-24 16:44:52.040  1059  1083 E NetworkStats: 	at android.os.Parcel.readException(Parcel.java:1954)
10-24 16:44:52.040  1059  1083 E NetworkStats: 	at android.net.INetd$Stub$Proxy.tetherGetStats(INetd.java:1795)
10-24 16:44:52.040  1059  1083 E NetworkStats: 	at com.android.server.NetworkManagementService$NetdTetheringStatsProvider.getTetherStats(NetworkManagementService.java:1566)
10-24 16:44:52.040  1059  1083 E NetworkStats: 	... 11 more
10-24 16:44:52.042  1059  1083 I DropBoxManagerService: add tag=system_server_wtf isTagEnabled=true flags=0x2
10-24 16:44:52.046  1059  1087 W InputReader: Device has associated, but no associated display id.
10-24 16:44:52.068  2382  4781 I TimeWarpProgs: loaded binary layerProgram 2:0x40007:0x0 in 1.2 ms
10-24 16:44:52.078  1059  1087 W InputReader: Device has associated, but no associated display id.
10-24 16:44:52.083  1059  1089 W InputReader: Device has associated, but no associated display id.
10-24 16:44:52.083  1059  1089 I ActivityTaskManager: Override config changes=20005df8 {0.0 ?mcc?mnc ?localeList ?layoutDir sw88dp w640dp h88dp 200dpi nrml long land ?uimode ?night -touch qwerty/v/v -nav/h winConfig={ mBounds=Rect(0, 0 - 800, 110) mAppBounds=Rect(0, 0 - 800, 110) mWindowingMode=fullscreen mDisplayWindowingMode=fullscreen mActivityType=undefined mAlwaysOnTop=undefined mRotation=ROTATION_0}} for displayId=33
10-24 16:44:52.092  1059  1089 W InputReader: Device has associated, but no associated display id.
10-24 16:44:52.092  1059  1089 I ActivityTaskManager: Override config changes=20005df8 {0.0 ?mcc?mnc ?localeList ?layoutDir sw500dp w800dp h500dp 200dpi lrg land ?uimode ?night -touch qwerty/v/v -nav/h winConfig={ mBounds=Rect(0, 0 - 1000, 625) mAppBounds=Rect(0, 0 - 1000, 625) mWindowingMode=fullscreen mDisplayWindowingMode=fullscreen mActivityType=undefined mAlwaysOnTop=undefined mRotation=ROTATION_0}} for displayId=34
10-24 16:44:52.095   733  1736 W SensorService: Unknown packet type (20) received
10-24 16:44:52.099  1964  1964 E OVRMediaServiceManager: LivestreamingManager Not initialized
10-24 16:44:52.102  2537  2537 W com.oculus.processhelper.ProcessHelper: Current process name is: com.oculus.socialplatform
10-24 16:44:52.105  2382  4781 I Vsync   : Vsync 75:  1 x 11.70 ms (89.76 Hz, at 253.248)
10-24 16:44:52.116  2382  4781 I Vsync   : Vsync 76:  1 x 10.55 ms (89.76 Hz, at 253.259)
10-24 16:44:52.121  2537  2537 E PartyStateManager: onAppStart nativeGetSystemVoipData didn't contain state
10-24 16:44:52.121  2537  2537 W VRLifecycleManager: onHeadsetMounted
10-24 16:44:52.128  1059  1089 I DisplayManagerService: Display device changed state: "com.oculus.android_panel_app.AndroidPanelLayer-#main", ON
10-24 16:44:52.137  2382  2728 I VrRuntimeService: UpdateAndroidSurfaceSwapChainDimensions: 200: 1000x625
10-24 16:44:52.138  2382  2728 I VrRuntimeService: UpdateSwapChainSamplerState: 200
10-24 16:44:52.138  2382  2728 I VrRuntimeService: UpdateSwapChainSamplerState: minFilter=1 magFilter=1 wrapModeS=3 warpModeT=3 maxAniso=1.000000 border={0.000000,0.000000,0.000000,0.000000} swizzle={0,1,2,3}
10-24 16:44:52.139  1059  3881 E WindowManager: App trying to use insecure INPUT_FEATURE_NO_INPUT_CHANNEL flag. Ignoring
10-24 16:44:52.150  3207  3451 I chatty  : uid=10026(com.oculus.systemux) pool-1-thread-4 expire 1 line
10-24 16:44:52.150  1059  1089 I DisplayManagerService: Display device changed state: "com.oculus.android_panel_app.AndroidPanelLayer-tablet", ON
10-24 16:44:52.154  2382  2728 I VrRuntimeService: CreateSwapChain: 3085779935
10-24 16:44:52.154  2382  2728 I VrRuntimeService: CreateSwapChain: api:vk 0 0x2b 800 110 10 3 1 4 15
10-24 16:44:52.155  2382  2728 W SwapChain: CreateTextureSwapChainFoveation: export failed
10-24 16:44:52.156  2382  2728 I VrRuntimeServer: CreateTextureSwapChain: result importswapchaingles 1
10-24 16:44:52.158  1788  3054 I SwapChain_Vulkan: Imported texture has requirements 9, ends up index 0
10-24 16:44:52.158  1788  3054 I chatty  : uid=10013(com.oculus.shellenv) Thread-24 identical 1 line
10-24 16:44:52.158  1788  3054 I SwapChain_Vulkan: Imported texture has requirements 9, ends up index 0
10-24 16:44:52.158  1788  3054 W VrRuntimeClient: CreateTextureSwapChain: Failed to import foveation swapchain
10-24 16:44:52.170  1059  1152 E WindowManager: App trying to use insecure INPUT_FEATURE_NO_INPUT_CHANNEL flag. Ignoring
10-24 16:44:52.179  2382  4781 I TimeWarpProgs: loaded binary layerProgram 0:0x40005:0x0 in 1.1 ms
10-24 16:44:52.209  2164  2192 I LibraryProvider: running queryAllApps() for UID 10026
10-24 16:44:52.263  2164  2268 I LibraryProvider: running queryAllApps() for UID 10026
10-24 16:44:52.263  2537  2537 W PartyNativeModuleManager: Calling nativeTearDown but native code wasn't initialized. Noop.
10-24 16:44:52.268  3207  3207 D [SUI] LibraryViewModel: No apps marked for later download from App Migration Dialog
10-24 16:44:52.268  3207  3207 D [SUI] HorizonContentProviderHelper: fetchAppsScoreboardsInfo - appIds.length: 43
10-24 16:44:52.269  3207  3207 I AndroidPanelApp: Turning on layer visibility for layer #main.
10-24 16:44:52.270  3207  3207 D [SUI] AnytimeUIBroadcastReceiver: action: com.oculus.systemactivities.CAPTURE_STATE_UPDATE
10-24 16:44:52.270  3207  3207 I [SUI] AnytimeUIBroadcastReceiver: handleCaptureStateUpdate: captureToDisk false, captureEnabled false, isCapturingAbuseReport false, abuseRecordingUUID null
10-24 16:44:52.270  3207  3207 I AndroidPanelApp: Turning on layer visibility for layer tablet.
10-24 16:44:52.271  3207  3207 I AndroidPanelApp: measureLayerView adjusting initial height from 110 to 1250 due to resize behavior.
10-24 16:44:52.271  3207  3207 I AndroidPanelApp: measureLayerView with initial width 800, initial height 1250, resize behavior WRAP_CONTENT_HEIGHT.
10-24 16:44:52.271  3207  3207 I AndroidPanelApp: Measured width 800 and height 110.
10-24 16:44:52.275  3207  3207 D [SUI] AnytimeUIBroadcastReceiver: action: com.oculus.livestreaming_status_change
10-24 16:44:52.281   845  4780 W [CT]    : VIO_UPDATE: Tracking has been bad for the last 0.099999000 [sec]
10-24 16:44:52.281   845  4771 I [CT]    : VIPER: Deleting extra transient map 92b00ee5-db29-0d19-18fc-848f80f72fed from VegaSlamHmd
10-24 16:44:52.281   845  4771 I [CT]    : VIPER:MAPPER: == Remove map: 92b00ee5-db29-0d19-18fc-848f80f72fed @ Context 3 ==
10-24 16:44:52.281   845  4771 I [CT]    : VIPER:MAPPER: == Switching to : 7fe96743-4f7e-fe0c-1024-e98ecac144c4 @ Context 0 ==
10-24 16:44:52.281   845  4771 W [CT]    : SlamAvailableMaps: Attempted to removed map 92b00ee5-db29-0d19-18fc-848f80f72fed from available maps container, but maps was not in container. Available map count is 3.
10-24 16:44:52.281   845  4771 I [CT]    : VIPER:DESCRIPTORSEARCHINDEXCACHE: Removed localization data of 92b00ee5-db29-0d19-18fc-848f80f72fed.
10-24 16:44:52.281   845  4771 I [CT]    : VIPER:ANCHOR_MANAGER: AnchorManager switched maps to 5b3555a5-e1cb-d303-b6c1-f6fe20df34fb
10-24 16:44:52.281   845  4771 I [CT]    : VIPER: InternalAnchorHealthMonitor: Anchors: 0 | Persistent anchors: 0 | Anchors never observed: 0
10-24 16:44:52.281   845  4771 I [CT]    :   (min/avg/max) Anchor landmarks: (-/-/-) | Covisible keyframes: (-/-/-) | Times since observation: (-/-/-)
10-24 16:44:52.281   845  4771 I [CT]    : VIPER:MAPPER: == Adding new map: 5b3555a5-e1cb-d303-b6c1-f6fe20df34fb @ Context 3 ==
10-24 16:44:52.281   845  4771 I [CT]    : VIPER:MAPPER: Created locMapData for 5b3555a5-e1cb-d303-b6c1-f6fe20df34fb. Took 0.023594mS to generate covis info and 0.066041mS to generate point data. Data uses 7.6796875 KiB
10-24 16:44:52.282   845  4771 I [CT]    : VIPER:DESCRIPTORSEARCHINDEXCACHE: Creating empty search index for map 5b3555a5-e1cb-d303-b6c1-f6fe20df34fb
10-24 16:44:52.282   845  4771 I [CT]    : DESCRIPTOR_MATCHING:INDEX_FACTORY: Creating Search Index of type Lsh
10-24 16:44:52.282   845  4771 I [CT]    : VIPER: Initial map with 109 points (UUID: 5b3555a5-e1cb-d303-b6c1-f6fe20df34fb)
10-24 16:44:52.282   845  4771 I [CT]    : VIPER:LOCALIZER: Cleared training data buffer of size 0 in LocalizerTabby.
10-24 16:44:52.282   845  4771 I [CT]    : VioSubmapManagement: Adding new submapId to filter from reloc. SubmapId: Submap id = 7, version = 0
10-24 16:44:52.283   845  4771 I [CT]    : VegaTrackTracker: Starting map tracking on map. SubmapId Submap id = 7, version = 0
10-24 16:44:52.283   845  4771 I [CT]    : VIPER:ANCHOR_MANAGER: AnchorManager switched maps to 00000000-0000-0000-0000-000000000000
10-24 16:44:52.286  3207  3207 D [SUI] AnytimeUIBroadcastReceiver: action: com.oculus.systemactivities.LOCAL_STREAM_STATE_UPDATE
10-24 16:44:52.289   845  1621 I [CT]    : VIPER:LOCALIZER: Validating using a pose that is 0.23 [sec] old.
10-24 16:44:52.289   845  4771 I [CT]    : VegaTracker: Performing big search to recover from bad map tracking or new reloc.
10-24 16:44:52.289  3207  3207 D [SUI] AnytimeUIBroadcastReceiver: action: com.oculus.systemactivities.CAPTURE_STATE_UPDATE
10-24 16:44:52.290  3207  3207 I [SUI] AnytimeUIBroadcastReceiver: handleCaptureStateUpdate: captureToDisk false, captureEnabled false, isCapturingAbuseReport false, abuseRecordingUUID null
10-24 16:44:52.292  3207  3207 D [SUI] AnytimeUIBroadcastReceiver: action: com.oculus.livestreaming_status_change
10-24 16:44:52.292   845  4771 I [CT]    : VIPER: AreaSearch 0 after new Submap. Matched 245. Stats: [194 4 0 0 1 18 0 16 4 0 0 0 0 0 8 0 0 0 0 ]).
10-24 16:44:52.292   845  4771 I [CT]    : VIPER: Searched with patch-based 3d-2d (Submap id = 7, version = 0): 245 queries.
10-24 16:44:52.300   845  4771 W [CT]    : VEGA:PERCEPTUAL_HM: Bad tracking: tracker health is bad
10-24 16:44:52.306  3207  3207 D [SUI] AnytimeUIBroadcastReceiver: action: com.oculus.systemactivities.LOCAL_STREAM_STATE_UPDATE
10-24 16:44:52.309   845  1621 I [CT]    : VIPER: AreaSearch 0 after new Submap. Matched 404. Stats: [1 223 0 0 3 8 148 1 5 0 0 0 0 0 15 0 0 0 0 ]).
10-24 16:44:52.309   845  1621 I [CT]    : VIPER: Searched with patch-based 3d-2d (Submap id = 0, version = 1): 404 queries.
10-24 16:44:52.309   845  1621 I [CT]    : VIPER: No validation due to too few inliers: num_inliers: 1 < 10
10-24 16:44:52.309   845  1621 I [CT]    : VIPER:LOCALIZER: Validation failed.
10-24 16:44:52.310  3207  3207 D [SUI] SocialViewModel: loadProfilePhotoUrl() - Fetched social viewer info, latency: 183ms
10-24 16:44:52.310  3207  3207 D [SUI] SocialViewModel: updateSocialViewerForObservers(): -$$Lambda$SystemStatusView$hvdttGlyfUmlGZJVTLPJRt2c5Fk
10-24 16:44:52.323  2382  4781 I SwapChain_Surface: AttachSurfaceSwapChainGLES: 0x6ee22d3000 with SurfaceTexture 0x2cf6 attached on init
10-24 16:44:52.323  2537  2537 W PartyNativeModuleManager: Calling nativeTearDown but native code wasn't initialized. Noop.
10-24 16:44:52.324  2382  4781 I TimeWarpProgs: loaded binary layerProgram 1:0x40205:0x0 in 1.1 ms
10-24 16:44:52.327   845  4771 I [CT]    : VIPER: AreaSearch 1 after new Submap. Matched 244. Stats: [194 4 0 0 3 5 0 25 3 0 0 0 0 0 10 0 0 0 0 ]).
10-24 16:44:52.327   845  4771 I [CT]    : VIPER: Searched with patch-based 3d-2d (Submap id = 7, version = 0): 244 queries.
10-24 16:44:52.341   845  4771 I [CT]    : VEGA:PERCEPTUAL_HM: Perceptually good tracking while exposing 3DoF. Delaying switch to 6DoF to gain confidence for 10 more frames.
10-24 16:44:52.352  3207  3231 D [SUI] LibrarySyncing: Successfully fetched all apps
10-24 16:44:52.352  3207  3207 D [SUI] HorizonContentProviderHelper: fetchAppsScoreboardsInfo - appIds.length: 43
10-24 16:44:52.353  3207  3231 D [SUI] LibrarySyncing: Updated Library data source for all apps
10-24 16:44:52.353  3207  3231 W Settings: Setting adb_enabled has moved from android.provider.Settings.Secure to android.provider.Settings.Global.
10-24 16:44:52.353  3207  3231 D [SUI] LibrarySyncing: Fetched data for all apps from OCMS
10-24 16:44:52.353  3207  3231 D [SUI] LibraryTTI: Initial OCMS apps fetch finished, 246ms after initialization started.
10-24 16:44:52.353  3207  3231 D [SUI] LibraryViewModel: Apps are already marked as initialized, omitting marking again.
10-24 16:44:52.353  3207  3231 D [SUI] LibraryViewModel: Executing Actions after initial apps load.
10-24 16:44:52.353  3207  3231 D [SUI] LibraryAppMigration: Verifying if App Migration Dialog should be shown.
10-24 16:44:52.353  3207  3231 D [SUI] LibraryAppMigration: Not showing App Migration dialog, Dialog has been shown once already
10-24 16:44:52.354  3207  3231 D [SUI] LibraryViewModel: Not showing App Migration dialog, already been shown once
10-24 16:44:52.358   845  4771 I [CT]    : VIPER: AreaSearch 2 after new Submap. Matched 243. Stats: [188 4 0 0 3 9 0 27 3 0 0 0 0 0 9 0 0 0 0 ]).
10-24 16:44:52.358   845  4771 I [CT]    : VIPER: Searched with patch-based 3d-2d (Submap id = 7, version = 0): 243 queries.
10-24 16:44:52.392   845  4771 I [CT]    : VIPER: AreaSearch 3 after new Submap. Matched 242. Stats: [191 4 0 0 7 6 0 23 2 0 0 0 0 0 9 0 0 0 0 ]).
10-24 16:44:52.392   845  4771 I [CT]    : VIPER: Searched with patch-based 3d-2d (Submap id = 7, version = 0): 242 queries.
10-24 16:44:52.405   845  4784 I [CT]    : NIMBLE: HandPersonalization: Set worker thread priority to LOW
10-24 16:44:52.409  1972  2760 I chatty  : uid=10069(com.oculus.guardian) GuardianSystem expire 20 lines
10-24 16:44:52.410  3207  3207 D [SUI] SocialViewModel: Fetched party: null 
10-24 16:44:52.410  3207  3207 D [SUI] SocialViewModel: setParty() - no change
10-24 16:44:52.433   733  4776 E FrameSetDispatcher: [HAND] Client: Failed to read from receive FMQ for 1 packets in 5000ms.
10-24 16:44:52.433   733  4776 E FrameSetDispatcher: This probably means this client is taking more than 33 ms to process the frame.
10-24 16:44:52.433   733  4776 E FrameSetDispatcher: Retrying.
10-24 16:44:52.433   845  4771 I [CT]    : VEGA:MAP_TRACKING_HM: Map valid. succeeded after 5 good frames. Switching from Validating to Tracking.
10-24 16:44:52.433   845  4771 I [CT]    : VIPER:ANCHOR_MANAGER: AnchorManager switched maps to 5b3555a5-e1cb-d303-b6c1-f6fe20df34fb
10-24 16:44:52.434   845  1709 E [CT]    : VIPER:ANCHOR_MANAGER: The map contained an anchor not known by the anchor manager.
10-24 16:44:52.457  1440  4825 W ContextImpl: Calling a method in the system process without a qualified user: android.app.ContextImpl.sendBroadcast:1057 android.content.ContextWrapper.sendBroadcast:448 X.uO.A00:58995 X.uz.A00:17 X.uz.handleMessage:91 
10-24 16:44:52.478   845  4777 W [CT]    : VIPER: [Throttled count=49] StateBuffer: Could not get velocity from buffer. Not currently tracking in 6dof.
10-24 16:44:52.481  3207  3449 D [SUI] LibraryFetcher: Successfully fetched unknown sources
10-24 16:44:52.481  3207  3449 D [SUI] LibraryTTI: Initial unknown sources fetch finished, 374ms after initialization started.
10-24 16:44:52.481  3207  3449 D [SUI] LibraryView: Setting pending scroll position: 0
10-24 16:44:52.489   845  4771 I [CT]    : VIPER:LOCALIZER_MANAGER: Could not find all the map requested for relocalization in memory!
10-24 16:44:52.489   845  4771 I [CT]    : Requested set is 3f26dece-f9e3-a11d-4097-8100397eaeeb, b03287d6-8cfc-1be2-f26d-85050828fdcc, d34f1cec-6ee6-0aba-a106-09deef35398b, 7fe96743-4f7e-fe0c-1024-e98ecac144c4
10-24 16:44:52.489   845  4771 I [CT]    : Found set is 7fe96743-4f7e-fe0c-1024-e98ecac144c4, b03287d6-8cfc-1be2-f26d-85050828fdcc, 3f26dece-f9e3-a11d-4097-8100397eaeeb
10-24 16:44:52.489   845  4771 I [CT]    : VIPER:LOCALIZER_MANAGER: [Throttled count=30] Number of frames to try relocalization on 3 maps: 142
10-24 16:44:52.490  2537  2553 I .socialplatfor: Background concurrent copying GC freed 8089(819KB) AllocSpace objects, 5(100KB) LOS objects, 49% free, 2763KB/5527KB, paused 74us total 292.739ms
10-24 16:44:52.501   845  4771 I [CT]    : VEGA:PERCEPTUAL_HM: Perceptually good tracking while exposing 3DoF. Delaying switch to 6DoF to gain confidence for 5 more frames.
10-24 16:44:52.566   845  4771 I [CT]    : VEGA:PERCEPTUAL_HM: Perceptually good tracking while exposing 3DoF. Delaying switch to 6DoF to gain confidence for 3 more frames.
10-24 16:44:52.588   845  1621 I [CT]    : VIPER:LOCALIZER: Extracting non-gravity-aligned descriptors on query.
10-24 16:44:52.602   845  4771 I [CT]    : VEGA:PERCEPTUAL_HM: Perceptually good tracking while exposing 3DoF. Delaying switch to 6DoF to gain confidence for 2 more frames.
10-24 16:44:52.602   845  1709 I [CT]    : VIPER:MAPPER: == Switching to : 5b3555a5-e1cb-d303-b6c1-f6fe20df34fb @ Context 3 ==
10-24 16:44:52.633   845  4771 I [CT]    : VEGA:PERCEPTUAL_HM: Perceptually good tracking while exposing 3DoF. Delaying switch to 6DoF to gain confidence for 1 more frames.
10-24 16:44:52.649  3207  3207 D [SUI] HorizonContentProviderHelper: fetchAppsScoreboardsInfo - complete
10-24 16:44:52.667   845  4771 I [CT]    : VEGA:PERCEPTUAL_HM: Perceptually good tracking. Transition to 6DoF.
10-24 16:44:52.668   845  1737 I [CT]    : VisionInterface: HMD Tracking switching to 6dof (from 3dof)
10-24 16:44:52.669   845  1749 I [CT]    : Behavior:AtRest: [Right] reset
10-24 16:44:52.669   845  1749 I [CT]    : Behavior:AtRest: [Left] reset
10-24 16:44:52.669   845  1749 I [CT]    : Blackboard: reset
10-24 16:44:52.669   845  1749 I [CT]    : TorsoModel: initializing torsoYaw_
10-24 16:44:52.669   845  1749 I [CT]    : ControllerMotionModel: not initialized: waiting for reliable pose
10-24 16:44:52.669   845  1749 I [CT]    : TorsoModel: initializing torsoYaw_
10-24 16:44:52.715  1440  4802 W ContextImpl: Calling a method in the system process without a qualified user: android.app.ContextImpl.sendBroadcast:1057 android.content.ContextWrapper.sendBroadcast:448 X.uO.A00:58995 X.uz.A00:17 X.uz.handleMessage:91 
10-24 16:44:52.811  2382  2729 I VrRuntimeService: RuntimeServiceSDKServer::SetGuardianSystemState: 2951453735
10-24 16:44:52.822  2382  2656 I ClientMgr: Stop loading dots from guardian
10-24 16:44:52.822  2382  2656 I VrRuntimeServer: DisableCompositorClient: 0
10-24 16:44:52.822  2382  2656 I TimeWarpClientMgr: Disable client 0
10-24 16:44:52.822  2382  2656 I TimeWarpClientMgr: DisableClient: frame flush required: 1
10-24 16:44:52.837   845  1709 W [CT]    : VIPER:MAPPER: Unable to merge PIM in Mapper
10-24 16:44:52.871  1788  4792 I Telemetry: App memory usage: PSS=447MB DalvikPSS=0 MB
10-24 16:44:52.874  1788  4792 I VrApi   : FPS=65/90,Prd=0ms,Tear=0,Early=1,Stale=0,VSnc=1,Lat=1,Fov=0,CPU4/GPU=2/3,1171/490MHz,OC=FF,TA=0/70/0,SP=N/F/N,Mem=1353MHz,Free=2102MB,PLS=0,Temp=23.0C/0.0C,TW=1.03ms,App=0.01ms,GD=0.00ms,CPU&GPU=0.59ms,LCnt=0,GPU%=0.10,CPU%=0.08(W0.14),DSF=1.00
10-24 16:44:53.093  1788  1862 I Clay    : EnvironmentSystem: Scene loaded
10-24 16:44:53.097  1788  1862 I Clay    : EnvironmentSystem::update: setting scene background audio for scene zip 'apk://com.oculus.environment.prod.adobe/assets/scene.zip'
10-24 16:44:53.097  1788  1862 I Clay    : EnvironmentAudioSystem::setSceneBackgroundLoop: set scene audio: apk://com.oculus.environment.prod.adobe/assets/scene.zip
10-24 16:44:53.155   845  1621 I [CT]    : VIPER:LOCALIZER: Validating using a pose that is 0.13 [sec] old.
10-24 16:44:53.168   845  1621 I [CT]    : VIPER: AreaSearch 1 after new Submap. Matched 307. Stats: [1 150 0 0 2 9 134 0 3 0 0 0 0 0 8 0 0 0 0 ]).
10-24 16:44:53.168   845  1621 I [CT]    : VIPER: Searched with patch-based 3d-2d (Submap id = 0, version = 1): 307 queries.
10-24 16:44:53.169   845  1621 I [CT]    : VIPER: No validation due to too few inliers: num_inliers: 1 < 10
10-24 16:44:53.169   845  1621 I [CT]    : VIPER:LOCALIZER: Validation failed.
10-24 16:44:53.170  2164  2268 I LibraryProvider: running queryApp(com.oculus.systemdriver) for UID 1000
10-24 16:44:53.171  2164  2268 W LibraryProvider: Cannot find entitlement for com.oculus.systemdriver
10-24 16:44:53.171  1440  2257 W OVRLibrary: null cursor received for query content://com.oculus.ocms.library/apps/com.oculus.systemdriver
10-24 16:44:53.423  2382  2656 E PersistableBundle: Failed at frameworks/native/libs/binder/PersistableBundle.cpp:157 (erase)
10-24 16:44:53.460  3207  3207 D [SUI] AnytimeUIAndroidPanelApp: Received deeplink; uri: /tablet_none.
10-24 16:44:53.460  3207  3207 D [SUI] AnytimeUIAndroidPanelApp: Hiding tablet due to unknown reason
10-24 16:44:53.461  3207  3207 D [SUI] LibraryView: Hiding LibraryView
10-24 16:44:53.461  3207  3207 D [SUI] LibraryLogger: Library Session ID destroyed
10-24 16:44:53.461  3207  3207 D [SUI] EmptyView: Showing EmptyView
10-24 16:44:53.489   845  4771 I [CT]    : VIPER:LOCALIZER_MANAGER: Could not find all the map requested for relocalization in memory!
10-24 16:44:53.489   845  4771 I [CT]    : Requested set is 3f26dece-f9e3-a11d-4097-8100397eaeeb, b03287d6-8cfc-1be2-f26d-85050828fdcc, d34f1cec-6ee6-0aba-a106-09deef35398b, 7fe96743-4f7e-fe0c-1024-e98ecac144c4
10-24 16:44:53.489   845  4771 I [CT]    : Found set is 7fe96743-4f7e-fe0c-1024-e98ecac144c4, b03287d6-8cfc-1be2-f26d-85050828fdcc, 3f26dece-f9e3-a11d-4097-8100397eaeeb
10-24 16:44:53.489   845  4771 I [CT]    : VIPER:LOCALIZER_MANAGER: [Throttled count=29] Number of frames to try relocalization on 3 maps: 112
10-24 16:44:53.623   845  1621 I [CT]    : VIPER:LOCALIZER: Extracting non-gravity-aligned descriptors on query.
10-24 16:44:53.639  1788  4792 I VrApi   : FPS=86/90,Prd=23ms,Tear=0,Early=87,Stale=4,VSnc=1,Lat=1,Fov=0,CPU4/GPU=2/3,1171/490MHz,OC=FF,TA=0/70/0,SP=N/F/N,Mem=1353MHz,Free=2147MB,PLS=0,Temp=23.0C/0.0C,TW=3.30ms,App=1.28ms,GD=0.00ms,CPU&GPU=5.12ms,LCnt=3,GPU%=0.35,CPU%=0.49(W0.65),DSF=1.00
10-24 16:44:53.660  3207  3207 D [SUI] SocialViewModel: refresPartyData()
10-24 16:44:53.805  3207  3207 D [SUI] SocialViewModel: Fetched party: null 
10-24 16:44:53.805  3207  3207 D [SUI] SocialViewModel: setParty() - no change
10-24 16:44:53.938  1972  2669 I chatty  : uid=10069(com.oculus.guardian) Thread-4 expire 9 lines
10-24 16:44:54.014  1972  2760 I chatty  : uid=10069(com.oculus.guardian) GuardianSystem expire 2 lines
10-24 16:44:54.027  1972  2669 I chatty  : uid=10069(com.oculus.guardian) Thread-4 expire 19 lines
10-24 16:44:54.033   845  4777 I [CT]    : NIMBLE:HTEngine: updatePersonalization(): Calibrated hand size = 0.79846364
10-24 16:44:54.034   845  4777 I [CT]    : NIMBLE:HTEngine: Save calibrated hand scale to file path: /vision/handtracking/PersonalizationConfig.json
10-24 16:44:54.124   741  1449 I hash_map_utils: key: 'snd_device_in' value: ''
10-24 16:44:54.125   741  1449 I hash_map_utils: key: 'snd_device_out' value: ''
10-24 16:44:54.153  1059  3897 D WificondControl: Scan result ready event
10-24 16:44:54.168   845  4771 I [CT]    : VIPER: Mode=Vega,Status=6DoF,TRACKING,KF=-1,Inl=290,Pts=101,Mem=61.3,Jit=0.3mm,Issues(Cam/min=0.0,IMU/min=0.0),Exp=(6.1ms,g=5.0,I=75,Ir=2465.6)(6.3ms,g=7.0,I=80,Ir=1816.9)(6.3ms,g=7.0,I=68,Ir=1556.4)(8.9ms,g=11.0,I=75,Ir=776.2)
10-24 16:44:54.214  1972  2760 I chatty  : uid=10069(com.oculus.guardian) GuardianSystem expire 2 lines
10-24 16:44:54.216  1972  2669 I chatty  : uid=10069(com.oculus.guardian) Thread-4 expire 24 lines
10-24 16:44:54.292  2382  2656 E PersistableBundle: Failed at frameworks/native/libs/binder/PersistableBundle.cpp:157 (erase)
10-24 16:44:54.359  1440  4832 W ContextImpl: Calling a method in the system process without a qualified user: android.app.ContextImpl.sendBroadcast:1057 android.content.ContextWrapper.sendBroadcast:448 X.uO.A00:58995 X.uz.A00:17 X.uz.handleMessage:91 
10-24 16:44:54.415  1972  2760 I chatty  : uid=10069(com.oculus.guardian) GuardianSystem expire 2 lines
10-24 16:44:54.433   845  4771 I [CT]    : VIPER:MAP_MANAGER: State: TrackingTransient, UUID=00000000-0000-0000-0000-000000000000, Num. Persistent maps = 3, Transient maps:5b3555a5-e1cb-d303-b6c1-f6fe20df34fb, Persistent maps:7fe96743-4f7e-fe0c-1024-e98ecac144c4,b03287d6-8cfc-1be2-f26d-85050828fdcc,3f26dece-f9e3-a11d-4097-8100397eaeeb,
10-24 16:44:54.439  1972  2669 I chatty  : uid=10069(com.oculus.guardian) Thread-4 expire 20 lines
10-24 16:44:54.522   845  4771 I [CT]    : VIPER:LOCALIZER_MANAGER: Could not find all the map requested for relocalization in memory!
10-24 16:44:54.522   845  4771 I [CT]    : Requested set is 3f26dece-f9e3-a11d-4097-8100397eaeeb, b03287d6-8cfc-1be2-f26d-85050828fdcc, d34f1cec-6ee6-0aba-a106-09deef35398b, 7fe96743-4f7e-fe0c-1024-e98ecac144c4
10-24 16:44:54.522   845  4771 I [CT]    : Found set is 7fe96743-4f7e-fe0c-1024-e98ecac144c4, b03287d6-8cfc-1be2-f26d-85050828fdcc, 3f26dece-f9e3-a11d-4097-8100397eaeeb
10-24 16:44:54.522   845  4771 I [CT]    : VIPER:LOCALIZER_MANAGER: [Throttled count=30] Number of frames to try relocalization on 3 maps: 81
10-24 16:44:54.615  1972  2760 I chatty  : uid=10069(com.oculus.guardian) GuardianSystem expire 2 lines
10-24 16:44:54.638  1788  4792 I VrApi   : FPS=88/90,Prd=39ms,Tear=0,Early=83,Stale=3,VSnc=1,Lat=1,Fov=0,CPU4/GPU=2/3,1171/490MHz,OC=FF,TA=0/70/0,SP=N/F/N,Mem=1353MHz,Free=2220MB,PLS=0,Temp=23.0C/0.0C,TW=1.81ms,App=4.86ms,GD=0.00ms,CPU&GPU=8.07ms,LCnt=2,GPU%=0.63,CPU%=0.15(W0.20),DSF=1.00
10-24 16:44:54.640  1972  2669 I chatty  : uid=10069(com.oculus.guardian) Thread-4 expire 19 lines
10-24 16:44:54.722   845  1621 I [CT]    : VIPER:LOCALIZER: Validating using a pose that is 0.19 [sec] old.
10-24 16:44:54.738   845  1621 I [CT]    : VIPER: AreaSearch 0 after new Submap. Matched 236. Stats: [4 89 0 0 2 1 135 4 1 0 0 0 0 0 0 0 0 0 0 ]).
10-24 16:44:54.738   845  1621 I [CT]    : VIPER: Searched with patch-based 3d-2d (Submap id = 0, version = 2): 236 queries.
10-24 16:44:54.739   845  1621 I [CT]    : VIPER: No validation due to too few inliers: num_inliers: 3 < 10
10-24 16:44:54.739   845  1621 I [CT]    : VIPER:LOCALIZER: Validation failed.
10-24 16:44:54.755   845  1621 I [CT]    : VIPER:LOCALIZER: Extracting non-gravity-aligned descriptors on query.
10-24 16:44:54.816  1972  2760 I chatty  : uid=10069(com.oculus.guardian) GuardianSystem expire 2 lines
10-24 16:44:54.840  1972  2669 I chatty  : uid=10069(com.oculus.guardian) Thread-4 expire 20 lines
10-24 16:44:55.016  1972  2760 I chatty  : uid=10069(com.oculus.guardian) GuardianSystem expire 2 lines
10-24 16:44:55.041  1972  2669 I chatty  : uid=10069(com.oculus.guardian) Thread-4 expire 20 lines
10-24 16:44:55.172  3207  3451 E memtrack: Couldn't load memtrack module
10-24 16:44:55.172  3207  3451 W android.os.Debug: failed to get memory consumption info: -1
10-24 16:44:55.217  1972  2760 I chatty  : uid=10069(com.oculus.guardian) GuardianSystem expire 2 lines
10-24 16:44:55.241  1972  2669 I chatty  : uid=10069(com.oculus.guardian) Thread-4 expire 13 lines
10-24 16:44:55.364  1972  2669 E [CT]    : SpatialAnchorPipeline: checkStateEq:getAllSurfaceData Called in an invalid state. 1
10-24 16:44:55.375  1972  2669 E [CT]    : SpatialAnchorPipeline: checkStateEq:getAllSurfaceData Called in an invalid state. 1
10-24 16:44:55.386  1972  2669 E [CT]    : SpatialAnchorPipeline: checkStateEq:getAllSurfaceData Called in an invalid state. 1
10-24 16:44:55.397  1972  2669 E [CT]    : SpatialAnchorPipeline: checkStateEq:getAllSurfaceData Called in an invalid state. 1
10-24 16:44:55.408  1972  2669 E [CT]    : SpatialAnchorPipeline: checkStateEq:getAllSurfaceData Called in an invalid state. 1
10-24 16:44:55.417  1972  2760 E [CT]    : SpatialAnchorPipeline: checkStateEq:getActiveGuardian Called in an invalid state. 1
10-24 16:44:55.418  1972  2760 E [CT]    : SpatialAnchorPipeline: checkStateEq:getActiveGuardian Called in an invalid state. 1
10-24 16:44:55.419  1972  2669 E [CT]    : SpatialAnchorPipeline: checkStateEq:getAllSurfaceData Called in an invalid state. 1
10-24 16:44:55.430  1972  2669 E [CT]    : SpatialAnchorPipeline: checkStateEq:getAllSurfaceData Called in an invalid state. 1
10-24 16:44:55.442  1972  2669 E [CT]    : SpatialAnchorPipeline: checkStateEq:getAllSurfaceData Called in an invalid state. 1
10-24 16:44:55.453  1972  2669 E [CT]    : SpatialAnchorPipeline: checkStateEq:getAllSurfaceData Called in an invalid state. 1
10-24 16:44:55.464  1972  2669 E [CT]    : SpatialAnchorPipeline: checkStateEq:getAllSurfaceData Called in an invalid state. 1
10-24 16:44:55.464  1972  2669 E [CT]    : SpatialAnchorPipeline: checkStateEq:getAllSurfaceData Called in an invalid state. 1
10-24 16:44:55.475  1972  2669 E [CT]    : SpatialAnchorPipeline: checkStateEq:getAllSurfaceData Called in an invalid state. 1
10-24 16:44:55.486  1972  2669 E [CT]    : SpatialAnchorPipeline: checkStateEq:getAllSurfaceData Called in an invalid state. 1
10-24 16:44:55.497  1972  2669 E [CT]    : SpatialAnchorPipeline: checkStateEq:getAllSurfaceData Called in an invalid state. 1
10-24 16:44:55.509  1972  2669 E [CT]    : SpatialAnchorPipeline: checkStateEq:getAllSurfaceData Called in an invalid state. 1
10-24 16:44:55.520  1972  2669 E [CT]    : SpatialAnchorPipeline: checkStateEq:getAllSurfaceData Called in an invalid state. 1
10-24 16:44:55.531  1972  2669 E [CT]    : SpatialAnchorPipeline: checkStateEq:getAllSurfaceData Called in an invalid state. 1
10-24 16:44:55.542  1972  2669 E [CT]    : SpatialAnchorPipeline: checkStateEq:getAllSurfaceData Called in an invalid state. 1
10-24 16:44:55.553  1972  2669 E [CT]    : SpatialAnchorPipeline: checkStateEq:getAllSurfaceData Called in an invalid state. 1
10-24 16:44:55.555   845  4771 I [CT]    : VIPER:LOCALIZER_MANAGER: Could not find all the map requested for relocalization in memory!
10-24 16:44:55.555   845  4771 I [CT]    : Requested set is 3f26dece-f9e3-a11d-4097-8100397eaeeb, b03287d6-8cfc-1be2-f26d-85050828fdcc, d34f1cec-6ee6-0aba-a106-09deef35398b, 7fe96743-4f7e-fe0c-1024-e98ecac144c4
10-24 16:44:55.555   845  4771 I [CT]    : Found set is 7fe96743-4f7e-fe0c-1024-e98ecac144c4, b03287d6-8cfc-1be2-f26d-85050828fdcc, 3f26dece-f9e3-a11d-4097-8100397eaeeb
10-24 16:44:55.555   845  4771 I [CT]    : VIPER:LOCALIZER_MANAGER: [Throttled count=30] Number of frames to try relocalization on 3 maps: 50
10-24 16:44:55.564  1972  2669 E [CT]    : SpatialAnchorPipeline: checkStateEq:getAllSurfaceData Called in an invalid state. 1
10-24 16:44:55.564  1972  2669 E [CT]    : SpatialAnchorPipeline: checkStateEq:getAllSurfaceData Called in an invalid state. 1
10-24 16:44:55.575  1972  2669 E [CT]    : SpatialAnchorPipeline: checkStateEq:getAllSurfaceData Called in an invalid state. 1
10-24 16:44:55.586  1972  2669 E [CT]    : SpatialAnchorPipeline: checkStateEq:getAllSurfaceData Called in an invalid state. 1
10-24 16:44:55.598  1972  2669 E [CT]    : SpatialAnchorPipeline: checkStateEq:getAllSurfaceData Called in an invalid state. 1
10-24 16:44:55.609  1972  2669 E [CT]    : SpatialAnchorPipeline: checkStateEq:getAllSurfaceData Called in an invalid state. 1
10-24 16:44:55.618  1972  2760 E [CT]    : SpatialAnchorPipeline: checkStateEq:getActiveGuardian Called in an invalid state. 1
10-24 16:44:55.618  1972  2760 E [CT]    : SpatialAnchorPipeline: checkStateEq:getActiveGuardian Called in an invalid state. 1
10-24 16:44:55.620  1972  2669 E [CT]    : SpatialAnchorPipeline: checkStateEq:getAllSurfaceData Called in an invalid state. 1
10-24 16:44:55.631  1972  2669 E [CT]    : SpatialAnchorPipeline: checkStateEq:getAllSurfaceData Called in an invalid state. 1
10-24 16:44:55.638  1788  4792 I VrApi   : FPS=90/90,Prd=38ms,Tear=0,Early=90,Stale=0,VSnc=1,Lat=1,Fov=0,CPU4/GPU=2/3,1171/490MHz,OC=FF,TA=0/70/0,SP=N/F/N,Mem=1353MHz,Free=2220MB,PLS=0,Temp=23.0C/0.0C,TW=1.83ms,App=5.14ms,GD=0.00ms,CPU&GPU=9.27ms,LCnt=2,GPU%=0.65,CPU%=0.13(W0.15),DSF=1.00
10-24 16:44:55.642  1972  2669 E [CT]    : SpatialAnchorPipeline: checkStateEq:getAllSurfaceData Called in an invalid state. 1
10-24 16:44:55.653  1972  2669 E [CT]    : SpatialAnchorPipeline: checkStateEq:getAllSurfaceData Called in an invalid state. 1
10-24 16:44:55.665  1972  2669 E [CT]    : SpatialAnchorPipeline: checkStateEq:getAllSurfaceData Called in an invalid state. 1
10-24 16:44:55.665  1972  2669 E [CT]    : SpatialAnchorPipeline: checkStateEq:getAllSurfaceData Called in an invalid state. 1
10-24 16:44:55.676  1972  2669 E [CT]    : SpatialAnchorPipeline: checkStateEq:getAllSurfaceData Called in an invalid state. 1
10-24 16:44:55.687  1972  2669 E [CT]    : SpatialAnchorPipeline: checkStateEq:getAllSurfaceData Called in an invalid state. 1
10-24 16:44:55.698  1972  2669 E [CT]    : SpatialAnchorPipeline: checkStateEq:getAllSurfaceData Called in an invalid state. 1
10-24 16:44:55.709  1972  2669 E [CT]    : SpatialAnchorPipeline: checkStateEq:getAllSurfaceData Called in an invalid state. 1
10-24 16:44:55.720  1972  2669 E [CT]    : SpatialAnchorPipeline: checkStateEq:getAllSurfaceData Called in an invalid state. 1
10-24 16:44:55.731  1972  2669 E [CT]    : SpatialAnchorPipeline: checkStateEq:getAllSurfaceData Called in an invalid state. 1
10-24 16:44:55.742  1972  2669 E [CT]    : SpatialAnchorPipeline: checkStateEq:getAllSurfaceData Called in an invalid state. 1
10-24 16:44:55.753  1972  2669 E [CT]    : SpatialAnchorPipeline: checkStateEq:getAllSurfaceData Called in an invalid state. 1
10-24 16:44:55.765  1972  2669 E [CT]    : SpatialAnchorPipeline: checkStateEq:getAllSurfaceData Called in an invalid state. 1
10-24 16:44:55.776  1972  2669 E [CT]    : SpatialAnchorPipeline: checkStateEq:getAllSurfaceData Called in an invalid state. 1
10-24 16:44:55.776  1972  2669 E [CT]    : SpatialAnchorPipeline: checkStateEq:getAllSurfaceData Called in an invalid state. 1
10-24 16:44:55.787  1972  2669 E [CT]    : SpatialAnchorPipeline: checkStateEq:getAllSurfaceData Called in an invalid state. 1
10-24 16:44:55.789   845  1621 I [CT]    : VIPER:LOCALIZER: Extracting non-gravity-aligned descriptors on query.
10-24 16:44:55.798  1972  2669 E [CT]    : SpatialAnchorPipeline: checkStateEq:getAllSurfaceData Called in an invalid state. 1
10-24 16:44:55.810  1972  2669 E [CT]    : SpatialAnchorPipeline: checkStateEq:getAllSurfaceData Called in an invalid state. 1
10-24 16:44:55.818  1972  2760 E [CT]    : SpatialAnchorPipeline: checkStateEq:getActiveGuardian Called in an invalid state. 1
10-24 16:44:55.819  1972  2760 E [CT]    : SpatialAnchorPipeline: checkStateEq:getActiveGuardian Called in an invalid state. 1
10-24 16:44:55.820  1972  2669 E [CT]    : SpatialAnchorPipeline: checkStateEq:getAllSurfaceData Called in an invalid state. 1
10-24 16:44:55.823   845  4771 W [CT]    : VioSubmapManagement: Submap update has failed Mahalanobis check 16 consecutive times. Inflating covariance
10-24 16:44:55.831  1972  2669 E [CT]    : SpatialAnchorPipeline: checkStateEq:getAllSurfaceData Called in an invalid state. 1
10-24 16:44:55.843  1972  2669 E [CT]    : SpatialAnchorPipeline: checkStateEq:getAllSurfaceData Called in an invalid state. 1
10-24 16:44:55.854  1972  2669 E [CT]    : SpatialAnchorPipeline: checkStateEq:getAllSurfaceData Called in an invalid state. 1
10-24 16:44:55.865  1972  2669 E [CT]    : SpatialAnchorPipeline: checkStateEq:getAllSurfaceData Called in an invalid state. 1
10-24 16:44:55.876  1972  2669 E [CT]    : SpatialAnchorPipeline: checkStateEq:getAllSurfaceData Called in an invalid state. 1
10-24 16:44:55.876  1972  2669 E [CT]    : SpatialAnchorPipeline: checkStateEq:getAllSurfaceData Called in an invalid state. 1
10-24 16:44:55.887  1972  2669 E [CT]    : SpatialAnchorPipeline: checkStateEq:getAllSurfaceData Called in an invalid state. 1
10-24 16:44:55.899  1972  2669 E [CT]    : SpatialAnchorPipeline: checkStateEq:getAllSurfaceData Called in an invalid state. 1
10-24 16:44:55.909  1972  2669 E [CT]    : SpatialAnchorPipeline: checkStateEq:getAllSurfaceData Called in an invalid state. 1
10-24 16:44:55.917  1927  4833 I OSUpdateService: Intent with action system_battery_changed
10-24 16:44:55.921  1972  2669 E [CT]    : SpatialAnchorPipeline: checkStateEq:getAllSurfaceData Called in an invalid state. 1
10-24 16:44:55.932  1972  2669 E [CT]    : SpatialAnchorPipeline: checkStateEq:getAllSurfaceData Called in an invalid state. 1
10-24 16:44:55.943  1972  2669 E [CT]    : SpatialAnchorPipeline: checkStateEq:getAllSurfaceData Called in an invalid state. 1
10-24 16:44:55.954  1972  2669 E [CT]    : SpatialAnchorPipeline: checkStateEq:getAllSurfaceData Called in an invalid state. 1
10-24 16:44:55.955  1864  2210 I chatty  : uid=10020(com.oculus.vrshell) ShellMainVR expire 110 lines
10-24 16:44:55.965  1972  2669 E [CT]    : SpatialAnchorPipeline: checkStateEq:getAllSurfaceData Called in an invalid state. 1
10-24 16:44:55.976  1972  2669 E [CT]    : SpatialAnchorPipeline: checkStateEq:getAllSurfaceData Called in an invalid state. 1
10-24 16:44:55.976  1972  2669 E [CT]    : SpatialAnchorPipeline: checkStateEq:getAllSurfaceData Called in an invalid state. 1
10-24 16:44:55.987  1972  2669 E [CT]    : SpatialAnchorPipeline: checkStateEq:getAllSurfaceData Called in an invalid state. 1
10-24 16:44:55.999  1972  2669 E [CT]    : SpatialAnchorPipeline: checkStateEq:getAllSurfaceData Called in an invalid state. 1
10-24 16:44:56.010  1972  2669 E [CT]    : SpatialAnchorPipeline: checkStateEq:getAllSurfaceData Called in an invalid state. 1
10-24 16:44:56.019  1972  2760 E [CT]    : SpatialAnchorPipeline: checkStateEq:getActiveGuardian Called in an invalid state. 1
10-24 16:44:56.019  1972  2760 E [CT]    : SpatialAnchorPipeline: checkStateEq:getActiveGuardian Called in an invalid state. 1
10-24 16:44:56.021  1972  2669 E [CT]    : SpatialAnchorPipeline: checkStateEq:getAllSurfaceData Called in an invalid state. 1
10-24 16:44:56.032  1972  2669 E [CT]    : SpatialAnchorPipeline: checkStateEq:getAllSurfaceData Called in an invalid state. 1
10-24 16:44:56.043  1972  2669 E [CT]    : SpatialAnchorPipeline: checkStateEq:getAllSurfaceData Called in an invalid state. 1
10-24 16:44:56.054  1972  2669 E [CT]    : SpatialAnchorPipeline: checkStateEq:getAllSurfaceData Called in an invalid state. 1
10-24 16:44:56.065  1972  2669 E [CT]    : SpatialAnchorPipeline: checkStateEq:getAllSurfaceData Called in an invalid state. 1
10-24 16:44:56.077  1972  2669 E [CT]    : SpatialAnchorPipeline: checkStateEq:getAllSurfaceData Called in an invalid state. 1
10-24 16:44:56.077  1972  2669 E [CT]    : SpatialAnchorPipeline: checkStateEq:getAllSurfaceData Called in an invalid state. 1
10-24 16:44:56.088  1972  2669 E [CT]    : SpatialAnchorPipeline: checkStateEq:getAllSurfaceData Called in an invalid state. 1
10-24 16:44:56.099  1972  2669 E [CT]    : SpatialAnchorPipeline: checkStateEq:getAllSurfaceData Called in an invalid state. 1
10-24 16:44:56.110  1972  2669 E [CT]    : SpatialAnchorPipeline: checkStateEq:getAllSurfaceData Called in an invalid state. 1
10-24 16:44:56.114  1459  1459 D ControllerNotifications: Enabling notifications
10-24 16:44:56.121  1972  2669 E [CT]    : SpatialAnchorPipeline: checkStateEq:getAllSurfaceData Called in an invalid state. 1
10-24 16:44:56.132  1972  2669 E [CT]    : SpatialAnchorPipeline: checkStateEq:getAllSurfaceData Called in an invalid state. 1
10-24 16:44:56.143  1972  2669 E [CT]    : SpatialAnchorPipeline: checkStateEq:getAllSurfaceData Called in an invalid state. 1
10-24 16:44:56.154  1972  2669 E [CT]    : SpatialAnchorPipeline: checkStateEq:getAllSurfaceData Called in an invalid state. 1
10-24 16:44:56.159   741  3714 I hash_map_utils: key: 'snd_device_in' value: ''
10-24 16:44:56.160   741  3714 I hash_map_utils: key: 'snd_device_out' value: ''
10-24 16:44:56.166  1972  2669 E [CT]    : SpatialAnchorPipeline: checkStateEq:getAllSurfaceData Called in an invalid state. 1
10-24 16:44:56.177  1972  2669 E [CT]    : SpatialAnchorPipeline: checkStateEq:getAllSurfaceData Called in an invalid state. 1
10-24 16:44:56.188  1972  2669 E [CT]    : SpatialAnchorPipeline: checkStateEq:getAllSurfaceData Called in an invalid state. 1
10-24 16:44:56.188  1972  2669 E [CT]    : SpatialAnchorPipeline: checkStateEq:getAllSurfaceData Called in an invalid state. 1
10-24 16:44:56.199  1972  2669 E [CT]    : SpatialAnchorPipeline: checkStateEq:getAllSurfaceData Called in an invalid state. 1
10-24 16:44:56.210  1972  2669 E [CT]    : SpatialAnchorPipeline: checkStateEq:getAllSurfaceData Called in an invalid state. 1
10-24 16:44:56.219  1972  2760 E [CT]    : SpatialAnchorPipeline: checkStateEq:getActiveGuardian Called in an invalid state. 1
10-24 16:44:56.220  1972  2760 E [CT]    : SpatialAnchorPipeline: checkStateEq:getActiveGuardian Called in an invalid state. 1
10-24 16:44:56.221  1972  2669 E [CT]    : SpatialAnchorPipeline: checkStateEq:getAllSurfaceData Called in an invalid state. 1
10-24 16:44:56.233  1972  2669 E [CT]    : SpatialAnchorPipeline: checkStateEq:getAllSurfaceData Called in an invalid state. 1
10-24 16:44:56.244  1972  2669 E [CT]    : SpatialAnchorPipeline: checkStateEq:getAllSurfaceData Called in an invalid state. 1
10-24 16:44:56.255  1972  2669 E [CT]    : SpatialAnchorPipeline: checkStateEq:getAllSurfaceData Called in an invalid state. 1
10-24 16:44:56.266  1972  2669 E [CT]    : SpatialAnchorPipeline: checkStateEq:getAllSurfaceData Called in an invalid state. 1
10-24 16:44:56.277  1972  2669 E [CT]    : SpatialAnchorPipeline: checkStateEq:getAllSurfaceData Called in an invalid state. 1
10-24 16:44:56.288  1972  2669 E [CT]    : SpatialAnchorPipeline: checkStateEq:getAllSurfaceData Called in an invalid state. 1
10-24 16:44:56.288  1972  2669 E [CT]    : SpatialAnchorPipeline: checkStateEq:getAllSurfaceData Called in an invalid state. 1
10-24 16:44:56.299  1972  2669 E [CT]    : SpatialAnchorPipeline: checkStateEq:getAllSurfaceData Called in an invalid state. 1
10-24 16:44:56.310  1972  2669 E [CT]    : SpatialAnchorPipeline: checkStateEq:getAllSurfaceData Called in an invalid state. 1
10-24 16:44:56.322  1972  2669 E [CT]    : SpatialAnchorPipeline: checkStateEq:getAllSurfaceData Called in an invalid state. 1
10-24 16:44:56.333  1972  2669 E [CT]    : SpatialAnchorPipeline: checkStateEq:getAllSurfaceData Called in an invalid state. 1
10-24 16:44:56.344  1972  2669 E [CT]    : SpatialAnchorPipeline: checkStateEq:getAllSurfaceData Called in an invalid state. 1
10-24 16:44:56.355  1972  2669 E [CT]    : SpatialAnchorPipeline: checkStateEq:getAllSurfaceData Called in an invalid state. 1
10-24 16:44:56.357   845  4771 W [CT]    : VioSubmapManagement: Submap update has failed Mahalanobis check 16 consecutive times. Inflating covariance
10-24 16:44:56.366  1972  2669 E [CT]    : SpatialAnchorPipeline: checkStateEq:getAllSurfaceData Called in an invalid state. 1
10-24 16:44:56.377  1972  2669 E [CT]    : SpatialAnchorPipeline: checkStateEq:getAllSurfaceData Called in an invalid state. 1
10-24 16:44:56.388  1972  2669 E [CT]    : SpatialAnchorPipeline: checkStateEq:getAllSurfaceData Called in an invalid state. 1
10-24 16:44:56.389  1972  2669 E [CT]    : SpatialAnchorPipeline: checkStateEq:getAllSurfaceData Called in an invalid state. 1
10-24 16:44:56.400  1972  2669 E [CT]    : SpatialAnchorPipeline: checkStateEq:getAllSurfaceData Called in an invalid state. 1
10-24 16:44:56.411  1972  2669 E [CT]    : SpatialAnchorPipeline: checkStateEq:getAllSurfaceData Called in an invalid state. 1
10-24 16:44:56.420  1972  2760 E [CT]    : SpatialAnchorPipeline: checkStateEq:getActiveGuardian Called in an invalid state. 1
10-24 16:44:56.420  1972  2760 E [CT]    : SpatialAnchorPipeline: checkStateEq:getActiveGuardian Called in an invalid state. 1
10-24 16:44:56.422  1972  2669 E [CT]    : SpatialAnchorPipeline: checkStateEq:getAllSurfaceData Called in an invalid state. 1
10-24 16:44:56.423   845  1621 I [CT]    : VIPER:LOCALIZER: Validating using a pose that is 0.06 [sec] old.
10-24 16:44:56.432   845  1621 I [CT]    : VIPER: AreaSearch 0 after new Submap. Matched 125. Stats: [2 31 0 0 1 2 78 10 1 0 0 0 0 0 0 0 0 0 0 ]).
10-24 16:44:56.432   845  1621 I [CT]    : VIPER: Searched with patch-based 3d-2d (Submap id = 0, version = 0): 125 queries.
10-24 16:44:56.432   845  1621 I [CT]    : VIPER: No validation due to too few inliers: num_inliers: 2 < 10
10-24 16:44:56.433   845  1621 I [CT]    : VIPER:LOCALIZER: Validation failed.
10-24 16:44:56.433  1972  2669 E [CT]    : SpatialAnchorPipeline: checkStateEq:getAllSurfaceData Called in an invalid state. 1
10-24 16:44:56.444  1972  2669 E [CT]    : SpatialAnchorPipeline: checkStateEq:getAllSurfaceData Called in an invalid state. 1
10-24 16:44:56.455   845  1667 I [CT]    : boltlib: DSP utilization: 25.04 % (1252 / 5001 ms)
10-24 16:44:56.455  1972  2669 E [CT]    : SpatialAnchorPipeline: checkStateEq:getAllSurfaceData Called in an invalid state. 1
10-24 16:44:56.466  1972  2669 E [CT]    : SpatialAnchorPipeline: checkStateEq:getAllSurfaceData Called in an invalid state. 1
10-24 16:44:56.477  1972  2669 E [CT]    : SpatialAnchorPipeline: checkStateEq:getAllSurfaceData Called in an invalid state. 1
10-24 16:44:56.489  1972  2669 E [CT]    : SpatialAnchorPipeline: checkStateEq:getAllSurfaceData Called in an invalid state. 1
10-24 16:44:56.489  1972  2669 E [CT]    : SpatialAnchorPipeline: checkStateEq:getAllSurfaceData Called in an invalid state. 1
10-24 16:44:56.500  1972  2669 E [CT]    : SpatialAnchorPipeline: checkStateEq:getAllSurfaceData Called in an invalid state. 1
10-24 16:44:56.511  1972  2669 E [CT]    : SpatialAnchorPipeline: checkStateEq:getAllSurfaceData Called in an invalid state. 1
10-24 16:44:56.522  1972  2669 E [CT]    : SpatialAnchorPipeline: checkStateEq:getAllSurfaceData Called in an invalid state. 1
10-24 16:44:56.533  1972  2669 E [CT]    : SpatialAnchorPipeline: checkStateEq:getAllSurfaceData Called in an invalid state. 1
10-24 16:44:56.544  1972  2669 E [CT]    : SpatialAnchorPipeline: checkStateEq:getAllSurfaceData Called in an invalid state. 1
10-24 16:44:56.545   845  4777 I [CT]    : IrradianceInfo: [Frame   150 camera 0] [HT] has_hand =  NO, irradiance_proxy =   2921.2, intensity =  111.5, exposure =  5.453ms, gain =    7
10-24 16:44:56.545   845  4777 I [CT]    : IrradianceInfo: [Frame   150 camera 1] [HT] has_hand = YES, irradiance_proxy =   2317.3, intensity =   84.1, exposure =  5.187ms, gain =    7
10-24 16:44:56.545   845  4777 I [CT]    : IrradianceInfo: [Frame   150 camera 2] [HT] has_hand = YES, irradiance_proxy =   2124.6, intensity =   84.9, exposure =  4.997ms, gain =    8
10-24 16:44:56.545   845  4777 I [CT]    : IrradianceInfo: [Frame   150 camera 3] [HT] has_hand =  NO, irradiance_proxy =   1038.7, intensity =   98.6, exposure =  6.327ms, gain =   15
10-24 16:44:56.545   845  4777 I [CT]    : NIMBLE:HTEngine: Hand Tracking Processed FPS = 30.12215507430677 Hz / Camera FPS = 30.12215507430677
10-24 16:44:56.546   845  4777 I [CT]    : NIMBLE:HLOG: [Throttled count=3] [Health][left ] [IK #] count= 150, mean=0+-0, max = 1.17549e-38, histogram = [[<1:150], [<3:0], [<5:0], [<7:0], [<9:0], [<11:0], [<30:0], ], 
10-24 16:44:56.555   845  4771 I [CT]    : VIPER:LOCALIZER_MANAGER: Could not find all the map requested for relocalization in memory!
10-24 16:44:56.555   845  4771 I [CT]    : Requested set is 3f26dece-f9e3-a11d-4097-8100397eaeeb, b03287d6-8cfc-1be2-f26d-85050828fdcc, d34f1cec-6ee6-0aba-a106-09deef35398b, 7fe96743-4f7e-fe0c-1024-e98ecac144c4
10-24 16:44:56.555   845  4771 I [CT]    : Found set is 7fe96743-4f7e-fe0c-1024-e98ecac144c4, b03287d6-8cfc-1be2-f26d-85050828fdcc, 3f26dece-f9e3-a11d-4097-8100397eaeeb
10-24 16:44:56.555   845  4771 I [CT]    : VIPER:LOCALIZER_MANAGER: [Throttled count=29] Number of frames to try relocalization on 3 maps: 20
10-24 16:44:56.556  1972  2669 E [CT]    : SpatialAnchorPipeline: checkStateEq:getAllSurfaceData Called in an invalid state. 1
10-24 16:44:56.567  1972  2669 E [CT]    : SpatialAnchorPipeline: checkStateEq:getAllSurfaceData Called in an invalid state. 1
10-24 16:44:56.578  1972  2669 E [CT]    : SpatialAnchorPipeline: checkStateEq:getAllSurfaceData Called in an invalid state. 1
10-24 16:44:56.589  1972  2669 E [CT]    : SpatialAnchorPipeline: checkStateEq:getAllSurfaceData Called in an invalid state. 1
