10-24 16:44:56.589  1972  2669 E [CT]    : SpatialAnchorPipeline: checkStateEq:getAllSurfaceData Called in an invalid state. 1
10-24 16:44:56.600  1972  2669 E [CT]    : SpatialAnchorPipeline: checkStateEq:getAllSurfaceData Called in an invalid state. 1
10-24 16:44:56.611  1972  2669 E [CT]    : SpatialAnchorPipeline: checkStateEq:getAllSurfaceData Called in an invalid state. 1
10-24 16:44:56.620  1972  2760 E [CT]    : SpatialAnchorPipeline: checkStateEq:getActiveGuardian Called in an invalid state. 1
10-24 16:44:56.620  1972  2760 E [CT]    : SpatialAnchorPipeline: checkStateEq:getActiveGuardian Called in an invalid state. 1
10-24 16:44:56.622  1972  2669 E [CT]    : SpatialAnchorPipeline: checkStateEq:getAllSurfaceData Called in an invalid state. 1
10-24 16:44:56.633  1972  2669 E [CT]    : SpatialAnchorPipeline: checkStateEq:getAllSurfaceData Called in an invalid state. 1
10-24 16:44:56.639  1788  4792 I VrApi   : FPS=90/90,Prd=38ms,Tear=0,Early=90,Stale=0,VSnc=1,Lat=1,Fov=0,CPU4/GPU=2/3,1171/490MHz,OC=FF,TA=0/70/0,SP=N/F/N,Mem=1353MHz,Free=2219MB,PLS=0,Temp=23.0C/0.0C,TW=1.80ms,App=4.89ms,GD=0.00ms,CPU&GPU=9.30ms,LCnt=2,GPU%=0.64,CPU%=0.13(W0.14),DSF=1.00
10-24 16:44:56.645  1972  2669 E [CT]    : SpatialAnchorPipeline: checkStateEq:getAllSurfaceData Called in an invalid state. 1
10-24 16:44:56.656  1972  2669 E [CT]    : SpatialAnchorPipeline: checkStateEq:getAllSurfaceData Called in an invalid state. 1
10-24 16:44:56.668  1972  2669 E [CT]    : SpatialAnchorPipeline: checkStateEq:getAllSurfaceData Called in an invalid state. 1
10-24 16:44:56.678  1972  2669 E [CT]    : SpatialAnchorPipeline: checkStateEq:getAllSurfaceData Called in an invalid state. 1
10-24 16:44:56.690  1972  2669 E [CT]    : SpatialAnchorPipeline: checkStateEq:getAllSurfaceData Called in an invalid state. 1
10-24 16:44:56.690  1972  2669 E [CT]    : SpatialAnchorPipeline: checkStateEq:getAllSurfaceData Called in an invalid state. 1
10-24 16:44:56.700  1972  2669 E [CT]    : SpatialAnchorPipeline: checkStateEq:getAllSurfaceData Called in an invalid state. 1
10-24 16:44:56.711  1972  2669 E [CT]    : SpatialAnchorPipeline: checkStateEq:getAllSurfaceData Called in an invalid state. 1
10-24 16:44:56.722  1972  2669 E [CT]    : SpatialAnchorPipeline: checkStateEq:getAllSurfaceData Called in an invalid state. 1
10-24 16:44:56.734  1972  2669 E [CT]    : SpatialAnchorPipeline: checkStateEq:getAllSurfaceData Called in an invalid state. 1
10-24 16:44:56.745  1972  2669 E [CT]    : SpatialAnchorPipeline: checkStateEq:getAllSurfaceData Called in an invalid state. 1
10-24 16:44:56.756  1972  2669 E [CT]    : SpatialAnchorPipeline: checkStateEq:getAllSurfaceData Called in an invalid state. 1
10-24 16:44:56.767  1972  2669 E [CT]    : SpatialAnchorPipeline: checkStateEq:getAllSurfaceData Called in an invalid state. 1
10-24 16:44:56.778  1972  2669 E [CT]    : SpatialAnchorPipeline: checkStateEq:getAllSurfaceData Called in an invalid state. 1
10-24 16:44:56.789  1972  2669 E [CT]    : SpatialAnchorPipeline: checkStateEq:getAllSurfaceData Called in an invalid state. 1
10-24 16:44:56.801  1972  2669 E [CT]    : SpatialAnchorPipeline: checkStateEq:getAllSurfaceData Called in an invalid state. 1
10-24 16:44:56.801  1972  2669 E [CT]    : SpatialAnchorPipeline: checkStateEq:getAllSurfaceData Called in an invalid state. 1
10-24 16:44:56.812  1972  2669 E [CT]    : SpatialAnchorPipeline: checkStateEq:getAllSurfaceData Called in an invalid state. 1
10-24 16:44:56.821  1972  2760 E [CT]    : SpatialAnchorPipeline: checkStateEq:getActiveGuardian Called in an invalid state. 1
10-24 16:44:56.821  1972  2760 E [CT]    : SpatialAnchorPipeline: checkStateEq:getActiveGuardian Called in an invalid state. 1
10-24 16:44:56.822   845  1621 I [CT]    : VIPER:LOCALIZER: Extracting non-gravity-aligned descriptors on query.
10-24 16:44:56.823  1972  2669 E [CT]    : SpatialAnchorPipeline: checkStateEq:getAllSurfaceData Called in an invalid state. 1
10-24 16:44:56.834  1972  2669 E [CT]    : SpatialAnchorPipeline: checkStateEq:getAllSurfaceData Called in an invalid state. 1
10-24 16:44:56.845  1972  2669 E [CT]    : SpatialAnchorPipeline: checkStateEq:getAllSurfaceData Called in an invalid state. 1
10-24 16:44:56.856  1972  2669 E [CT]    : SpatialAnchorPipeline: checkStateEq:getAllSurfaceData Called in an invalid state. 1
10-24 16:44:56.868  1972  2669 E [CT]    : SpatialAnchorPipeline: checkStateEq:getAllSurfaceData Called in an invalid state. 1
10-24 16:44:56.878  1972  2669 E [CT]    : SpatialAnchorPipeline: checkStateEq:getAllSurfaceData Called in an invalid state. 1
10-24 16:44:56.890  1972  2669 E [CT]    : SpatialAnchorPipeline: checkStateEq:getAllSurfaceData Called in an invalid state. 1
10-24 16:44:56.890   845  4771 W [CT]    : VioSubmapManagement: Submap update has failed Mahalanobis check 16 consecutive times. Inflating covariance
10-24 16:44:56.901  1972  2669 E [CT]    : SpatialAnchorPipeline: checkStateEq:getAllSurfaceData Called in an invalid state. 1
10-24 16:44:56.912  1972  2669 E [CT]    : SpatialAnchorPipeline: checkStateEq:getAllSurfaceData Called in an invalid state. 1
10-24 16:44:56.912  1972  2669 E [CT]    : SpatialAnchorPipeline: checkStateEq:getAllSurfaceData Called in an invalid state. 1
10-24 16:44:56.923  1972  2669 E [CT]    : SpatialAnchorPipeline: checkStateEq:getAllSurfaceData Called in an invalid state. 1
10-24 16:44:56.934  1972  2669 E [CT]    : SpatialAnchorPipeline: checkStateEq:getAllSurfaceData Called in an invalid state. 1
10-24 16:44:56.945  1972  2669 E [CT]    : SpatialAnchorPipeline: checkStateEq:getAllSurfaceData Called in an invalid state. 1
10-24 16:44:56.957  1972  2669 E [CT]    : SpatialAnchorPipeline: checkStateEq:getAllSurfaceData Called in an invalid state. 1
10-24 16:44:56.968  1972  2669 E [CT]    : SpatialAnchorPipeline: checkStateEq:getAllSurfaceData Called in an invalid state. 1
10-24 16:44:56.979  1972  2669 E [CT]    : SpatialAnchorPipeline: checkStateEq:getAllSurfaceData Called in an invalid state. 1
10-24 16:44:56.990  1972  2669 E [CT]    : SpatialAnchorPipeline: checkStateEq:getAllSurfaceData Called in an invalid state. 1
10-24 16:44:57.001  1972  2669 E [CT]    : SpatialAnchorPipeline: checkStateEq:getAllSurfaceData Called in an invalid state. 1
10-24 16:44:57.012  1972  2669 E [CT]    : SpatialAnchorPipeline: checkStateEq:getAllSurfaceData Called in an invalid state. 1
10-24 16:44:57.012  1972  2669 E [CT]    : SpatialAnchorPipeline: checkStateEq:getAllSurfaceData Called in an invalid state. 1
10-24 16:44:57.021  1972  2760 E [CT]    : SpatialAnchorPipeline: checkStateEq:getActiveGuardian Called in an invalid state. 1
10-24 16:44:57.021  1972  2760 E [CT]    : SpatialAnchorPipeline: checkStateEq:getActiveGuardian Called in an invalid state. 1
10-24 16:44:57.023  1972  2669 E [CT]    : SpatialAnchorPipeline: checkStateEq:getAllSurfaceData Called in an invalid state. 1
10-24 16:44:57.034  1972  2669 E [CT]    : SpatialAnchorPipeline: checkStateEq:getAllSurfaceData Called in an invalid state. 1
10-24 16:44:57.045  1972  2669 E [CT]    : SpatialAnchorPipeline: checkStateEq:getAllSurfaceData Called in an invalid state. 1
10-24 16:44:57.057  1972  2669 E [CT]    : SpatialAnchorPipeline: checkStateEq:getAllSurfaceData Called in an invalid state. 1
10-24 16:44:57.068  1972  2669 E [CT]    : SpatialAnchorPipeline: checkStateEq:getAllSurfaceData Called in an invalid state. 1
10-24 16:44:57.079  1972  2669 E [CT]    : SpatialAnchorPipeline: checkStateEq:getAllSurfaceData Called in an invalid state. 1
10-24 16:44:57.090  1972  2669 E [CT]    : SpatialAnchorPipeline: checkStateEq:getAllSurfaceData Called in an invalid state. 1
10-24 16:44:57.095   733  1736 W SensorService: Unknown packet type (20) received
10-24 16:44:57.101  1972  2669 E [CT]    : SpatialAnchorPipeline: checkStateEq:getAllSurfaceData Called in an invalid state. 1
10-24 16:44:57.112  1972  2669 E [CT]    : SpatialAnchorPipeline: checkStateEq:getAllSurfaceData Called in an invalid state. 1
10-24 16:44:57.113  1972  2669 E [CT]    : SpatialAnchorPipeline: checkStateEq:getAllSurfaceData Called in an invalid state. 1
10-24 16:44:57.123  1972  2669 E [CT]    : SpatialAnchorPipeline: checkStateEq:getAllSurfaceData Called in an invalid state. 1
10-24 16:44:57.135  1972  2669 E [CT]    : SpatialAnchorPipeline: checkStateEq:getAllSurfaceData Called in an invalid state. 1
10-24 16:44:57.146  1972  2669 E [CT]    : SpatialAnchorPipeline: checkStateEq:getAllSurfaceData Called in an invalid state. 1
10-24 16:44:57.157  1972  2669 E [CT]    : SpatialAnchorPipeline: checkStateEq:getAllSurfaceData Called in an invalid state. 1
10-24 16:44:57.168  1972  2669 E [CT]    : SpatialAnchorPipeline: checkStateEq:getAllSurfaceData Called in an invalid state. 1
10-24 16:44:57.168   845  4771 I [CT]    : VIPER: Mode=Vega,Status=6DoF,TRACKING,KF=-1,Inl=304,Pts=101,Mem=61.6,Jit=0.2mm,Issues(Cam/min=0.0,IMU/min=0.0),Exp=(6.1ms,g=5.0,I=75,Ir=2462.9)(6.5ms,g=7.0,I=81,Ir=1783.0)(6.5ms,g=7.0,I=69,Ir=1514.6)(8.9ms,g=11.0,I=74,Ir=757.8)
10-24 16:44:57.179  1972  2669 E [CT]    : SpatialAnchorPipeline: checkStateEq:getAllSurfaceData Called in an invalid state. 1
10-24 16:44:57.180  1864  2210 W [SEO] HandRenderComponent: HandRenderComponent got invalid world transform: `1.044854403 0.2263487577 0.1459348947 -0.324508667 -0.265587002 0.9629527926 0.4079667032 1.225197434 -0.04465750605 -0.4309751391 0.9881891012 -0.1620604247 0 0 0 1`
10-24 16:44:57.190  1972  2669 E [CT]    : SpatialAnchorPipeline: checkStateEq:getAllSurfaceData Called in an invalid state. 1
10-24 16:44:57.191  1864  2210 W [SEO] HandRenderComponent: HandRenderComponent got invalid world transform: `1.040946364 0.2229511738 0.1759978831 -0.3230929673 -0.2753974199 0.9558966756 0.4179350138 1.226375341 -0.06956104189 -0.4481140077 0.9790847301 -0.1569947898 0 0 0 1`
10-24 16:44:57.201  1972  2669 E [CT]    : SpatialAnchorPipeline: checkStateEq:getAllSurfaceData Called in an invalid state. 1
10-24 16:44:57.202  1864  2210 W [SEO] HandRenderComponent: HandRenderComponent got invalid world transform: `1.036379218 0.2191475928 0.2052910775 -0.3217128217 -0.2852698565 0.9488687515 0.4272249639 1.227521181 -0.09376133978 -0.4646228552 0.9693225622 -0.1519865841 0 0 0 1`
10-24 16:44:57.213  1972  2669 E [CT]    : SpatialAnchorPipeline: checkStateEq:getAllSurfaceData Called in an invalid state. 1
10-24 16:44:57.213  1972  2669 E [CT]    : SpatialAnchorPipeline: checkStateEq:getAllSurfaceData Called in an invalid state. 1
10-24 16:44:57.213  1864  2210 W [SEO] HandRenderComponent: HandRenderComponent got invalid world transform: `1.031116724 0.2120558619 0.2368177474 -0.3226772845 -0.2939529717 0.9420449138 0.4363426268 1.226902127 -0.1210040376 -0.481493026 0.9580054283 -0.1499751657 0 0 0 1`
10-24 16:44:57.222  1972  2760 E [CT]    : SpatialAnchorPipeline: checkStateEq:getActiveGuardian Called in an invalid state. 1
10-24 16:44:57.222  1972  2760 E [CT]    : SpatialAnchorPipeline: checkStateEq:getActiveGuardian Called in an invalid state. 1
10-24 16:44:57.222   845  4771 I [CT]    : VIPER:LOCALIZER_MANAGER: Localization failed!
10-24 16:44:57.224  1972  2669 E [CT]    : SpatialAnchorPipeline: checkStateEq:getAllSurfaceData Called in an invalid state. 1
10-24 16:44:57.225  1864  2210 W [SEO] HandRenderComponent: HandRenderComponent got invalid world transform: `1.025082707 0.2046496719 0.2675371766 -0.3235708773 -0.3028199971 0.9352146983 0.4448883533 1.226332664 -0.1475047916 -0.4977390468 0.9459124804 -0.1478816122 0 0 0 1`
10-24 16:44:57.235  1972  2669 E [CT]    : SpatialAnchorPipeline: checkStateEq:getAllSurfaceData Called in an invalid state. 1
10-24 16:44:57.236  1864  2210 W [SEO] HandRenderComponent: HandRenderComponent got invalid world transform: `1.018309474 0.1969249845 0.2975198925 -0.3244059384 -0.31185776 0.9283716679 0.4529046416 1.225804329 -0.1733270884 -0.5134183764 0.9330654144 -0.1457211673 0 0 0 1`
10-24 16:44:57.246  1972  2669 E [CT]    : SpatialAnchorPipeline: checkStateEq:getAllSurfaceData Called in an invalid state. 1
10-24 16:44:57.247  1864  2210 W [SEO] HandRenderComponent: HandRenderComponent got invalid world transform: `1.011655927 0.1940610558 0.3211614788 -0.3244267702 -0.3218009472 0.923676908 0.455540657 1.225529909 -0.1929988414 -0.5228894949 0.9238994718 -0.1436723769 0 0 0 1`
10-24 16:44:57.257  1972  2669 E [CT]    : SpatialAnchorPipeline: checkStateEq:getAllSurfaceData Called in an invalid state. 1
10-24 16:44:57.258  1864  2210 W [SEO] HandRenderComponent: HandRenderComponent got invalid world transform: `1.004528642 0.1908504814 0.3446017504 -0.324439764 -0.3317137361 0.9189260602 0.4580316246 1.225273848 -0.2124623805 -0.532356143 0.9141710997 -0.1415715963 0 0 0 1`
10-24 16:44:57.268   845  4771 I [CT]    : VIPER:LOCALIZER_MANAGER: Start attempting background localization on maps: b03287d6-8cfc-1be2-f26d-85050828fdcc, 3f26dece-f9e3-a11d-4097-8100397eaeeb, 7fe96743-4f7e-fe0c-1024-e98ecac144c4, 
10-24 16:44:57.268  1972  2669 E [CT]    : SpatialAnchorPipeline: checkStateEq:getAllSurfaceData Called in an invalid state. 1
10-24 16:44:57.269  1864  2210 W [SEO] HandRenderComponent: HandRenderComponent got invalid world transform: `0.9969264865 0.1873109192 0.3678364456 -0.3244463205 -0.3416116834 0.9141246676 0.4603573978 1.225033164 -0.2317120433 -0.5417952538 0.9038909674 -0.1394275427 0 0 0 1`
10-24 16:44:57.279  1972  2669 E [CT]    : SpatialAnchorPipeline: checkStateEq:getAllSurfaceData Called in an invalid state. 1
10-24 16:44:57.280  1864  2210 W [SEO] HandRenderComponent: HandRenderComponent got invalid world transform: `0.9918506742 0.188988328 0.3804835379 -0.325137198 -0.3495846689 0.9121847749 0.4582156539 1.224117517 -0.2414019108 -0.5444762707 0.8997347951 -0.1382773072 0 0 0 1`
10-24 16:44:57.291  1972  2669 E [CT]    : SpatialAnchorPipeline: checkStateEq:getAllSurfaceData Called in an invalid state. 1
10-24 16:44:57.291  1864  2210 W [SEO] HandRenderComponent: HandRenderComponent got invalid world transform: `0.9864897132 0.1903061718 0.3935393691 -0.3257949948 -0.3575704992 0.9100803733 0.4562331736 1.223240733 -0.2514617145 -0.5475298762 0.8951143026 -0.1370554268 0 0 0 1`
10-24 16:44:57.302  1972  2669 E [CT]    : SpatialAnchorPipeline: checkStateEq:getAllSurfaceData Called in an invalid state. 1
10-24 16:44:57.302  1864  2210 W [SEO] HandRenderComponent: HandRenderComponent got invalid world transform: `0.9808533192 0.1913132668 0.4069129825 -0.326425761 -0.3655646145 0.907841146 0.4543555379 1.222395897 -0.2618042231 -0.5508862734 0.8900758028 -0.1357745528 0 0 0 1`
10-24 16:44:57.313  1972  2669 E [CT]    : SpatialAnchorPipeline: checkStateEq:getAllSurfaceData Called in an invalid state. 1
10-24 16:44:57.313  1972  2669 E [CT]    : SpatialAnchorPipeline: checkStateEq:getAllSurfaceData Called in an invalid state. 1
10-24 16:44:57.314  1864  2210 W [SEO] HandRenderComponent: HandRenderComponent got invalid world transform: `0.9765298367 0.1981214136 0.4139919281 -0.3273825049 -0.3751556277 0.9052481055 0.4517036378 1.220928669 -0.2643854618 -0.5527439117 0.8881590366 -0.1356517524 0 0 0 1`
10-24 16:44:57.319  2720  4819 W AmazonVideo.http: FetchFromServer: (5304ms, #1) Caught exception com.amazon.bolthttp.ConnectivityTimeoutException: Connectivity timeout occurred after 5000ms for Request@bd83230
10-24 16:44:57.321  2720  4819 I AmazonVideo.profiler: Metric[name=playback/GetDefaultSettings-NetworkCall, type=[Failure, FailureAttempt-1], duration=5295]
10-24 16:44:57.321  2720  4819 I AmazonVideo.profiler: Metric[name=playback/GetDefaultSettings-NetworkCall-EC, type=[Failure-EdgeCacheDisabled], duration=5295]
10-24 16:44:57.322  2720  4819 I AmazonVideo.profiler: Metric[name=playback/GetDefaultSettings-NetworkExceptions, type=[ConnectivityTimeoutException], val=1]
10-24 16:44:57.322  2720  4819 I AmazonVideo.profiler: Metric[name=playback/GetDefaultSettings-NetworkExceptions-EC, type=[ConnectivityTimeoutException-EdgeCacheDisabled], val=1]
10-24 16:44:57.322  2720  4819 W AmazonVideo.http: FetchFromServer: (5308ms, #1) Aborting network retry due to com.amazon.bolthttp.ConnectivityTimeoutException: Connectivity timeout occurred after 5000ms for Request@bd83230[GET https://andr-35135aaa6c-bb1e854a11b8312c-ac1a1c7143cb2199eb-14011.na.api.amazonvideo.com/cdp/playback/GetDefaultSettings?<REMOVED>&deviceTypeID=A2Z1NVLU6LCAUO&firmware=fmw%3A29-app%3A1.6.0.4011&format=json&osLocale=en_US&responseFormatVersion=1.0.0&screenDensity=200&screenWidth=640&softwareVersion=1&supportsPKMZ=true&uxLocale=en_US&version=1]
10-24 16:44:57.323  2720  4818 I AmazonVideo.profiler: Metric[name=playback/GetDefaultSettings-Execution, type=[Failure], duration=5360]
10-24 16:44:57.324  1972  2669 E [CT]    : SpatialAnchorPipeline: checkStateEq:getAllSurfaceData Called in an invalid state. 1
10-24 16:44:57.324  2720  4818 I AmazonVideo.profiler: Metric[name=playback/GetDefaultSettings-Execution-EC, type=[Failure-EdgeCacheDisabled], duration=5360]
10-24 16:44:57.325  2720  4818 I AmazonVideo.profiler: Metric[name=playback/GetDefaultSettings-ResponseSizeBytes, type=[Failure], duration=0]
10-24 16:44:57.325  1864  2210 W [SEO] HandRenderComponent: HandRenderComponent got invalid world transform: `0.9719618559 0.2044388652 0.4215998948 -0.3283064663 -0.3846606314 0.9025213122 0.4491581023 1.21950984 -0.2675405443 -0.5548977852 0.8858679533 -0.1354388893 0 0 0 1`
10-24 16:44:57.325  1059  1249 I WifiService: releaseWifiLock uid=10100
10-24 16:44:57.328  2720  3406 E AmazonVideo: ERROR: Sending QOS error for exception: BoltException[component=NETWORK, cause=com.amazon.bolthttp.ConnectivityTimeoutException: Connectivity timeout occurred after 5000ms]
10-24 16:44:57.328  2720  3406 W AmazonVideo: Warning: There is an error while getting playback settings. Skip updating
10-24 16:44:57.335  1972  2669 E [CT]    : SpatialAnchorPipeline: checkStateEq:getAllSurfaceData Called in an invalid state. 1
10-24 16:44:57.336  1864  2210 W [SEO] HandRenderComponent: HandRenderComponent got invalid world transform: `0.9671719074 0.2103454918 0.4296334088 -0.329203546 -0.3940891027 0.8996793032 0.4466794431 1.218130946 -0.2711528838 -0.55730021 0.8832576871 -0.135151878 0 0 0 1`
10-24 16:44:57.344  2382  2656 E PersistableBundle: Failed at frameworks/native/libs/binder/PersistableBundle.cpp:157 (erase)
10-24 16:44:57.346  1972  2669 E [CT]    : SpatialAnchorPipeline: checkStateEq:getAllSurfaceData Called in an invalid state. 1
10-24 16:44:57.347  1864  2210 W [SEO] HandRenderComponent: HandRenderComponent got invalid world transform: `0.9672684669 0.2157474011 0.4267279208 -0.3294801712 -0.3991537392 0.8945179582 0.4525104165 1.217701674 -0.2632868588 -0.5635089874 0.8816968799 -0.1356395185 0 0 0 1`
10-24 16:44:57.357  1972  2669 E [CT]    : SpatialAnchorPipeline: checkStateEq:getAllSurfaceData Called in an invalid state. 1
10-24 16:44:57.358  1864  2210 W [SEO] HandRenderComponent: HandRenderComponent got invalid world transform: `0.9670025706 0.2209142894 0.4246815443 -0.3297635913 -0.4043368995 0.8893588185 0.4580438137 1.217261195 -0.2562600374 -0.5696396232 0.8798254728 -0.1360422373 0 0 0 1`
10-24 16:44:57.368  1972  2669 E [CT]    : SpatialAnchorPipeline: checkStateEq:getAllSurfaceData Called in an invalid state. 1
10-24 16:44:57.369  1864  2210 W [SEO] HandRenderComponent: HandRenderComponent got invalid world transform: `0.9664420485 0.2258814126 0.4233421981 -0.330052495 -0.4096139669 0.8841925859 0.4633261263 1.216811538 -0.2499148101 -0.5757015944 0.877702415 -0.1363750696 0 0 0 1`
10-24 16:44:57.380  1972  2669 E [CT]    : SpatialAnchorPipeline: checkStateEq:getAllSurfaceData Called in an invalid state. 1
10-24 16:44:57.381  1864  2210 W [SEO] HandRenderComponent: HandRenderComponent got invalid world transform: `0.9703423381 0.2333492786 0.410166055 -0.3299477398 -0.4115024805 0.8774742484 0.4742964506 1.216850162 -0.2309844047 -0.5829575658 0.8780996203 -0.1368262768 0 0 0 1`
10-24 16:44:57.381  1518  2789 I [CT]    : MIXEDREALITY: MrServiceView: renderIteration: (every 10 seconds), screen is: ON, PT is: OFF, ID is: OFF
10-24 16:44:57.391  1972  2669 E [CT]    : SpatialAnchorPipeline: checkStateEq:getAllSurfaceData Called in an invalid state. 1
10-24 16:44:57.392  1864  2210 W [SEO] HandRenderComponent: HandRenderComponent got invalid world transform: `0.9736093879 0.2406550944 0.3980224431 -0.3298634589 -0.413438946 0.8707879782 0.4848180115 1.216861725 -0.2130844891 -0.5899706483 0.8779417276 -0.1372228116 0 0 0 1`
10-24 16:44:57.402  1972  2669 E [CT]    : SpatialAnchorPipeline: checkStateEq:getAllSurfaceData Called in an invalid state. 1
10-24 16:44:57.403  1864  2210 W [SEO] HandRenderComponent: HandRenderComponent got invalid world transform: `0.9763554931 0.2478351295 0.3867289126 -0.3297959268 -0.4154010117 0.8641139865 0.4949753582 1.216850996 -0.1960190982 -0.5967715979 0.8773207664 -0.1375745237 0 0 0 1`
10-24 16:44:57.413  1972  2669 E [CT]    : SpatialAnchorPipeline: checkStateEq:getAllSurfaceData Called in an invalid state. 1
10-24 16:44:57.413  1972  2669 E [CT]    : SpatialAnchorPipeline: checkStateEq:getAllSurfaceData Called in an invalid state. 1
10-24 16:44:57.414  1864  2210 W [SEO] HandRenderComponent: HandRenderComponent got invalid world transform: `0.9820525646 0.2556761205 0.3666803837 -0.3296152353 -0.4129243493 0.8578794003 0.5077286363 1.216867447 -0.1712257862 -0.602432251 0.8786404729 -0.1379511058 0 0 0 1`
10-24 16:44:57.422  1972  2760 E [CT]    : SpatialAnchorPipeline: checkStateEq:getActiveGuardian Called in an invalid state. 1
10-24 16:44:57.423  1972  2760 E [CT]    : SpatialAnchorPipeline: checkStateEq:getActiveGuardian Called in an invalid state. 1
10-24 16:44:57.424   845  4771 W [CT]    : VioSubmapManagement: Submap update has failed Mahalanobis check 16 consecutive times. Inflating covariance
10-24 16:44:57.424  1972  2669 E [CT]    : SpatialAnchorPipeline: checkStateEq:getAllSurfaceData Called in an invalid state. 1
10-24 16:44:57.425  1864  2210 W [SEO] HandRenderComponent: HandRenderComponent got invalid world transform: `0.9869296551 0.2634682357 0.347571522 -0.3294511735 -0.4104973078 0.8516495228 0.5200351477 1.21686697 -0.1473546624 -0.6078890562 0.8792093396 -0.1382947862 0 0 0 1`
10-24 16:44:57.434   845  4771 I [CT]    : VIPER:MAP_MANAGER: State: TrackingTransient, UUID=5b3555a5-e1cb-d303-b6c1-f6fe20df34fb, Num. Persistent maps = 3, Transient maps:5b3555a5-e1cb-d303-b6c1-f6fe20df34fb, Persistent maps:7fe96743-4f7e-fe0c-1024-e98ecac144c4,b03287d6-8cfc-1be2-f26d-85050828fdcc,3f26dece-f9e3-a11d-4097-8100397eaeeb,
10-24 16:44:57.435  1972  2669 E [CT]    : SpatialAnchorPipeline: checkStateEq:getAllSurfaceData Called in an invalid state. 1
10-24 16:44:57.436  1864  2210 W [SEO] HandRenderComponent: HandRenderComponent got invalid world transform: `0.9911019206 0.271230638 0.3292453885 -0.3293008208 -0.4080820084 0.8454182744 0.5319666266 1.216852427 -0.1242482215 -0.6131503582 0.8791248202 -0.1386114061 0 0 0 1`
10-24 16:44:57.446  1972  2669 E [CT]    : SpatialAnchorPipeline: checkStateEq:getAllSurfaceData Called in an invalid state. 1
10-24 16:44:57.447  1864  2210 W [SEO] HandRenderComponent: HandRenderComponent got invalid world transform: `0.9958508015 0.2787695229 0.307929039 -0.3289900422 -0.4034423232 0.8394762874 0.5447617173 1.216590405 -0.09882825613 -0.6179146767 0.8790141344 -0.1388784647 0 0 0 1`
10-24 16:44:57.458  1972  2669 E [CT]    : SpatialAnchorPipeline: checkStateEq:getAllSurfaceData Called in an invalid state. 1
10-24 16:44:57.458  1864  2210 W [SEO] HandRenderComponent: HandRenderComponent got invalid world transform: `0.9998648167 0.2863405347 0.2872825265 -0.3286956549 -0.3987943232 0.8335248828 0.5571813583 1.216328859 -0.07406222075 -0.6224927306 0.8782194257 -0.1391283572 0 0 0 1`
10-24 16:44:57.469  1972  2669 E [CT]    : SpatialAnchorPipeline: checkStateEq:getAllSurfaceData Called in an invalid state. 1
10-24 16:44:57.470  1864  2210 W [SEO] HandRenderComponent: HandRenderComponent got invalid world transform: `1.003220677 0.2939516306 0.2671930492 -0.3284148574 -0.3941008747 0.8275626302 0.5692767501 1.216067672 -0.04984144121 -0.6268843412 0.8768028617 -0.1393641829 0 0 0 1`
10-24 16:44:57.480  1972  2669 E [CT]    : SpatialAnchorPipeline: checkStateEq:getAllSurfaceData Called in an invalid state. 1
10-24 16:44:57.481  1864  2210 W [SEO] HandRenderComponent: HandRenderComponent got invalid world transform: `1.007323265 0.2948315144 0.2502517104 -0.3282835484 -0.385248214 0.8258923888 0.5776998997 1.215998173 -0.03369479999 -0.6286714673 0.8762924671 -0.1398391277 0 0 0 1`
10-24 16:44:57.491  1972  2669 E [CT]    : SpatialAnchorPipeline: checkStateEq:getAllSurfaceData Called in an invalid state. 1
10-24 16:44:57.492  1864  2210 W [SEO] HandRenderComponent: HandRenderComponent got invalid world transform: `1.010984659 0.29601565 0.2335301936 -0.3281555474 -0.3766332567 0.8240166306 0.5859997272 1.215920806 -0.01757885702 -0.6305736303 0.8753968477 -0.1402938515 0 0 0 1`
10-24 16:44:57.502  1972  2669 E [CT]    : SpatialAnchorPipeline: checkStateEq:getAllSurfaceData Called in an invalid state. 1
10-24 16:44:57.503  1864  2210 W [SEO] HandRenderComponent: HandRenderComponent got invalid world transform: `1.014243603 0.2974598408 0.2169771641 -0.3280302882 -0.3681837022 0.8219723701 0.5941830873 1.215837002 -0.001486193156 -0.6325587034 0.8741388321 -0.1407321543 0 0 0 1`
10-24 16:44:57.513  1972  2669 E [CT]    : SpatialAnchorPipeline: checkStateEq:getAllSurfaceData Called in an invalid state. 1
10-24 16:44:57.513  1972  2669 E [CT]    : SpatialAnchorPipeline: checkStateEq:getAllSurfaceData Called in an invalid state. 1
10-24 16:44:57.514  1864  2210 W [SEO] HandRenderComponent: HandRenderComponent got invalid world transform: `1.015717268 0.2970782518 0.2105109096 -0.3280503154 -0.3640801311 0.8218463063 0.5968805552 1.215928912 0.003996847197 -0.6329022646 0.8738825321 -0.14111799 0 0 0 1`
10-24 16:44:57.524  1972  2669 E [CT]    : SpatialAnchorPipeline: checkStateEq:getAllSurfaceData Called in an invalid state. 1
10-24 16:44:57.525  1864  2210 W [SEO] HandRenderComponent: HandRenderComponent got invalid world transform: `1.017140746 0.2969420552 0.2037198544 -0.3280661106 -0.3599680066 0.821510613 0.5998291969 1.216008663 0.009968897328 -0.6334014535 0.8734728694 -0.1414942741 0 0 0 1`
10-24 16:44:57.536  1972  2669 E [CT]    : SpatialAnchorPipeline: checkStateEq:getAllSurfaceData Called in an invalid state. 1
10-24 16:44:57.537  1864  2210 W [SEO] HandRenderComponent: HandRenderComponent got invalid world transform: `1.018509626 0.2970095575 0.1966606081 -0.3280784786 -0.3558413386 0.8210045695 0.6029762626 1.216078639 0.01633957215 -0.6340258718 0.872923851 -0.1418627501 0 0 0 1`
10-24 16:44:57.547  1972  2669 E [CT]    : SpatialAnchorPipeline: checkStateEq:getAllSurfaceData Called in an invalid state. 1
10-24 16:44:57.548  1864  2210 W [SEO] HandRenderComponent: HandRenderComponent got invalid world transform: `1.018668413 0.2955324948 0.1980580091 -0.3282642961 -0.3555026352 0.8226726055 0.6008989811 1.216249228 0.01357574668 -0.6325521469 0.8740397096 -0.141992867 0 0 0 1`
10-24 16:44:57.558  1972  2669 E [CT]    : SpatialAnchorPipeline: checkStateEq:getAllSurfaceData Called in an invalid state. 1
10-24 16:44:57.559  1864  2210 W [SEO] HandRenderComponent: HandRenderComponent got invalid world transform: `1.018874764 0.2942709625 0.1988735348 -0.3284402788 -0.3549832702 0.8241145015 0.5992277265 1.216408491 0.01152982283 -0.6312618852 0.8750013113 -0.1421275139 0 0 0 1`
10-24 16:44:57.569  1972  2669 E [CT]    : SpatialAnchorPipeline: checkStateEq:getAllSurfaceData Called in an invalid state. 1
10-24 16:44:57.570  1864  2210 W [SEO] HandRenderComponent: HandRenderComponent got invalid world transform: `1.019121647 0.293184042 0.1992130131 -0.3286082149 -0.3543180823 0.8253725171 0.5978883505 1.216558456 0.0100707626 -0.6301229 0.8758397698 -0.1422659755 0 0 0 1`
10-24 16:44:57.580  1972  2669 E [CT]    : SpatialAnchorPipeline: checkStateEq:getAllSurfaceData Called in an invalid state. 1
10-24 16:44:57.581  1864  2210 W [SEO] HandRenderComponent: HandRenderComponent got invalid world transform: `1.020586848 0.2888995409 0.1979684532 -0.328748703 -0.3501140773 0.8265942931 0.5986765623 1.216529727 0.008635553531 -0.630500257 0.8755835891 -0.1421315372 0 0 0 1`
10-24 16:44:57.591  1972  2669 E [CT]    : SpatialAnchorPipeline: checkStateEq:getAllSurfaceData Called in an invalid state. 1
10-24 16:44:57.592  1864  2210 W [SEO] HandRenderComponent: HandRenderComponent got invalid world transform: `1.022006035 0.2848851681 0.1964573413 -0.3288846314 -0.3459727168 0.8276728988 0.5995929837 1.216501951 0.007611381821 -0.6309114695 0.8752965927 -0.142011404 0 0 0 1`
10-24 16:44:57.602  1972  2669 E [CT]    : SpatialAnchorPipeline: checkStateEq:getAllSurfaceData Called in an invalid state. 1
10-24 16:44:57.603  1864  2210 W [SEO] HandRenderComponent: HandRenderComponent got invalid world transform: `1.023386359 0.2810926139 0.1947272867 -0.3290167153 -0.3418828249 0.8286333084 0.6006116867 1.21647501 0.006923040375 -0.6313518882 0.8749846816 -0.1419030726 0 0 0 1`
10-24 16:44:57.613  1972  2669 E [CT]    : SpatialAnchorPipeline: checkStateEq:getAllSurfaceData Called in an invalid state. 1
10-24 16:44:57.614  1972  2669 E [CT]    : SpatialAnchorPipeline: checkStateEq:getAllSurfaceData Called in an invalid state. 1
10-24 16:44:57.614  1864  2210 W [SEO] HandRenderComponent: HandRenderComponent got invalid world transform: `1.024398208 0.2793093622 0.1919538975 -0.3290343285 -0.3388001025 0.8284093738 0.6026641726 1.216590881 0.008631405421 -0.6324365139 0.874186039 -0.1417254806 0 0 0 1`
10-24 16:44:57.624  1972  2760 E [CT]    : SpatialAnchorPipeline: checkStateEq:getActiveGuardian Called in an invalid state. 1
10-24 16:44:57.624  1972  2760 E [CT]    : SpatialAnchorPipeline: checkStateEq:getActiveGuardian Called in an invalid state. 1
10-24 16:44:57.625  1972  2669 E [CT]    : SpatialAnchorPipeline: checkStateEq:getAllSurfaceData Called in an invalid state. 1
10-24 16:44:57.625  1864  2210 W [SEO] HandRenderComponent: HandRenderComponent got invalid world transform: `1.025400281 0.2775919437 0.1890726388 -0.3290541768 -0.3357027769 0.8281622529 0.6047335267 1.21670115 0.0104599325 -0.6335152984 0.8733845949 -0.1415592134 0 0 0 1`
10-24 16:44:57.636  1972  2669 E [CT]    : SpatialAnchorPipeline: checkStateEq:getAllSurfaceData Called in an invalid state. 1
10-24 16:44:57.637  1864  2210 W [SEO] HandRenderComponent: HandRenderComponent got invalid world transform: `1.026391864 0.2759290636 0.1861033142 -0.3290758729 -0.3325927258 0.8278952241 0.6068140268 1.216806889 0.01238508243 -0.6345897913 0.8725789785 -0.1414023191 0 0 0 1`
10-24 16:44:57.639  1788  4792 I VrApi   : FPS=90/90,Prd=38ms,Tear=0,Early=90,Stale=0,VSnc=1,Lat=1,Fov=0,CPU4/GPU=2/3,1171/490MHz,OC=FF,TA=0/70/0,SP=N/F/N,Mem=1353MHz,Free=2219MB,PLS=0,Temp=23.0C/0.0C,TW=1.79ms,App=4.98ms,GD=0.00ms,CPU&GPU=9.28ms,LCnt=2,GPU%=0.64,CPU%=0.16(W0.23),DSF=1.00
10-24 16:44:57.647  1972  2669 E [CT]    : SpatialAnchorPipeline: checkStateEq:getAllSurfaceData Called in an invalid state. 1
10-24 16:44:57.648  1864  2210 W [SEO] HandRenderComponent: HandRenderComponent got invalid world transform: `1.026470542 0.2790382802 0.1809635609 -0.32898736 -0.3320884705 0.8279989958 0.6069488525 1.216963649 0.01809475757 -0.6330934167 0.8735657334 -0.1412501782 0 0 0 1`
10-24 16:44:57.658  1972  2669 E [CT]    : SpatialAnchorPipeline: checkStateEq:getAllSurfaceData Called in an invalid state. 1
10-24 16:44:57.659  1864  2210 W [SEO] HandRenderComponent: HandRenderComponent got invalid world transform: `1.026561856 0.2819478214 0.1758635789 -0.328904897 -0.3314530551 0.8280774355 0.6071888804 1.217114925 0.02369488776 -0.6316999793 0.8744400144 -0.1411044449 0 0 0 1`
10-24 16:44:57.669  1972  2669 E [CT]    : SpatialAnchorPipeline: checkStateEq:getAllSurfaceData Called in an invalid state. 1
10-24 16:44:57.670  1864  2210 W [SEO] HandRenderComponent: HandRenderComponent got invalid world transform: `1.026659369 0.2846938968 0.1707959324 -0.3288273811 -0.3307096958 0.8281362057 0.6075136065 1.217261791 0.02920569666 -0.6303896308 0.8752185106 -0.1409640014 0 0 0 1`
10-24 16:44:57.680  1972  2669 E [CT]    : SpatialAnchorPipeline: checkStateEq:getAllSurfaceData Called in an invalid state. 1
10-24 16:44:57.681  1864  2210 W [SEO] HandRenderComponent: HandRenderComponent got invalid world transform: `1.025963902 0.2917326689 0.1629173756 -0.3286843598 -0.3317546546 0.8265960813 0.6090399623 1.217426896 0.03986078873 -0.6291922927 0.875659883 -0.1406874657 0 0 0 1`
10-24 16:44:57.691  1972  2669 E [CT]    : SpatialAnchorPipeline: checkStateEq:getAllSurfaceData Called in an invalid state. 1
10-24 16:44:57.692  1864  2210 W [SEO] HandRenderComponent: HandRenderComponent got invalid world transform: `1.025230885 0.2984405756 0.1551994979 -0.3285477161 -0.3326165974 0.8251135349 0.6105782986 1.217587948 0.05019818246 -0.6279910803 0.8759905696 -0.140420571 0 0 0 1`
10-24 16:44:57.703  1972  2669 E [CT]    : SpatialAnchorPipeline: checkStateEq:getAllSurfaceData Called in an invalid state. 1
10-24 16:44:57.703  1864  2210 W [SEO] HandRenderComponent: HandRenderComponent got invalid world transform: `1.024456501 0.3048799038 0.1476098746 -0.3284162283 -0.333326906 0.8236783147 0.61212641 1.217745781 0.06027963012 -0.6267805696 0.876221478 -0.1401615143 0 0 0 1`
10-24 16:44:57.714  1972  2669 E [CT]    : SpatialAnchorPipeline: checkStateEq:getAllSurfaceData Called in an invalid state. 1
10-24 16:44:57.714  1972  2669 E [CT]    : SpatialAnchorPipeline: checkStateEq:getAllSurfaceData Called in an invalid state. 1
10-24 16:44:57.715  1864  2210 W [SEO] HandRenderComponent: HandRenderComponent got invalid world transform: `1.023119807 0.3135673702 0.1383948028 -0.3282338381 -0.3353646398 0.8258840442 0.6080278158 1.217853308 0.07076855004 -0.6195503473 0.8805684447 -0.1398849487 0 0 0 1`
10-24 16:44:57.725  1972  2669 E [CT]    : SpatialAnchorPipeline: checkStateEq:getAllSurfaceData Called in an invalid state. 1
10-24 16:44:57.726  1864  2210 W [SEO] HandRenderComponent: HandRenderComponent got invalid world transform: `1.021725893 0.3218843639 0.1292998493 -0.3280573487 -0.3372858167 0.8279077411 0.604201138 1.217960715 0.08103256673 -0.612544775 0.8845757842 -0.1396148205 0 0 0 1`
10-24 16:44:57.736  1972  2669 E [CT]    : SpatialAnchorPipeline: checkStateEq:getAllSurfaceData Called in an invalid state. 1
10-24 16:44:57.737  1864  2210 W [SEO] HandRenderComponent: HandRenderComponent got invalid world transform: `1.02026999 0.3298935592 0.1202960834 -0.3278857172 -0.3391150534 0.8297815919 0.6005958319 1.218067884 0.09111469984 -0.6057100296 0.8882935047 -0.1393498629 0 0 0 1`
10-24 16:44:57.747  1972  2669 E [CT]    : SpatialAnchorPipeline: checkStateEq:getAllSurfaceData Called in an invalid state. 1
10-24 16:44:57.748  1864  2210 W [SEO] HandRenderComponent: HandRenderComponent got invalid world transform: `1.019535303 0.3361762166 0.1085602045 -0.3278570771 -0.3383016586 0.833597362 0.5957512856 1.218080282 0.101743646 -0.5969531536 0.8930550218 -0.1390304714 0 0 0 1`
10-24 16:44:57.758  1972  2669 E [CT]    : SpatialAnchorPipeline: checkStateEq:getAllSurfaceData Called in an invalid state. 1
10-24 16:44:57.759  1864  2210 W [SEO] HandRenderComponent: HandRenderComponent got invalid world transform: `1.01867342 0.3422655761 0.09700840712 -0.3278256953 -0.3375820518 0.837202549 0.5910854936 1.218096495 0.1122260913 -0.5883859992 0.8974737525 -0.1387172043 0 0 0 1`
10-24 16:44:57.769  1972  2669 E [CT]    : SpatialAnchorPipeline: checkStateEq:getAllSurfaceData Called in an invalid state. 1
10-24 16:44:57.771  1864  2210 W [SEO] HandRenderComponent: HandRenderComponent got invalid world transform: `1.017689466 0.3481853902 0.08559951931 -0.3277920485 -0.3369454145 0.8406336308 0.5865621567 1.218116045 0.1225893572 -0.5799605846 0.9015929699 -0.1384088397 0 0 0 1`
10-24 16:44:57.781  1972  2669 E [CT]    : SpatialAnchorPipeline: checkStateEq:getAllSurfaceData Called in an invalid state. 1
10-24 16:44:57.781  1864  2210 W [SEO] HandRenderComponent: HandRenderComponent got invalid world transform: `1.01702857 0.3517012894 0.07881065458 -0.3277395368 -0.3364973962 0.8420085907 0.5848445296 1.217981935 0.1291294247 -0.5758296251 0.9033260345 -0.1383853108 0 0 0 1`
10-24 16:44:57.785  1518  2789 I [CT]    : MIXEDREALITY: MrServiceModel: commitLayerState: (every 10 seconds), ImagesAndCompute: false, ImagesOnly: false, NoRequirement: true.
10-24 16:44:57.792  1972  2669 E [CT]    : SpatialAnchorPipeline: checkStateEq:getAllSurfaceData Called in an invalid state. 1
10-24 16:44:57.793  1864  2210 W [SEO] HandRenderComponent: HandRenderComponent got invalid world transform: `1.016304016 0.3552546203 0.07192216814 -0.3276862502 -0.3360736966 0.8433794975 0.5831103325 1.217856884 0.1357685477 -0.5716270208 0.9050202966 -0.1383529603 0 0 0 1`
10-24 16:44:57.803  1972  2669 E [CT]    : SpatialAnchorPipeline: checkStateEq:getAllSurfaceData Called in an invalid state. 1
10-24 16:44:57.804  1864  2210 W [SEO] HandRenderComponent: HandRenderComponent got invalid world transform: `1.015516043 0.3588326275 0.06494828314 -0.327632308 -0.3356724679 0.8447458744 0.5813606977 1.217739344 0.142489031 -0.567358315 0.9066716433 -0.1383133531 0 0 0 1`
10-24 16:44:57.814  1972  2669 E [CT]    : SpatialAnchorPipeline: checkStateEq:getAllSurfaceData Called in an invalid state. 1
10-24 16:44:57.814  1972  2669 E [CT]    : SpatialAnchorPipeline: checkStateEq:getAllSurfaceData Called in an invalid state. 1
10-24 16:44:57.815  1864  2210 W [SEO] HandRenderComponent: HandRenderComponent got invalid world transform: `1.015909195 0.3590064645 0.05739722773 -0.327637136 -0.3322626948 0.8476458788 0.5790936947 1.21771121 0.1475858539 -0.5629053116 0.9086295366 -0.1382615566 0 0 0 1`
10-24 16:44:57.824  1972  2760 E [CT]    : SpatialAnchorPipeline: checkStateEq:getActiveGuardian Called in an invalid state. 1
10-24 16:44:57.824  1972  2760 E [CT]    : SpatialAnchorPipeline: checkStateEq:getActiveGuardian Called in an invalid state. 1
10-24 16:44:57.825  1972  2669 E [CT]    : SpatialAnchorPipeline: checkStateEq:getAllSurfaceData Called in an invalid state. 1
10-24 16:44:57.826  1864  2210 W [SEO] HandRenderComponent: HandRenderComponent got invalid world transform: `1.016189098 0.3593457043 0.04981923103 -0.3276389539 -0.3290194273 0.8504610658 0.576813519 1.217684746 0.1528316885 -0.5584248304 0.9105250239 -0.1382051706 0 0 0 1`
10-24 16:44:57.836  1972  2669 E [CT]    : SpatialAnchorPipeline: checkStateEq:getAllSurfaceData Called in an invalid state. 1
10-24 16:44:57.837  1864  2210 W [SEO] HandRenderComponent: HandRenderComponent got invalid world transform: `1.016368151 0.3598133624 0.04221643507 -0.3276383281 -0.3259145916 0.8532063961 0.5745177269 1.217659235 0.1582011282 -0.5539180636 0.9123591781 -0.1381449401 0 0 0 1`
10-24 16:44:57.847  1972  2669 E [CT]    : SpatialAnchorPipeline: checkStateEq:getAllSurfaceData Called in an invalid state. 1
10-24 16:44:57.848  1864  2210 W [SEO] HandRenderComponent: HandRenderComponent got invalid world transform: `1.016792297 0.3589349091 0.03937624395 -0.3276463151 -0.3242305219 0.8557698131 0.5716500282 1.217724919 0.1589317769 -0.5505224466 0.9142850041 -0.1380962878 0 0 0 1`
10-24 16:44:57.859  1972  2669 E [CT]    : SpatialAnchorPipeline: checkStateEq:getAllSurfaceData Called in an invalid state. 1
10-24 16:44:57.859  1864  2210 W [SEO] HandRenderComponent: HandRenderComponent got invalid world transform: `1.017157435 0.3582257926 0.03629252315 -0.3276521564 -0.3225696981 0.8582872748 0.5688092113 1.217787504 0.1599739641 -0.5470552444 0.9161828756 -0.1380444467 0 0 0 1`
10-24 16:44:57.870  1972  2669 E [CT]    : SpatialAnchorPipeline: checkStateEq:getAllSurfaceData Called in an invalid state. 1
10-24 16:44:57.871  1864  2210 W [SEO] HandRenderComponent: HandRenderComponent got invalid world transform: `1.017471433 0.3576511443 0.03300852329 -0.3276562691 -0.3209287822 0.8607646227 0.5659866333 1.217847347 0.1612718999 -0.5435271263 0.9180530906 -0.1379899383 0 0 0 1`
10-24 16:44:57.881  1972  2669 E [CT]    : SpatialAnchorPipeline: checkStateEq:getAllSurfaceData Called in an invalid state. 1
10-24 16:44:57.882  1864  2210 W [SEO] HandRenderComponent: HandRenderComponent got invalid world transform: `1.016925693 0.3597716987 0.02603700943 -0.3274486959 -0.3196763992 0.8628061414 0.5635815859 1.217986345 0.1670944989 -0.538870573 0.9197551608 -0.1377098709 0 0 0 1`
10-24 16:44:57.892  1972  2669 E [CT]    : SpatialAnchorPipeline: checkStateEq:getAllSurfaceData Called in an invalid state. 1
10-24 16:44:57.893  1864  2210 W [SEO] HandRenderComponent: HandRenderComponent got invalid world transform: `1.016349196 0.3618300557 0.01909528486 -0.3272491992 -0.3184345067 0.8648401499 0.5611616373 1.218119979 0.1728729606 -0.5342114568 0.9214034081 -0.1374378204 0 0 0 1`
10-24 16:44:57.903  1972  2669 E [CT]    : SpatialAnchorPipeline: checkStateEq:getAllSurfaceData Called in an invalid state. 1
10-24 16:44:57.904  1864  2210 W [SEO] HandRenderComponent: HandRenderComponent got invalid world transform: `1.015740871 0.3638319373 0.01217653789 -0.3270562291 -0.3172040582 0.8668664694 0.5587266684 1.218249321 0.1786156744 -0.5295471549 0.9229993224 -0.1371722966 0 0 0 1`
10-24 16:44:57.914  1972  2669 E [CT]    : SpatialAnchorPipeline: checkStateEq:getAllSurfaceData Called in an invalid state. 1
10-24 16:44:57.914  1972  2669 E [CT]    : SpatialAnchorPipeline: checkStateEq:getAllSurfaceData Called in an invalid state. 1
10-24 16:44:57.915  1864  2210 W [SEO] HandRenderComponent: HandRenderComponent got invalid world transform: `1.014922619 0.3663038313 0.002304271562 -0.3267713189 -0.3146181405 0.8682054281 0.5581097007 1.21833086 0.1876146793 -0.5256353021 0.9234499931 -0.1368712634 0 0 0 1`
10-24 16:44:57.925  1972  2669 E [CT]    : SpatialAnchorPipeline: checkStateEq:getAllSurfaceData Called in an invalid state. 1
10-24 16:44:57.926  1864  2210 W [SEO] HandRenderComponent: HandRenderComponent got invalid world transform: `1.014031529 0.368696034 -0.00740544172 -0.326495111 -0.3121044636 0.8695819974 0.557377398 1.218411684 0.1964240223 -0.5216723084 0.9238653183 -0.1365764439 0 0 0 1`
10-24 16:44:57.937  1972  2669 E [CT]    : SpatialAnchorPipeline: checkStateEq:getAllSurfaceData Called in an invalid state. 1
10-24 16:44:57.937  1864  2210 W [SEO] HandRenderComponent: HandRenderComponent got invalid world transform: `1.013069987 0.3710158169 -0.01698087528 -0.3262260556 -0.3096528947 0.8709890842 0.5565474629 1.218491435 0.205076009 -0.5176651478 0.924239397 -0.13628681 0 0 0 1`
10-24 16:44:57.948  1972  2669 E [CT]    : SpatialAnchorPipeline: checkStateEq:getAllSurfaceData Called in an invalid state. 1
10-24 16:44:57.948  1864  2210 W [SEO] HandRenderComponent: HandRenderComponent got invalid world transform: `1.011999607 0.3736459613 -0.02229863778 -0.326105535 -0.3101570904 0.873047471 0.5530303121 1.218606949 0.2095498294 -0.5122779012 0.9262353778 -0.1362221241 0 0 0 1`
10-24 16:44:57.956   845  1621 I [CT]    : VIPER:LOCALIZER: Extracting non-gravity-aligned descriptors on query.
10-24 16:44:57.957   845  4771 W [CT]    : VioSubmapManagement: Submap update has failed Mahalanobis check 16 consecutive times. Inflating covariance
10-24 16:44:57.959  1972  2669 E [CT]    : SpatialAnchorPipeline: checkStateEq:getAllSurfaceData Called in an invalid state. 1
10-24 16:44:57.960  1864  2210 W [SEO] HandRenderComponent: HandRenderComponent got invalid world transform: `1.010916591 0.3762048781 -0.0277396813 -0.3259836435 -0.3105714619 0.8750740886 0.5495840907 1.218720436 0.214114368 -0.5069193244 0.9281377792 -0.1361512244 0 0 0 1`
10-24 16:44:57.970  1972  2669 E [CT]    : SpatialAnchorPipeline: checkStateEq:getAllSurfaceData Called in an invalid state. 1
10-24 16:44:57.971  1864  2210 W [SEO] HandRenderComponent: HandRenderComponent got invalid world transform: `1.009817243 0.3786993623 -0.03328228369 -0.3258605301 -0.3109156787 0.8770720363 0.5461939573 1.218832016 0.2187517732 -0.5015807152 0.9299550056 -0.1360751688 0 0 0 1`
10-24 16:44:57.981  1972  2669 E [CT]    : SpatialAnchorPipeline: checkStateEq:getAllSurfaceData Called in an invalid state. 1
10-24 16:44:57.982  1864  2210 W [SEO] HandRenderComponent: HandRenderComponent got invalid world transform: `1.009585142 0.378773272 -0.03898978978 -0.3257423341 -0.3087381423 0.8789523244 0.544403553 1.218915701 0.2228680104 -0.4982221127 0.9307826161 -0.1360374689 0 0 0 1`
10-24 16:44:57.992  1972  2669 E [CT]    : SpatialAnchorPipeline: checkStateEq:getAllSurfaceData Called in an invalid state. 1
10-24 16:44:57.993  1864  2210 W [SEO] HandRenderComponent: HandRenderComponent got invalid world transform: `1.009290934 0.3789204955 -0.04475480318 -0.325623095 -0.3066315651 0.88082546 0.542563796 1.218999147 0.2270700037 -0.4947905242 0.9315971732 -0.1359944642 0 0 0 1`
10-24 16:44:58.003  1972  2669 E [CT]    : SpatialAnchorPipeline: checkStateEq:getAllSurfaceData Called in an invalid state. 1
10-24 16:44:58.004  1864  2210 W [SEO] HandRenderComponent: HandRenderComponent got invalid world transform: `1.008940458 0.3791230619 -0.05056546628 -0.3255029619 -0.3045855463 0.8826909661 0.5406813025 1.219082713 0.2313413024 -0.4912986159 0.9323941469 -0.1359469891 0 0 0 1`
10-24 16:44:58.014  1972  2669 E [CT]    : SpatialAnchorPipeline: checkStateEq:getAllSurfaceData Called in an invalid state. 1
10-24 16:44:58.015  1972  2669 E [CT]    : SpatialAnchorPipeline: checkStateEq:getAllSurfaceData Called in an invalid state. 1
10-24 16:44:58.015  1864  2210 W [SEO] HandRenderComponent: HandRenderComponent got invalid world transform: `1.008360147 0.3802394271 -0.0536612384 -0.325409323 -0.3054962158 0.8856844306 0.5352447629 1.219177723 0.2326662987 -0.4850081205 0.9353530407 -0.1359137446 0 0 0 1`
10-24 16:44:58.024  1972  2760 E [CT]    : SpatialAnchorPipeline: checkStateEq:getActiveGuardian Called in an invalid state. 1
10-24 16:44:58.024  1972  2760 E [CT]    : SpatialAnchorPipeline: checkStateEq:getActiveGuardian Called in an invalid state. 1
10-24 16:44:58.026  1972  2669 E [CT]    : SpatialAnchorPipeline: checkStateEq:getAllSurfaceData Called in an invalid state. 1
10-24 16:44:58.026  1864  2210 W [SEO] HandRenderComponent: HandRenderComponent got invalid world transform: `1.00776422 0.3813420236 -0.05692992732 -0.3253138661 -0.306306839 0.8885853291 0.5299468637 1.219272375 0.2341769785 -0.4787962437 0.938172102 -0.1358767152 0 0 0 1`
10-24 16:44:58.037  1972  2669 E [CT]    : SpatialAnchorPipeline: checkStateEq:getAllSurfaceData Called in an invalid state. 1
10-24 16:44:58.038  1864  2210 W [SEO] HandRenderComponent: HandRenderComponent got invalid world transform: `1.007153869 0.3824290037 -0.06034179404 -0.325216949 -0.3070385456 0.8914071918 0.5247594118 1.219366312 0.235839799 -0.4726448655 0.9408711195 -0.1358366311 0 0 0 1`
10-24 16:44:58.048  1972  2669 E [CT]    : SpatialAnchorPipeline: checkStateEq:getAllSurfaceData Called in an invalid state. 1
10-24 16:44:58.049  1864  2210 W [SEO] HandRenderComponent: HandRenderComponent got invalid world transform: `1.007263184 0.3818166554 -0.06235967577 -0.3251948357 -0.307389617 0.8954567313 0.5176106095 1.219357014 0.2349134088 -0.4654301107 0.9446917176 -0.1358575076 0 0 0 1`
10-24 16:44:58.059  1972  2669 E [CT]    : SpatialAnchorPipeline: checkStateEq:getAllSurfaceData Called in an invalid state. 1
10-24 16:44:58.060  1864  2210 W [SEO] HandRenderComponent: HandRenderComponent got invalid world transform: `1.007331133 0.3812749982 -0.06453891844 -0.3251683712 -0.3076922894 0.8993583322 0.5106192827 1.219351768 0.2342250049 -0.4582967758 0.9483430982 -0.1358734816 0 0 0 1`
10-24 16:44:58.070  1972  2669 E [CT]    : SpatialAnchorPipeline: checkStateEq:getAllSurfaceData Called in an invalid state. 1
10-24 16:44:58.071  1864  2210 W [SEO] HandRenderComponent: HandRenderComponent got invalid world transform: `1.007364988 0.3807868659 -0.06685059518 -0.3251382709 -0.307956934 0.9031327367 0.5037515163 1.2193501 0.2337310165 -0.4512254298 0.9518493414 -0.1358854026 0 0 0 1`
10-24 16:44:58.081  1972  2669 E [CT]    : SpatialAnchorPipeline: checkStateEq:getAllSurfaceData Called in an invalid state. 1
10-24 16:44:58.082  1864  2210 W [SEO] HandRenderComponent: HandRenderComponent got invalid world transform: `1.007591248 0.3799736202 -0.06805619597 -0.3251447082 -0.3082552254 0.906511724 0.4974606037 1.219348907 0.2323581874 -0.4450936913 0.9550670385 -0.1358712763 0 0 0 1`
10-24 16:44:58.092  1972  2669 E [CT]    : SpatialAnchorPipeline: checkStateEq:getAllSurfaceData Called in an invalid state. 1
10-24 16:44:58.093  1864  2210 W [SEO] HandRenderComponent: HandRenderComponent got invalid world transform: `1.007784247 0.379216522 -0.06940761954 -0.3251469135 -0.3085203171 0.909814775 0.4912269115 1.2193501 0.231166169 -0.4389573038 0.9581911564 -0.1358554363 0 0 0 1`
10-24 16:44:58.104  1972  2669 E [CT]    : SpatialAnchorPipeline: checkStateEq:getAllSurfaceData Called in an invalid state. 1
10-24 16:44:58.104  1864  2210 W [SEO] HandRenderComponent: HandRenderComponent got invalid world transform: `1.007950306 0.3785025775 -0.0708783716 -0.3251457214 -0.3087584674 0.9130498767 0.4850358963 1.219353437 0.2301220447 -0.4328133762 0.961232543 -0.1358381659 0 0 0 1`
10-24 16:44:58.115  1972  2669 E [CT]    : SpatialAnchorPipeline: checkStateEq:getAllSurfaceData Called in an invalid state. 1
10-24 16:44:58.115  1972  2669 E [CT]    : SpatialAnchorPipeline: checkStateEq:getAllSurfaceData Called in an invalid state. 1
