10-24 16:44:51.521   735   735 D SDM     : ScalarConfig::DumpPipeInputParams: Optimization Mode: 0 ContentType: 2 ModuleType[0]: 3 ModuleType[1]: 3 InputFlags: 10 Delta_Phase_Horizontal: 0 Delta_Phase_Vertical: 0 Chroma_Site: 0
10-24 16:44:51.521   735   735 E SDM     : ScalarConfig::GetPipeScaleSettingsInfo: lib_scale_get_pipe_settings failed: status = 2
10-24 16:44:51.521   735   735 D SDM     : ScalarConfig::DumpPipeInputParams: ====== Dual Config ======
10-24 16:44:51.521   735   735 D SDM     : ScalarConfig::DumpPipeInputParams: Optimization Mode: 0 ContentType: 2 ModuleType[0]: 3 ModuleType[1]: 3 InputFlags: 10 Delta_Phase_Horizontal: 0 Delta_Phase_Vertical: 0 Chroma_Site: 0
10-24 16:44:51.521   735   735 E SDM     : ScalarConfig::GetPipeScaleSettingsInfo: lib_scale_get_pipe_settings failed: status = 2
10-24 16:44:51.521   735   735 D SDM     : ScalarConfig::DumpPipeInputParams: ====== Dual Config ======
10-24 16:44:51.521   735   735 D SDM     : ScalarConfig::DumpPipeInputParams: Optimization Mode: 0 ContentType: 2 ModuleType[0]: 3 ModuleType[1]: 3 InputFlags: 10 Delta_Phase_Horizontal: 0 Delta_Phase_Vertical: 0 Chroma_Site: 0
10-24 16:44:51.521   735   735 E SDM     : CompManager::Prepare: Composition strategies exhausted for display = 0
10-24 16:44:51.521   735   735 W SDM     : HWCDisplay::PrepareLayerStack: Prepare failed. Error = 2
10-24 16:44:51.521   745   745 E HWComposer: prepare: presentOrValidate failed for display 19261214226499457: BadDisplay (2)
10-24 16:44:51.521   745   745 E SurfaceFlinger: prepareFrame failed for DisplayDevice{19261214226499457, primary, "jdi 4k 120Hz "}: -2147483648 (Unknown error -2147483648)
10-24 16:44:51.532   735   977 E SDM     : ScalarConfig::GetPipeScaleSettingsInfo: lib_scale_get_pipe_settings failed: status = 2
10-24 16:44:51.532   735   977 D SDM     : ScalarConfig::DumpPipeInputParams: ====== Dual Config ======
10-24 16:44:51.532   735   977 D SDM     : ScalarConfig::DumpPipeInputParams: Optimization Mode: 0 ContentType: 2 ModuleType[0]: 3 ModuleType[1]: 3 InputFlags: 10 Delta_Phase_Horizontal: 0 Delta_Phase_Vertical: 0 Chroma_Site: 0
10-24 16:44:51.532   735   977 E SDM     : ScalarConfig::GetPipeScaleSettingsInfo: lib_scale_get_pipe_settings failed: status = 2
10-24 16:44:51.532   735   977 D SDM     : ScalarConfig::DumpPipeInputParams: ====== Dual Config ======
10-24 16:44:51.532   735   977 D SDM     : ScalarConfig::DumpPipeInputParams: Optimization Mode: 0 ContentType: 2 ModuleType[0]: 3 ModuleType[1]: 3 InputFlags: 10 Delta_Phase_Horizontal: 0 Delta_Phase_Vertical: 0 Chroma_Site: 0
10-24 16:44:51.532   735   977 E SDM     : ScalarConfig::GetPipeScaleSettingsInfo: lib_scale_get_pipe_settings failed: status = 2
10-24 16:44:51.532   735   977 D SDM     : ScalarConfig::DumpPipeInputParams: ====== Dual Config ======
10-24 16:44:51.532   735   977 D SDM     : ScalarConfig::DumpPipeInputParams: Optimization Mode: 0 ContentType: 2 ModuleType[0]: 3 ModuleType[1]: 3 InputFlags: 10 Delta_Phase_Horizontal: 0 Delta_Phase_Vertical: 0 Chroma_Site: 0
10-24 16:44:51.532   735   977 E SDM     : ScalarConfig::GetPipeScaleSettingsInfo: lib_scale_get_pipe_settings failed: status = 2
10-24 16:44:51.532   735   977 D SDM     : ScalarConfig::DumpPipeInputParams: ====== Dual Config ======
10-24 16:44:51.532   735   977 D SDM     : ScalarConfig::DumpPipeInputParams: Optimization Mode: 0 ContentType: 2 ModuleType[0]: 3 ModuleType[1]: 3 InputFlags: 10 Delta_Phase_Horizontal: 0 Delta_Phase_Vertical: 0 Chroma_Site: 0
10-24 16:44:51.532   735   977 E SDM     : ScalarConfig::GetPipeScaleSettingsInfo: lib_scale_get_pipe_settings failed: status = 2
10-24 16:44:51.532   735   977 D SDM     : ScalarConfig::DumpPipeInputParams: ====== Dual Config ======
10-24 16:44:51.532   735   977 D SDM     : ScalarConfig::DumpPipeInputParams: Optimization Mode: 0 ContentType: 2 ModuleType[0]: 3 ModuleType[1]: 3 InputFlags: 10 Delta_Phase_Horizontal: 0 Delta_Phase_Vertical: 0 Chroma_Site: 0
10-24 16:44:51.532   735   977 E SDM     : ScalarConfig::GetPipeScaleSettingsInfo: lib_scale_get_pipe_settings failed: status = 2
10-24 16:44:51.532   735   977 D SDM     : ScalarConfig::DumpPipeInputParams: ====== Dual Config ======
10-24 16:44:51.533   735   977 D SDM     : ScalarConfig::DumpPipeInputParams: Optimization Mode: 0 ContentType: 2 ModuleType[0]: 3 ModuleType[1]: 3 InputFlags: 10 Delta_Phase_Horizontal: 0 Delta_Phase_Vertical: 0 Chroma_Site: 0
10-24 16:44:51.533   735   977 E SDM     : CompManager::Prepare: Composition strategies exhausted for display = 0
10-24 16:44:51.533   735   977 W SDM     : HWCDisplay::PrepareLayerStack: Prepare failed. Error = 2
10-24 16:44:51.533   745   745 E HWComposer: prepare: presentOrValidate failed for display 19261214226499457: BadDisplay (2)
10-24 16:44:51.533   745   745 E SurfaceFlinger: prepareFrame failed for DisplayDevice{19261214226499457, primary, "jdi 4k 120Hz "}: -2147483648 (Unknown error -2147483648)
10-24 16:44:51.537  2382  4781 I TimeWarp: SetSchedFifo( tid=4781, pol=5, pri=2 ) succeeded
10-24 16:44:51.540  2382  4781 I TimeWarp: Context is EGL_CONTEXT_PRIORITY_HIGH_IMG
10-24 16:44:51.543   735   735 E SDM     : ScalarConfig::GetPipeScaleSettingsInfo: lib_scale_get_pipe_settings failed: status = 2
10-24 16:44:51.543  2382  4781 I GL_Utils: egl = 1.5
10-24 16:44:51.543   735   735 D SDM     : ScalarConfig::DumpPipeInputParams: ====== Dual Config ======
10-24 16:44:51.543   735   735 D SDM     : ScalarConfig::DumpPipeInputParams: Optimization Mode: 0 ContentType: 2 ModuleType[0]: 3 ModuleType[1]: 3 InputFlags: 10 Delta_Phase_Horizontal: 0 Delta_Phase_Vertical: 0 Chroma_Site: 0
10-24 16:44:51.543   735   735 E SDM     : ScalarConfig::GetPipeScaleSettingsInfo: lib_scale_get_pipe_settings failed: status = 2
10-24 16:44:51.543   735   735 D SDM     : ScalarConfig::DumpPipeInputParams: ====== Dual Config ======
10-24 16:44:51.543   735   735 D SDM     : ScalarConfig::DumpPipeInputParams: Optimization Mode: 0 ContentType: 2 ModuleType[0]: 3 ModuleType[1]: 3 InputFlags: 10 Delta_Phase_Horizontal: 0 Delta_Phase_Vertical: 0 Chroma_Site: 0
10-24 16:44:51.543  2382  4781 I GL_Utils: es3 = TRUE
10-24 16:44:51.543  2382  4781 I GL_Utils: Found: GL_OES_vertex_array_object
10-24 16:44:51.543   735   735 E SDM     : ScalarConfig::GetPipeScaleSettingsInfo: lib_scale_get_pipe_settings failed: status = 2
10-24 16:44:51.543   735   735 D SDM     : ScalarConfig::DumpPipeInputParams: ====== Dual Config ======
10-24 16:44:51.543   735   735 D SDM     : ScalarConfig::DumpPipeInputParams: Optimization Mode: 0 ContentType: 2 ModuleType[0]: 3 ModuleType[1]: 3 InputFlags: 10 Delta_Phase_Horizontal: 0 Delta_Phase_Vertical: 0 Chroma_Site: 0
10-24 16:44:51.543   735   735 E SDM     : ScalarConfig::GetPipeScaleSettingsInfo: lib_scale_get_pipe_settings failed: status = 2
10-24 16:44:51.543   735   735 D SDM     : ScalarConfig::DumpPipeInputParams: ====== Dual Config ======
10-24 16:44:51.543   735   735 D SDM     : ScalarConfig::DumpPipeInputParams: Optimization Mode: 0 ContentType: 2 ModuleType[0]: 3 ModuleType[1]: 3 InputFlags: 10 Delta_Phase_Horizontal: 0 Delta_Phase_Vertical: 0 Chroma_Site: 0
10-24 16:44:51.543   735   735 E SDM     : ScalarConfig::GetPipeScaleSettingsInfo: lib_scale_get_pipe_settings failed: status = 2
10-24 16:44:51.543   735   735 D SDM     : ScalarConfig::DumpPipeInputParams: ====== Dual Config ======
10-24 16:44:51.543   735   735 D SDM     : ScalarConfig::DumpPipeInputParams: Optimization Mode: 0 ContentType: 2 ModuleType[0]: 3 ModuleType[1]: 3 InputFlags: 10 Delta_Phase_Horizontal: 0 Delta_Phase_Vertical: 0 Chroma_Site: 0
10-24 16:44:51.543  2382  4781 I GL_Utils: Found: GL_QCOM_tiled_rendering
10-24 16:44:51.544   735   735 E SDM     : ScalarConfig::GetPipeScaleSettingsInfo: lib_scale_get_pipe_settings failed: status = 2
10-24 16:44:51.544   735   735 D SDM     : ScalarConfig::DumpPipeInputParams: ====== Dual Config ======
10-24 16:44:51.544   735   735 D SDM     : ScalarConfig::DumpPipeInputParams: Optimization Mode: 0 ContentType: 2 ModuleType[0]: 3 ModuleType[1]: 3 InputFlags: 10 Delta_Phase_Horizontal: 0 Delta_Phase_Vertical: 0 Chroma_Site: 0
10-24 16:44:51.544   735   735 E SDM     : CompManager::Prepare: Composition strategies exhausted for display = 0
10-24 16:44:51.544  2382  4781 I GL_Utils: Found: GL_EXT_sRGB_write_control
10-24 16:44:51.544  2382  4781 I GL_Utils: Found: GL_EXT_disjoint_timer_query
10-24 16:44:51.544   735   735 W SDM     : HWCDisplay::PrepareLayerStack: Prepare failed. Error = 2
10-24 16:44:51.544   745   745 E HWComposer: prepare: presentOrValidate failed for display 19261214226499457: BadDisplay (2)
10-24 16:44:51.544   745   745 E SurfaceFlinger: prepareFrame failed for DisplayDevice{19261214226499457, primary, "jdi 4k 120Hz "}: -2147483648 (Unknown error -2147483648)
10-24 16:44:51.544  2382  4781 I GL_Utils: Found: GL_EXT_memory_object
10-24 16:44:51.544  2382  4781 I GL_Utils: Found: GL_EXT_memory_object_fd
10-24 16:44:51.544  2382  4781 I GL_Utils: Found: GL_QCOM_texture_foveated
10-24 16:44:51.544  2382  4781 I GL_Utils: Found: GL_KHR_debug
10-24 16:44:51.545  2382  4781 I GL_Utils: Found: GL_EXT_texture_border_clamp
10-24 16:44:51.545  2382  4781 I GL_Utils: Found: GL_EXT_texture_filter_anisotropic
10-24 16:44:51.545  2382  4781 I GL_Utils: Found: GL_OES_texture_view
10-24 16:44:51.545  2382  4781 I GL_Utils: Found: GL_EXT_texture_format_sRGB_override
10-24 16:44:51.545  2382  4781 I GL_Utils: Found: GL_IMG_texture_filter_cubic
10-24 16:44:51.546  2382  4781 I TimeWarp: frontBufferIsSrgb = 1
10-24 16:44:51.546  2382  4781 I DirectRender: 0x6ee27ca158 DirectRender::Init()
10-24 16:44:51.546  2382  4781 I DirectRender: Performing an initial swapbuffers.
10-24 16:44:51.547  2382  4781 I DirectRender: surface size: 3664 x 1920
10-24 16:44:51.547  2382  4781 I DirectRender: Supports KHR_mutable_render_buffer!
10-24 16:44:51.547  2382  4781 I DirectRender: Set EGL_RENDER_BUFFER to EGL_SINGLE_BUFFER
10-24 16:44:51.548  2382  4781 I DirectRender: Setting auto refresh on surface 0x6fd21ec900 to 1
10-24 16:44:51.549  2382  4781 I DirectRender: Adreno GPU
10-24 16:44:51.549  2382  4781 I DirectRender: 0x6ee27ca190 DirectRender::Init()
10-24 16:44:51.549  2382  4781 I DirectRender: Performing an initial swapbuffers.
10-24 16:44:51.549  2382  4781 I DirectRender: surface size: 3664 x 1920
10-24 16:44:51.549  2382  4781 I DirectRender: Supports KHR_mutable_render_buffer!
10-24 16:44:51.549  2382  4781 I DirectRender: Set EGL_RENDER_BUFFER to EGL_SINGLE_BUFFER
10-24 16:44:51.549  2382  4781 I DirectRender: Adreno GPU
10-24 16:44:51.549  2382  4781 I TimeWarp: Viewport updated HO: 0 VO: 0 W: 3664 H: 1920
10-24 16:44:51.550  2382  4781 I TimeWarp: TimeWarpLocal::LoadHmdInfoMesh
10-24 16:44:51.550  2382  4781 I Distortion: Initializing Mesh Decenter Correction
10-24 16:44:51.552  2382  4781 I Distortion: EYE_DECENTER ipdMin 58.2306 left H: -2.7859 v: 5.0935  right  H: 3.286 v: 1.1055
10-24 16:44:51.552  2382  4781 I Distortion: EYE_DECENTER ipdMid 63.0047 left H: 5.3061 v: 2.7347  right  H: 5.6804 v: 3.3169
10-24 16:44:51.552  2382  4781 I Distortion: EYE_DECENTER ipdMax 67.9514 left H: 6.4621 v: 2.7347  right  H: 5.6804 v: 3.3169
10-24 16:44:51.552  2382  4781 I Distortion: EYE_DECENTER PIXELS(4) left H: -6.4621 V: -2.7347  right H: -5.6804 V: -3.3169
10-24 16:44:51.552  2382  4781 I Distortion: EYE_DECENTER iad:0.0682034,  left H:-0.000199439 V:-8.98349e-05 R:0,  right H:-0.000199439 V:-0.00010896 R:0
10-24 16:44:51.552  2382  4781 I Distortion: SetLensPositions - iad=0.0682034, left offset=0.00220185,-0.00133813, right offset=-0.00260072,-0.00135726
10-24 16:44:51.552  2382  4781 I Distortion: Initializing Mesh Decenter Correction
10-24 16:44:51.556  2382  4781 I Distortion: EYE_DECENTER ipdMin 58.2306 left H: -2.7859 v: 5.0935  right  H: 3.286 v: 1.1055
10-24 16:44:51.556  2382  4781 I Distortion: EYE_DECENTER ipdMid 63.0047 left H: 5.3061 v: 2.7347  right  H: 5.6804 v: 3.3169
10-24 16:44:51.556  2382  4781 I Distortion: EYE_DECENTER ipdMax 67.9514 left H: 6.4621 v: 2.7347  right  H: 5.6804 v: 3.3169
10-24 16:44:51.556  2382  4781 I Distortion: EYE_DECENTER PIXELS(4) left H: -6.4621 V: -2.7347  right H: -5.6804 V: -3.3169
10-24 16:44:51.556  2382  4781 I Distortion: EYE_DECENTER iad:0.0682034,  left H:-0.000199439 V:-8.98349e-05 R:0,  right H:-0.000199439 V:-0.00010896 R:0
10-24 16:44:51.556  2382  4781 I Distortion: SetLensPositions - iad=0.0682034, left offset=0.00220185,-0.00133813, right offset=-0.00260072,-0.00135726
10-24 16:44:51.557  2382  4781 I Distortion: Created custom distortion mesh.
10-24 16:44:51.557  2382  4781 I Distortion: ovrDistortionMeshHeader::magic = 0x56347807
10-24 16:44:51.557  2382  4781 I Distortion: ovrDistortionMeshHeader::deviceModel = 0x200
10-24 16:44:51.557  2382  4781 I Distortion: ovrDistortionMeshHeader::headsetModel = 0x104
10-24 16:44:51.557  2382  4781 I Distortion: ovrDistortionMeshHeader::eyeBlocksWide = 32
10-24 16:44:51.557  2382  4781 I Distortion: ovrDistortionMeshHeader::eyeBlocksHigh = 32
10-24 16:44:51.557  2382  4781 I Distortion: ovrDistortionMeshHeader::lensSeparationMeters = 0.068203
10-24 16:44:51.557  2382  4781 I Distortion: ovrDistortionMeshHeader::horizontalOffsetMeters = -0.000199
10-24 16:44:51.557  2382  4781 I Distortion: ovrDistortionMeshHeader::displayWidthMeters = 0.120362
10-24 16:44:51.557  2382  4781 I Distortion: ovrDistortionMeshHeader::displayHeightMeters = 0.063072
10-24 16:44:51.557  2382  4781 I Distortion: ovrDistortionMeshHeader::displayWidthPixels = 3664
10-24 16:44:51.557  2382  4781 I Distortion: ovrDistortionMeshHeader::displayHeightPixels = 1920
10-24 16:44:51.557  2382  4781 I Distortion: ovrDistortionMeshHeader::eyeTextureWidthPixels = 1440
10-24 16:44:51.557  2382  4781 I Distortion: ovrDistortionMeshHeader::eyeTextureHeightPixels = 1584
10-24 16:44:51.557  2382  4781 I Distortion: ovrDistortionMeshHeader::leftEye = up 48.000000 / down 50.000000 / left 43.000000 / right 45.000000
10-24 16:44:51.557  2382  4781 I Distortion: ovrDistortionMeshHeader::rightEye = up 48.000000 / down 50.000000 / left 45.000000 / right 43.000000
10-24 16:44:51.557  2382  4781 I DistortionMesh: LoadDistortionMeshFromMemory
10-24 16:44:51.563  2382  4781 I DistortionMesh: distortion mesh clipping saved 18.60% fill
10-24 16:44:51.564  2382  4781 I Distortion: Initializing Mesh Decenter Correction
10-24 16:44:51.565  2382  4781 I Distortion: EYE_DECENTER ipdMin 58.2306 left H: -2.7859 v: 5.0935  right  H: 3.286 v: 1.1055
10-24 16:44:51.565  2382  4781 I Distortion: EYE_DECENTER ipdMid 63.0047 left H: 5.3061 v: 2.7347  right  H: 5.6804 v: 3.3169
10-24 16:44:51.565  2382  4781 I Distortion: EYE_DECENTER ipdMax 67.9514 left H: 6.4621 v: 2.7347  right  H: 5.6804 v: 3.3169
10-24 16:44:51.565  2382  4781 I Distortion: EYE_DECENTER PIXELS(4) left H: -6.4621 V: -2.7347  right H: -5.6804 V: -3.3169
10-24 16:44:51.565   845  4782 I chatty  : uid=1000(system) HT_IK_0 expire 1 line
10-24 16:44:51.565  2382  4781 I Distortion: EYE_DECENTER iad:0.0682034,  left H:-0.000199439 V:-8.98349e-05 R:0,  right H:-0.000199439 V:-0.00010896 R:0
10-24 16:44:51.565  2382  4781 I Distortion: SetLensPositions - iad=0.0682034, left offset=0.00220185,-0.00133813, right offset=-0.00260072,-0.00135726
10-24 16:44:51.565   845  4783 I chatty  : uid=1000(system) HT_IK_1 expire 1 line
10-24 16:44:51.567  2382  4781 I Distortion: Created custom distortion mesh.
10-24 16:44:51.567  2382  4781 I Distortion: ovrDistortionMeshHeader::magic = 0x56347807
10-24 16:44:51.567  2382  4781 I Distortion: ovrDistortionMeshHeader::deviceModel = 0x200
10-24 16:44:51.567  2382  4781 I Distortion: ovrDistortionMeshHeader::headsetModel = 0x104
10-24 16:44:51.567  2382  4781 I Distortion: ovrDistortionMeshHeader::eyeBlocksWide = 57
10-24 16:44:51.567  2382  4781 I Distortion: ovrDistortionMeshHeader::eyeBlocksHigh = 60
10-24 16:44:51.567  2382  4781 I Distortion: ovrDistortionMeshHeader::lensSeparationMeters = 0.068203
10-24 16:44:51.567  2382  4781 I Distortion: ovrDistortionMeshHeader::horizontalOffsetMeters = -0.000199
10-24 16:44:51.567  2382  4781 I Distortion: ovrDistortionMeshHeader::displayWidthMeters = 0.120362
10-24 16:44:51.567  2382  4781 I Distortion: ovrDistortionMeshHeader::displayHeightMeters = 0.063072
10-24 16:44:51.567  2382  4781 I Distortion: ovrDistortionMeshHeader::displayWidthPixels = 3664
10-24 16:44:51.567  2382  4781 I Distortion: ovrDistortionMeshHeader::displayHeightPixels = 1920
10-24 16:44:51.567  2382  4781 I Distortion: ovrDistortionMeshHeader::eyeTextureWidthPixels = 1440
10-24 16:44:51.567  2382  4781 I Distortion: ovrDistortionMeshHeader::eyeTextureHeightPixels = 1584
10-24 16:44:51.567  2382  4781 I Distortion: ovrDistortionMeshHeader::leftEye = up 48.000000 / down 50.000000 / left 43.000000 / right 45.000000
10-24 16:44:51.567  2382  4781 I Distortion: ovrDistortionMeshHeader::rightEye = up 48.000000 / down 50.000000 / left 45.000000 / right 43.000000
10-24 16:44:51.567  2382  4781 I DistortionMesh: LoadDistortionMeshFromMemory
10-24 16:44:51.576   845  1658 I TrackingService: [           hand] STANDBY -> RUNNING transition time: 195 ms
10-24 16:44:51.583   733  1044 I FrameSetDispatcher: [HEADSET] Client thread started
10-24 16:44:51.583   733  1044 I CameraClientManager: [HEADSET] Added client - started clients: 2
10-24 16:44:51.589   733  1044 I FrameSetDispatcher: [HAND] Client thread started
10-24 16:44:51.589   733  1044 E FrameSetDispatcher: [HAND] Frame Count Requirement violated: number of streaming clients: 2, maximum number of FrameSets: 2
10-24 16:44:51.589   733  1044 I CameraClientManager: [HAND] Added client - started clients: 2
10-24 16:44:51.589   845  1659 I TrackingService: [         object] STANDBY -> RUNNING transition time: 12 ms
10-24 16:44:51.589   845  1660 I TrackingService: [     controller] STANDBY -> RUNNING transition time: 0 ms
10-24 16:44:51.590  2382  4781 I DistortionMesh: distortion mesh clipping saved 18.47% fill
10-24 16:44:51.591  2382  4781 I TimeWarp: High quality distortion mesh dimensions: 57x60 in 0.027138
10-24 16:44:51.591  2382  4781 I TimeWarp: No Timewarp Decenter Correction
10-24 16:44:51.591  2382  4781 I Distortion: Initializing Mesh Decenter Correction
10-24 16:44:51.593  2382  4781 I Distortion: EYE_DECENTER ipdMin 58.2306 left H: -2.7859 v: 5.0935  right  H: 3.286 v: 1.1055
10-24 16:44:51.593  2382  4781 I Distortion: EYE_DECENTER ipdMid 63.0047 left H: 5.3061 v: 2.7347  right  H: 5.6804 v: 3.3169
10-24 16:44:51.593  2382  4781 I Distortion: EYE_DECENTER ipdMax 67.9514 left H: 6.4621 v: 2.7347  right  H: 5.6804 v: 3.3169
10-24 16:44:51.593  2382  4781 I Distortion: EYE_DECENTER PIXELS(4) left H: -6.4621 V: -2.7347  right H: -5.6804 V: -3.3169
10-24 16:44:51.593  2382  4781 I Distortion: EYE_DECENTER iad:0.0682034,  left H:-0.000199439 V:-8.98349e-05 R:0,  right H:-0.000199439 V:-0.00010896 R:0
10-24 16:44:51.593  2382  4781 I Distortion: SetLensPositions - iad=0.0682034, left offset=0.00220185,-0.00133813, right offset=-0.00260072,-0.00135726
10-24 16:44:51.594  2382  4781 I SpaceWarp: ASW: TextureLensLut updated with ipd 0.068203
10-24 16:44:51.594  2382  4781 I SpaceWarp: ASW: SpaceWarp instance created
10-24 16:44:51.595  2382  4781 I IpdNotifier: Initial Ipd: 0.068000
10-24 16:44:51.595  2382  4781 I SurfaceTextureNotifier: Allocated shared memory fd 162
10-24 16:44:51.595  2382  4781 I NotificationSurfaceBroadcastReceiver: Registering com.oculus.vrdriver.new_notification_to_show
10-24 16:44:51.595  2382  4781 I NotificationSurfaceBroadcastReceiver: Registering com.oculus.vrdriver.teardown_notification
10-24 16:44:51.596  2382  4781 I ScreenCaptureVideo: Entering ScreenCaptureVideo
10-24 16:44:51.596  2382  4781 I ScreenCaptureVideo: ScreenCaptureVideo::fullRateCapture: 0
10-24 16:44:51.598  2382  4781 I TimeWarpProgs: loaded binary layerProgram 0:0x800040003:0x0 in 1.8 ms
10-24 16:44:51.599  2382  4781 I TimeWarpProgs: loaded binary layerProgram 0:0x800040087:0x0 in 1.1 ms
10-24 16:44:51.600  2382  4781 I TimeWarpProgs: loaded binary layerProgram 0:0x880040003:0x0 in 1.3 ms
10-24 16:44:51.600  2382  4781 I TimeWarp: Waited 0.000 seconds for first vsync.
10-24 16:44:51.600  2382  4781 I TimeWarp: WarpThreadInit() - End
10-24 16:44:51.601  2382  2382 I TimeWarp: -------------- TimeWarpLocal() End --------------
10-24 16:44:51.601  2382  2382 I ClientMgr: ClientMgr: RESUMING operation
10-24 16:44:51.601  2382  2382 I InterstitialRenderer: DisableInterstitialRenderer = 0
10-24 16:44:51.601  2382  2382 I TREX    : Resuming update thread...
10-24 16:44:51.601  2382  2382 I AADT    : SetAADTLutDataX: 0
10-24 16:44:51.601  2382  2382 I AADT    : SetAADTLutDataY: 0
10-24 16:44:51.601  2382  2382 I VrRuntimeServer: RuntimeServer: Update system color correction
10-24 16:44:51.601  2382  2382 I ServiceInputManager: TRACKEDKEYBOARD ResetStateForSystemResume
10-24 16:44:51.601  2382  2382 I ServiceInputManager: TRACKEDKEYBOARD ClearTrackedObjectManager called on service
10-24 16:44:51.601  2382  2382 I ClientMgr: ClientMgr: Resume complete
10-24 16:44:51.601  2382  2382 I ClientMgr: FocusedWindowChanged: found matching overlay client: 464977688
10-24 16:44:51.601  2382  2382 I ClientMgr: FocusedClient changed.
10-24 16:44:51.601  2382  2382 I ClientMgr: ClientMgr::SetFocusedClient: 1864:com.oculus.vrshell type 1
10-24 16:44:51.601  2382  2382 I VrRuntimeService: RuntimeIPC: SendFocusChangeEventToAllClients: PostClientEvent SUCCESS: com.oculus.vrshell:com.oculus.vrshell:1864, com.oculus.vrshell, com.oculus.vrshell
10-24 16:44:51.601  2382  2382 I VrRuntimeService: RuntimeIPC: SendFocusChangeEventToAllClients: PostClientEvent SUCCESS: com.oculus.vrshell:com.oculus.vrshell:Overlay:1896, com.oculus.vrshell, com.oculus.vrshell
10-24 16:44:51.601  2382  2382 I VrRuntimeService: RuntimeIPC: SendFocusChangeEventToAllClients: PostClientEvent SUCCESS: com.oculus.guardian:com.oculus.vrguardianservice:1972, com.oculus.vrshell, com.oculus.vrshell
10-24 16:44:51.601  2382  2382 I VrRuntimeService: RuntimeIPC: SendFocusChangeEventToAllClients: PostClientEvent SUCCESS: com.oculus.shellenv:com.oculus.shellenv:1788, com.oculus.vrshell, com.oculus.vrshell
10-24 16:44:51.601  2382  2382 I VrRuntimeService: RuntimeIPC: SendFocusChangeEventToAllClients: PostClientEvent SUCCESS: com.oculus.mrservice:com.oculus.mrservice:1518, com.oculus.vrshell, com.oculus.vrshell
10-24 16:44:51.601  2382  2727 I ClientMgr: EnableRendering2: Calling SetFocusedClient: 464977688
10-24 16:44:51.601  2382  2727 I ClientMgr: ClientMgr::SetFocusedClient: 1864:com.oculus.vrshell type 1
10-24 16:44:51.601  2382  2727 I ClientMgr: ClientMgr::EnableRendering 1864:com.oculus.vrshell : type 1 comp-id 1: enable
10-24 16:44:51.601  2382  2727 I TimeWarpClientMgr: Enable client 1
10-24 16:44:51.601  2382  2727 I VrRuntimeServer: EnableCompositorClient client(1): layer placement(2147483647) flags(0) sm(0x6f378ef010)
10-24 16:44:51.601  2382  2727 I TimeWarp: CheckDebuggerConnected: debugger 0
10-24 16:44:51.601  2382  2727 I VrRuntimeServer: SysProp debug mode is disabled on Server side
10-24 16:44:51.604  2382  2727 I UnifiedTelemetryWrapper: Started UT session render:com.oculus.vrshell
10-24 16:44:51.604  2382  2728 I ClientMgr: ClientMgr::EnableRendering 1788:com.oculus.shellenv : type 0 comp-id 2: enable
10-24 16:44:51.604  2382  2728 I TimeWarp: CheckDebuggerConnected: debugger 0
10-24 16:44:51.604  2382  2728 I VrRuntimeServer: SysProp debug mode is disabled on Server side
10-24 16:44:51.604  2382  2727 I VrRuntimeService: GetSpecialSwapChain: 464977688
10-24 16:44:51.607  2382  2728 I UnifiedTelemetryWrapper: Started UT session render:com.oculus.shellenv
10-24 16:44:51.608  2382  2727 I VrRuntimeService: GetSpecialSwapChain: 464977688
10-24 16:44:51.609  1788  1862 I ScreenCaptureHelper: Advertising com.oculus.shellenv as streamable
10-24 16:44:51.609  2382  2728 I VrRuntimeService: GetSpecialSwapChain: 3085779935
10-24 16:44:51.609  1788  1862 I VrApi   : Creating Default swapchain
10-24 16:44:51.609  2382  2728 I VrRuntimeService: GetSpecialSwapChain: 3085779935
10-24 16:44:51.610  1788  1862 I VrApi   : Creating Loading Icon swapchain
10-24 16:44:51.610  1518  1518 I MrService: onStartCommand
10-24 16:44:51.610  1788  1862 I VrApi   : OVR::Stats thread started
10-24 16:44:51.610  1788  1862 I VrApi   : Initial BaseVsync 31 
10-24 16:44:51.610  1788  1862 I XrRuntimeSystem_Client: BeginSession
10-24 16:44:51.610  1788  1862 I VrApi   : ---------- vrapi_EnterVrMode [end] ----------
10-24 16:44:51.610  1788  1862 I VrRuntimeClient: UpdateEvents: HMT was mounted
10-24 16:44:51.610  1788  1862 I VrRuntimeClient: Client has lost focus.
10-24 16:44:51.610  1788  1862 W OsSdk   : Requested historical tracking state too far in the past; oldest: 252.490478s, requested: 218.931038s
10-24 16:44:51.611  1788  4794 I FenceChecker: FenceChecker::MainLoop - started
10-24 16:44:51.611  1518  3096 I IPCSharedMemory: CreateSharedMemory: Allocated shared memory fd 82 (ipcStateReadWrite)
10-24 16:44:51.611  1518  3096 I IPCSharedMemory: CreateSharedMemory: Allocated shared memory fd 84 (ipcReadOnlyState)
10-24 16:44:51.612  2382  2656 I Vsync   : Adjusting vsync display refresh rate 72.000000 -> 90.000000
10-24 16:44:51.615  1518  3096 I ServerProcessConnector: HandleClientConnect: Client: com.oculus.vrshell:com.oculus.vrshell:1864, Server: com.oculus.mrservice:com.oculus.mrservice:1518 (MrServiceIPCServer)
10-24 16:44:51.617  1864  4790 I chatty  : uid=10020(com.oculus.vrshell) OVR::Stats expire 4 lines
10-24 16:44:51.618  2939  2939 D MetricsService: Bound Intent { cmp=com.oculus.ovrmonitormetricsservice/.MetricsService }
10-24 16:44:51.623  1864  1864 I chatty  : uid=10020(com.oculus.vrshell) ShellMain expire 5 lines
10-24 16:44:51.624  1788  1788 D MetricsService: Connected to metrics service: ComponentInfo{com.oculus.ovrmonitormetricsservice/com.oculus.ovrmonitormetricsservice.MetricsService}
10-24 16:44:51.626   849  1920 D VrApiService: refresh-rate changed to 90Hz
10-24 16:44:51.626  2382  2656 I ClientMgr: Non-overlay clients rendering status has changed: prev=30, curr=31, enabled=1
10-24 16:44:51.626  2382  2656 I ClientMgr: Primary Client is not valid.
10-24 16:44:51.626  2382  2656 I ClientMgr: Primary client determined to be the current enabled client -1209187361
10-24 16:44:51.626  2382  2656 I ClientMgr: ClientMgr::SetPrimaryCompositorClient: 1788:com.oculus.shellenv
10-24 16:44:51.627  2382  2656 W ClientMgr: ClientMgr::GetClientPermissionFlagsById: Client missing proper permissions: com.oculus.shellenv, 2
10-24 16:44:51.627  2382  2656 I TimeWarpClientMgr: Enable client 2
10-24 16:44:51.627  2382  2656 I VrRuntimeServer: EnableCompositorClient client(2): layer placement(0) flags(1) sm(0x6f378e6010)
10-24 16:44:51.627  2382  2656 I ServiceInputManager: ServiceInputManager::SetPrimaryPackageName 'com.oculus.shellenv' 'com.oculus.shellenv'  updated AnytimeUI processname 0
10-24 16:44:51.627  2382  2656 D VrRuntimeService: sendPrimaryPackageChangeBroadcast
10-24 16:44:51.628  2382  2656 I AADT    : SetAADTLutDataX: 0
10-24 16:44:51.628  2382  2656 I AADT    : SetAADTLutDataY: 0
10-24 16:44:51.628  2382  2656 I ServiceInputManager: DEADRECKONING deadReckoning mode on ClientMgr from server is 0
10-24 16:44:51.628  2382  2656 I ServiceInputManager: HANDTRACKING hand 0 status set to OutOfView
10-24 16:44:51.628  2382  2656 I ServiceInputManager: HANDTRACKING hand 0 connected
10-24 16:44:51.628  2382  2656 I ServiceInputManager: HANDTRACKING hand 1 status set to OutOfView
10-24 16:44:51.628  2382  2656 I ServiceInputManager: HANDTRACKING hand 1 connected
10-24 16:44:51.628  2382  2656 I PerformanceManager: SetClockLevels: Apply pending clock request change: -1,-1 -> 2,3
10-24 16:44:51.628  2382  4739 I Clocks  : LockClocks( cpu=2, gpu=3 ) - start
10-24 16:44:51.628  1788  4792 D VrApi   : targetSDKVersion 25
10-24 16:44:51.629  1788  4792 I JniUtils: ovr_GetCurrentPackageSignature 
10-24 16:44:51.629  1896  2881 I chatty  : uid=10020(com.oculus.vrshell) ShellOverlayVR expire 10 lines
10-24 16:44:51.630  2382  2656 I UnifiedTelemetryWrapper: Started UT session don
10-24 16:44:51.630  2382  2656 I TimeWarpClientMgr: Enable client 0
10-24 16:44:51.630  2382  2656 I VrRuntimeServer: EnableCompositorClient client(0): layer placement(2147483643) flags(8) sm(0x6eeb41b710)
10-24 16:44:51.631  2382  4781 I TimeWarp: Waited 0.030 seconds for first call to warp swap.
10-24 16:44:51.631  2382  4739 I Clocks  : CPU levels [0, 4]
10-24 16:44:51.631  2382  4739 I Clocks  : GPU levels [0, 5]
10-24 16:44:51.631  2382  4781 I TimeWarp: SetSchedFifo( tid=1862, pol=3, pri=0 ) succeeded
10-24 16:44:51.632  2382  4781 I TimeWarp: SetSchedFifo( tid=4794, pol=3, pri=0 ) succeeded
10-24 16:44:51.632  2382  4781 I AADT    : SetAADTLutDataX. Thread. SizeX: 0
10-24 16:44:51.632  2382  4781 I AADT    : SetAADTLutDataY. Thread. SizeY: 0
10-24 16:44:51.632  2382  4781 I TimeWarp: Global CAC is enabled (0x7)
10-24 16:44:51.632  2382  4739 I Clocks  : LockClocks( cpu=2, gpu=3 ) - end (4.0 ms)
10-24 16:44:51.635  1788  4792 I Metrics : device name = Oculus Quest 2
10-24 16:44:51.641   745   745 D SurfaceFlinger: CAC state changed to 7
10-24 16:44:51.641   745   745 E SurfaceFlinger: Source layer is null
10-24 16:44:51.645  2382  4781 I TimeWarpProgs: loaded binary layerProgram 0:0x40087:0x0 in 2.5 ms
10-24 16:44:51.647  2382  4781 I Vsync   : Vsync 34:  2 x 13.92 ms (72.02 Hz, at 252.790)
10-24 16:44:51.651   735   735 I SDM     : HWDeviceDRM::UpdateMixerAttributes: Mixer WxH 1920x1832-1 for Virtual
10-24 16:44:51.651   735   735 I SDM     : HWVirtualDRM::SetDisplayAttributes: New WB Resolution: 1920x1832 cur_mode_index 5
10-24 16:44:51.651   735   735 I SDM     : DisplayVirtual::SetActiveConfig: Virtual display resolution changed to[1920x1832]
10-24 16:44:51.651   735   735 I SDM     : DisplayBase::SetFrameBufferConfig: New framebuffer resolution (1920x1832)
10-24 16:44:51.652   735   735 I SDM     : HWCDisplay::SetFrameBufferConfig: New framebuffer resolution (1920x1832)
10-24 16:44:51.659  2382  4781 I TimeWarpProgs: loaded binary layerProgram 0:0x50207:0x0 in 2.7 ms
10-24 16:44:51.662  2382  4781 I Vsync   : Vsync 35:  1 x 11.14 ms (72.02 Hz, at 252.805)
10-24 16:44:51.673  2382  4781 I Vsync   : Vsync 36:  1 x 11.13 ms (72.02 Hz, at 252.816)
10-24 16:44:51.776  1518  2814 D RuntimeIPCServerMgr: RegisterClient: Client: com.oculus.vrshell:com.oculus.vrshell:1864, Server: com.oculus.mrservice:com.oculus.mrservice (MrServiceIPCServer)
10-24 16:44:51.778  1518  4795 I [CT]    : MIXEDREALITY: MrServiceIPCServer: MrServiceIPCServer::onClientConnected
10-24 16:44:51.778  1518  4795 I [CT]    : MIXEDREALITY: MrServiceController: clientConnected: 464977688/com.oculus.vrshell/com.oculus.vrshell:1864
10-24 16:44:51.778  1518  4795 I [CT]    : MIXEDREALITY: ClientsStatus: ====== Connected clients ======
10-24 16:44:51.778  1518  4795 I [CT]    : MIXEDREALITY: ClientsStatus: Client: 2951453735/com.oculus.guardian/com.oculus.vrguardianservice:1972
10-24 16:44:51.778  1518  4795 I [CT]    : MIXEDREALITY: ClientsStatus:    [Passthrough] -> Created
10-24 16:44:51.778  1518  4795 I [CT]    : MIXEDREALITY: ClientsStatus:    [Freespace] -> Created
10-24 16:44:51.778  1518  4795 I [CT]    : MIXEDREALITY: ClientsStatus: ===============================
10-24 16:44:51.778  1518  4795 I [CT]    : MIXEDREALITY: ClientsStatus: Registration from 464977688/com.oculus.vrshell/com.oculus.vrshell:1864 accepted.
10-24 16:44:51.778  1518  4795 I [CT]    : MIXEDREALITY: MrClientModelStates: registerClient: For client 464977688 (com.oculus.vrshell:com.oculus.vrshell:1864).
10-24 16:44:51.778  1518  4795 I [CT]    : MIXEDREALITY: MrFeatureStatus: Client status changed from Destroyed to Created.
10-24 16:44:51.779  1518  2789 I [CT]    : MIXEDREALITY: MrServiceView: renderIteration: Display refresh rate changed, new value: 90.0.
10-24 16:44:51.779  1518  2789 I [CT]    : MIXEDREALITY: MrRuntimeImpl: onDisplayRefreshRateChanged: Display rate changed from 72.0 to 90.0.
10-24 16:44:51.779  1518  2789 I [CT]    : MIXEDREALITY: MrRuntimeImpl: Force telemetry to be sent now.
10-24 16:44:51.779  1518  2789 I [CT]    : MIXEDREALITY: MrRuntimeImpl: Reset telemetry such to start collecting data using the new refresh rate.
10-24 16:44:51.779  1518  2789 I [CT]    : MIXEDREALITY: MrRuntimeImpl: setSessionInitTime: Session initialization timer was set to 252.922368391 ns.
10-24 16:44:51.779  1518  2789 I [CT]    : MIXEDREALITY: MrRuntimeImpl: setSessionInitTime: Reset session duration timer after 0.400918177 seconds.
10-24 16:44:51.781   721   989 I audio_hw_primary: getting vr mode to 0
10-24 16:44:51.781  2164  2192 I LibraryProvider: running queryApp(com.oculus.mrservice) for UID 1000
10-24 16:44:51.782   741  1449 I hash_map_utils: key: 'vr_audio_mode_on' value: ''
10-24 16:44:51.783   741  1449 I AudioPolicyManagerCustom: VR mode is 0, switch to primary output if request is for fast|raw
10-24 16:44:51.783   741  1449 I AudioFlinger: createTrack()
10-24 16:44:51.783  2164  2192 W LibraryProvider: Cannot find entitlement for com.oculus.mrservice
10-24 16:44:51.783   741  1449 W AudioFlinger: createTrack_l(): mismatch between requested flags (00000104) and output flags (00000006)
10-24 16:44:51.783   741  1449 D AudioFlinger: Client defaulted notificationFrames to 192 for frameCount 384
10-24 16:44:51.784  1440  2257 W OVRLibrary: null cursor received for query content://com.oculus.ocms.library/apps/com.oculus.mrservice
10-24 16:44:51.785   741  1449 D AF::TrackHandle: OpPlayAudio: track:78 uid:10020 pkg:com.oculus.vrshell usage:1 not muted
10-24 16:44:51.789  1272  1272 V AvrcpMediaPlayerList: onPlaybackConfigChanged(): Configs list size=5
10-24 16:44:51.793   721   989 W msm8974_platform: platform_send_gain_dep_cal: Usecase list is empty
10-24 16:44:51.793   721   989 D msm8974_platform: platform_split_snd_device: snd_device(2) num devices(1) new_snd_devices(0)
10-24 16:44:51.793   721   989 D msm8974_platform: platform_split_snd_device: snd_device(2) num devices(1) new_snd_devices(0)
10-24 16:44:51.793   721   989 D ACDB-LOADER: ACDB -> send_audvoltable
10-24 16:44:51.793   721   989 D ACDB-LOADER: ACDB -> ACDB_CMD_GET_AUDPROC_INSTANCE_GAIN_DEP_STEP_TABLE_SIZE
10-24 16:44:51.793   721   989 D         : Failed to fetch the lookup information of the device 0000000F 
10-24 16:44:51.793   721   989 D ACDB-LOADER: Error: ACDB_CMD_GET_AUDPROC_INSTANCE_GAIN_DEP_STEP_TABLE_SIZE Returned = -19
10-24 16:44:51.793   721   989 D ACDB-LOADER: ACDB -> ACDB_CMD_GET_AUDPROC_INSTANCE_GAIN_DEP_STEP_TABLE, vol index 4
10-24 16:44:51.793   721   989 D         : Failed to fetch the lookup information of the device 0000000F 
10-24 16:44:51.793   721   989 D ACDB-LOADER: Error: ACDB AudProc vol returned = -19
10-24 16:44:51.793   721   989 D ACDB-LOADER: ACDB -> AUDIO_SET_VOL_CAL cal type = 40
10-24 16:44:51.796   721   721 W msm8974_platform: platform_send_gain_dep_cal: Usecase list is empty
10-24 16:44:51.796   721   721 D msm8974_platform: platform_split_snd_device: snd_device(2) num devices(1) new_snd_devices(0)
10-24 16:44:51.796   721   721 D ACDB-LOADER: ACDB -> send_audvoltable
10-24 16:44:51.796   721   721 D ACDB-LOADER: ACDB -> ACDB_CMD_GET_AUDPROC_INSTANCE_GAIN_DEP_STEP_TABLE_SIZE
10-24 16:44:51.796   721   721 D         : Failed to fetch the lookup information of the device 0000000F 
10-24 16:44:51.796   721   721 D ACDB-LOADER: Error: ACDB_CMD_GET_AUDPROC_INSTANCE_GAIN_DEP_STEP_TABLE_SIZE Returned = -19
10-24 16:44:51.796   721   721 D ACDB-LOADER: ACDB -> ACDB_CMD_GET_AUDPROC_INSTANCE_GAIN_DEP_STEP_TABLE, vol index 5
10-24 16:44:51.796   721   721 D         : Failed to fetch the lookup information of the device 0000000F 
10-24 16:44:51.796   721   721 D ACDB-LOADER: Error: ACDB AudProc vol returned = -19
10-24 16:44:51.796   721   721 D ACDB-LOADER: ACDB -> AUDIO_SET_VOL_CAL cal type = 40
10-24 16:44:51.796   721   721 D msm8974_platform: platform_split_snd_device: snd_device(2) num devices(1) new_snd_devices(0)
10-24 16:44:51.796   721   721 D ACDB-LOADER: ACDB -> send_audvoltable
10-24 16:44:51.796   721   721 D ACDB-LOADER: ACDB -> ACDB_CMD_GET_AUDPROC_INSTANCE_GAIN_DEP_STEP_TABLE_SIZE
10-24 16:44:51.796   721   721 D         : Failed to fetch the lookup information of the device 0000000F 
10-24 16:44:51.796   721   721 D ACDB-LOADER: Error: ACDB_CMD_GET_AUDPROC_INSTANCE_GAIN_DEP_STEP_TABLE_SIZE Returned = -19
10-24 16:44:51.796   721   721 D ACDB-LOADER: ACDB -> ACDB_CMD_GET_AUDPROC_INSTANCE_GAIN_DEP_STEP_TABLE, vol index 5
10-24 16:44:51.797   721   721 D         : Failed to fetch the lookup information of the device 0000000F 
10-24 16:44:51.797   721   721 D ACDB-LOADER: Error: ACDB AudProc vol returned = -19
10-24 16:44:51.797   721   721 D ACDB-LOADER: ACDB -> AUDIO_SET_VOL_CAL cal type = 40
10-24 16:44:51.797  1059  3897 I MediaFocusControl: requestAudioFocus() from uid/pid 10020/1864 clientId=android.media.AudioManager@b355008com.oculus.vrshell.ShellAudioFocusHandler@245b3a1 callingPack=com.oculus.vrshell req=1 flags=0x0 sdk=29
10-24 16:44:51.811  1788  1862 I Clay    : Updating tracking space to: 1
10-24 16:44:51.811   845   845 I TrackingService: TrackingService::getSharedMemoryFileDescriptor
10-24 16:44:51.828   845  1749 I chatty  : uid=1000(system) ControllerStrea expire 2 lines
10-24 16:44:51.835  1972  2669 I chatty  : uid=10069(com.oculus.guardian) Thread-4 expire 206 lines
10-24 16:44:51.835  2382  2727 I VrRuntimeService: RuntimeServiceSDKServer::RecenterLocalSpace
10-24 16:44:51.835  2382  2727 I VrRuntimeService: RuntimeServiceSDKServer::RecenterLocalSpaceInternal
10-24 16:44:51.835  2382  2727 I VrRuntimeServer: UpdateLocalSpace: Src: 2, Version: 13, VersionUser: 2, RawFloorHeightOld: -1.675000, RawFloorHeightNew: -1.675000
10-24 16:44:51.845  2382  2728 I VrRuntimeService: CreateAndroidSurfaceSwapChain: 3085779935
10-24 16:44:51.845  2382  2728 I VrRuntimeService: CreateAndroidSurfaceSwapChain: 131072 1 32856 1 1 1 1 1 0 0
10-24 16:44:51.845  2382  2528 I SwapChain_Surface: CreateAndroidSurfaceSwapChainGLES: 0x6ee22d3000: SurfaceTexture 0x2cf6 Surface 0x2d06
10-24 16:44:51.845  2382  2728 I VrRuntimeServer: CreateAndroidSurfaceSwapChain: result surface 0x6ee22d3000
10-24 16:44:51.847  2382  2728 I VrRuntimeService: CreateAndroidSurfaceSwapChain: 3085779935
10-24 16:44:51.847  2382  2728 I VrRuntimeService: CreateAndroidSurfaceSwapChain: 131072 1 32856 1 1 1 1 1 0 0
10-24 16:44:51.847  2382  2528 I SwapChain_Surface: CreateAndroidSurfaceSwapChainGLES: 0x6ee2356000: SurfaceTexture 0x2d36 Surface 0x2d46
10-24 16:44:51.847  2382  2728 I VrRuntimeServer: CreateAndroidSurfaceSwapChain: result surface 0x6ee2356000
10-24 16:44:51.858  3207  3223 I chatty  : uid=10026(com.oculus.systemux) Binder:3207_1 expire 1 line
10-24 16:44:51.858  3207  3207 I chatty  : uid=10026 com.oculus.systemux:SystemUX expire 158 lines
10-24 16:44:51.862  3207  3230 I chatty  : uid=10026(com.oculus.systemux) pool-1-thread-1 expire 5 lines
10-24 16:44:51.866  1788  1862 I Clay    : EnvironmentSystem: computed visibility changed from Hidden to Visible (reason: <none>)
10-24 16:44:51.867  1788  1862 I Clay    : EnvironmentSystem: setCurrentEnvironment from '' to 'apk://com.oculus.environment.prod.adobe/assets/scene.zip'. Computed visibility: Visible (reason: <none>)
10-24 16:44:51.867  1788  1862 I VrApi   : vrapi_SetDisplayRefreshRate: display refresh rate supported 90.000000
10-24 16:44:51.867  1864  4801 I chatty  : uid=10020(com.oculus.vrshell) FenceChecker expire 1 line
10-24 16:44:51.877  1788  1862 I Clay    : EnvironmentSystem: Loading 'apk://com.oculus.environment.prod.adobe/assets/scene.zip' as asset package
10-24 16:44:51.890  1964  4765 I libjingle: [225:083] [4765] (opensslidentity.cc:82): Returning key pair
10-24 16:44:51.890  1964  4765 I libjingle: [225:083] [4765] (opensslidentity.cc:89): Making certificate for WebRTC
10-24 16:44:51.893  1059  1152 I DisplayManagerService: Display device added: DisplayDeviceInfo{"com.oculus.android_panel_app.AndroidPanelLayer-#main": uniqueId="virtual:com.oculus.systemux,10026,com.oculus.android_panel_app.AndroidPanelLayer-#main,2", 800 x 1250, modeId 37, defaultModeId 37, supportedModes [{id=37, width=800, height=1250, fps=60.0}], colorMode 0, supportedColorModes [0], HdrCapabilities null, density 200, 200.0 x 200.0 dpi, appVsyncOff 0, presDeadline 16666666, touch NONE, rotation 0, type VIRTUAL, state OFF, owner com.oculus.systemux (uid 10026), FLAG_PRIVATE, FLAG_NEVER_BLANK, FLAG_OWN_CONTENT_ONLY}
10-24 16:44:51.893  1964  4765 I libjingle: [225:087] [4765] (opensslidentity.cc:137): Returning certificate
10-24 16:44:51.910  1964  1964 I OVRPlatform: [P2PNetworkTransport] oculus_parties_enable_aui_mic_switcher_controls gk is ON, mic_switcher_controls is enabled
10-24 16:44:51.913  1964  1964 I OVRPlatform: [RequestStopwatch] AndroidFinishInitialization took 604.2510 milliseconds
10-24 16:44:51.913  1964  1964 I OVRPlatform: [RequestStopwatch] AndroidSynchronousInitialize took 605.4380 milliseconds
10-24 16:44:51.913  1964  1964 I PlatformPlugin: [PlatformPluginManager] Successfully initialized Platform
10-24 16:44:51.913  1964  1964 D PlatformPlugin: [PlatformPluginManager] Releasing lock: nativeInit
10-24 16:44:51.915  1964  1964 I OVRPlatform: [AudioManager] SetHeadphoneStatus: DISCONNECTED
10-24 16:44:51.915  1964  1964 I OVRPlatform: [AudioManager] Current headsetMounted_ true
10-24 16:44:51.915  1964  1964 I OVRPlatform: [AudioManager] Current headphoneStatus_: DISCONNECTED
10-24 16:44:51.915  1964  1964 I OVRPlatform: [AudioManager] SetHeadsetMounted: true
10-24 16:44:51.915  1964  1964 I OVRPlatform: [AudioManager] Current headsetMounted_ true
10-24 16:44:51.915  1964  1964 I OVRPlatform: [AudioManager] Current headphoneStatus_: DISCONNECTED
10-24 16:44:51.919  2382  2656 I ServiceInputManager: HANDTRACKING hand 1 status set to Tracked
10-24 16:44:51.924  1059  1087 W InputReader: Device has associated, but no associated display id.
10-24 16:44:51.928  2382  2382 D VrRuntimeService: Received broadcast: android.intent.action.SCREEN_ON
10-24 16:44:51.928  2382  2382 I VrRuntimeService: nativeScreenStateChanged to on
10-24 16:44:51.928  2382  2382 I VrRuntimeService: Previous running state: RUNNING
10-24 16:44:51.931  1059  1089 W InputReader: Device has associated, but no associated display id.
10-24 16:44:51.931  1059  1089 I ActivityTaskManager: Override config changes=20005df8 {0.0 ?mcc?mnc ?localeList ?layoutDir sw640dp w640dp h1000dp 200dpi lrg port ?uimode ?night -touch qwerty/v/v -nav/h winConfig={ mBounds=Rect(0, 0 - 800, 1250) mAppBounds=Rect(0, 0 - 800, 1250) mWindowingMode=fullscreen mDisplayWindowingMode=fullscreen mActivityType=undefined mAlwaysOnTop=undefined mRotation=ROTATION_0}} for displayId=32
10-24 16:44:51.940  2164  2192 I LibraryProvider: running queryApp(com.oculus.shellenv) for UID 10031
10-24 16:44:51.946  2720  2720 I AmazonVideo: App is in foreground and device is active, notifying listeners
10-24 16:44:51.946  2720  2720 I AmazonVideo: DWNLD RN old state : DEVICE_INACTIVE_IN_FOREGROUND, new state : DEVICE_ACTIVE_IN_FOREGROUND
10-24 16:44:51.947  3207  4813 I chatty  : uid=10026 com.oculus.systemux:SystemUX expire 24 lines
10-24 16:44:51.947   832  1616 V C2Store : in init
10-24 16:44:51.947   832  1616 V C2Store : loading dll
10-24 16:44:51.958  2164  2192 W LibraryProvider: Cannot find entitlement for com.oculus.shellenv
10-24 16:44:51.958  1964  1964 W OVRLibrary: null cursor received for query content://com.oculus.ocms.library/apps/com.oculus.shellenv
10-24 16:44:51.962  1518  1518 I [CT]    : MIXEDREALITY: MrService: ScreenStateChanged: true
10-24 16:44:51.963  1518  1518 I [CT]    : MIXEDREALITY: MrService: onWakeup
10-24 16:44:51.963  2720  3406 D AmazonVideo.http: Received Request@bd83230[GET https://andr-35135aaa6c-bb1e854a11b8312c-ac1a1c7143cb2199eb-14011.na.api.amazonvideo.com/cdp/playback/GetDefaultSettings?<REMOVED>&deviceTypeID=A2Z1NVLU6LCAUO&firmware=fmw%3A29-app%3A1.6.0.4011&format=json&osLocale=en_US&responseFormatVersion=1.0.0&screenDensity=200&screenWidth=640&softwareVersion=1&supportsPKMZ=true&uxLocale=en_US&version=1] from thread HeuristicsConfigurationScheduler-0
10-24 16:44:51.980  1059  1249 I DisplayManagerService: Display device removed: DisplayDeviceInfo{"com.oculus.android_panel_app.AndroidPanelLayer-#main": uniqueId="virtual:com.oculus.systemux,10026,com.oculus.android_panel_app.AndroidPanelLayer-#main,2", 800 x 1250, modeId 37, defaultModeId 37, supportedModes [{id=37, width=800, height=1250, fps=60.0}], colorMode 0, supportedColorModes [0], HdrCapabilities null, density 200, 200.0 x 200.0 dpi, appVsyncOff 0, presDeadline 16666666, touch NONE, rotation 0, type VIRTUAL, state OFF, owner com.oculus.systemux (uid 10026), FLAG_PRIVATE, FLAG_NEVER_BLANK, FLAG_OWN_CONTENT_ONLY}
10-24 16:44:51.982  1440  1440 E FuelGaugeCollector: could not read battery_cycle_count
10-24 16:44:51.982  1440  1440 E FuelGaugeCollector: java.io.IOException: Get battery metric file failed for fake_aggregate_cycle_count
10-24 16:44:51.982  1440  1440 E FuelGaugeCollector: 	at com.oculus.unifiedtelemetry.collectors.FuelGaugeCollector.A48(:123)
10-24 16:44:51.982  1440  1440 E FuelGaugeCollector: 	at com.oculus.unifiedtelemetry.collectors.CollectorsControl.A43(:99)
10-24 16:44:51.982  1440  1440 E FuelGaugeCollector: 	at X.XL.onReceive(:103)
10-24 16:44:51.982  1440  1440 E FuelGaugeCollector: 	at android.app.LoadedApk$ReceiverDispatcher$Args.lambda$getRunnable$0$LoadedApk$ReceiverDispatcher$Args(LoadedApk.java:1554)
10-24 16:44:51.982  1440  1440 E FuelGaugeCollector: 	at android.app.-$$Lambda$LoadedApk$ReceiverDispatcher$Args$_BumDX2UKsnxLVrE6UJsJZkotuA.run(Unknown Source:2)
10-24 16:44:51.982  1440  1440 E FuelGaugeCollector: 	at android.os.Handler.handleCallback(Handler.java:883)
10-24 16:44:51.982  1440  1440 E FuelGaugeCollector: 	at android.os.Handler.dispatchMessage(Handler.java:100)
10-24 16:44:51.982  1440  1440 E FuelGaugeCollector: 	at android.os.Looper.loop(Looper.java:214)
10-24 16:44:51.982  1440  1440 E FuelGaugeCollector: 	at android.app.ActivityThread.main(ActivityThread.java:7389)
10-24 16:44:51.982  1440  1440 E FuelGaugeCollector: 	at java.lang.reflect.Method.invoke(Native Method)
10-24 16:44:51.982  1440  1440 E FuelGaugeCollector: 	at com.android.internal.os.RuntimeInit$MethodAndArgsCaller.run(RuntimeInit.java:492)
10-24 16:44:51.982  1440  1440 E FuelGaugeCollector: 	at com.android.internal.os.ZygoteInit.main(ZygoteInit.java:930)
10-24 16:44:51.986   832  4816 D SimpleC2Component: Using output block pool with poolID 39 => got 39 - 0
10-24 16:44:51.986  1059  3897 I DisplayManagerService: Display device added: DisplayDeviceInfo{"com.oculus.android_panel_app.AndroidPanelLayer-#main": uniqueId="virtual:com.oculus.systemux,10026,com.oculus.android_panel_app.AndroidPanelLayer-#main,2", 800 x 110, modeId 38, defaultModeId 38, supportedModes [{id=38, width=800, height=110, fps=60.0}], colorMode 0, supportedColorModes [0], HdrCapabilities null, density 200, 200.0 x 200.0 dpi, appVsyncOff 0, presDeadline 16666666, touch NONE, rotation 0, type VIRTUAL, state OFF, owner com.oculus.systemux (uid 10026), FLAG_PRIVATE, FLAG_NEVER_BLANK, FLAG_OWN_CONTENT_ONLY}
10-24 16:44:51.993   798   798 D MediaBufferGroup: creating MemoryDealer
10-24 16:44:52.009   832   832 D BufferPoolAccessor: Destruction - bufferpool2 0x29e30f1a30 cached: 0/0M, 0/0% in use; allocs: 0, 0% recycled; transfers: 0, 0% unfetced
10-24 16:44:52.009   832   832 V C2Store : in ~ComponentModule
10-24 16:44:52.009   832   832 V C2Store : unloading dll
10-24 16:44:52.013  1059  1249 I WifiService: acquireWifiLock uid=10100 lockMode=1
10-24 16:44:52.014  1059  1439 I DisplayManagerService: Display device added: DisplayDeviceInfo{"com.oculus.android_panel_app.AndroidPanelLayer-tablet": uniqueId="virtual:com.oculus.systemux,10026,com.oculus.android_panel_app.AndroidPanelLayer-tablet,0", 1000 x 625, modeId 39, defaultModeId 39, supportedModes [{id=39, width=1000, height=625, fps=60.0}], colorMode 0, supportedColorModes [0], HdrCapabilities null, density 200, 200.0 x 200.0 dpi, appVsyncOff 0, presDeadline 16666666, touch NONE, rotation 0, type VIRTUAL, state OFF, owner com.oculus.systemux (uid 10026), FLAG_PRIVATE, FLAG_NEVER_BLANK, FLAG_OWN_CONTENT_ONLY}
10-24 16:44:52.015   685   685 I netd    : trafficSwapActiveStatsMap() <0.24ms>
10-24 16:44:52.021  2720  4819 I AmazonVideo.profiler: Metric[name=playback/GetDefaultSettings-RequestMade, type=[Counter], val=1]
10-24 16:44:52.023  2720  4819 I AmazonVideo.profiler: Metric[name=playback/GetDefaultSettings-RequestMade-EC, type=[EdgeCacheDisabled], val=1]
10-24 16:44:52.024  1788  1862 I Clay    : OculusVRSystem:configureRendering: allocating primary render target
10-24 16:44:52.024  2382  2728 I VrRuntimeService: CreateSwapChain: 3085779935
10-24 16:44:52.024  2382  2728 I VrRuntimeService: CreateSwapChain: api:vk 2 0x2b 1440 1584 1 3 2 0 15
10-24 16:44:52.026  2382  2728 I VrRuntimeServer: CreateTextureSwapChain: result importswapchaingles 1
10-24 16:44:52.032  1788  1862 I SwapChain_Vulkan: Imported texture has requirements 9, ends up index 0
10-24 16:44:52.032  1788  1862 I chatty  : uid=10013(com.oculus.shellenv) OVR::ShellEnv identical 1 line
10-24 16:44:52.033  1788  1862 I SwapChain_Vulkan: Imported texture has requirements 9, ends up index 0
10-24 16:44:52.036   685   685 W IptablesRestoreController: iptables-restore process 4822 terminated status=256
10-24 16:44:52.036   685   685 I netd    : tetherGetStats() -> ServiceSpecificException(1, "[Operation not permitted] : failed to fetch tether stats (0): -1") <9.36ms>
10-24 16:44:52.040  1059  1083 E NetworkStats: problem reading network stats
10-24 16:44:52.040  1059  1083 E NetworkStats: java.lang.IllegalStateException: problem parsing tethering stats: 
