11-01 22:33:14.844   740 30897 W SensorService: Unknown packet type (20) received
11-01 22:33:15.114   860  6687 I TrackingService: TrackingService::getSharedMemoryFileDescriptor
11-01 22:33:15.255  1058 25108 I chatty  : uid=1000(system) Binder:1058_20 expire 1 line
11-01 22:33:17.584  1058  1751 I chatty  : uid=1000(system) LazyTaskWriterT expire 1 line
11-01 22:33:19.844   740 30897 W SensorService: Unknown packet type (20) received
11-01 22:33:23.097   860 30903 D TrackingService: [HANDTRACKING] Controller b52e25c2474e944e in hand: Y, valid: Y
11-01 22:33:23.122   740   811 I HollywoodCameraProvider: Switching channel from HAND to CONTROLLER
11-01 22:33:23.123   740 31088 I FrameSetDispatcher: [HAND] Client thread stopping
11-01 22:33:23.123   740   811 I FrameSetDispatcher: [HAND] Client thread joined
11-01 22:33:23.123   740   811 I CameraClientManager: [HAND] Removed client - started clients: 1
11-01 22:33:23.126   740 31083 I FrameSetDispatcher: [HAND] Client thread stopping
11-01 22:33:23.128   740   811 I FrameSetDispatcher: [HAND] Client thread joined
11-01 22:33:23.128   740   811 I CameraClientManager: [HAND] Removed client - started clients: 0
11-01 22:33:23.133   740   811 I FrameSetDispatcher: [CONTROLLER] Client thread started
11-01 22:33:23.133   740   811 I CameraClientManager: [CONTROLLER] Added client - started clients: 1
11-01 22:33:23.134   860  1806 I TrackingService: ConstellationTrackingGlue: setEnableExtendedDeadreckoning to false
11-01 22:33:23.163   740 30953 W SensorService: FrameType CONTROLLER: New frameset capture timestamp exceeds tolerance bounds
11-01 22:33:23.577  1058 18522 I chatty  : uid=1000(system) Binder:1058_1B expire 4 lines
11-01 22:33:23.589   860  6687 I TrackingService: TrackingService::getSharedMemoryFileDescriptor
11-01 22:33:23.998   860  6687 I TrackingService: TrackingService::getSharedMemoryFileDescriptor
11-01 22:33:24.042  1058  1086 I chatty  : uid=1000(system) android.display expire 8 lines
11-01 22:33:24.448   860  6687 I TrackingService: getTrackingSocketFileDescriptor
11-01 22:33:24.448   860  6687 D TrackingService: haptic socket already exists
11-01 22:33:24.826  1058  4019 I chatty  : uid=1000(system) Binder:1058_10 expire 5 lines
11-01 22:33:24.844   740 30897 W SensorService: Unknown packet type (20) received
11-01 22:33:24.871   860  2115 I TrackingService: Unregistering client by ITrackingService.unregisterClient
11-01 22:33:24.871   860  2115 I TrackingService: Failed to unregister client because client not found in registered list
11-01 22:33:24.871   860  2115 I chatty  : uid=1000(system) Binder:860_3 identical 2 lines
11-01 22:33:24.871   860  2115 I TrackingService: Failed to unregister client because client not found in registered list
11-01 22:33:24.874  1058 25108 I chatty  : uid=1000(system) Binder:1058_20 expire 6 lines
11-01 22:33:25.007   860  6687 I TrackingService: TrackingService::getSharedMemoryFileDescriptor
11-01 22:33:25.069   860  2115 I TrackingService: TrackingService::getSharedMemoryFileDescriptor
11-01 22:33:25.151   860  2115 I TrackingService: Unregistering client by ITrackingService.unregisterClient
11-01 22:33:25.151   860  2115 I TrackingService: Failed to unregister client because client not found in registered list
11-01 22:33:25.151   860  2115 I chatty  : uid=1000(system) Binder:860_3 identical 1 line
11-01 22:33:25.151   860  2115 I TrackingService: Failed to unregister client because client not found in registered list
11-01 22:33:25.372  1058  1081 I chatty  : uid=1000(system) Binder:1058_1 expire 2 lines
11-01 22:33:25.402  1058 22091 I chatty  : uid=1000(system) Binder:1058_1D expire 3 lines
11-01 22:33:25.503   860  2115 I TrackingService: TrackingService::getSharedMemoryFileDescriptor
11-01 22:33:25.597  1058  5382 I chatty  : uid=1000(system) Binder:1058_15 expire 1 line
11-01 22:33:25.686  1058  3756 I chatty  : uid=1000(system) Binder:1058_E expire 1 line
11-01 22:33:25.698  1058  4369 I chatty  : uid=1000(system) Binder:1058_12 expire 1 line
11-01 22:33:25.715  1058  6293 I chatty  : uid=1000(system) Binder:1058_18 expire 3 lines
11-01 22:33:25.886  1058  5382 I chatty  : uid=1000(system) Binder:1058_15 expire 4 lines
11-01 22:33:25.905  1058  1086 I chatty  : uid=1000(system) android.display expire 10 lines
11-01 22:33:25.911  1058  3756 I chatty  : uid=1000(system) Binder:1058_E expire 1 line
11-01 22:33:25.939  1058  4019 I chatty  : uid=1000(system) Binder:1058_10 expire 2 lines
11-01 22:33:26.006  1058  1084 I chatty  : uid=1000(system) android.ui expire 1 line
11-01 22:33:26.405  1058 19740 I chatty  : uid=1000(system) Binder:1058_1C expire 3 lines
11-01 22:33:27.834   860 30903 D TrackingService: [HANDTRACKING] Controller b52e25c2474e944e in hand: N, valid: Y
11-01 22:33:27.858   740   811 I HollywoodCameraProvider: Switching channel from CONTROLLER to HAND
11-01 22:33:27.859   740 31179 I FrameSetDispatcher: [CONTROLLER] Client thread stopping
11-01 22:33:27.859   740 30900 I FrameSetDispatcher: [CONTROLLER] Client thread joined
11-01 22:33:27.859   740 30900 I CameraClientManager: [CONTROLLER] Removed client - started clients: 0
11-01 22:33:27.863   740 30900 I FrameSetDispatcher: [HAND] Client thread started
11-01 22:33:27.863   740 30900 I CameraClientManager: [HAND] Added client - started clients: 1
11-01 22:33:27.896   740 30958 W SensorService: FrameType HAND: New frameset capture timestamp exceeds tolerance bounds
11-01 22:33:28.019   740 30900 I FrameSetDispatcher: [HAND] Client thread started
11-01 22:33:28.019   740 30900 E FrameSetDispatcher: [HAND] Frame Count Requirement violated: number of streaming clients: 2, maximum number of FrameSets: 2
11-01 22:33:28.019   740 30900 I CameraClientManager: [HAND] Added client - started clients: 2
11-01 22:33:28.055   860  2115 I TrackingService: TrackingService::getSharedMemoryFileDescriptor
11-01 22:33:29.669  1058  1751 I chatty  : uid=1000(system) LazyTaskWriterT expire 1 line
11-01 22:33:29.845   740 30897 W SensorService: Unknown packet type (20) received
11-01 22:33:30.800   860 30903 D TrackingService: [HANDTRACKING] Controller b52e25c2474e944e in hand: Y, valid: Y
11-01 22:33:30.820   740 30900 I HollywoodCameraProvider: Switching channel from HAND to CONTROLLER
11-01 22:33:30.821   740 31264 I FrameSetDispatcher: [HAND] Client thread stopping
11-01 22:33:30.822   740 30900 I FrameSetDispatcher: [HAND] Client thread joined
11-01 22:33:30.822   740 30900 I CameraClientManager: [HAND] Removed client - started clients: 1
11-01 22:33:30.822   740 31259 I FrameSetDispatcher: [HAND] Client thread stopping
11-01 22:33:30.823   740 30900 I FrameSetDispatcher: [HAND] Client thread joined
11-01 22:33:30.823   740 30900 I CameraClientManager: [HAND] Removed client - started clients: 0
11-01 22:33:30.831   740 30900 I FrameSetDispatcher: [CONTROLLER] Client thread started
11-01 22:33:30.831   740 30900 I CameraClientManager: [CONTROLLER] Added client - started clients: 1
11-01 22:33:30.832   860  1806 I TrackingService: ConstellationTrackingGlue: setEnableExtendedDeadreckoning to false
11-01 22:33:30.863   740 30953 W SensorService: FrameType CONTROLLER: New frameset capture timestamp exceeds tolerance bounds
11-01 22:33:31.722   860  2115 I TrackingService: getTrackingSocketFileDescriptor
11-01 22:33:31.722   860  2115 D TrackingService: haptic socket already exists
11-01 22:33:34.285  1058  1097 I chatty  : uid=1000(system) batterystats-wo expire 2 lines
11-01 22:33:34.845   740 30897 W SensorService: Unknown packet type (20) received
11-01 22:33:35.046  1058 22091 I chatty  : uid=1000(system) Binder:1058_1D expire 1 line
11-01 22:33:35.082  1058  1092 I chatty  : uid=1000(system) ActivityManager expire 3 lines
11-01 22:33:35.173  1058  1751 I chatty  : uid=1000(system) LazyTaskWriterT expire 2 lines
11-01 22:33:35.343  1058  1086 I chatty  : uid=1000(system) android.display expire 1 line
11-01 22:33:35.450  1058  1104 I chatty  : uid=1000(system) PackageManager expire 13 lines
11-01 22:33:35.461  1058  1091 I chatty  : uid=1000(system) android.bg expire 4 lines
11-01 22:33:35.469  1058  1058 I chatty  : uid=1000 system_server expire 2 lines
11-01 22:33:35.485  1058 22843 I chatty  : uid=1000(system) Binder:1058_1E expire 1 line
11-01 22:33:35.506  1058  1157 I chatty  : uid=1000(system) NetworkStats expire 2 lines
11-01 22:33:37.200   860 30903 D TrackingService: [HANDTRACKING] Controller b52e25c2474e944e in hand: N, valid: Y
11-01 22:33:37.225   740 30900 I HollywoodCameraProvider: Switching channel from CONTROLLER to HAND
11-01 22:33:37.226   740 31266 I FrameSetDispatcher: [CONTROLLER] Client thread stopping
11-01 22:33:37.227   740 30900 I FrameSetDispatcher: [CONTROLLER] Client thread joined
11-01 22:33:37.227   740 30900 I CameraClientManager: [CONTROLLER] Removed client - started clients: 0
11-01 22:33:37.231   740 30900 I FrameSetDispatcher: [HAND] Client thread started
11-01 22:33:37.231   740 30900 I CameraClientManager: [HAND] Added client - started clients: 1
11-01 22:33:37.263   740 30956 W SensorService: FrameType HAND: New frameset capture timestamp exceeds tolerance bounds
11-01 22:33:37.399   740 30900 I FrameSetDispatcher: [HAND] Client thread started
11-01 22:33:37.399   740 30900 E FrameSetDispatcher: [HAND] Frame Count Requirement violated: number of streaming clients: 2, maximum number of FrameSets: 2
11-01 22:33:37.399   740 30900 I CameraClientManager: [HAND] Added client - started clients: 2
11-01 22:33:39.846   740 30897 W SensorService: Unknown packet type (20) received
11-01 22:33:41.188  1058  5382 I chatty  : uid=1000(system) Binder:1058_15 expire 2 lines
11-01 22:33:44.747   836   836 I wificond: Received external scan result notification from kernel.
11-01 22:34:04.339  1058  1093 I chatty  : uid=1000(system) ActivityManager expire 7 lines
11-01 22:35:27.961   836   836 W wificond: Scan aborted
11-01 22:35:39.868   740 30897 I chatty  : uid=1000(system) SBEventHandler identical 24 lines
11-01 22:35:44.869   740 30897 W SensorService: Unknown packet type (20) received
11-01 22:35:46.989   740 30897 I SyncBossHAL: [info   ] syncboss_hal_input_controller.c(59): b52e25c2xxxxxxxx: 90 missed/90090 expected (PER 0.10%)
11-01 22:35:49.870   740 30897 W SensorService: Unknown packet type (20) received
11-01 22:35:59.872   740 30897 I chatty  : uid=1000(system) SBEventHandler identical 2 lines
11-01 22:36:04.873   740 30897 W SensorService: Unknown packet type (20) received
11-01 22:36:08.866   740 31281 E FrameSetDispatcher: [HAND] Client: Failed to read from receive FMQ for 1 packets in 5000ms.
11-01 22:36:08.866   740 31281 E FrameSetDispatcher: This probably means this client is taking more than 33 ms to process the frame.
11-01 22:36:08.866   740 31281 E FrameSetDispatcher: Retrying.
11-01 22:36:09.874   740 30897 W SensorService: Unknown packet type (20) received
11-01 22:36:30.525  1058  1104 I chatty  : uid=1000(system) PackageManager expire 10 lines
11-01 22:36:30.774  1058  1058 I chatty  : uid=1000 system_server expire 5 lines
11-01 22:36:30.778  1058  1092 I chatty  : uid=1000(system) ActivityManager expire 1 line
11-01 22:36:30.791  1058  1091 I chatty  : uid=1000(system) android.bg expire 3 lines
11-01 22:36:30.810  1058  1243 I chatty  : uid=1000(system) Binder:1058_3 expire 2 lines
11-01 22:36:30.821  1058  3690 I chatty  : uid=1000(system) Binder:1058_D expire 1 line
11-01 22:36:24.877   740 30897 I chatty  : uid=1000(system) SBEventHandler identical 3 lines
11-01 22:36:29.879   740 30897 W SensorService: Unknown packet type (20) received
11-01 22:36:30.887   860  6687 I TrackingService: Unregistering client by ITrackingService.unregisterClient
11-01 22:36:30.887   860  6687 I TrackingService: Failed to unregister client because client not found in registered list
11-01 22:36:30.887   860  6687 I chatty  : uid=1000(system) Binder:860_4 identical 2 lines
11-01 22:36:30.887   860  6687 I TrackingService: Failed to unregister client because client not found in registered list
11-01 22:36:30.894  1058  4148 I chatty  : uid=1000(system) Binder:1058_11 expire 1 line
11-01 22:36:31.024   860  6687 I TrackingService: Unregistering client by ITrackingService.unregisterClient
11-01 22:36:31.024   860  6687 I TrackingService: Failed to unregister client because client not found in registered list
11-01 22:36:31.024   860  6687 I TrackingService: Failed to unregister client because client not found in registered list
11-01 22:36:31.159  1058  5382 I chatty  : uid=1000(system) Binder:1058_15 expire 1 line
11-01 22:36:31.633  1058  1243 I chatty  : uid=1000(system) Binder:1058_3 expire 1 line
11-01 22:36:31.660   860  2115 I TrackingService: TrackingService::getSharedMemoryFileDescriptor
11-01 22:36:34.415  1058  1751 I chatty  : uid=1000(system) LazyTaskWriterT expire 1 line
11-01 22:36:34.879   740 30897 W SensorService: Unknown packet type (20) received
11-01 22:36:39.879   740 30897 W SensorService: Unknown packet type (20) received
11-01 22:36:41.953   860 30903 D TrackingService: [HANDTRACKING] Controller b52e25c2474e944e in hand: Y, valid: Y
11-01 22:36:41.982   740   811 I HollywoodCameraProvider: Switching channel from HAND to CONTROLLER
11-01 22:36:41.982   740 31286 I FrameSetDispatcher: [HAND] Client thread stopping
11-01 22:36:41.982   740   811 I FrameSetDispatcher: [HAND] Client thread joined
11-01 22:36:41.982   740   811 I CameraClientManager: [HAND] Removed client - started clients: 1
11-01 22:36:41.983   740 31281 I FrameSetDispatcher: [HAND] Client thread stopping
11-01 22:36:41.983   740   811 I FrameSetDispatcher: [HAND] Client thread joined
11-01 22:36:41.983   740   811 I CameraClientManager: [HAND] Removed client - started clients: 0
11-01 22:36:41.988   740   811 I FrameSetDispatcher: [CONTROLLER] Client thread started
11-01 22:36:41.988   740   811 I CameraClientManager: [CONTROLLER] Added client - started clients: 1
11-01 22:36:41.989   860  1806 I TrackingService: ConstellationTrackingGlue: setEnableExtendedDeadreckoning to false
11-01 22:36:42.033   740 30957 W SensorService: FrameType CONTROLLER: New frameset capture timestamp exceeds tolerance bounds
11-01 22:36:42.406  1058 22843 I chatty  : uid=1000(system) Binder:1058_1E expire 4 lines
11-01 22:36:42.418   860  2115 I TrackingService: TrackingService::getSharedMemoryFileDescriptor
11-01 22:36:42.564   860  2115 I TrackingService: TrackingService::getSharedMemoryFileDescriptor
11-01 22:36:42.577  1058  4019 I chatty  : uid=1000(system) Binder:1058_10 expire 5 lines
11-01 22:36:42.602  1058  1086 I chatty  : uid=1000(system) android.display expire 6 lines
11-01 22:36:42.616  1058  4369 I chatty  : uid=1000(system) Binder:1058_12 expire 1 line
11-01 22:36:42.724   860  2115 I TrackingService: getTrackingSocketFileDescriptor
11-01 22:36:42.724   860  2115 D TrackingService: haptic socket already exists
11-01 22:36:43.605  1058  4148 I chatty  : uid=1000(system) Binder:1058_11 expire 2 lines
11-01 22:36:44.879   740 30897 W SensorService: Unknown packet type (20) received
11-01 22:36:46.872   860 30903 D TrackingService: [HANDTRACKING] Controller b52e25c2474e944e in hand: N, valid: Y
11-01 22:36:46.902   740   811 I HollywoodCameraProvider: Switching channel from CONTROLLER to HAND
11-01 22:36:46.909   740 31542 I FrameSetDispatcher: [CONTROLLER] Client thread stopping
11-01 22:36:46.909   740 30900 I FrameSetDispatcher: [CONTROLLER] Client thread joined
11-01 22:36:46.909   740 30900 I CameraClientManager: [CONTROLLER] Removed client - started clients: 0
11-01 22:36:46.912   740 30900 I FrameSetDispatcher: [HAND] Client thread started
11-01 22:36:46.912   740 30900 I CameraClientManager: [HAND] Added client - started clients: 1
11-01 22:36:46.933   740 30956 W SensorService: FrameType HAND: New frameset capture timestamp exceeds tolerance bounds
11-01 22:36:47.084   740   811 I FrameSetDispatcher: [HAND] Client thread started
11-01 22:36:47.084   740   811 E FrameSetDispatcher: [HAND] Frame Count Requirement violated: number of streaming clients: 2, maximum number of FrameSets: 2
11-01 22:36:47.084   740   811 I CameraClientManager: [HAND] Added client - started clients: 2
11-01 22:36:47.121   860  2115 I TrackingService: TrackingService::getSharedMemoryFileDescriptor
11-01 22:36:49.880   740 30897 W SensorService: Unknown packet type (20) received
11-01 22:36:54.882   740 30897 W SensorService: Unknown packet type (20) received
11-01 22:36:56.201   740 31555 E FrameSetDispatcher: [HAND] Client: Failed to read from receive FMQ for 1 packets in 5000ms.
11-01 22:36:56.201   740 31555 E FrameSetDispatcher: This probably means this client is taking more than 33 ms to process the frame.
11-01 22:36:56.201   740 31555 E FrameSetDispatcher: Retrying.
11-01 22:36:56.896   860 30903 D TrackingService: [HANDTRACKING] Controller b52e25c2474e944e in hand: Y, valid: Y
11-01 22:36:56.923   740   811 I HollywoodCameraProvider: Switching channel from HAND to CONTROLLER
11-01 22:36:56.924   740 31560 I FrameSetDispatcher: [HAND] Client thread stopping
11-01 22:36:56.924   740   811 I FrameSetDispatcher: [HAND] Client thread joined
11-01 22:36:56.924   740   811 I CameraClientManager: [HAND] Removed client - started clients: 1
11-01 22:36:56.925   740 31555 I FrameSetDispatcher: [HAND] Client thread stopping
11-01 22:36:56.925   740   811 I FrameSetDispatcher: [HAND] Client thread joined
11-01 22:36:56.925   740   811 I CameraClientManager: [HAND] Removed client - started clients: 0
11-01 22:36:56.930   740   811 I FrameSetDispatcher: [CONTROLLER] Client thread started
11-01 22:36:56.930   740   811 I CameraClientManager: [CONTROLLER] Added client - started clients: 1
11-01 22:36:56.931   860  1806 I TrackingService: ConstellationTrackingGlue: setEnableExtendedDeadreckoning to false
11-01 22:36:56.967   740 30958 W SensorService: FrameType CONTROLLER: New frameset capture timestamp exceeds tolerance bounds
11-01 22:36:57.342   860  2115 I TrackingService: Unregistering client by ITrackingService.unregisterClient
11-01 22:36:57.342   860  2115 I TrackingService: Failed to unregister client because client not found in registered list
11-01 22:36:57.342   860  2115 I TrackingService: Failed to unregister client because client not found in registered list
11-01 22:36:58.627  1058  1164 I chatty  : uid=1000(system) ConnectivitySer expire 1 line
11-01 22:36:59.255   860  6687 I TrackingService: TrackingService::getSharedMemoryFileDescriptor
11-01 22:36:59.565   860  6687 I TrackingService: TrackingService::getSharedMemoryFileDescriptor
11-01 22:36:59.576  1058 25108 I chatty  : uid=1000(system) Binder:1058_20 expire 1 line
11-01 22:36:59.646  1058 19740 I chatty  : uid=1000(system) Binder:1058_1C expire 5 lines
11-01 22:36:59.882   740 30897 W SensorService: Unknown packet type (20) received
11-01 22:37:00.211   860  6687 I TrackingService: getTrackingSocketFileDescriptor
11-01 22:37:00.211   860  6687 D TrackingService: haptic socket already exists
11-01 22:37:00.848   860  6687 I TrackingService: Unregistering client by ITrackingService.unregisterClient
11-01 22:37:00.848   860  6687 I TrackingService: Failed to unregister client because client not found in registered list
11-01 22:37:00.848   860  6687 I chatty  : uid=1000(system) Binder:860_4 identical 2 lines
11-01 22:37:00.848   860  6687 I TrackingService: Failed to unregister client because client not found in registered list
11-01 22:37:00.912  1058  3690 I chatty  : uid=1000(system) Binder:1058_D expire 1 line
11-01 22:37:01.008   860  2115 I TrackingService: TrackingService::getSharedMemoryFileDescriptor
11-01 22:37:01.022   860  2115 I TrackingService: TrackingService::getSharedMemoryFileDescriptor
11-01 22:37:01.147   860  2115 I TrackingService: Unregistering client by ITrackingService.unregisterClient
11-01 22:37:01.147   860  2115 I TrackingService: Failed to unregister client because client not found in registered list
11-01 22:37:01.147   860  2115 I chatty  : uid=1000(system) Binder:860_3 identical 1 line
11-01 22:37:01.147   860  2115 I TrackingService: Failed to unregister client because client not found in registered list
11-01 22:37:01.185  1058  5639 I chatty  : uid=1000(system) Binder:1058_16 expire 4 lines
11-01 22:37:01.227  1058 22843 I chatty  : uid=1000(system) Binder:1058_1E expire 1 line
11-01 22:37:01.245  1058  4019 I chatty  : uid=1000(system) Binder:1058_10 expire 3 lines
11-01 22:37:01.268  1058  4946 I chatty  : uid=1000(system) Binder:1058_14 expire 1 line
11-01 22:37:01.574   860  6687 I TrackingService: TrackingService::getSharedMemoryFileDescriptor
11-01 22:37:01.749  1058  1786 I chatty  : uid=1000(system) Binder:1058_8 expire 3 lines
11-01 22:37:01.795  1058  1086 I chatty  : uid=1000(system) android.display expire 11 lines
11-01 22:37:01.904  1058 19740 I chatty  : uid=1000(system) Binder:1058_1C expire 1 line
11-01 22:37:01.942  1058  1356 I chatty  : uid=1000(system) Binder:1058_4 expire 3 lines
11-01 22:37:02.086  1058  3756 I chatty  : uid=1000(system) Binder:1058_E expire 1 line
11-01 22:37:02.458  1058  1086 I chatty  : uid=1000(system) android.display expire 4 lines
11-01 22:37:02.467  1058  1356 I chatty  : uid=1000(system) Binder:1058_4 expire 1 line
11-01 22:37:03.388   860 30903 D TrackingService: [HANDTRACKING] Controller b52e25c2474e944e in hand: N, valid: Y
11-01 22:37:03.405   740   811 I HollywoodCameraProvider: Switching channel from CONTROLLER to HAND
11-01 22:37:03.406   740 31572 I FrameSetDispatcher: [CONTROLLER] Client thread stopping
11-01 22:37:03.406   740   811 I FrameSetDispatcher: [CONTROLLER] Client thread joined
11-01 22:37:03.406   740   811 I CameraClientManager: [CONTROLLER] Removed client - started clients: 0
11-01 22:37:03.413   740   811 I FrameSetDispatcher: [HAND] Client thread started
11-01 22:37:03.413   740   811 I CameraClientManager: [HAND] Added client - started clients: 1
11-01 22:37:03.434   740 30957 W SensorService: FrameType HAND: New frameset capture timestamp exceeds tolerance bounds
11-01 22:37:03.608   740   811 I FrameSetDispatcher: [HAND] Client thread started
11-01 22:37:03.608   740   811 E FrameSetDispatcher: [HAND] Frame Count Requirement violated: number of streaming clients: 2, maximum number of FrameSets: 2
11-01 22:37:03.608   740   811 I CameraClientManager: [HAND] Added client - started clients: 2
11-01 22:37:03.660   860  6687 I TrackingService: TrackingService::getSharedMemoryFileDescriptor
11-01 22:37:04.882   740 30897 W SensorService: Unknown packet type (20) received
11-01 22:37:05.821  1058  1751 I chatty  : uid=1000(system) LazyTaskWriterT expire 3 lines
11-01 22:37:40.293  1058  1092 I chatty  : uid=1000(system) ActivityManager expire 3 lines
11-01 22:37:39.886   740 30897 I chatty  : uid=1000(system) SBEventHandler identical 7 lines
11-01 22:37:44.887   740 30897 W SensorService: Unknown packet type (20) received
11-01 22:37:46.780   740 30897 E SyncBossHAL: [error  ] syncboss_hal_jedi.c(77): Failed to send telemetry event for module jedi with error -22
11-01 22:37:49.887   740 30897 W SensorService: Unknown packet type (20) received
11-01 22:38:29.897   740 30897 I chatty  : uid=1000(system) SBEventHandler identical 8 lines
11-01 22:38:34.897   740 30897 W SensorService: Unknown packet type (20) received
11-01 22:38:36.821   860 30903 D TrackingService: [HANDTRACKING] Controller b52e25c2474e944e in hand: Y, valid: Y
11-01 22:38:36.841   740   811 I HollywoodCameraProvider: Switching channel from HAND to CONTROLLER
11-01 22:38:36.842   740 31671 I FrameSetDispatcher: [HAND] Client thread stopping
11-01 22:38:36.842   740   811 I FrameSetDispatcher: [HAND] Client thread joined
11-01 22:38:36.842   740   811 I CameraClientManager: [HAND] Removed client - started clients: 1
11-01 22:38:36.845   740 31657 I FrameSetDispatcher: [HAND] Client thread stopping
11-01 22:38:36.845   740   811 I FrameSetDispatcher: [HAND] Client thread joined
11-01 22:38:36.845   740   811 I CameraClientManager: [HAND] Removed client - started clients: 0
11-01 22:38:36.849   740   811 I FrameSetDispatcher: [CONTROLLER] Client thread started
11-01 22:38:36.849   740   811 I CameraClientManager: [CONTROLLER] Added client - started clients: 1
11-01 22:38:36.850   860  1806 I TrackingService: ConstellationTrackingGlue: setEnableExtendedDeadreckoning to false
11-01 22:38:36.869   740 30958 W SensorService: FrameType CONTROLLER: New frameset capture timestamp exceeds tolerance bounds
11-01 22:38:37.755   740 30923 E FrameSetDispatcher: [HEADSET] Client: Failed to read from receive FMQ for 2 packets in 5000ms.
11-01 22:38:37.755   740 30923 E FrameSetDispatcher: This probably means this client is taking more than 33 ms to process the frame.
11-01 22:38:37.755   740 30923 E FrameSetDispatcher: Retrying.
11-01 22:38:38.990   860  6687 I TrackingService: getTrackingSocketFileDescriptor
11-01 22:38:38.990   860  6687 D TrackingService: haptic socket already exists
11-01 22:38:39.899   740 30897 W SensorService: Unknown packet type (20) received
11-01 22:38:41.300  1058 22091 I chatty  : uid=1000(system) Binder:1058_1D expire 2 lines
11-01 22:38:42.235  1058 19740 I chatty  : uid=1000(system) Binder:1058_1C expire 1 line
11-01 22:38:42.303  1058 22843 I chatty  : uid=1000(system) Binder:1058_1E expire 1 line
11-01 22:38:42.725  1058  1104 I chatty  : uid=1000(system) PackageManager expire 9 lines
11-01 22:38:42.748  1058  1058 I chatty  : uid=1000 system_server expire 2 lines
11-01 22:38:42.748  1058  1091 I chatty  : uid=1000(system) android.bg expire 2 lines
11-01 22:38:42.776  1058  1157 I chatty  : uid=1000(system) NetworkStats expire 1 line
11-01 22:38:42.786  1058  1786 I chatty  : uid=1000(system) Binder:1058_8 expire 1 line
11-01 22:38:44.901   740 30897 W SensorService: Unknown packet type (20) received
11-01 22:38:46.152   860 30903 D TrackingService: [HANDTRACKING] Controller b52e25c2474e944e in hand: N, valid: Y
11-01 22:38:46.178   740 30900 I HollywoodCameraProvider: Switching channel from CONTROLLER to HAND
11-01 22:38:46.179   740 31739 I FrameSetDispatcher: [CONTROLLER] Client thread stopping
11-01 22:38:46.180   740 30900 I FrameSetDispatcher: [CONTROLLER] Client thread joined
11-01 22:38:46.180   740 30900 I CameraClientManager: [CONTROLLER] Removed client - started clients: 0
11-01 22:38:46.182   740 30900 I FrameSetDispatcher: [HAND] Client thread started
11-01 22:38:46.182   740 30900 I CameraClientManager: [HAND] Added client - started clients: 1
11-01 22:38:46.203   740 30953 W SensorService: FrameType HAND: New frameset capture timestamp exceeds tolerance bounds
11-01 22:38:46.362   740   811 I FrameSetDispatcher: [HAND] Client thread started
11-01 22:38:46.362   740   811 E FrameSetDispatcher: [HAND] Frame Count Requirement violated: number of streaming clients: 2, maximum number of FrameSets: 2
11-01 22:38:46.362   740   811 I CameraClientManager: [HAND] Added client - started clients: 2
11-01 22:38:46.403   740 31758 E FrameSetDispatcher: [HAND] Client: Failed to read from receive FMQ for 1 packets in 5000ms.
11-01 22:38:46.403   740 31758 E FrameSetDispatcher: This probably means this client is taking more than 33 ms to process the frame.
11-01 22:38:46.403   740 31758 E FrameSetDispatcher: Retrying.
11-01 22:38:49.028   740 30897 I SyncBossHAL: [info   ] syncboss_hal_input_controller.c(59): b52e25c2xxxxxxxx: 126 missed/180126 expected (PER 0.07%)
11-01 22:38:49.902   740 30897 W SensorService: Unknown packet type (20) received
11-01 22:38:54.902   740 30897 I chatty  : uid=1000(system) SBEventHandler identical 1 line
11-01 22:38:59.903   740 30897 W SensorService: Unknown packet type (20) received
11-01 22:39:01.353   860 30903 D TrackingService: [HANDTRACKING] Controller b52e25c2474e944e in hand: Y, valid: Y
11-01 22:39:01.377   740   811 I HollywoodCameraProvider: Switching channel from HAND to CONTROLLER
11-01 22:39:01.378   740 31763 I FrameSetDispatcher: [HAND] Client thread stopping
11-01 22:39:01.378   740   811 I FrameSetDispatcher: [HAND] Client thread joined
11-01 22:39:01.378   740   811 I CameraClientManager: [HAND] Removed client - started clients: 1
11-01 22:39:01.383   740 31758 I FrameSetDispatcher: [HAND] Client thread stopping
11-01 22:39:01.384   740   811 I FrameSetDispatcher: [HAND] Client thread joined
11-01 22:39:01.384   740   811 I CameraClientManager: [HAND] Removed client - started clients: 0
11-01 22:39:01.390   740   811 I FrameSetDispatcher: [CONTROLLER] Client thread started
11-01 22:39:01.390   740   811 I CameraClientManager: [CONTROLLER] Added client - started clients: 1
11-01 22:39:01.392   860  1806 I TrackingService: ConstellationTrackingGlue: setEnableExtendedDeadreckoning to false
11-01 22:39:01.403   740 30958 W SensorService: FrameType CONTROLLER: New frameset capture timestamp exceeds tolerance bounds
11-01 22:39:04.904   740 30897 W SensorService: Unknown packet type (20) received
11-01 22:39:06.811  1058  1104 I chatty  : uid=1000(system) PackageManager expire 14 lines
11-01 22:39:07.059  1058  1058 I chatty  : uid=1000 system_server expire 4 lines
11-01 22:39:07.062  1058  1091 I chatty  : uid=1000(system) android.bg expire 2 lines
11-01 22:39:07.065  1058  1092 I chatty  : uid=1000(system) ActivityManager expire 1 line
11-01 22:39:07.097  1058 18522 I chatty  : uid=1000(system) Binder:1058_1B expire 3 lines
11-01 22:39:07.202   860   860 I TrackingService: Unregistering client by ITrackingService.unregisterClient
11-01 22:39:07.202   860   860 I TrackingService: Failed to unregister client because client not found in registered list
11-01 22:39:07.202   860   860 I chatty  : uid=1000(system) /system/bin/trackingservice identical 2 lines
11-01 22:39:07.202   860   860 I TrackingService: Failed to unregister client because client not found in registered list
11-01 22:39:07.248  1058  1093 I chatty  : uid=1000(system) ActivityManager expire 6 lines
11-01 22:39:07.266   860  6687 I TrackingService: Unregistering client by ITrackingService.unregisterClient
11-01 22:39:07.266   860  6687 I TrackingService: Failed to unregister client because client not found in registered list
11-01 22:39:07.266   860  6687 I TrackingService: Failed to unregister client because client not found in registered list
11-01 22:39:07.277  1058  1058 I chatty  : uid=1000 system_server expire 1 line
11-01 22:39:07.357  1058  4019 I chatty  : uid=1000(system) Binder:1058_10 expire 5 lines
11-01 22:39:07.479  1058  1091 I chatty  : uid=1000(system) android.bg expire 1 line
11-01 22:39:08.666  1058 19740 I chatty  : uid=1000(system) Binder:1058_1C expire 2 lines
11-01 22:39:08.695   860  2115 I TrackingService: TrackingService::getSharedMemoryFileDescriptor
11-01 22:39:09.904   740 30897 W SensorService: Unknown packet type (20) received
11-01 22:39:10.702  1058  1751 I chatty  : uid=1000(system) LazyTaskWriterT expire 1 line
11-01 22:39:24.525  1058  3689 I chatty  : uid=1000(system) Binder:1058_C expire 2 lines
11-01 22:39:14.906   740 30897 I chatty  : uid=1000(system) SBEventHandler identical 1 line
11-01 22:39:19.906   740 30897 W SensorService: Unknown packet type (20) received
11-01 22:39:24.548   860  2115 I TrackingService: TrackingService::getSharedMemoryFileDescriptor
11-01 22:39:24.634   860  2115 I TrackingService: TrackingService::getSharedMemoryFileDescriptor
11-01 22:39:24.673  1058  1086 I chatty  : uid=1000(system) android.display expire 4 lines
11-01 22:39:24.679  1058  1356 I chatty  : uid=1000(system) Binder:1058_4 expire 1 line
11-01 22:39:24.906   740 30897 W SensorService: Unknown packet type (20) received
11-01 22:39:25.084   860  2115 I TrackingService: getTrackingSocketFileDescriptor
11-01 22:39:25.084   860  2115 D TrackingService: haptic socket already exists
11-01 22:39:25.493  1058  4148 I chatty  : uid=1000(system) Binder:1058_11 expire 5 lines
11-01 22:39:25.525  1058  3756 I chatty  : uid=1000(system) Binder:1058_E expire 4 lines
11-01 22:39:25.536   860  6687 I TrackingService: Unregistering client by ITrackingService.unregisterClient
11-01 22:39:25.536   860  6687 I TrackingService: Failed to unregister client because client not found in registered list
11-01 22:39:25.536   860  6687 I chatty  : uid=1000(system) Binder:860_4 identical 2 lines
11-01 22:39:25.536   860  6687 I TrackingService: Failed to unregister client because client not found in registered list
11-01 22:39:25.662  1058  7808 I chatty  : uid=1000(system) Binder:1058_1A expire 1 line
11-01 22:39:25.715   860  6687 I TrackingService: TrackingService::getSharedMemoryFileDescriptor
11-01 22:39:25.776   860  6687 I TrackingService: TrackingService::getSharedMemoryFileDescriptor
11-01 22:39:25.820  1058 22843 I chatty  : uid=1000(system) Binder:1058_1E expire 1 line
11-01 22:39:25.904   860  6687 I TrackingService: Unregistering client by ITrackingService.unregisterClient
11-01 22:39:25.908   860  6687 I TrackingService: Failed to unregister client because client not found in registered list
11-01 22:39:25.908   860  6687 I chatty  : uid=1000(system) Binder:860_4 identical 1 line
11-01 22:39:25.908   860  6687 I TrackingService: Failed to unregister client because client not found in registered list
11-01 22:39:26.146   860  6687 I TrackingService: TrackingService::getSharedMemoryFileDescriptor
11-01 22:39:26.148  1058 18522 I chatty  : uid=1000(system) Binder:1058_1B expire 2 lines
11-01 22:39:26.262  1058  3689 I chatty  : uid=1000(system) Binder:1058_C expire 2 lines
11-01 22:39:26.293  1058  1086 I chatty  : uid=1000(system) android.display expire 10 lines
11-01 22:39:26.381  1058  4483 I chatty  : uid=1000(system) Binder:1058_13 expire 3 lines
11-01 22:39:26.409  1058  1356 I chatty  : uid=1000(system) Binder:1058_4 expire 2 lines
11-01 22:39:26.423  1058  3690 I chatty  : uid=1000(system) Binder:1058_D expire 2 lines
11-01 22:39:26.519  1058  1084 I chatty  : uid=1000(system) android.ui expire 1 line
11-01 22:39:26.656  1058  4019 I chatty  : uid=1000(system) Binder:1058_10 expire 2 lines
11-01 22:39:27.052  1058 22091 I chatty  : uid=1000(system) Binder:1058_1D expire 2 lines
11-01 22:39:29.265   860 30903 D TrackingService: [HANDTRACKING] Controller b52e25c2474e944e in hand: N, valid: Y
11-01 22:39:29.287   740   811 I HollywoodCameraProvider: Switching channel from CONTROLLER to HAND
11-01 22:39:29.288   740 31773 I FrameSetDispatcher: [CONTROLLER] Client thread stopping
11-01 22:39:29.288   740   811 I FrameSetDispatcher: [CONTROLLER] Client thread joined
11-01 22:39:29.288   740   811 I CameraClientManager: [CONTROLLER] Removed client - started clients: 0
11-01 22:39:29.291   740   811 I FrameSetDispatcher: [HAND] Client thread started
11-01 22:39:29.291   740   811 I CameraClientManager: [HAND] Added client - started clients: 1
11-01 22:39:29.337   740 30958 W SensorService: FrameType HAND: New frameset capture timestamp exceeds tolerance bounds
11-01 22:39:29.461   740   811 I FrameSetDispatcher: [HAND] Client thread started
11-01 22:39:29.461   740   811 E FrameSetDispatcher: [HAND] Frame Count Requirement violated: number of streaming clients: 2, maximum number of FrameSets: 2
11-01 22:39:29.462   740   811 I CameraClientManager: [HAND] Added client - started clients: 2
11-01 22:39:29.509   860  6687 I TrackingService: TrackingService::getSharedMemoryFileDescriptor
11-01 22:39:29.906   740 30897 W SensorService: Unknown packet type (20) received
11-01 22:39:30.315  1058  1751 I chatty  : uid=1000(system) LazyTaskWriterT expire 3 lines
11-01 22:39:34.908   740 30897 W SensorService: Unknown packet type (20) received
11-01 22:39:35.821   860 30903 D TrackingService: [HANDTRACKING] Controller b52e25c2474e944e in hand: Y, valid: Y
11-01 22:39:35.850   740   811 I HollywoodCameraProvider: Switching channel from HAND to CONTROLLER
11-01 22:39:35.851   740 31940 I FrameSetDispatcher: [HAND] Client thread stopping
11-01 22:39:35.851   740   811 I FrameSetDispatcher: [HAND] Client thread joined
11-01 22:39:35.851   740   811 I CameraClientManager: [HAND] Removed client - started clients: 1
11-01 22:39:35.852   740 31935 I FrameSetDispatcher: [HAND] Client thread stopping
11-01 22:39:35.852   740   811 I FrameSetDispatcher: [HAND] Client thread joined
11-01 22:39:35.852   740   811 I CameraClientManager: [HAND] Removed client - started clients: 0
11-01 22:39:35.856   740   811 I FrameSetDispatcher: [CONTROLLER] Client thread started
11-01 22:39:35.856   740   811 I CameraClientManager: [CONTROLLER] Added client - started clients: 1
11-01 22:39:35.857   860  1806 I TrackingService: ConstellationTrackingGlue: setEnableExtendedDeadreckoning to false
11-01 22:39:35.870   740 30953 W SensorService: FrameType CONTROLLER: New frameset capture timestamp exceeds tolerance bounds
11-01 22:39:36.961   860  6687 I TrackingService: getTrackingSocketFileDescriptor
11-01 22:39:36.961   860  6687 D TrackingService: haptic socket already exists
11-01 22:39:38.893  1058  3689 I chatty  : uid=1000(system) Binder:1058_C expire 1 line
11-01 22:39:38.921  1058  1086 I chatty  : uid=1000(system) android.display expire 3 lines
11-01 22:39:38.940  1058  3756 I chatty  : uid=1000(system) Binder:1058_E expire 1 line
11-01 22:39:39.684  1058  1081 I chatty  : uid=1000(system) Binder:1058_1 expire 2 lines
11-01 22:39:39.768  1058  1092 I chatty  : uid=1000(system) ActivityManager expire 2 lines
11-01 22:39:39.909   740 30897 W SensorService: Unknown packet type (20) received
11-01 22:39:40.109  1058  1104 I chatty  : uid=1000(system) PackageManager expire 12 lines
11-01 22:39:40.119  1058  1058 I chatty  : uid=1000 system_server expire 2 lines
11-01 22:39:40.143  1058  1091 I chatty  : uid=1000(system) android.bg expire 2 lines
11-01 22:39:40.151  1058  4148 I chatty  : uid=1000(system) Binder:1058_11 expire 1 line
11-01 22:39:40.163  1058  1157 I chatty  : uid=1000(system) NetworkStats expire 1 line
11-01 22:39:42.237   860 30903 D TrackingService: [HANDTRACKING] Controller b52e25c2474e944e in hand: N, valid: Y
11-01 22:39:42.263   740 30900 I HollywoodCameraProvider: Switching channel from CONTROLLER to HAND
11-01 22:39:42.265   740 31946 I FrameSetDispatcher: [CONTROLLER] Client thread stopping
11-01 22:39:42.266   740 30900 I FrameSetDispatcher: [CONTROLLER] Client thread joined
11-01 22:39:42.266   740 30900 I CameraClientManager: [CONTROLLER] Removed client - started clients: 0
11-01 22:39:42.269   740 30900 I FrameSetDispatcher: [HAND] Client thread started
11-01 22:39:42.269   740 30900 I CameraClientManager: [HAND] Added client - started clients: 1
11-01 22:39:42.304   740 30957 W SensorService: FrameType HAND: New frameset capture timestamp exceeds tolerance bounds
11-01 22:39:42.443   740   811 I FrameSetDispatcher: [HAND] Client thread started
11-01 22:39:42.443   740   811 E FrameSetDispatcher: [HAND] Frame Count Requirement violated: number of streaming clients: 2, maximum number of FrameSets: 2
11-01 22:39:42.443   740   811 I CameraClientManager: [HAND] Added client - started clients: 2
11-01 22:39:43.004   740 31964 E FrameSetDispatcher: [HAND] Client: Failed to read from receive FMQ for 1 packets in 5000ms.
11-01 22:39:43.004   740 31964 E FrameSetDispatcher: This probably means this client is taking more than 33 ms to process the frame.
11-01 22:39:43.004   740 31964 E FrameSetDispatcher: Retrying.
11-01 22:39:44.911   740 30897 W SensorService: Unknown packet type (20) received
11-01 22:39:47.824   740 30923 E FrameSetDispatcher: [HEADSET] Client: Failed to read from receive FMQ for 1 packets in 5000ms.
11-01 22:39:47.824   740 30923 E FrameSetDispatcher: This probably means this client is taking more than 33 ms to process the frame.
11-01 22:39:47.824   740 30923 E FrameSetDispatcher: Retrying.
11-01 22:39:49.912   740 30897 W SensorService: Unknown packet type (20) received
11-01 22:40:04.864  1058  1104 I chatty  : uid=1000(system) PackageManager expire 11 lines
11-01 22:40:05.133  1058  1058 I chatty  : uid=1000 system_server expire 5 lines
11-01 22:40:05.136  1058  1092 I chatty  : uid=1000(system) ActivityManager expire 1 line
11-01 22:40:05.142  1058  1091 I chatty  : uid=1000(system) android.bg expire 3 lines
11-01 22:40:05.162  1058  3690 I chatty  : uid=1000(system) Binder:1058_D expire 3 lines
11-01 22:40:05.265  1058 18522 I chatty  : uid=1000(system) Binder:1058_1B expire 2 lines
11-01 22:39:59.913   740 30897 I chatty  : uid=1000(system) SBEventHandler identical 2 lines
11-01 22:40:04.914   740 30897 W SensorService: Unknown packet type (20) received
11-01 22:40:05.279   860  6687 I TrackingService: Unregistering client by ITrackingService.unregisterClient
11-01 22:40:05.279   860  6687 I TrackingService: Failed to unregister client because client not found in registered list
11-01 22:40:05.279   860  6687 I chatty  : uid=1000(system) Binder:860_4 identical 2 lines
11-01 22:40:05.279   860  6687 I TrackingService: Failed to unregister client because client not found in registered list
11-01 22:40:05.286  1058  1093 I chatty  : uid=1000(system) ActivityManager expire 1 line
11-01 22:40:05.404   860  2115 I TrackingService: Unregistering client by ITrackingService.unregisterClient
11-01 22:40:05.404   860  2115 I TrackingService: Failed to unregister client because client not found in registered list
11-01 22:40:05.404   860  2115 I TrackingService: Failed to unregister client because client not found in registered list
11-01 22:40:05.529  1058 19740 I chatty  : uid=1000(system) Binder:1058_1C expire 2 lines
11-01 22:40:05.564  1058  7808 I chatty  : uid=1000(system) Binder:1058_1A expire 1 line
11-01 22:40:06.709   860  2115 I TrackingService: TrackingService::getSharedMemoryFileDescriptor
11-01 22:40:08.769  1058  1751 I chatty  : uid=1000(system) LazyTaskWriterT expire 1 line
11-01 22:40:09.915   740 30897 W SensorService: Unknown packet type (20) received
11-01 22:40:24.918   740 30897 I chatty  : uid=1000(system) SBEventHandler identical 3 lines
11-01 22:40:29.919   740 30897 W SensorService: Unknown packet type (20) received
11-01 22:40:30.373   860 30903 D TrackingService: [HANDTRACKING] Controller b52e25c2474e944e in hand: Y, valid: Y
11-01 22:40:30.406   740   811 I HollywoodCameraProvider: Switching channel from HAND to CONTROLLER
11-01 22:40:30.407   740 31969 I FrameSetDispatcher: [HAND] Client thread stopping
11-01 22:40:30.407   740   811 I FrameSetDispatcher: [HAND] Client thread joined
11-01 22:40:30.407   740   811 I CameraClientManager: [HAND] Removed client - started clients: 1
11-01 22:40:30.418   740 31964 I FrameSetDispatcher: [HAND] Client thread stopping
11-01 22:40:30.418   740   811 I FrameSetDispatcher: [HAND] Client thread joined
11-01 22:40:30.418   740   811 I CameraClientManager: [HAND] Removed client - started clients: 0
11-01 22:40:30.424   740   811 I FrameSetDispatcher: [CONTROLLER] Client thread started
11-01 22:40:30.424   740   811 I CameraClientManager: [CONTROLLER] Added client - started clients: 1
11-01 22:40:30.425   860  1806 I TrackingService: ConstellationTrackingGlue: setEnableExtendedDeadreckoning to false
11-01 22:40:30.438   740 30956 W SensorService: FrameType CONTROLLER: New frameset capture timestamp exceeds tolerance bounds
11-01 22:40:30.851   860  1982 I TrackingService: TrackingService::getSharedMemoryFileDescriptor
11-01 22:40:31.168   860  1982 I TrackingService: TrackingService::getSharedMemoryFileDescriptor
11-01 22:40:31.217  1058  1086 I chatty  : uid=1000(system) android.display expire 6 lines
11-01 22:40:31.223  1058 19740 I chatty  : uid=1000(system) Binder:1058_1C expire 5 lines
11-01 22:40:31.676   860  1982 I TrackingService: getTrackingSocketFileDescriptor
11-01 22:40:31.676   860  1982 D TrackingService: haptic socket already exists
11-01 22:40:32.066  1058  4483 I chatty  : uid=1000(system) Binder:1058_13 expire 5 lines
11-01 22:40:32.121   860  1982 I TrackingService: Unregistering client by ITrackingService.unregisterClient
11-01 22:40:32.121   860  1982 I TrackingService: Failed to unregister client because client not found in registered list
11-01 22:40:32.121   860  1982 I chatty  : uid=1000(system) Binder:860_2 identical 2 lines
11-01 22:40:32.121   860  1982 I TrackingService: Failed to unregister client because client not found in registered list
11-01 22:40:32.204  1058  3756 I chatty  : uid=1000(system) Binder:1058_E expire 1 line
11-01 22:40:32.219  1058  1786 I chatty  : uid=1000(system) Binder:1058_8 expire 2 lines
11-01 22:40:32.220   860  1982 I TrackingService: TrackingService::getSharedMemoryFileDescriptor
11-01 22:40:32.270  1058 22843 I chatty  : uid=1000(system) Binder:1058_1E expire 1 line
11-01 22:40:32.278   860  6687 I TrackingService: TrackingService::getSharedMemoryFileDescriptor
11-01 22:40:32.400   860  6687 I TrackingService: Unregistering client by ITrackingService.unregisterClient
11-01 22:40:32.400   860  6687 I TrackingService: Failed to unregister client because client not found in registered list
11-01 22:40:32.400   860  6687 I chatty  : uid=1000(system) Binder:860_4 identical 1 line
11-01 22:40:32.400   860  6687 I TrackingService: Failed to unregister client because client not found in registered list
11-01 22:40:32.426  1058  4019 I chatty  : uid=1000(system) Binder:1058_10 expire 4 lines
11-01 22:40:32.434  1058  7808 I chatty  : uid=1000(system) Binder:1058_1A expire 3 lines
11-01 22:40:32.667   860  6687 I TrackingService: TrackingService::getSharedMemoryFileDescriptor
11-01 22:40:33.099  1058  1084 I chatty  : uid=1000(system) android.ui expire 2 lines
11-01 22:40:33.167  1058  1086 I chatty  : uid=1000(system) android.display expire 10 lines
11-01 22:40:33.189  1058  7808 I chatty  : uid=1000(system) Binder:1058_1A expire 3 lines
11-01 22:40:33.199  1058  4019 I chatty  : uid=1000(system) Binder:1058_10 expire 1 line
11-01 22:40:33.256  1058 19740 I chatty  : uid=1000(system) Binder:1058_1C expire 1 line
11-01 22:40:33.284  1058  3756 I chatty  : uid=1000(system) Binder:1058_E expire 2 lines
11-01 22:40:33.381  1058  1786 I chatty  : uid=1000(system) Binder:1058_8 expire 2 lines
11-01 22:40:33.523  1058  4483 I chatty  : uid=1000(system) Binder:1058_13 expire 1 line
11-01 22:40:34.313   860 30903 D TrackingService: [HANDTRACKING] Controller b52e25c2474e944e in hand: N, valid: Y
11-01 22:40:34.331   740   811 I HollywoodCameraProvider: Switching channel from CONTROLLER to HAND
11-01 22:40:34.332   740 32068 I FrameSetDispatcher: [CONTROLLER] Client thread stopping
11-01 22:40:34.333   740   811 I FrameSetDispatcher: [CONTROLLER] Client thread joined
11-01 22:40:34.333   740   811 I CameraClientManager: [CONTROLLER] Removed client - started clients: 0
11-01 22:40:34.337   740   811 I FrameSetDispatcher: [HAND] Client thread started
11-01 22:40:34.337   740   811 I CameraClientManager: [HAND] Added client - started clients: 1
11-01 22:40:34.371   740 30956 W SensorService: FrameType HAND: New frameset capture timestamp exceeds tolerance bounds
11-01 22:40:34.518   740   811 I FrameSetDispatcher: [HAND] Client thread started
11-01 22:40:34.518   740   811 E FrameSetDispatcher: [HAND] Frame Count Requirement violated: number of streaming clients: 2, maximum number of FrameSets: 2
11-01 22:40:34.518   740   811 I CameraClientManager: [HAND] Added client - started clients: 2
11-01 22:40:34.564   860  1982 I TrackingService: TrackingService::getSharedMemoryFileDescriptor
11-01 22:40:34.920   740 30897 W SensorService: Unknown packet type (20) received
11-01 22:40:36.902  1058  1751 I chatty  : uid=1000(system) LazyTaskWriterT expire 1 line
11-01 22:41:14.604  1058  1092 I chatty  : uid=1000(system) ActivityManager expire 1 line
11-01 22:41:44.932   740 30897 I chatty  : uid=1000(system) SBEventHandler identical 14 lines
11-01 22:41:49.933   740 30897 W SensorService: Unknown packet type (20) received
11-01 22:41:51.010   740 30897 I SyncBossHAL: [info   ] syncboss_hal_input_controller.c(59): b52e25c2xxxxxxxx: 133 missed/270133 expected (PER 0.05%)
11-01 22:41:54.933   740 30897 W SensorService: Unknown packet type (20) received
11-01 22:42:04.935   740 30897 I chatty  : uid=1000(system) SBEventHandler identical 2 lines
11-01 22:42:09.935   740 30897 W SensorService: Unknown packet type (20) received
11-01 22:42:14.634   740 30897 W SensorService: Arrival timestamp too late
11-01 22:42:14.665   740 30897 W SensorService: Arrival timestamp too early
11-01 22:42:14.937   740 30897 W SensorService: Unknown packet type (20) received
11-01 22:42:39.942   740 30897 I chatty  : uid=1000(system) SBEventHandler identical 5 lines
11-01 22:42:44.944   740 30897 W SensorService: Unknown packet type (20) received
11-01 22:42:48.752   740 30897 E SyncBossHAL: [error  ] syncboss_hal_jedi.c(77): Failed to send telemetry event for module jedi with error -22
11-01 22:42:49.945   740 30897 W SensorService: Unknown packet type (20) received
11-01 22:43:04.947   740 30897 I chatty  : uid=1000(system) SBEventHandler identical 3 lines
11-01 22:43:09.947   740 30897 W SensorService: Unknown packet type (20) received
11-01 22:43:11.928   740 30923 E FrameSetDispatcher: [HEADSET] Client: Failed to read from receive FMQ for 1 packets in 5000ms.
11-01 22:43:11.928   740 30923 E FrameSetDispatcher: This probably means this client is taking more than 33 ms to process the frame.
11-01 22:43:11.928   740 30923 E FrameSetDispatcher: Retrying.
11-01 22:43:12.157   860 30903 D TrackingService: [HANDTRACKING] Controller b52e25c2474e944e in hand: Y, valid: Y
11-01 22:43:12.178   740 30900 I HollywoodCameraProvider: Switching channel from HAND to CONTROLLER
11-01 22:43:12.179   740 32148 I FrameSetDispatcher: [HAND] Client thread stopping
11-01 22:43:12.179   740 30900 I FrameSetDispatcher: [HAND] Client thread joined
11-01 22:43:12.179   740 30900 I CameraClientManager: [HAND] Removed client - started clients: 1
11-01 22:43:12.184   740 32143 I FrameSetDispatcher: [HAND] Client thread stopping
11-01 22:43:12.184   740 30900 I FrameSetDispatcher: [HAND] Client thread joined
