11-01 20:41:35.434  1058  6298 I chatty  : uid=1000(system) Binder:1058_19 expire 2 lines
11-01 20:41:35.566  1058  1356 I chatty  : uid=1000(system) Binder:1058_4 expire 3 lines
11-01 20:41:35.807  1058  6298 I chatty  : uid=1000(system) Binder:1058_19 expire 4 lines
11-01 20:41:35.889  1058  1086 I chatty  : uid=1000(system) android.display expire 6 lines
11-01 20:41:35.920  1058 18522 I chatty  : uid=1000(system) Binder:1058_1B expire 3 lines
11-01 20:41:39.284  1058  1751 I chatty  : uid=1000(system) LazyTaskWriterT expire 2 lines
11-01 20:41:40.031  1058  3690 I chatty  : uid=1000(system) Binder:1058_D expire 2 lines
11-01 20:41:40.520  1058  1081 I chatty  : uid=1000(system) Binder:1058_1 expire 2 lines
11-01 20:41:41.158  1058  4019 I chatty  : uid=1000(system) Binder:1058_10 expire 2 lines
11-01 20:41:42.042  1058  1412 I chatty  : uid=1000(system) Binder:1058_6 expire 1 line
11-01 20:41:42.106  1058  1405 I chatty  : uid=1000(system) Binder:1058_5 expire 1 line
11-01 20:41:55.642  1058  7808 I chatty  : uid=1000(system) Binder:1058_1A expire 4 lines
11-01 20:41:55.689  1058 22091 I chatty  : uid=1000(system) Binder:1058_1D expire 6 lines
11-01 20:41:56.676  1058  1086 I chatty  : uid=1000(system) android.display expire 5 lines
11-01 20:41:56.686  1058  1786 I chatty  : uid=1000(system) Binder:1058_8 expire 1 line
11-01 20:41:56.695  1058  1412 I chatty  : uid=1000(system) Binder:1058_6 expire 6 lines
11-01 20:41:57.092  1058  1081 I chatty  : uid=1000(system) Binder:1058_1 expire 1 line
11-01 20:41:57.150  1058  3690 I chatty  : uid=1000(system) Binder:1058_D expire 2 lines
11-01 20:41:57.381  1058  1405 I chatty  : uid=1000(system) Binder:1058_5 expire 2 lines
11-01 20:41:57.391  1058 18522 I chatty  : uid=1000(system) Binder:1058_1B expire 1 line
11-01 20:41:57.497  1058  3690 I chatty  : uid=1000(system) Binder:1058_D expire 5 lines
11-01 20:41:57.526  1058  1086 I chatty  : uid=1000(system) android.display expire 11 lines
11-01 20:41:57.533  1058  1412 I chatty  : uid=1000(system) Binder:1058_6 expire 3 lines
11-01 20:41:57.559  1058  1084 I chatty  : uid=1000(system) android.ui expire 2 lines
11-01 20:41:57.605  1058  4019 I chatty  : uid=1000(system) Binder:1058_10 expire 2 lines
11-01 20:41:57.879  1058  1081 I chatty  : uid=1000(system) Binder:1058_1 expire 1 line
11-01 20:41:58.052  1058  6298 I chatty  : uid=1000(system) Binder:1058_19 expire 1 line
11-01 20:42:00.770  1058  1751 I chatty  : uid=1000(system) LazyTaskWriterT expire 1 line
11-01 20:42:38.039  1058  1092 I chatty  : uid=1000(system) ActivityManager expire 1 line
11-01 20:45:21.953  1058  3689 I chatty  : uid=1000(system) Binder:1058_C expire 2 lines
11-01 20:45:22.008  1058  1786 I chatty  : uid=1000(system) Binder:1058_8 expire 1 line
11-01 20:45:22.076  1058  4019 I chatty  : uid=1000(system) Binder:1058_10 expire 2 lines
11-01 20:45:22.115  1058  7808 I chatty  : uid=1000(system) Binder:1058_1A expire 3 lines
11-01 20:45:22.139  1058  1086 I chatty  : uid=1000(system) android.display expire 4 lines
11-01 20:45:23.932  1058 22091 I chatty  : uid=1000(system) Binder:1058_1D expire 1 line
11-01 20:45:23.979  1058  5679 I chatty  : uid=1000(system) Binder:1058_17 expire 2 lines
11-01 20:45:24.824  1058  3690 I chatty  : uid=1000(system) Binder:1058_D expire 1 line
11-01 20:45:24.924  1058  1092 I chatty  : uid=1000(system) ActivityManager expire 2 lines
11-01 20:45:25.046  1058  1751 I chatty  : uid=1000(system) LazyTaskWriterT expire 2 lines
11-01 20:45:25.292  1058  1104 I chatty  : uid=1000(system) PackageManager expire 7 lines
11-01 20:45:25.310  1058  1058 I chatty  : uid=1000 system_server expire 2 lines
11-01 20:45:25.320  1058  1091 I chatty  : uid=1000(system) android.bg expire 2 lines
11-01 20:45:25.344  1058  1157 I chatty  : uid=1000(system) NetworkStats expire 1 line
11-01 20:45:54.238  1058  1104 I chatty  : uid=1000(system) PackageManager expire 16 lines
11-01 20:45:54.504  1058  1058 I chatty  : uid=1000 system_server expire 5 lines
11-01 20:45:54.505  1058  1091 I chatty  : uid=1000(system) android.bg expire 2 lines
11-01 20:45:54.510  1058  1092 I chatty  : uid=1000(system) ActivityManager expire 1 line
11-01 20:45:54.544  1058 22843 I chatty  : uid=1000(system) Binder:1058_1E expire 2 lines
11-01 20:45:54.646  1058  3690 I chatty  : uid=1000(system) Binder:1058_D expire 1 line
11-01 20:45:54.650  1058  1093 I chatty  : uid=1000(system) ActivityManager expire 2 lines
11-01 20:45:54.855  1058  1091 I chatty  : uid=1000(system) android.bg expire 1 line
11-01 20:45:54.889  1058  4148 I chatty  : uid=1000(system) Binder:1058_11 expire 2 lines
11-01 20:45:55.716  1058  4483 I chatty  : uid=1000(system) Binder:1058_13 expire 1 line
11-01 20:45:58.154  1058  1751 I chatty  : uid=1000(system) LazyTaskWriterT expire 1 line
11-01 20:46:10.931  1058  3690 I chatty  : uid=1000(system) Binder:1058_D expire 1 line
11-01 20:46:11.226  1058  6298 I chatty  : uid=1000(system) Binder:1058_19 expire 5 lines
11-01 20:46:11.260  1058  3810 I chatty  : uid=1000(system) Binder:1058_F expire 2 lines
11-01 20:46:11.262  1058  1086 I chatty  : uid=1000(system) android.display expire 4 lines
11-01 20:46:12.690  1058 22843 I chatty  : uid=1000(system) Binder:1058_1E expire 4 lines
11-01 20:46:12.817  1058  4946 I chatty  : uid=1000(system) Binder:1058_14 expire 2 lines
11-01 20:46:12.978  1058  1081 I chatty  : uid=1000(system) Binder:1058_1 expire 3 lines
11-01 20:46:13.142  1058  1405 I chatty  : uid=1000(system) Binder:1058_5 expire 1 line
11-01 20:46:13.280  1058 19740 I chatty  : uid=1000(system) Binder:1058_1C expire 1 line
11-01 20:46:13.304  1058  1412 I chatty  : uid=1000(system) Binder:1058_6 expire 2 lines
11-01 20:46:13.468  1058  3810 I chatty  : uid=1000(system) Binder:1058_F expire 3 lines
11-01 20:46:13.480  1058  1405 I chatty  : uid=1000(system) Binder:1058_5 expire 2 lines
11-01 20:46:13.545  1058  1086 I chatty  : uid=1000(system) android.display expire 9 lines
11-01 20:46:13.604  1058 19740 I chatty  : uid=1000(system) Binder:1058_1C expire 4 lines
11-01 20:46:13.768  1058  3689 I chatty  : uid=1000(system) Binder:1058_C expire 1 line
11-01 20:46:13.904  1058  1081 I chatty  : uid=1000(system) Binder:1058_1 expire 1 line
11-01 20:46:14.013  1058  1243 I chatty  : uid=1000(system) Binder:1058_3 expire 2 lines
11-01 20:46:17.399  1058  1751 I chatty  : uid=1000(system) LazyTaskWriterT expire 1 line
11-01 20:46:57.730  1058  1164 I chatty  : uid=1000(system) ConnectivitySer expire 1 line
11-01 20:47:04.068  1058  1092 I chatty  : uid=1000(system) ActivityManager expire 1 line
11-01 20:50:32.884  1058  1058 I chatty  : uid=1000 system_server expire 1 line
11-01 20:50:32.915  1058 23869 I chatty  : uid=1000(system) Binder:1058_1F expire 2 lines
11-01 20:50:32.915  1058  1164 I chatty  : uid=1000(system) ConnectivitySer expire 2 lines
11-01 20:50:32.916  1058  4369 I chatty  : uid=1000(system) Binder:1058_12 expire 2 lines
11-01 20:50:33.938  1058  1093 I chatty  : uid=1000(system) ActivityManager expire 1 line
11-01 20:51:12.478  1058  1097 I chatty  : uid=1000(system) batterystats-wo expire 4 lines
11-01 20:55:11.933  1058  1091 I chatty  : uid=1000(system) android.bg expire 2 lines
11-01 20:58:03.277  1058  6293 I chatty  : uid=1000(system) Binder:1058_18 expire 5 lines
11-01 20:58:03.321  1058  1086 I chatty  : uid=1000(system) android.display expire 5 lines
11-01 20:58:05.286  1058  1405 I chatty  : uid=1000(system) Binder:1058_5 expire 1 line
11-01 20:58:06.444  1058 19740 I chatty  : uid=1000(system) Binder:1058_1C expire 1 line
11-01 20:58:06.503  1058  2461 I chatty  : uid=1000(system) Binder:1058_9 expire 1 line
11-01 20:58:06.543  1058  1092 I chatty  : uid=1000(system) ActivityManager expire 2 lines
11-01 20:58:06.649  1058  1751 I chatty  : uid=1000(system) LazyTaskWriterT expire 1 line
11-01 20:58:06.936  1058  1104 I chatty  : uid=1000(system) PackageManager expire 22 lines
11-01 20:58:06.943  1058  1751 I chatty  : uid=1000(system) LazyTaskWriterT expire 1 line
11-01 20:58:06.949  1058  1058 I chatty  : uid=1000 system_server expire 2 lines
11-01 20:58:06.953  1058  1091 I chatty  : uid=1000(system) android.bg expire 2 lines
11-01 20:58:07.004  1058  4369 I chatty  : uid=1000(system) Binder:1058_12 expire 1 line
11-01 20:58:07.033  1058  1157 I chatty  : uid=1000(system) NetworkStats expire 1 line
11-01 20:58:30.300  1058  1104 I chatty  : uid=1000(system) PackageManager expire 1 line
11-01 20:58:30.314  1058  1058 I chatty  : uid=1000 system_server expire 4 lines
11-01 20:58:30.317  1058  1091 I chatty  : uid=1000(system) android.bg expire 3 lines
11-01 20:58:30.319  1058  1092 I chatty  : uid=1000(system) ActivityManager expire 1 line
11-01 20:58:30.348  1058  1082 I chatty  : uid=1000(system) Binder:1058_2 expire 2 lines
11-01 20:58:30.403  1058 22843 I chatty  : uid=1000(system) Binder:1058_1E expire 1 line
11-01 20:58:30.438  1058  4148 I chatty  : uid=1000(system) Binder:1058_11 expire 2 lines
11-01 20:58:30.498  1058  1093 I chatty  : uid=1000(system) ActivityManager expire 5 lines
11-01 20:58:30.604  1058  1519 I chatty  : uid=1000(system) Binder:1058_7 expire 1 line
11-01 20:58:31.367  1058  6293 I chatty  : uid=1000(system) Binder:1058_18 expire 2 lines
11-01 20:58:33.947  1058  1751 I chatty  : uid=1000(system) LazyTaskWriterT expire 1 line
11-01 20:58:53.973  1058 19740 I chatty  : uid=1000(system) Binder:1058_1C expire 2 lines
11-01 20:58:53.996  1058  1086 I chatty  : uid=1000(system) android.display expire 7 lines
11-01 20:58:54.874  1058  6293 I chatty  : uid=1000(system) Binder:1058_18 expire 5 lines
11-01 20:58:54.963  1058  2461 I chatty  : uid=1000(system) Binder:1058_9 expire 4 lines
11-01 20:58:55.068  1058  1405 I chatty  : uid=1000(system) Binder:1058_5 expire 4 lines
11-01 20:58:55.395  1058 22843 I chatty  : uid=1000(system) Binder:1058_1E expire 4 lines
11-01 20:58:55.879  1058  6298 I chatty  : uid=1000(system) Binder:1058_19 expire 1 line
11-01 20:58:55.968  1058  4148 I chatty  : uid=1000(system) Binder:1058_11 expire 1 line
11-01 20:58:56.061  1058  1519 I chatty  : uid=1000(system) Binder:1058_7 expire 2 lines
11-01 20:58:56.328  1058  1086 I chatty  : uid=1000(system) android.display expire 10 lines
11-01 20:58:56.383  1058  1405 I chatty  : uid=1000(system) Binder:1058_5 expire 1 line
11-01 20:58:56.389  1058  4148 I chatty  : uid=1000(system) Binder:1058_11 expire 1 line
11-01 20:58:56.397  1058  6298 I chatty  : uid=1000(system) Binder:1058_19 expire 1 line
11-01 20:58:56.516  1058  1084 I chatty  : uid=1000(system) android.ui expire 1 line
11-01 20:58:56.539  1058  3485 I chatty  : uid=1000(system) Binder:1058_B expire 2 lines
11-01 20:58:56.669  1058 19740 I chatty  : uid=1000(system) Binder:1058_1C expire 3 lines
11-01 20:59:00.199  1058  1751 I chatty  : uid=1000(system) LazyTaskWriterT expire 1 line
11-01 20:59:33.889  1058  1097 I chatty  : uid=1000(system) batterystats-wo expire 2 lines
11-01 20:59:39.876  1058  1092 I chatty  : uid=1000(system) ActivityManager expire 1 line
11-01 21:00:02.591  1058  1058 I chatty  : uid=1000 system_server expire 2 lines
11-01 21:00:02.592  1058  1101 I chatty  : uid=1000(system) PowerManagerSer expire 4 lines
11-01 21:00:02.608  1058  4369 I chatty  : uid=1000(system) Binder:1058_12 expire 1 line
11-01 21:00:02.637  1058  1086 I chatty  : uid=1000(system) android.display expire 1 line
11-01 21:00:02.640  1058  6293 I chatty  : uid=1000(system) Binder:1058_18 expire 5 lines
11-01 21:00:02.662  1058  2461 I chatty  : uid=1000(system) Binder:1058_9 expire 2 lines
11-01 21:00:03.099  1058  1412 I chatty  : uid=1000(system) Binder:1058_6 expire 5 lines
11-01 21:00:13.785  1058 23869 I chatty  : uid=1000(system) Binder:1058_1F expire 2 lines
11-01 21:00:42.220  1058  1082 I chatty  : uid=1000(system) Binder:1058_2 expire 2 lines
11-01 21:01:00.194  1058  1092 I chatty  : uid=1000(system) ActivityManager expire 1 line
11-01 21:01:11.133  1058  3485 I chatty  : uid=1000(system) Binder:1058_B expire 2 lines
11-01 21:01:39.584  1058  4148 I chatty  : uid=1000(system) Binder:1058_11 expire 2 lines
11-01 21:03:34.186  1058  1097 I chatty  : uid=1000(system) batterystats-wo expire 3 lines
11-01 21:03:39.593  1058  2461 I chatty  : uid=1000(system) Binder:1058_9 expire 3 lines
11-01 21:03:41.093  1058  6293 I chatty  : uid=1000(system) Binder:1058_18 expire 5 lines
11-01 21:03:44.544   836   836 I wificond: Received external scan result notification from kernel.
11-01 21:03:44.657  1058  1412 I chatty  : uid=1000(system) Binder:1058_6 expire 3 lines
11-01 21:03:49.781  1058  1082 I chatty  : uid=1000(system) Binder:1058_2 expire 1 line
11-01 21:04:10.387  1058 23869 I chatty  : uid=1000(system) Binder:1058_1F expire 3 lines
11-01 21:04:35.040  1058  1148 I chatty  : uid=1000(system) InputReader expire 1 line
11-01 21:04:35.041  1058  1058 I chatty  : uid=1000 system_server expire 2 lines
11-01 21:04:35.043  1058  1101 I chatty  : uid=1000(system) PowerManagerSer expire 5 lines
11-01 21:04:35.074  1058  1086 I chatty  : uid=1000(system) android.display expire 1 line
11-01 21:04:35.162  1058  3485 I chatty  : uid=1000(system) Binder:1058_B expire 1 line
11-01 21:04:35.565  1058  1084 I chatty  : uid=1000(system) android.ui expire 2 lines
11-01 21:04:35.754  1058  1519 I chatty  : uid=1000(system) Binder:1058_7 expire 1 line
11-01 21:04:35.846  1058  1084 I chatty  : uid=1000(system) android.ui expire 8 lines
11-01 21:04:35.854  1058  2461 I chatty  : uid=1000(system) Binder:1058_9 expire 2 lines
11-01 21:04:35.866  1058  1082 I chatty  : uid=1000(system) Binder:1058_2 expire 1 line
11-01 21:04:35.910  1058  1086 I chatty  : uid=1000(system) android.display expire 4 lines
11-01 21:04:35.927  1058  6298 I chatty  : uid=1000(system) Binder:1058_19 expire 2 lines
11-01 21:04:35.961  1058  1412 I chatty  : uid=1000(system) Binder:1058_6 expire 2 lines
11-01 21:04:35.974  1058 24802 I chatty  : uid=1000 system_server expire 2 lines
11-01 21:04:35.993  1058 24807 I chatty  : uid=1000 system_server expire 1 line
11-01 21:04:36.106  1058  1101 I chatty  : uid=1000(system) PowerManagerSer expire 2 lines
11-01 21:04:36.124  1058 19740 I chatty  : uid=1000(system) Binder:1058_1C expire 1 line
11-01 21:04:36.292  1058  3756 I chatty  : uid=1000(system) Binder:1058_E expire 1 line
11-01 21:04:38.726  1058  1751 I chatty  : uid=1000(system) LazyTaskWriterT expire 1 line
11-01 21:04:39.078  1058  1084 I chatty  : uid=1000(system) android.ui expire 1 line
11-01 21:04:39.187  1058  1081 I chatty  : uid=1000(system) Binder:1058_1 expire 1 line
11-01 21:04:39.716  1058  6298 I chatty  : uid=1000(system) Binder:1058_19 expire 7 lines
11-01 21:04:39.755  1058  1086 I chatty  : uid=1000(system) android.display expire 10 lines
11-01 21:04:39.824  1058  4019 I chatty  : uid=1000(system) Binder:1058_10 expire 4 lines
11-01 21:04:39.833  1058 19740 I chatty  : uid=1000(system) Binder:1058_1C expire 1 line
11-01 21:04:39.942  1058  6293 I chatty  : uid=1000(system) Binder:1058_18 expire 1 line
11-01 21:04:40.020  1058  1405 I chatty  : uid=1000(system) Binder:1058_5 expire 6 lines
11-01 21:04:40.891  1058  6293 I chatty  : uid=1000(system) Binder:1058_18 expire 4 lines
11-01 21:04:40.928  1058  1086 I chatty  : uid=1000(system) android.display expire 7 lines
11-01 21:04:40.931  1058  1412 I chatty  : uid=1000(system) Binder:1058_6 expire 2 lines
11-01 21:04:41.354  1058 19740 I chatty  : uid=1000(system) Binder:1058_1C expire 2 lines
11-01 21:04:42.712  1058  1751 I chatty  : uid=1000(system) LazyTaskWriterT expire 2 lines
11-01 21:04:43.255  1058  3756 I chatty  : uid=1000(system) Binder:1058_E expire 1 line
11-01 21:04:44.327  1058  1092 I chatty  : uid=1000(system) ActivityManager expire 2 lines
11-01 21:04:44.692  1058  1104 I chatty  : uid=1000(system) PackageManager expire 21 lines
11-01 21:04:44.700  1058  1751 I chatty  : uid=1000(system) LazyTaskWriterT expire 1 line
11-01 21:04:44.705  1058  1058 I chatty  : uid=1000 system_server expire 2 lines
11-01 21:04:44.705  1058  1091 I chatty  : uid=1000(system) android.bg expire 2 lines
11-01 21:04:44.753  1058  1157 I chatty  : uid=1000(system) NetworkStats expire 2 lines
11-01 21:04:44.780  1058  6298 I chatty  : uid=1000(system) Binder:1058_19 expire 1 line
11-01 21:04:45.653  1058  4148 I chatty  : uid=1000(system) Binder:1058_11 expire 1 line
11-01 21:06:57.970  1058  1164 I chatty  : uid=1000(system) ConnectivitySer expire 1 line
11-01 21:07:12.371  1058  1104 I chatty  : uid=1000(system) PackageManager expire 2 lines
11-01 21:07:12.389  1058  1092 I chatty  : uid=1000(system) ActivityManager expire 1 line
11-01 21:07:12.391  1058  1058 I chatty  : uid=1000 system_server expire 8 lines
11-01 21:07:12.392  1058  1091 I chatty  : uid=1000(system) android.bg expire 3 lines
11-01 21:07:12.417  1058 22843 I chatty  : uid=1000(system) Binder:1058_1E expire 1 line
11-01 21:07:12.440  1058  4148 I chatty  : uid=1000(system) Binder:1058_11 expire 1 line
11-01 21:07:12.523  1058  1082 I chatty  : uid=1000(system) Binder:1058_2 expire 1 line
11-01 21:07:12.575  1058  1093 I chatty  : uid=1000(system) ActivityManager expire 6 lines
11-01 21:07:12.723  1058  5382 I chatty  : uid=1000(system) Binder:1058_15 expire 2 lines
11-01 21:07:12.736  1058  6293 I chatty  : uid=1000(system) Binder:1058_18 expire 1 line
11-01 21:07:13.545  1058  4019 I chatty  : uid=1000(system) Binder:1058_10 expire 1 line
11-01 21:07:16.128  1058  1751 I chatty  : uid=1000(system) LazyTaskWriterT expire 1 line
11-01 21:07:16.268 25090 25130 F libc    : Fatal signal 11 (SIGSEGV), code 1 (SEGV_MAPERR), fault addr 0xfffffffffffffff8 in tid 25130 (main), pid 25090 (k.vrcubeworldfw)
11-01 21:07:16.516 25090 25130 F libc    : crash_dump helper failed to exec
11-01 21:07:16.537  1058  4148 I chatty  : uid=1000(system) Binder:1058_11 expire 3 lines
11-01 21:07:16.560  1058  1086 I chatty  : uid=1000(system) android.display expire 11 lines
11-01 21:07:16.612  1058  1405 I chatty  : uid=1000(system) Binder:1058_5 expire 1 line
11-01 21:07:16.857  1058  5382 I chatty  : uid=1000(system) Binder:1058_15 expire 4 lines
11-01 21:07:17.056  1058 23869 I chatty  : uid=1000(system) Binder:1058_1F expire 2 lines
11-01 21:07:17.145  1058  3689 I chatty  : uid=1000(system) Binder:1058_C expire 2 lines
11-01 21:07:17.158  1058  1519 I chatty  : uid=1000(system) Binder:1058_7 expire 1 line
11-01 21:07:17.160  1058  1081 I chatty  : uid=1000(system) Binder:1058_1 expire 3 lines
11-01 21:07:17.447  1058  2461 I chatty  : uid=1000(system) Binder:1058_9 expire 2 lines
11-01 21:07:17.452  1058  1086 I chatty  : uid=1000(system) android.display expire 4 lines
11-01 21:07:17.454  1058  3689 I chatty  : uid=1000(system) Binder:1058_C expire 1 line
11-01 21:07:20.663  1058  1751 I chatty  : uid=1000(system) LazyTaskWriterT expire 1 line
11-01 21:07:25.357  1058 23869 I chatty  : uid=1000(system) Binder:1058_1F expire 2 lines
11-01 21:07:25.398  1058  1082 I chatty  : uid=1000(system) Binder:1058_2 expire 3 lines
11-01 21:07:25.406  1058  1405 I chatty  : uid=1000(system) Binder:1058_5 expire 2 lines
11-01 21:07:25.593  1058  5382 I chatty  : uid=1000(system) Binder:1058_15 expire 1 line
11-01 21:07:25.779  1058  4148 I chatty  : uid=1000(system) Binder:1058_11 expire 1 line
11-01 21:07:26.331  1058  7808 I chatty  : uid=1000(system) Binder:1058_1A expire 3 lines
11-01 21:07:26.439  1058  1093 I chatty  : uid=1000(system) ActivityManager expire 6 lines
11-01 21:07:26.979  1058 22091 I chatty  : uid=1000(system) Binder:1058_1D expire 5 lines
11-01 21:07:28.368 25222 25258 F libc    : Fatal signal 11 (SIGSEGV), code 1 (SEGV_MAPERR), fault addr 0x0 in tid 25258 (main), pid 25222 (k.vrcubeworldfw)
11-01 21:07:28.416 25269 25269 F DEBUG   : *** *** *** *** *** *** *** *** *** *** *** *** *** *** *** ***
11-01 21:07:28.416 25269 25269 F DEBUG   : Build fingerprint: 'oculus/hollywood/hollywood:10/QQ3A.200805.001/19130100300900000:user/release-keys'
11-01 21:07:28.416 25269 25269 F DEBUG   : Revision: '0'
11-01 21:07:28.416 25269 25269 F DEBUG   : ABI: 'arm64'
11-01 21:07:28.417 25269 25269 F DEBUG   : Timestamp: 2021-11-01 21:07:28-0400
11-01 21:07:28.417 25269 25269 F DEBUG   : pid: 25222, tid: 25258, name: main  >>> com.oculus.sdk.vrcubeworldfw <<<
11-01 21:07:28.417 25269 25269 F DEBUG   : uid: 10314
11-01 21:07:28.417 25269 25269 F DEBUG   : signal 11 (SIGSEGV), code 1 (SEGV_MAPERR), fault addr 0x0
11-01 21:07:28.417 25269 25269 F DEBUG   : Cause: null pointer dereference
11-01 21:07:28.417 25269 25269 F DEBUG   :     x0  000000729a7ad7e0  x1  0000000000000056  x2  000000729a214900  x3  0000000000000001
11-01 21:07:28.417 25269 25269 F DEBUG   :     x4  0000000000000030  x5  0000000000000001  x6  0000000000000000  x7  0000000000000000
11-01 21:07:28.417 25269 25269 F DEBUG   :     x8  0000000000000000  x9  00000000000000c0  x10 0000000000000030  x11 0000000000000001
11-01 21:07:28.417 25269 25269 F DEBUG   :     x12 0000000000000000  x13 0000000000000008  x14 0000000000000001  x15 0000000000000000
11-01 21:07:28.417 25269 25269 F DEBUG   :     x16 000000729c4169e8  x17 000000729c2007bc  x18 000000728ca34000  x19 000000729bcefda0
11-01 21:07:28.417 25269 25269 F DEBUG   :     x20 000000728e392020  x21 000000729c3f4580  x22 0000000061808f50  x23 000000728018f3c0
11-01 21:07:28.417 25269 25269 F DEBUG   :     x24 00000072801e01c0  x25 000000729c429a78  x26 0000000000057d51  x27 000000000000001b
11-01 21:07:28.417 25269 25269 F DEBUG   :     x28 000000727ffbb900  x29 000000728e390a00
11-01 21:07:28.417 25269 25269 F DEBUG   :     sp  000000728e390980  lr  000000729c1d4ff4  pc  0000000000000000
11-01 21:07:28.421 25269 25269 F DEBUG   : 
11-01 21:07:28.421 25269 25269 F DEBUG   : backtrace:
11-01 21:07:28.421 25269 25269 F DEBUG   :       #00 pc 0000000000000000  <unknown>
11-01 21:07:28.421 25269 25269 F DEBUG   :       #01 pc 0000000000382ff0  /data/app/com.oculus.sdk.vrcubeworldfw-giocIqmW0n1OES5gwTwNFQ==/base.apk!libvrcubeworldfw.so (offset 0x42000) (TAO_Connection_Handler::handle_input_eh(int, ACE_Event_Handler*)+52) (BuildId: fbc2776d19979f9fecbbf171bb537370bad70891)
11-01 21:07:28.421 25269 25269 F DEBUG   :       #02 pc 0000000000386b94  /data/app/com.oculus.sdk.vrcubeworldfw-giocIqmW0n1OES5gwTwNFQ==/base.apk!libvrcubeworldfw.so (offset 0x42000) (TAO_IIOP_Connection_Handler::handle_input(int)+40) (BuildId: fbc2776d19979f9fecbbf171bb537370bad70891)
11-01 21:07:28.421 25269 25269 F DEBUG   :       #03 pc 0000000000451120  /data/app/com.oculus.sdk.vrcubeworldfw-giocIqmW0n1OES5gwTwNFQ==/base.apk!libvrcubeworldfw.so (offset 0x42000) (ACE_TP_Reactor::dispatch_socket_event(ACE_EH_Dispatch_Info&)+216) (BuildId: fbc2776d19979f9fecbbf171bb537370bad70891)
11-01 21:07:28.421 25269 25269 F DEBUG   :       #04 pc 0000000000450c90  /data/app/com.oculus.sdk.vrcubeworldfw-giocIqmW0n1OES5gwTwNFQ==/base.apk!libvrcubeworldfw.so (offset 0x42000) (ACE_TP_Reactor::handle_socket_events(int&, ACE_TP_Token_Guard&)+296) (BuildId: fbc2776d19979f9fecbbf171bb537370bad70891)
11-01 21:07:28.421 25269 25269 F DEBUG   :       #05 pc 0000000000450818  /data/app/com.oculus.sdk.vrcubeworldfw-giocIqmW0n1OES5gwTwNFQ==/base.apk!libvrcubeworldfw.so (offset 0x42000) (ACE_TP_Reactor::dispatch_i(ACE_Time_Value*, ACE_TP_Token_Guard&)+208) (BuildId: fbc2776d19979f9fecbbf171bb537370bad70891)
11-01 21:07:28.422 25269 25269 F DEBUG   :       #06 pc 00000000004506f4  /data/app/com.oculus.sdk.vrcubeworldfw-giocIqmW0n1OES5gwTwNFQ==/base.apk!libvrcubeworldfw.so (offset 0x42000) (ACE_TP_Reactor::handle_events(ACE_Time_Value*)+304) (BuildId: fbc2776d19979f9fecbbf171bb537370bad70891)
11-01 21:07:28.422 25269 25269 F DEBUG   :       #07 pc 000000000042a9f4  /data/app/com.oculus.sdk.vrcubeworldfw-giocIqmW0n1OES5gwTwNFQ==/base.apk!libvrcubeworldfw.so (offset 0x42000) (ACE_Reactor::handle_events(ACE_Time_Value*)+40) (BuildId: fbc2776d19979f9fecbbf171bb537370bad70891)
11-01 21:07:28.422 25269 25269 F DEBUG   :       #08 pc 000000000031d038  /data/app/com.oculus.sdk.vrcubeworldfw-giocIqmW0n1OES5gwTwNFQ==/base.apk!libvrcubeworldfw.so (offset 0x42000) (TAO_Leader_Follower::wait_for_event(TAO_LF_Event*, TAO_Transport*, ACE_Time_Value*)+3072) (BuildId: fbc2776d19979f9fecbbf171bb537370bad70891)
11-01 21:07:28.422 25269 25269 F DEBUG   :       #09 pc 00000000003c5a68  /data/app/com.oculus.sdk.vrcubeworldfw-giocIqmW0n1OES5gwTwNFQ==/base.apk!libvrcubeworldfw.so (offset 0x42000) (TAO_Wait_On_Leader_Follower::wait(ACE_Time_Value*, TAO_Synch_Reply_Dispatcher&)+144) (BuildId: fbc2776d19979f9fecbbf171bb537370bad70891)
11-01 21:07:28.422 25269 25269 F DEBUG   :       #10 pc 0000000000348650  /data/app/com.oculus.sdk.vrcubeworldfw-giocIqmW0n1OES5gwTwNFQ==/base.apk!libvrcubeworldfw.so (offset 0x42000) (TAO::Synch_Twoway_Invocation::wait_for_reply(ACE_Time_Value*, TAO_Synch_Reply_Dispatcher&, TAO_Bind_Dispatcher_Guard&)+220) (BuildId: fbc2776d19979f9fecbbf171bb537370bad70891)
11-01 21:07:28.422 25269 25269 F DEBUG   :       #11 pc 0000000000348248  /data/app/com.oculus.sdk.vrcubeworldfw-giocIqmW0n1OES5gwTwNFQ==/base.apk!libvrcubeworldfw.so (offset 0x42000) (TAO::Synch_Twoway_Invocation::remote_twoway(ACE_Time_Value*)+1888) (BuildId: fbc2776d19979f9fecbbf171bb537370bad70891)
11-01 21:07:28.422 25269 25269 F DEBUG   :       #12 pc 00000000002f6230  /data/app/com.oculus.sdk.vrcubeworldfw-giocIqmW0n1OES5gwTwNFQ==/base.apk!libvrcubeworldfw.so (offset 0x42000) (TAO::Invocation_Adapter::invoke_twoway(TAO_Operation_Details&, TAO_Pseudo_Var_T<CORBA::Object>&, TAO::Profile_Transport_Resolver&, ACE_Time_Value*&, TAO::Invocation_Retry_State*)+292) (BuildId: fbc2776d19979f9fecbbf171bb537370bad70891)
11-01 21:07:28.422 25269 25269 F DEBUG   :       #13 pc 00000000002f60b8  /data/app/com.oculus.sdk.vrcubeworldfw-giocIqmW0n1OES5gwTwNFQ==/base.apk!libvrcubeworldfw.so (offset 0x42000) (TAO::Invocation_Adapter::invoke_remote_i(TAO_Stub*, TAO_Operation_Details&, TAO_Pseudo_Var_T<CORBA::Object>&, ACE_Time_Value*&, TAO::Invocation_Retry_State*)+692) (BuildId: fbc2776d19979f9fecbbf171bb537370bad70891)
11-01 21:07:28.422 25269 25269 F DEBUG   :       #14 pc 00000000002f53fc  /data/app/com.oculus.sdk.vrcubeworldfw-giocIqmW0n1OES5gwTwNFQ==/base.apk!libvrcubeworldfw.so (offset 0x42000) (TAO::Invocation_Adapter::invoke_i(TAO_Stub*, TAO_Operation_Details&)+592) (BuildId: fbc2776d19979f9fecbbf171bb537370bad70891)
11-01 21:07:28.422 25269 25269 F DEBUG   :       #15 pc 00000000002f5038  /data/app/com.oculus.sdk.vrcubeworldfw-giocIqmW0n1OES5gwTwNFQ==/base.apk!libvrcubeworldfw.so (offset 0x42000) (TAO::Invocation_Adapter::invoke(TAO::Exception_Data const*, unsigned long)+180) (BuildId: fbc2776d19979f9fecbbf171bb537370bad70891)
11-01 21:07:28.422 25269 25269 F DEBUG   :       #16 pc 00000000002bd8f0  /data/app/com.oculus.sdk.vrcubeworldfw-giocIqmW0n1OES5gwTwNFQ==/base.apk!libvrcubeworldfw.so (offset 0x42000) (Simple_Server::sendHeaderData()+164) (BuildId: fbc2776d19979f9fecbbf171bb537370bad70891)
11-01 21:07:28.422 25269 25269 F DEBUG   :       #17 pc 00000000002bb120  /data/app/com.oculus.sdk.vrcubeworldfw-giocIqmW0n1OES5gwTwNFQ==/base.apk!libvrcubeworldfw.so (offset 0x42000) (FrameWorker::run_test()+220) (BuildId: fbc2776d19979f9fecbbf171bb537370bad70891)
11-01 21:07:28.422 25269 25269 F DEBUG   :       #18 pc 00000000002bafe8  /data/app/com.oculus.sdk.vrcubeworldfw-giocIqmW0n1OES5gwTwNFQ==/base.apk!libvrcubeworldfw.so (offset 0x42000) (FrameWorker::svc()+20) (BuildId: fbc2776d19979f9fecbbf171bb537370bad70891)
11-01 21:07:28.422 25269 25269 F DEBUG   :       #19 pc 00000000004520e8  /data/app/com.oculus.sdk.vrcubeworldfw-giocIqmW0n1OES5gwTwNFQ==/base.apk!libvrcubeworldfw.so (offset 0x42000) (ACE_Task_Base::svc_run(void*)+92) (BuildId: fbc2776d19979f9fecbbf171bb537370bad70891)
11-01 21:07:28.422 25269 25269 F DEBUG   :       #20 pc 000000000045d4c0  /data/app/com.oculus.sdk.vrcubeworldfw-giocIqmW0n1OES5gwTwNFQ==/base.apk!libvrcubeworldfw.so (offset 0x42000) (ACE_Thread_Adapter::invoke_i()+300) (BuildId: fbc2776d19979f9fecbbf171bb537370bad70891)
11-01 21:07:28.422 25269 25269 F DEBUG   :       #21 pc 000000000045d368  /data/app/com.oculus.sdk.vrcubeworldfw-giocIqmW0n1OES5gwTwNFQ==/base.apk!libvrcubeworldfw.so (offset 0x42000) (ACE_Thread_Adapter::invoke()+288) (BuildId: fbc2776d19979f9fecbbf171bb537370bad70891)
11-01 21:07:28.422 25269 25269 F DEBUG   :       #22 pc 00000000004050f4  /data/app/com.oculus.sdk.vrcubeworldfw-giocIqmW0n1OES5gwTwNFQ==/base.apk!libvrcubeworldfw.so (offset 0x42000) (ace_thread_adapter+40) (BuildId: fbc2776d19979f9fecbbf171bb537370bad70891)
11-01 21:07:28.422 25269 25269 F DEBUG   :       #23 pc 00000000000d5884  /apex/com.android.runtime/lib64/bionic/libc.so (__pthread_start(void*)+36) (BuildId: a6e0ca3a9989715134d1d1e2126e0f7a)
11-01 21:07:28.984  1058 25275 I chatty  : uid=1000 system_server expire 1 line
11-01 21:07:28.985  1058 25276 I chatty  : uid=1000 system_server expire 1 line
11-01 21:07:28.987  1058  1099 I chatty  : uid=1000(system) FileObserver expire 2 lines
11-01 21:07:29.016  1058  4148 I chatty  : uid=1000(system) Binder:1058_11 expire 1 line
11-01 21:07:29.058  1058  1086 I chatty  : uid=1000(system) android.display expire 9 lines
11-01 21:07:29.320  1058 22843 I chatty  : uid=1000(system) Binder:1058_1E expire 2 lines
11-01 21:07:29.403  1058  3485 I chatty  : uid=1000(system) Binder:1058_B expire 6 lines
11-01 21:07:29.553  1058  1082 I chatty  : uid=1000(system) Binder:1058_2 expire 1 line
11-01 21:07:29.934  1058 23869 I chatty  : uid=1000(system) Binder:1058_1F expire 4 lines
11-01 21:07:29.937  1058  6298 I chatty  : uid=1000(system) Binder:1058_19 expire 1 line
11-01 21:07:29.964  1058  1086 I chatty  : uid=1000(system) android.display expire 9 lines
11-01 21:07:29.971  1058 22843 I chatty  : uid=1000(system) Binder:1058_1E expire 2 lines
11-01 21:07:31.052  1058  1751 I chatty  : uid=1000(system) LazyTaskWriterT expire 1 line
11-01 21:08:21.966  1058  1092 I chatty  : uid=1000(system) ActivityManager expire 1 line
11-01 21:12:21.252  1058  1097 I chatty  : uid=1000(system) batterystats-wo expire 3 lines
11-01 21:12:36.253  1058  3485 I chatty  : uid=1000(system) Binder:1058_B expire 1 line
11-01 21:12:36.260  1058  1519 I chatty  : uid=1000(system) Binder:1058_7 expire 4 lines
11-01 21:12:36.475  1058  1082 I chatty  : uid=1000(system) Binder:1058_2 expire 1 line
11-01 21:12:36.495  1058  2461 I chatty  : uid=1000(system) Binder:1058_9 expire 4 lines
11-01 21:12:38.833  1058  1086 I chatty  : uid=1000(system) android.display expire 1 line
11-01 21:12:38.838  1058  3485 I chatty  : uid=1000(system) Binder:1058_B expire 3 lines
11-01 21:12:39.749  1058  1092 I chatty  : uid=1000(system) ActivityManager expire 1 line
11-01 21:12:39.833  1058  1751 I chatty  : uid=1000(system) LazyTaskWriterT expire 2 lines
11-01 21:12:40.057  1058  1104 I chatty  : uid=1000(system) PackageManager expire 16 lines
11-01 21:12:40.078  1058  1058 I chatty  : uid=1000 system_server expire 2 lines
11-01 21:12:40.140  1058  1091 I chatty  : uid=1000(system) android.bg expire 2 lines
11-01 21:12:40.158  1058  1157 I chatty  : uid=1000(system) NetworkStats expire 1 line
11-01 21:13:09.757  1058  1104 I chatty  : uid=1000(system) PackageManager expire 7 lines
11-01 21:13:10.007  1058  1058 I chatty  : uid=1000 system_server expire 5 lines
11-01 21:13:10.011  1058  1091 I chatty  : uid=1000(system) android.bg expire 3 lines
11-01 21:13:10.011  1058  1092 I chatty  : uid=1000(system) ActivityManager expire 1 line
11-01 21:13:10.052  1058  2461 I chatty  : uid=1000(system) Binder:1058_9 expire 1 line
11-01 21:13:10.055  1058  3485 I chatty  : uid=1000(system) Binder:1058_B expire 1 line
11-01 21:13:10.122  1058  4148 I chatty  : uid=1000(system) Binder:1058_11 expire 1 line
11-01 21:13:10.220  1058  1093 I chatty  : uid=1000(system) ActivityManager expire 6 lines
11-01 21:13:10.360  1058 22843 I chatty  : uid=1000(system) Binder:1058_1E expire 1 line
11-01 21:13:10.375  1058  3756 I chatty  : uid=1000(system) Binder:1058_E expire 2 lines
11-01 21:13:12.235 25633 25672 F libc    : Fatal signal 11 (SIGSEGV), code 1 (SEGV_MAPERR), fault addr 0x103000c in tid 25672 (main), pid 25633 (k.vrcubeworldfw)
11-01 21:13:12.277 25681 25681 F DEBUG   : *** *** *** *** *** *** *** *** *** *** *** *** *** *** *** ***
11-01 21:13:12.277 25681 25681 F DEBUG   : Build fingerprint: 'oculus/hollywood/hollywood:10/QQ3A.200805.001/19130100300900000:user/release-keys'
11-01 21:13:12.277 25681 25681 F DEBUG   : Revision: '0'
11-01 21:13:12.277 25681 25681 F DEBUG   : ABI: 'arm64'
11-01 21:13:12.278 25681 25681 F DEBUG   : Timestamp: 2021-11-01 21:13:12-0400
11-01 21:13:12.278 25681 25681 F DEBUG   : pid: 25633, tid: 25672, name: main  >>> com.oculus.sdk.vrcubeworldfw <<<
11-01 21:13:12.278 25681 25681 F DEBUG   : uid: 10315
11-01 21:13:12.278 25681 25681 F DEBUG   : signal 11 (SIGSEGV), code 1 (SEGV_MAPERR), fault addr 0x103000c
11-01 21:13:12.278 25681 25681 F DEBUG   :     x0  000000000103000c  x1  000000728d387801  x2  000000728d38761f  x3  0000007299104660
11-01 21:13:12.278 25681 25681 F DEBUG   :     x4  0000000000000000  x5  0000007299104720  x6  0000000000000000  x7  0000000000000000
11-01 21:13:12.278 25681 25681 F DEBUG   :     x8  000000000103000c  x9  00000072ed8f1200  x10 000000000103000c  x11 0000000000000001
11-01 21:13:12.278 25681 25681 F DEBUG   :     x12 fe00000000000000  x13 0000000000000001  x14 fffffffffc000000  x15 ff00000000000000
11-01 21:13:12.278 25681 25681 F DEBUG   :     x16 000000729b31d5f8  x17 000000729b069e1c  x18 000000728c66a000  x19 000000729acfce60
11-01 21:13:12.278 25681 25681 F DEBUG   :     x20 000000728d387b10  x21 000000728d388020  x22 00000000000f4240  x23 000000729b332a40
11-01 21:13:12.278 25681 25681 F DEBUG   :     x24 000000728d387d50  x25 000000728d387dd8  x26 000000728d388018  x27 000000729b44e020
11-01 21:13:12.278 25681 25681 F DEBUG   :     x28 000000728d388020  x29 000000728d387770
11-01 21:13:12.278 25681 25681 F DEBUG   :     sp  000000728d3876b0  lr  000000729b0573ac  pc  000000729b0573b8
11-01 21:13:12.282 25681 25681 F DEBUG   : 
11-01 21:13:12.282 25681 25681 F DEBUG   : backtrace:
11-01 21:13:12.282 25681 25681 F DEBUG   :       #00 pc 00000000002fc3b8  /data/app/com.oculus.sdk.vrcubeworldfw-_j7LRfq-YLLV_Ryzt2bMAg==/base.apk!libvrcubeworldfw.so (offset 0x42000) (TAO::Invocation_Retry_State::Invocation_Retry_State(TAO_Stub&)+324) (BuildId: 96fa090bfd75a9e392831a48d7b952d5050798b2)
11-01 21:13:12.282 25681 25681 F DEBUG   :       #01 pc 00000000002f524c  /data/app/com.oculus.sdk.vrcubeworldfw-_j7LRfq-YLLV_Ryzt2bMAg==/base.apk!libvrcubeworldfw.so (offset 0x42000) (TAO::Invocation_Adapter::invoke_i(TAO_Stub*, TAO_Operation_Details&)+228) (BuildId: 96fa090bfd75a9e392831a48d7b952d5050798b2)
11-01 21:13:12.282 25681 25681 F DEBUG   :       #02 pc 00000000002f4ff4  /data/app/com.oculus.sdk.vrcubeworldfw-_j7LRfq-YLLV_Ryzt2bMAg==/base.apk!libvrcubeworldfw.so (offset 0x42000) (TAO::Invocation_Adapter::invoke(TAO::Exception_Data const*, unsigned long)+180) (BuildId: 96fa090bfd75a9e392831a48d7b952d5050798b2)
11-01 21:13:12.282 25681 25681 F DEBUG   :       #03 pc 00000000002bd490  /data/app/com.oculus.sdk.vrcubeworldfw-_j7LRfq-YLLV_Ryzt2bMAg==/base.apk!libvrcubeworldfw.so (offset 0x42000) (Simple_Server::send_data(int, float const*)+228) (BuildId: 96fa090bfd75a9e392831a48d7b952d5050798b2)
11-01 21:13:12.282 25681 25681 F DEBUG   :       #04 pc 00000000002bae3c  /data/app/com.oculus.sdk.vrcubeworldfw-_j7LRfq-YLLV_Ryzt2bMAg==/base.apk!libvrcubeworldfw.so (offset 0x42000) (Worker::run_test()+140) (BuildId: 96fa090bfd75a9e392831a48d7b952d5050798b2)
11-01 21:13:12.282 25681 25681 F DEBUG   :       #05 pc 00000000002bad48  /data/app/com.oculus.sdk.vrcubeworldfw-_j7LRfq-YLLV_Ryzt2bMAg==/base.apk!libvrcubeworldfw.so (offset 0x42000) (Worker::svc()+20) (BuildId: 96fa090bfd75a9e392831a48d7b952d5050798b2)
11-01 21:13:12.282 25681 25681 F DEBUG   :       #06 pc 00000000004520a4  /data/app/com.oculus.sdk.vrcubeworldfw-_j7LRfq-YLLV_Ryzt2bMAg==/base.apk!libvrcubeworldfw.so (offset 0x42000) (ACE_Task_Base::svc_run(void*)+92) (BuildId: 96fa090bfd75a9e392831a48d7b952d5050798b2)
11-01 21:13:12.282 25681 25681 F DEBUG   :       #07 pc 000000000045d47c  /data/app/com.oculus.sdk.vrcubeworldfw-_j7LRfq-YLLV_Ryzt2bMAg==/base.apk!libvrcubeworldfw.so (offset 0x42000) (ACE_Thread_Adapter::invoke_i()+300) (BuildId: 96fa090bfd75a9e392831a48d7b952d5050798b2)
11-01 21:13:12.282 25681 25681 F DEBUG   :       #08 pc 000000000045d324  /data/app/com.oculus.sdk.vrcubeworldfw-_j7LRfq-YLLV_Ryzt2bMAg==/base.apk!libvrcubeworldfw.so (offset 0x42000) (ACE_Thread_Adapter::invoke()+288) (BuildId: 96fa090bfd75a9e392831a48d7b952d5050798b2)
11-01 21:13:12.282 25681 25681 F DEBUG   :       #09 pc 00000000004050b0  /data/app/com.oculus.sdk.vrcubeworldfw-_j7LRfq-YLLV_Ryzt2bMAg==/base.apk!libvrcubeworldfw.so (offset 0x42000) (ace_thread_adapter+40) (BuildId: 96fa090bfd75a9e392831a48d7b952d5050798b2)
11-01 21:13:12.282 25681 25681 F DEBUG   :       #10 pc 00000000000d5884  /apex/com.android.runtime/lib64/bionic/libc.so (__pthread_start(void*)+36) (BuildId: a6e0ca3a9989715134d1d1e2126e0f7a)
11-01 21:13:12.899  1058 25685 I chatty  : uid=1000 system_server expire 2 lines
11-01 21:13:12.903  1058  1099 I chatty  : uid=1000(system) FileObserver expire 2 lines
11-01 21:13:12.913  1058 25686 I chatty  : uid=1000 system_server expire 1 line
11-01 21:13:13.399  1058  1519 I chatty  : uid=1000(system) Binder:1058_7 expire 1 line
11-01 21:13:13.408  1058  5382 I chatty  : uid=1000(system) Binder:1058_15 expire 1 line
11-01 21:13:13.408  1058  1083 I chatty  : uid=1000(system) android.fg expire 3 lines
11-01 21:13:13.441  1058  1086 I chatty  : uid=1000(system) android.display expire 6 lines
11-01 21:13:13.499  1058  1082 I chatty  : uid=1000(system) Binder:1058_2 expire 3 lines
11-01 21:13:13.666  1058  4369 I chatty  : uid=1000(system) Binder:1058_12 expire 1 line
11-01 21:13:13.838  1058  1081 I chatty  : uid=1000(system) Binder:1058_1 expire 1 line
11-01 21:13:14.012  1058  4019 I chatty  : uid=1000(system) Binder:1058_10 expire 1 line
11-01 21:13:15.135  1058  1751 I chatty  : uid=1000(system) LazyTaskWriterT expire 1 line
11-01 21:13:15.858  1058 22843 I chatty  : uid=1000(system) Binder:1058_1E expire 7 lines
11-01 21:13:15.987  1058  1086 I chatty  : uid=1000(system) android.display expire 10 lines
11-01 21:13:16.026  1058  1082 I chatty  : uid=1000(system) Binder:1058_2 expire 3 lines
11-01 21:13:16.801  1058  3485 I chatty  : uid=1000(system) Binder:1058_B expire 1 line
11-01 21:13:16.815  1058  1412 I chatty  : uid=1000(system) Binder:1058_6 expire 2 lines
11-01 21:13:16.819  1058  4369 I chatty  : uid=1000(system) Binder:1058_12 expire 2 lines
11-01 21:13:30.595  1058 22091 I chatty  : uid=1000(system) Binder:1058_1D expire 2 lines
11-01 21:13:31.172  1058  1093 I chatty  : uid=1000(system) ActivityManager expire 6 lines
11-01 21:13:32.054  1058 22843 I chatty  : uid=1000(system) Binder:1058_1E expire 3 lines
11-01 21:13:32.066  1058  1082 I chatty  : uid=1000(system) Binder:1058_2 expire 3 lines
11-01 21:13:32.996 25772 25814 F libc    : Fatal signal 11 (SIGSEGV), code 1 (SEGV_MAPERR), fault addr 0xffffffff00000001 in tid 25814 (main), pid 25772 (k.vrcubeworldfw)
11-01 21:13:33.038 25824 25824 F DEBUG   : *** *** *** *** *** *** *** *** *** *** *** *** *** *** *** ***
11-01 21:13:33.038 25824 25824 F DEBUG   : Build fingerprint: 'oculus/hollywood/hollywood:10/QQ3A.200805.001/19130100300900000:user/release-keys'
11-01 21:13:33.038 25824 25824 F DEBUG   : Revision: '0'
11-01 21:13:33.038 25824 25824 F DEBUG   : ABI: 'arm64'
11-01 21:13:33.038 25824 25824 F DEBUG   : Timestamp: 2021-11-01 21:13:33-0400
11-01 21:13:33.038 25824 25824 F DEBUG   : pid: 25772, tid: 25814, name: main  >>> com.oculus.sdk.vrcubeworldfw <<<
11-01 21:13:33.038 25824 25824 F DEBUG   : uid: 10315
11-01 21:13:33.038 25824 25824 F DEBUG   : signal 11 (SIGSEGV), code 1 (SEGV_MAPERR), fault addr 0xffffffff00000001
11-01 21:13:33.038 25824 25824 F DEBUG   :     x0  000000728d299250  x1  ffffffff00000001  x2  000000729904afc0  x3  0000000000000000
11-01 21:13:33.038 25824 25824 F DEBUG   :     x4  0000000000000002  x5  0000000000000001  x6  0000000000000000  x7  0000000000000000
11-01 21:13:33.038 25824 25824 F DEBUG   :     x8  000000728d299250  x9  ffffffff00000001  x10 ffffffff00000001  x11 0000000000000000
11-01 21:13:33.038 25824 25824 F DEBUG   :     x12 0000000000000001  x13 000000728d299ad8  x14 0000000000000000  x15 0000000000000001
11-01 21:13:33.038 25824 25824 F DEBUG   :     x16 000000729b3649f8  x17 000000729b0e0060  x18 000000728b2d0000  x19 000000729ad41ec0
11-01 21:13:33.038 25824 25824 F DEBUG   :     x20 000000728d29b020  x21 000000729b3424f0  x22 00000000618090bc  x23 0000007280d81500
11-01 21:13:33.038 25824 25824 F DEBUG   :     x24 0000007281f67a80  x25 000000729b377a48  x26 00000000000ef74b  x27 000000000000001b
11-01 21:13:33.038 25824 25824 F DEBUG   :     x28 0000007280dd2140  x29 000000728d2991f0
11-01 21:13:33.038 25824 25824 F DEBUG   :     sp  000000728d2991e0  lr  000000729b0dfa78  pc  000000729b0e0078
11-01 21:13:33.044 25824 25824 F DEBUG   : 
11-01 21:13:33.044 25824 25824 F DEBUG   : backtrace:
11-01 21:13:33.044 25824 25824 F DEBUG   :       #00 pc 0000000000340078  /data/app/com.oculus.sdk.vrcubeworldfw-_j7LRfq-YLLV_Ryzt2bMAg==/base.apk!libvrcubeworldfw.so (offset 0x42000) (ACE_Guard<ACE_Lock>::acquire()+24) (BuildId: 96fa090bfd75a9e392831a48d7b952d5050798b2)
11-01 21:13:33.044 25824 25824 F DEBUG   :       #01 pc 000000000033fa74  /data/app/com.oculus.sdk.vrcubeworldfw-_j7LRfq-YLLV_Ryzt2bMAg==/base.apk!libvrcubeworldfw.so (offset 0x42000) (ACE_Guard<ACE_Lock>::ACE_Guard(ACE_Lock&)+40) (BuildId: 96fa090bfd75a9e392831a48d7b952d5050798b2)
11-01 21:13:33.044 25824 25824 F DEBUG   :       #02 pc 0000000000412170  /data/app/com.oculus.sdk.vrcubeworldfw-_j7LRfq-YLLV_Ryzt2bMAg==/base.apk!libvrcubeworldfw.so (offset 0x42000) (ACE_Data_Block::duplicate()+64) (BuildId: 96fa090bfd75a9e392831a48d7b952d5050798b2)
11-01 21:13:33.044 25824 25824 F DEBUG   :       #03 pc 000000000039197c  /data/app/com.oculus.sdk.vrcubeworldfw-_j7LRfq-YLLV_Ryzt2bMAg==/base.apk!libvrcubeworldfw.so (offset 0x42000) (TAO_GIOP_Message_Base::process_reply_message(TAO_Pluggable_Reply_Params&, TAO_Queued_Data*)+256) (BuildId: 96fa090bfd75a9e392831a48d7b952d5050798b2)
11-01 21:13:33.044 25824 25824 F DEBUG   :       #04 pc 00000000003b6fe8  /data/app/com.oculus.sdk.vrcubeworldfw-_j7LRfq-YLLV_Ryzt2bMAg==/base.apk!libvrcubeworldfw.so (offset 0x42000) (TAO_Transport::process_parsed_messages(TAO_Queued_Data*, TAO_Resume_Handle&)+620) (BuildId: 96fa090bfd75a9e392831a48d7b952d5050798b2)
11-01 21:13:33.045 25824 25824 F DEBUG   :       #05 pc 00000000003b6cac  /data/app/com.oculus.sdk.vrcubeworldfw-_j7LRfq-YLLV_Ryzt2bMAg==/base.apk!libvrcubeworldfw.so (offset 0x42000) (TAO_Transport::consolidate_process_message(TAO_Queued_Data*, TAO_Resume_Handle&)+760) (BuildId: 96fa090bfd75a9e392831a48d7b952d5050798b2)
11-01 21:13:33.045 25824 25824 F DEBUG   :       #06 pc 00000000003b5800  /data/app/com.oculus.sdk.vrcubeworldfw-_j7LRfq-YLLV_Ryzt2bMAg==/base.apk!libvrcubeworldfw.so (offset 0x42000) (TAO_Transport::handle_input_missing_data(TAO_Resume_Handle&, ACE_Time_Value*, TAO_Queued_Data*)+732) (BuildId: 96fa090bfd75a9e392831a48d7b952d5050798b2)
11-01 21:13:33.045 25824 25824 F DEBUG   :       #07 pc 00000000003b50ac  /data/app/com.oculus.sdk.vrcubeworldfw-_j7LRfq-YLLV_Ryzt2bMAg==/base.apk!libvrcubeworldfw.so (offset 0x42000) (TAO_Transport::handle_input(TAO_Resume_Handle&, ACE_Time_Value*)+500) (BuildId: 96fa090bfd75a9e392831a48d7b952d5050798b2)
11-01 21:13:33.045 25824 25824 F DEBUG   :       #08 pc 0000000000383330  /data/app/com.oculus.sdk.vrcubeworldfw-_j7LRfq-YLLV_Ryzt2bMAg==/base.apk!libvrcubeworldfw.so (offset 0x42000) (TAO_Connection_Handler::handle_input_internal(int, ACE_Event_Handler*)+408) (BuildId: 96fa090bfd75a9e392831a48d7b952d5050798b2)
11-01 21:13:33.045 25824 25824 F DEBUG   :       #09 pc 0000000000383148  /data/app/com.oculus.sdk.vrcubeworldfw-_j7LRfq-YLLV_Ryzt2bMAg==/base.apk!libvrcubeworldfw.so (offset 0x42000) (TAO_Connection_Handler::handle_input_eh(int, ACE_Event_Handler*)+464) (BuildId: 96fa090bfd75a9e392831a48d7b952d5050798b2)
11-01 21:13:33.045 25824 25824 F DEBUG   :       #10 pc 0000000000386b50  /data/app/com.oculus.sdk.vrcubeworldfw-_j7LRfq-YLLV_Ryzt2bMAg==/base.apk!libvrcubeworldfw.so (offset 0x42000) (TAO_IIOP_Connection_Handler::handle_input(int)+40) (BuildId: 96fa090bfd75a9e392831a48d7b952d5050798b2)
11-01 21:13:33.045 25824 25824 F DEBUG   :       #11 pc 00000000004510dc  /data/app/com.oculus.sdk.vrcubeworldfw-_j7LRfq-YLLV_Ryzt2bMAg==/base.apk!libvrcubeworldfw.so (offset 0x42000) (ACE_TP_Reactor::dispatch_socket_event(ACE_EH_Dispatch_Info&)+216) (BuildId: 96fa090bfd75a9e392831a48d7b952d5050798b2)
11-01 21:13:33.045 25824 25824 F DEBUG   :       #12 pc 0000000000450c4c  /data/app/com.oculus.sdk.vrcubeworldfw-_j7LRfq-YLLV_Ryzt2bMAg==/base.apk!libvrcubeworldfw.so (offset 0x42000) (ACE_TP_Reactor::handle_socket_events(int&, ACE_TP_Token_Guard&)+296) (BuildId: 96fa090bfd75a9e392831a48d7b952d5050798b2)
11-01 21:13:33.045 25824 25824 F DEBUG   :       #13 pc 00000000004507d4  /data/app/com.oculus.sdk.vrcubeworldfw-_j7LRfq-YLLV_Ryzt2bMAg==/base.apk!libvrcubeworldfw.so (offset 0x42000) (ACE_TP_Reactor::dispatch_i(ACE_Time_Value*, ACE_TP_Token_Guard&)+208) (BuildId: 96fa090bfd75a9e392831a48d7b952d5050798b2)
11-01 21:13:33.045 25824 25824 F DEBUG   :       #14 pc 00000000004506b0  /data/app/com.oculus.sdk.vrcubeworldfw-_j7LRfq-YLLV_Ryzt2bMAg==/base.apk!libvrcubeworldfw.so (offset 0x42000) (ACE_TP_Reactor::handle_events(ACE_Time_Value*)+304) (BuildId: 96fa090bfd75a9e392831a48d7b952d5050798b2)
11-01 21:13:33.045 25824 25824 F DEBUG   :       #15 pc 000000000042a9b0  /data/app/com.oculus.sdk.vrcubeworldfw-_j7LRfq-YLLV_Ryzt2bMAg==/base.apk!libvrcubeworldfw.so (offset 0x42000) (ACE_Reactor::handle_events(ACE_Time_Value*)+40) (BuildId: 96fa090bfd75a9e392831a48d7b952d5050798b2)
11-01 21:13:33.045 25824 25824 F DEBUG   :       #16 pc 000000000031cff4  /data/app/com.oculus.sdk.vrcubeworldfw-_j7LRfq-YLLV_Ryzt2bMAg==/base.apk!libvrcubeworldfw.so (offset 0x42000) (TAO_Leader_Follower::wait_for_event(TAO_LF_Event*, TAO_Transport*, ACE_Time_Value*)+3072) (BuildId: 96fa090bfd75a9e392831a48d7b952d5050798b2)
11-01 21:13:33.045 25824 25824 F DEBUG   :       #17 pc 00000000003c5a24  /data/app/com.oculus.sdk.vrcubeworldfw-_j7LRfq-YLLV_Ryzt2bMAg==/base.apk!libvrcubeworldfw.so (offset 0x42000) (TAO_Wait_On_Leader_Follower::wait(ACE_Time_Value*, TAO_Synch_Reply_Dispatcher&)+144) (BuildId: 96fa090bfd75a9e392831a48d7b952d5050798b2)
11-01 21:13:33.045 25824 25824 F DEBUG   :       #18 pc 000000000034860c  /data/app/com.oculus.sdk.vrcubeworldfw-_j7LRfq-YLLV_Ryzt2bMAg==/base.apk!libvrcubeworldfw.so (offset 0x42000) (TAO::Synch_Twoway_Invocation::wait_for_reply(ACE_Time_Value*, TAO_Synch_Reply_Dispatcher&, TAO_Bind_Dispatcher_Guard&)+220) (BuildId: 96fa090bfd75a9e392831a48d7b952d5050798b2)
11-01 21:13:33.045 25824 25824 F DEBUG   :       #19 pc 0000000000348204  /data/app/com.oculus.sdk.vrcubeworldfw-_j7LRfq-YLLV_Ryzt2bMAg==/base.apk!libvrcubeworldfw.so (offset 0x42000) (TAO::Synch_Twoway_Invocation::remote_twoway(ACE_Time_Value*)+1888) (BuildId: 96fa090bfd75a9e392831a48d7b952d5050798b2)
11-01 21:13:33.045 25824 25824 F DEBUG   :       #20 pc 00000000002f61ec  /data/app/com.oculus.sdk.vrcubeworldfw-_j7LRfq-YLLV_Ryzt2bMAg==/base.apk!libvrcubeworldfw.so (offset 0x42000) (TAO::Invocation_Adapter::invoke_twoway(TAO_Operation_Details&, TAO_Pseudo_Var_T<CORBA::Object>&, TAO::Profile_Transport_Resolver&, ACE_Time_Value*&, TAO::Invocation_Retry_State*)+292) (BuildId: 96fa090bfd75a9e392831a48d7b952d5050798b2)
11-01 21:13:33.045 25824 25824 F DEBUG   :       #21 pc 00000000002f6074  /data/app/com.oculus.sdk.vrcubeworldfw-_j7LRfq-YLLV_Ryzt2bMAg==/base.apk!libvrcubeworldfw.so (offset 0x42000) (TAO::Invocation_Adapter::invoke_remote_i(TAO_Stub*, TAO_Operation_Details&, TAO_Pseudo_Var_T<CORBA::Object>&, ACE_Time_Value*&, TAO::Invocation_Retry_State*)+692) (BuildId: 96fa090bfd75a9e392831a48d7b952d5050798b2)
11-01 21:13:33.045 25824 25824 F DEBUG   :       #22 pc 00000000002f53b8  /data/app/com.oculus.sdk.vrcubeworldfw-_j7LRfq-YLLV_Ryzt2bMAg==/base.apk!libvrcubeworldfw.so (offset 0x42000) (TAO::Invocation_Adapter::invoke_i(TAO_Stub*, TAO_Operation_Details&)+592) (BuildId: 96fa090bfd75a9e392831a48d7b952d5050798b2)
11-01 21:13:33.045 25824 25824 F DEBUG   :       #23 pc 00000000002f4ff4  /data/app/com.oculus.sdk.vrcubeworldfw-_j7LRfq-YLLV_Ryzt2bMAg==/base.apk!libvrcubeworldfw.so (offset 0x42000) (TAO::Invocation_Adapter::invoke(TAO::Exception_Data const*, unsigned long)+180) (BuildId: 96fa090bfd75a9e392831a48d7b952d5050798b2)
11-01 21:13:33.045 25824 25824 F DEBUG   :       #24 pc 00000000002bd720  /data/app/com.oculus.sdk.vrcubeworldfw-_j7LRfq-YLLV_Ryzt2bMAg==/base.apk!libvrcubeworldfw.so (offset 0x42000) (Simple_Server::sendImageData()+164) (BuildId: 96fa090bfd75a9e392831a48d7b952d5050798b2)
11-01 21:13:33.045 25824 25824 F DEBUG   :       #25 pc 00000000002bb160  /data/app/com.oculus.sdk.vrcubeworldfw-_j7LRfq-YLLV_Ryzt2bMAg==/base.apk!libvrcubeworldfw.so (offset 0x42000) (FrameWorker::run_test()+316) (BuildId: 96fa090bfd75a9e392831a48d7b952d5050798b2)
11-01 21:13:33.045 25824 25824 F DEBUG   :       #26 pc 00000000002bafc8  /data/app/com.oculus.sdk.vrcubeworldfw-_j7LRfq-YLLV_Ryzt2bMAg==/base.apk!libvrcubeworldfw.so (offset 0x42000) (FrameWorker::svc()+20) (BuildId: 96fa090bfd75a9e392831a48d7b952d5050798b2)
11-01 21:13:33.045 25824 25824 F DEBUG   :       #27 pc 00000000004520a4  /data/app/com.oculus.sdk.vrcubeworldfw-_j7LRfq-YLLV_Ryzt2bMAg==/base.apk!libvrcubeworldfw.so (offset 0x42000) (ACE_Task_Base::svc_run(void*)+92) (BuildId: 96fa090bfd75a9e392831a48d7b952d5050798b2)
