11-02 07:39:23.187  1062  1113 I ActivityManager: Force stopping com.oculus.sdk.vrcubeworldfw appid=10335 user=0: pkg removed
11-02 07:39:23.204  1062  1113 E HistoricalRegistry: Interaction before persistence initialized
11-02 07:39:23.248  1062  1062 I RoleManagerService: Granting default permissions...
11-02 07:39:23.251  1062  1793 E TaskPersister: File error accessing recents directory (directory doesn't exist?).
11-02 07:39:23.254  1062  1424 W BroadcastQueue: Background execution not allowed: receiving Intent { act=android.intent.action.PACKAGE_REMOVED dat=package:com.oculus.sdk.vrcubeworldfw flg=0x4000010 (has extras) } to com.oculus.socialplatform/com.oculus.common.packagescache.PackagesCacheReceiver
11-02 07:39:23.276  1062  1173 I DropBoxManagerService: add tag=system_server_wtf isTagEnabled=true flags=0x2
11-02 07:39:23.317  1062  1102 I ActivityManager: Start proc 4525:com.android.permissioncontroller/u0a11 for service {com.android.permissioncontroller/com.android.packageinstaller.role.service.RoleControllerServiceImpl}
11-02 07:39:23.338  1062  1062 I ConditionProviders: Disallowing condition provider com.oculus.sdk.vrcubeworldfw
11-02 07:39:23.384  1062  1102 W ActivityManager: Slow operation: 101ms so far, now at startProcess: returned from zygote!
11-02 07:39:23.385  1062  1102 W ActivityManager: Slow operation: 101ms so far, now at startProcess: done updating battery stats
11-02 07:39:23.385  1062  1102 W ActivityManager: Slow operation: 102ms so far, now at startProcess: building log message
11-02 07:39:23.385  1062  1102 I ActivityManager: Start proc 4537:com.android.keychain/1000 for service {com.android.keychain/com.android.keychain.KeyChainService}
11-02 07:39:23.385  1062  1102 W ActivityManager: Slow operation: 102ms so far, now at startProcess: starting to update pids map
11-02 07:39:23.385  1062  1102 W ActivityManager: Slow operation: 102ms so far, now at startProcess: done updating pids map
11-02 07:39:23.412  1062  1100 W TextServicesManagerService: no available spell checker services found
11-02 07:39:23.495  1062  1424 I ActivityManager: Killing 2746:com.oculus.backuptransportservice/u0a80 (adj 985): empty #17
11-02 07:39:23.585  1062  1102 I ActivityManager: Start proc 4572:com.android.providers.tv/u0a66 for broadcast {com.android.providers.tv/com.android.providers.tv.PackageRemovedReceiver}
11-02 07:39:23.786  1062  1100 I RoleUserState: Wrote roles.xml successfully
11-02 07:39:23.843  1062  1960 I ActivityManager: Killing 2977:com.oculus.systemutilities:media_sync/u0a19 (adj 985): empty #17
11-02 07:39:23.861  1062  1102 I ActivityManager: Start proc 4595:com.facebook.spatial_persistence_service/u0a75 for broadcast {com.facebook.spatial_persistence_service/com.facebook.spatial_persistence_service.AnchorPersistenceServiceSweeper}
11-02 07:39:23.952  1062  1960 I ActivityManager: Killing 3165:com.oculus.fitnesstracker:FitnessServices/u0a70 (adj 985): empty #17
11-02 07:39:23.976  1062  1102 I ActivityManager: Start proc 4614:com.oculus.browser/u0a41 for broadcast {com.oculus.browser/com.oculus.browser.PackageBroadcastReceiver}
11-02 07:39:17.035   738  1700 I chatty  : uid=1000(system) SBEventHandler identical 1 line
11-02 07:39:22.037   738  1700 W SensorService: Unknown packet type (20) received
11-02 07:39:25.907   833  1729 D TrackingService: [HANDTRACKING] Controller b52e25c2474e944e in hand: N, valid: Y
11-02 07:39:25.931   738  1028 I HollywoodCameraProvider: Switching channel from CONTROLLER to HAND
11-02 07:39:25.932   738  4079 I FrameSetDispatcher: [CONTROLLER] Client thread stopping
11-02 07:39:25.932   738  1028 I FrameSetDispatcher: [CONTROLLER] Client thread joined
11-02 07:39:25.933   738  1028 I CameraClientManager: [CONTROLLER] Removed client - started clients: 0
11-02 07:39:25.936   738  1028 I FrameSetDispatcher: [HAND] Client thread started
11-02 07:39:25.938   738  1028 I CameraClientManager: [HAND] Added client - started clients: 1
11-02 07:39:25.969   738  3834 W SensorService: FrameType HAND: New frameset capture timestamp exceeds tolerance bounds
11-02 07:39:26.144   738  1028 I FrameSetDispatcher: [HAND] Client thread started
11-02 07:39:26.144   738  1028 E FrameSetDispatcher: [HAND] Frame Count Requirement violated: number of streaming clients: 2, maximum number of FrameSets: 2
11-02 07:39:26.144   738  1028 I CameraClientManager: [HAND] Added client - started clients: 2
11-02 07:39:26.175  1062  1164 I WatchlistLoggingHandler: Milliseconds spent on tryAggregateRecords(): 52022
11-02 07:39:26.193   833  1733 I TrackingService: TrackingService::getSharedMemoryFileDescriptor
11-02 07:39:27.036   738  4644 E FrameSetDispatcher: [HAND] Client: Failed to read from receive FMQ for 1 packets in 5000ms.
11-02 07:39:27.036   738  4644 E FrameSetDispatcher: This probably means this client is taking more than 33 ms to process the frame.
11-02 07:39:27.036   738  4644 E FrameSetDispatcher: Retrying.
11-02 07:39:27.038   738  1700 W SensorService: Unknown packet type (20) received
11-02 07:39:29.756  1062  2355 I DisplayManagerService: Display device added: DisplayDeviceInfo{"com.oculus.android_panel_app.AndroidPanelLayer-toast": uniqueId="virtual:com.oculus.systemux,10026,com.oculus.android_panel_app.AndroidPanelLayer-toast,0", 525 x 1250, modeId 46, defaultModeId 46, supportedModes [{id=46, width=525, height=1250, fps=60.0}], colorMode 0, supportedColorModes [0], HdrCapabilities null, density 200, 200.0 x 200.0 dpi, appVsyncOff 0, presDeadline 16666666, touch NONE, rotation 0, type VIRTUAL, state OFF, owner com.oculus.systemux (uid 10026), FLAG_PRIVATE, FLAG_NEVER_BLANK, FLAG_OWN_CONTENT_ONLY}
11-02 07:39:29.761  1062  2355 I DisplayManagerService: Display device removed: DisplayDeviceInfo{"com.oculus.android_panel_app.AndroidPanelLayer-toast": uniqueId="virtual:com.oculus.systemux,10026,com.oculus.android_panel_app.AndroidPanelLayer-toast,0", 525 x 1250, modeId 46, defaultModeId 46, supportedModes [{id=46, width=525, height=1250, fps=60.0}], colorMode 0, supportedColorModes [0], HdrCapabilities null, density 200, 200.0 x 200.0 dpi, appVsyncOff 0, presDeadline 16666666, touch NONE, rotation 0, type VIRTUAL, state OFF, owner com.oculus.systemux (uid 10026), FLAG_PRIVATE, FLAG_NEVER_BLANK, FLAG_OWN_CONTENT_ONLY}
11-02 07:39:29.763  1062  2355 I DisplayManagerService: Display device added: DisplayDeviceInfo{"com.oculus.android_panel_app.AndroidPanelLayer-toast": uniqueId="virtual:com.oculus.systemux,10026,com.oculus.android_panel_app.AndroidPanelLayer-toast,0", 525 x 1, modeId 47, defaultModeId 47, supportedModes [{id=47, width=525, height=1, fps=60.0}], colorMode 0, supportedColorModes [0], HdrCapabilities null, density 200, 200.0 x 200.0 dpi, appVsyncOff 0, presDeadline 16666666, touch NONE, rotation 0, type VIRTUAL, state OFF, owner com.oculus.systemux (uid 10026), FLAG_PRIVATE, FLAG_NEVER_BLANK, FLAG_OWN_CONTENT_ONLY}
11-02 07:39:29.803  1062  1095 I ActivityTaskManager: Override config changes=200055f8 {0.0 ?mcc?mnc ?localeList ?layoutDir ?swdp w420dp ?hdp 200dpi smll land ?uimode ?night -touch qwerty/v/v -nav/h winConfig={ mBounds=Rect(0, 0 - 525, 1) mAppBounds=Rect(0, 0 - 525, 1) mWindowingMode=fullscreen mDisplayWindowingMode=fullscreen mActivityType=undefined mAlwaysOnTop=undefined mRotation=ROTATION_0}} for displayId=42
11-02 07:39:29.897  1062  1095 I DisplayManagerService: Display device changed state: "com.oculus.android_panel_app.AndroidPanelLayer-toast", ON
11-02 07:39:29.903  1062  3685 E WindowManager: App trying to use insecure INPUT_FEATURE_NO_INPUT_CHANNEL flag. Ignoring
11-02 07:39:29.919  1062  3685 I DisplayManagerService: Display device removed: DisplayDeviceInfo{"com.oculus.android_panel_app.AndroidPanelLayer-toast": uniqueId="virtual:com.oculus.systemux,10026,com.oculus.android_panel_app.AndroidPanelLayer-toast,0", 525 x 1, modeId 47, defaultModeId 47, supportedModes [{id=47, width=525, height=1, fps=60.0}], colorMode 0, supportedColorModes [0], HdrCapabilities null, density 200, 200.0 x 200.0 dpi, appVsyncOff 0, presDeadline 16666666, touch NONE, rotation 0, type VIRTUAL, state ON, owner com.oculus.systemux (uid 10026), FLAG_PRIVATE, FLAG_NEVER_BLANK, FLAG_OWN_CONTENT_ONLY}
11-02 07:39:29.921  1062  3685 I DisplayManagerService: Display device added: DisplayDeviceInfo{"com.oculus.android_panel_app.AndroidPanelLayer-toast": uniqueId="virtual:com.oculus.systemux,10026,com.oculus.android_panel_app.AndroidPanelLayer-toast,0", 525 x 80, modeId 48, defaultModeId 48, supportedModes [{id=48, width=525, height=80, fps=60.0}], colorMode 0, supportedColorModes [0], HdrCapabilities null, density 200, 200.0 x 200.0 dpi, appVsyncOff 0, presDeadline 16666666, touch NONE, rotation 0, type VIRTUAL, state OFF, owner com.oculus.systemux (uid 10026), FLAG_PRIVATE, FLAG_NEVER_BLANK, FLAG_OWN_CONTENT_ONLY}
11-02 07:39:29.953  1062  1095 I ActivityTaskManager: Override config changes=20005df8 {0.0 ?mcc?mnc ?localeList ?layoutDir sw64dp w420dp h64dp 200dpi smll land ?uimode ?night -touch qwerty/v/v -nav/h winConfig={ mBounds=Rect(0, 0 - 525, 80) mAppBounds=Rect(0, 0 - 525, 80) mWindowingMode=fullscreen mDisplayWindowingMode=fullscreen mActivityType=undefined mAlwaysOnTop=undefined mRotation=ROTATION_0}} for displayId=43
11-02 07:39:29.966  1062  3685 W WindowManager: Failed looking up window callers=com.android.server.wm.WindowManagerService.windowForClientLocked:5331 com.android.server.wm.WindowManagerService.finishDrawingWindow:2433 com.android.server.wm.Session.finishDrawing:231 
11-02 07:39:29.967  1062  3685 W WindowManager: Failed looking up window callers=com.android.server.wm.WindowManagerService.windowForClientLocked:5331 com.android.server.wm.WindowManagerService.removeWindow:1789 com.android.server.wm.Session.remove:176 
11-02 07:39:29.973  1062  1095 I DisplayManagerService: Display device changed state: "com.oculus.android_panel_app.AndroidPanelLayer-toast", ON
11-02 07:39:29.980  1062  3690 E WindowManager: App trying to use insecure INPUT_FEATURE_NO_INPUT_CHANNEL flag. Ignoring
11-02 07:39:30.255  1062  1188 D ConnectivityService: NetworkAgentInfo [WIFI () - 101] validation failed
11-02 07:39:34.697  1062  1960 I DisplayManagerService: Display device removed: DisplayDeviceInfo{"com.oculus.android_panel_app.AndroidPanelLayer-toast": uniqueId="virtual:com.oculus.systemux,10026,com.oculus.android_panel_app.AndroidPanelLayer-toast,0", 525 x 80, modeId 48, defaultModeId 48, supportedModes [{id=48, width=525, height=80, fps=60.0}], colorMode 0, supportedColorModes [0], HdrCapabilities null, density 200, 200.0 x 200.0 dpi, appVsyncOff 0, presDeadline 16666666, touch NONE, rotation 0, type VIRTUAL, state ON, owner com.oculus.systemux (uid 10026), FLAG_PRIVATE, FLAG_NEVER_BLANK, FLAG_OWN_CONTENT_ONLY}
11-02 07:39:38.540  1062  1545 I ActivityManager: Killing 3487:com.qualcomm.timeservice/u0a49 (adj 985): empty #17
11-02 07:39:39.160  1062  1101 I ActivityManager: Waited long enough for: ServiceRecord{23819d2 u0 com.oculus.browser/.PanelService}
11-02 07:39:37.040   738  1700 I chatty  : uid=1000(system) SBEventHandler identical 2 lines
11-02 07:39:42.040   738  1700 W SensorService: Unknown packet type (20) received
11-02 07:39:44.843   738  1699 I SyncBossHAL: [info   ] pulsar_manager.c(750): Setting transmit power for all connected controllers to 0 dBm
11-02 07:39:44.984  1062  1960 I ActivityManager: Killing 2460:com.android.providers.calendar/u0a10 (adj 985): empty #17
11-02 07:39:46.298  1062  1188 D ConnectivityService: NetworkAgentInfo [WIFI () - 101] validation failed
11-02 07:39:47.040   738  1700 W SensorService: Unknown packet type (20) received
11-02 07:39:52.042   738  1700 I chatty  : uid=1000(system) SBEventHandler identical 1 line
11-02 07:39:57.042   738  1700 W SensorService: Unknown packet type (20) received
11-02 07:39:57.844  1062  1701 D AdbDebuggingManager: Received disconnected message: QAAAAE/wZiVR2dXZ7wIpe9o3VTCI72ZjJnPHFtYfSDMDYA+iJ6pNWxNZ/Evn0O/9lAJChdZFmUdWbTVZ64s2eKqTUL7mRCTTTTkKpBD7nxi2pzmM3CzLseKIPEcSHJGtxPzTZ6zVHS6TrpT/FdC6kXa0n1BhjiA/0jmzQaVgUpjlxaLDk4LS2L1UJ6M5RAlqeH3FKWHkg2Dr1K7jUM6cHLXe8tDpb5ej/e9+9GRjuAPNoJekAVUuqzIM/mpp21Grqw9wCvYvnCztKH1P3MmtEqq4SPNsqiBm9zp+cIoIp8B+tfMGEGRi75YRUj1aP1Qs6HhFnKHwxmfbuqum9XSxWTec+CzYmDiV7yJ9+g1ddYfX9AS/v+3/vIC8IwJCGYm5CsRFFIc6oh/hBSW9kbt6/F53ITRTA8O3w946jxNU7y2B+RN6t8qGdycgw03Sml1kHQu97K+RLIYFJNsUm166WOhcMWFK5HvjV54z8B/dYIF1y9Pu5gObR/r0RfhCUuLi4+qxsPW3KTr1yJasgwROZl9RoVLO132GpYmcmjakWxz2CP531B20EtWfW3W/yub2bWfmQyNYv/asykON1lGYI1SVyoGaF+ebtlIyZCN6qx8IZwJP/WuFhjd/SsYWZZSluc5oC6HasxAr9idTbFRnObmpqhR3+MfqpwW/TPui9OdEjkn2k5raXQEAAQA= smiller@pop-os
11-02 07:39:57.844  1062  1701 D AdbDebuggingManager: Received public key: QAAAAE/wZiVR2dXZ7wIpe9o3VTCI72ZjJnPHFtYfSDMDYA+iJ6pNWxNZ/Evn0O/9lAJChdZFmUdWbTVZ64s2eKqTUL7mRCTTTTkKpBD7nxi2pzmM3CzLseKIPEcSHJGtxPzTZ6zVHS6TrpT/FdC6kXa0n1BhjiA/0jmzQaVgUpjlxaLDk4LS2L1UJ6M5RAlqeH3FKWHkg2Dr1K7jUM6cHLXe8tDpb5ej/e9+9GRjuAPNoJekAVUuqzIM/mpp21Grqw9wCvYvnCztKH1P3MmtEqq4SPNsqiBm9zp+cIoIp8B+tfMGEGRi75YRUj1aP1Qs6HhFnKHwxmfbuqum9XSxWTec+CzYmDiV7yJ9+g1ddYfX9AS/v+3/vIC8IwJCGYm5CsRFFIc6oh/hBSW9kbt6/F53ITRTA8O3w946jxNU7y2B+RN6t8qGdycgw03Sml1kHQu97K+RLIYFJNsUm166WOhcMWFK5HvjV54z8B/dYIF1y9Pu5gObR/r0RfhCUuLi4+qxsPW3KTr1yJasgwROZl9RoVLO132GpYmcmjakWxz2CP531B20EtWfW3W/yub2bWfmQyNYv/asykON1lGYI1SVyoGaF+ebtlIyZCN6qx8IZwJP/WuFhjd/SsYWZZSluc5oC6HasxAr9idTbFRnObmpqhR3+MfqpwW/TPui9OdEjkn2k5raXQEAAQA= smiller@pop-os
11-02 07:39:57.845  1062  1092 D AdbDebuggingManager: Logging key QAAAAE/wZiVR2dXZ7wIpe9o3VTCI72ZjJnPHFtYfSDMDYA+iJ6pNWxNZ/Evn0O/9lAJChdZFmUdWbTVZ64s2eKqTUL7mRCTTTTkKpBD7nxi2pzmM3CzLseKIPEcSHJGtxPzTZ6zVHS6TrpT/FdC6kXa0n1BhjiA/0jmzQaVgUpjlxaLDk4LS2L1UJ6M5RAlqeH3FKWHkg2Dr1K7jUM6cHLXe8tDpb5ej/e9+9GRjuAPNoJekAVUuqzIM/mpp21Grqw9wCvYvnCztKH1P3MmtEqq4SPNsqiBm9zp+cIoIp8B+tfMGEGRi75YRUj1aP1Qs6HhFnKHwxmfbuqum9XSxWTec+CzYmDiV7yJ9+g1ddYfX9AS/v+3/vIC8IwJCGYm5CsRFFIc6oh/hBSW9kbt6/F53ITRTA8O3w946jxNU7y2B+RN6t8qGdycgw03Sml1kHQu97K+RLIYFJNsUm166WOhcMWFK5HvjV54z8B/dYIF1y9Pu5gObR/r0RfhCUuLi4+qxsPW3KTr1yJasgwROZl9RoVLO132GpYmcmjakWxz2CP531B20EtWfW3W/yub2bWfmQyNYv/asykON1lGYI1SVyoGaF+ebtlIyZCN6qx8IZwJP/WuFhjd/SsYWZZSluc5oC6HasxAr9idTbFRnObmpqhR3+MfqpwW/TPui9OdEjkn2k5raXQEAAQA= smiller@pop-os, state = 7, alwaysAllow = false, lastConnectionTime = 0, authWindow = 604800000
11-02 07:39:57.846  1062  1092 D AdbDebuggingManager: Logging key QAAAAE/wZiVR2dXZ7wIpe9o3VTCI72ZjJnPHFtYfSDMDYA+iJ6pNWxNZ/Evn0O/9lAJChdZFmUdWbTVZ64s2eKqTUL7mRCTTTTkKpBD7nxi2pzmM3CzLseKIPEcSHJGtxPzTZ6zVHS6TrpT/FdC6kXa0n1BhjiA/0jmzQaVgUpjlxaLDk4LS2L1UJ6M5RAlqeH3FKWHkg2Dr1K7jUM6cHLXe8tDpb5ej/e9+9GRjuAPNoJekAVUuqzIM/mpp21Grqw9wCvYvnCztKH1P3MmtEqq4SPNsqiBm9zp+cIoIp8B+tfMGEGRi75YRUj1aP1Qs6HhFnKHwxmfbuqum9XSxWTec+CzYmDiV7yJ9+g1ddYfX9AS/v+3/vIC8IwJCGYm5CsRFFIc6oh/hBSW9kbt6/F53ITRTA8O3w946jxNU7y2B+RN6t8qGdycgw03Sml1kHQu97K+RLIYFJNsUm166WOhcMWFK5HvjV54z8B/dYIF1y9Pu5gObR/r0RfhCUuLi4+qxsPW3KTr1yJasgwROZl9RoVLO132GpYmcmjakWxz2CP531B20EtWfW3W/yub2bWfmQyNYv/asykON1lGYI1SVyoGaF+ebtlIyZCN6qx8IZwJP/WuFhjd/SsYWZZSluc5oC6HasxAr9idTbFRnObmpqhR3+MfqpwW/TPui9OdEjkn2k5raXQEAAQA= smiller@pop-os, state = 1, alwaysAllow = false, lastConnectionTime = 0, authWindow = 604800000
11-02 07:39:57.847  1062  1092 I ActivityTaskManager: START u0 {flg=0x10000000 cmp=com.oculus.os.vrusb/.USBDebuggingAlertActivity (has extras)} from uid 1000
11-02 07:39:57.875   833  1733 I TrackingService: Unregistering client by ITrackingService.unregisterClient
11-02 07:39:57.875   833  1733 I TrackingService: Failed to unregister client because client not found in registered list
11-02 07:39:57.875   833  1733 I chatty  : uid=1000(system) Binder:833_2 identical 2 lines
11-02 07:39:57.875   833  1733 I TrackingService: Failed to unregister client because client not found in registered list
11-02 07:39:57.954   833  1962 I TrackingService: Unregistering client by ITrackingService.unregisterClient
11-02 07:39:57.954   833  1962 I TrackingService: Failed to unregister client because client not found in registered list
11-02 07:39:57.954   833  1962 I TrackingService: Failed to unregister client because client not found in registered list
11-02 07:39:58.018  1062  1960 I DisplayManagerService: Display device removed: DisplayDeviceInfo{"com.oculus.android_panel_app.AndroidPanelLayer-tablet": uniqueId="virtual:com.oculus.systemux,10026,com.oculus.android_panel_app.AndroidPanelLayer-tablet,0", 1000 x 625, modeId 34, defaultModeId 34, supportedModes [{id=34, width=1000, height=625, fps=60.0}], colorMode 0, supportedColorModes [0], HdrCapabilities null, density 200, 200.0 x 200.0 dpi, appVsyncOff 0, presDeadline 16666666, touch NONE, rotation 0, type VIRTUAL, state ON, owner com.oculus.systemux (uid 10026), FLAG_PRIVATE, FLAG_NEVER_BLANK, FLAG_OWN_CONTENT_ONLY}
11-02 07:39:58.022  1062  1960 I DisplayManagerService: Display device removed: DisplayDeviceInfo{"com.oculus.android_panel_app.AndroidPanelLayer-#main": uniqueId="virtual:com.oculus.systemux,10026,com.oculus.android_panel_app.AndroidPanelLayer-#main,1", 800 x 110, modeId 33, defaultModeId 33, supportedModes [{id=33, width=800, height=110, fps=60.0}], colorMode 0, supportedColorModes [0], HdrCapabilities null, density 200, 200.0 x 200.0 dpi, appVsyncOff 0, presDeadline 16666666, touch NONE, rotation 0, type VIRTUAL, state ON, owner com.oculus.systemux (uid 10026), FLAG_PRIVATE, FLAG_NEVER_BLANK, FLAG_OWN_CONTENT_ONLY}
11-02 07:39:58.231  1062  1960 E WindowManager: App trying to use insecure INPUT_FEATURE_NO_INPUT_CHANNEL flag. Ignoring
11-02 07:39:58.246  1062  1110 V DisplayPowerController: Brightness [255] reason changing to: 'override', previous reason: 'manual'.
11-02 07:39:58.256   833  1962 I TrackingService: TrackingService::getSharedMemoryFileDescriptor
11-02 07:39:58.380   833  1962 I TrackingService: TrackingService::getSharedMemoryFileDescriptor
11-02 07:40:01.851   833  1729 D TrackingService: [HANDTRACKING] Controller b52e25c2474e944e in hand: Y, valid: Y
11-02 07:40:01.876   738  1028 I HollywoodCameraProvider: Switching channel from HAND to CONTROLLER
11-02 07:40:01.876   738  4650 I FrameSetDispatcher: [HAND] Client thread stopping
11-02 07:40:01.877   738  1028 I FrameSetDispatcher: [HAND] Client thread joined
11-02 07:40:01.877   738  1028 I CameraClientManager: [HAND] Removed client - started clients: 1
11-02 07:40:01.881   738  4644 I FrameSetDispatcher: [HAND] Client thread stopping
11-02 07:40:01.882   738  1028 I FrameSetDispatcher: [HAND] Client thread joined
11-02 07:40:01.882   738  1028 I CameraClientManager: [HAND] Removed client - started clients: 0
11-02 07:40:01.886   738  1028 I FrameSetDispatcher: [CONTROLLER] Client thread started
11-02 07:40:01.886   738  1028 I CameraClientManager: [CONTROLLER] Added client - started clients: 1
11-02 07:40:01.887   833  1659 I TrackingService: ConstellationTrackingGlue: setEnableExtendedDeadreckoning to false
11-02 07:40:01.903   738  3842 W SensorService: FrameType CONTROLLER: New frameset capture timestamp exceeds tolerance bounds
11-02 07:40:01.913   833  1962 I TrackingService: TrackingService::getSharedMemoryFileDescriptor
11-02 07:40:02.043   738  1700 W SensorService: Unknown packet type (20) received
11-02 07:40:02.624  1062  1092 D AdbDebuggingManager: Logging key QAAAAE/wZiVR2dXZ7wIpe9o3VTCI72ZjJnPHFtYfSDMDYA+iJ6pNWxNZ/Evn0O/9lAJChdZFmUdWbTVZ64s2eKqTUL7mRCTTTTkKpBD7nxi2pzmM3CzLseKIPEcSHJGtxPzTZ6zVHS6TrpT/FdC6kXa0n1BhjiA/0jmzQaVgUpjlxaLDk4LS2L1UJ6M5RAlqeH3FKWHkg2Dr1K7jUM6cHLXe8tDpb5ej/e9+9GRjuAPNoJekAVUuqzIM/mpp21Grqw9wCvYvnCztKH1P3MmtEqq4SPNsqiBm9zp+cIoIp8B+tfMGEGRi75YRUj1aP1Qs6HhFnKHwxmfbuqum9XSxWTec+CzYmDiV7yJ9+g1ddYfX9AS/v+3/vIC8IwJCGYm5CsRFFIc6oh/hBSW9kbt6/F53ITRTA8O3w946jxNU7y2B+RN6t8qGdycgw03Sml1kHQu97K+RLIYFJNsUm166WOhcMWFK5HvjV54z8B/dYIF1y9Pu5gObR/r0RfhCUuLi4+qxsPW3KTr1yJasgwROZl9RoVLO132GpYmcmjakWxz2CP531B20EtWfW3W/yub2bWfmQyNYv/asykON1lGYI1SVyoGaF+ebtlIyZCN6qx8IZwJP/WuFhjd/SsYWZZSluc5oC6HasxAr9idTbFRnObmpqhR3+MfqpwW/TPui9OdEjkn2k5raXQEAAQA= smiller@pop-os, state = 2, alwaysAllow = false, lastConnectionTime = 0, authWindow = 604800000
11-02 07:40:02.649   833  1733 I TrackingService: TrackingService::getSharedMemoryFileDescriptor
11-02 07:40:02.649   833  1733 E TrackingService: attachClient: found client in attached list
11-02 07:40:02.649   833  1733 I TrackingService: TrackingService::getSharedMemoryFileDescriptor
11-02 07:40:02.650   833  1733 E TrackingService: attachClient: found client in attached list
11-02 07:40:02.678   833  1733 I TrackingService: Unregistering client by ITrackingService.unregisterClient
11-02 07:40:02.679   833  1733 I TrackingService: Failed to unregister client because client not found in registered list
11-02 07:40:02.679   833  1733 I TrackingService: Failed to unregister client because client not found in registered list
11-02 07:40:02.729  1062  1095 I ActivityManager: Killing 2887:com.amazon.asxr/u0a100 (adj 985): empty #17
11-02 07:40:02.745  1062  3685 E WindowManager: App trying to use insecure INPUT_FEATURE_NO_INPUT_CHANNEL flag. Ignoring
11-02 07:40:02.755   833  1962 I TrackingService: TrackingService::getSharedMemoryFileDescriptor
11-02 07:40:02.891   833  1962 I chatty  : uid=1000(system) Binder:833_3 identical 3 lines
11-02 07:40:02.948  1062  2355 I DisplayManagerService: Display device added: DisplayDeviceInfo{"com.oculus.android_panel_app.AndroidPanelLayer-#main": uniqueId="virtual:com.oculus.systemux,10026,com.oculus.android_panel_app.AndroidPanelLayer-#main,1", 800 x 1250, modeId 49, defaultModeId 49, supportedModes [{id=49, width=800, height=1250, fps=60.0}], colorMode 0, supportedColorModes [0], HdrCapabilities null, density 200, 200.0 x 200.0 dpi, appVsyncOff 0, presDeadline 16666666, touch NONE, rotation 0, type VIRTUAL, state OFF, owner com.oculus.systemux (uid 10026), FLAG_PRIVATE, FLAG_NEVER_BLANK, FLAG_OWN_CONTENT_ONLY}
11-02 07:40:02.998  1062  1095 I ActivityTaskManager: Override config changes=20005df8 {0.0 ?mcc?mnc ?localeList ?layoutDir sw640dp w640dp h1000dp 200dpi lrg port ?uimode ?night -touch qwerty/v/v -nav/h winConfig={ mBounds=Rect(0, 0 - 800, 1250) mAppBounds=Rect(0, 0 - 800, 1250) mWindowingMode=fullscreen mDisplayWindowingMode=fullscreen mActivityType=undefined mAlwaysOnTop=undefined mRotation=ROTATION_0}} for displayId=44
11-02 07:40:03.061  1062  1110 V DisplayPowerController: Brightness [127] reason changing to: 'manual', previous reason: 'override'.
11-02 07:40:03.073  1062  3514 I DisplayManagerService: Display device removed: DisplayDeviceInfo{"com.oculus.android_panel_app.AndroidPanelLayer-#main": uniqueId="virtual:com.oculus.systemux,10026,com.oculus.android_panel_app.AndroidPanelLayer-#main,1", 800 x 1250, modeId 49, defaultModeId 49, supportedModes [{id=49, width=800, height=1250, fps=60.0}], colorMode 0, supportedColorModes [0], HdrCapabilities null, density 200, 200.0 x 200.0 dpi, appVsyncOff 0, presDeadline 16666666, touch NONE, rotation 0, type VIRTUAL, state OFF, owner com.oculus.systemux (uid 10026), FLAG_PRIVATE, FLAG_NEVER_BLANK, FLAG_OWN_CONTENT_ONLY}
11-02 07:40:03.080  1062  4732 I DisplayManagerService: Display device added: DisplayDeviceInfo{"com.oculus.android_panel_app.AndroidPanelLayer-#main": uniqueId="virtual:com.oculus.systemux,10026,com.oculus.android_panel_app.AndroidPanelLayer-#main,1", 800 x 110, modeId 50, defaultModeId 50, supportedModes [{id=50, width=800, height=110, fps=60.0}], colorMode 0, supportedColorModes [0], HdrCapabilities null, density 200, 200.0 x 200.0 dpi, appVsyncOff 0, presDeadline 16666666, touch NONE, rotation 0, type VIRTUAL, state OFF, owner com.oculus.systemux (uid 10026), FLAG_PRIVATE, FLAG_NEVER_BLANK, FLAG_OWN_CONTENT_ONLY}
11-02 07:40:03.096  1062  4732 I DisplayManagerService: Display device added: DisplayDeviceInfo{"com.oculus.android_panel_app.AndroidPanelLayer-tablet": uniqueId="virtual:com.oculus.systemux,10026,com.oculus.android_panel_app.AndroidPanelLayer-tablet,0", 1000 x 625, modeId 51, defaultModeId 51, supportedModes [{id=51, width=1000, height=625, fps=60.0}], colorMode 0, supportedColorModes [0], HdrCapabilities null, density 200, 200.0 x 200.0 dpi, appVsyncOff 0, presDeadline 16666666, touch NONE, rotation 0, type VIRTUAL, state OFF, owner com.oculus.systemux (uid 10026), FLAG_PRIVATE, FLAG_NEVER_BLANK, FLAG_OWN_CONTENT_ONLY}
11-02 07:40:03.131  1062  1095 I ActivityTaskManager: Override config changes=20005df8 {0.0 ?mcc?mnc ?localeList ?layoutDir sw88dp w640dp h88dp 200dpi nrml long land ?uimode ?night -touch qwerty/v/v -nav/h winConfig={ mBounds=Rect(0, 0 - 800, 110) mAppBounds=Rect(0, 0 - 800, 110) mWindowingMode=fullscreen mDisplayWindowingMode=fullscreen mActivityType=undefined mAlwaysOnTop=undefined mRotation=ROTATION_0}} for displayId=45
11-02 07:40:03.133  1062  1095 E DisplayModeDirector: Asked about unknown display, returning empty allowed set! (id=46)
11-02 07:40:03.141  1062  1095 I ActivityTaskManager: Override config changes=20005df8 {0.0 ?mcc?mnc ?localeList ?layoutDir sw500dp w800dp h500dp 200dpi lrg land ?uimode ?night -touch qwerty/v/v -nav/h winConfig={ mBounds=Rect(0, 0 - 1000, 625) mAppBounds=Rect(0, 0 - 1000, 625) mWindowingMode=fullscreen mDisplayWindowingMode=fullscreen mActivityType=undefined mAlwaysOnTop=undefined mRotation=ROTATION_0}} for displayId=46
11-02 07:40:03.146  1062  1095 I DisplayManagerService: Display device changed state: "com.oculus.android_panel_app.AndroidPanelLayer-#main", ON
11-02 07:40:03.154  1062  2355 E WindowManager: App trying to use insecure INPUT_FEATURE_NO_INPUT_CHANNEL flag. Ignoring
11-02 07:40:03.156  1062  1095 I DisplayManagerService: Display device changed state: "com.oculus.android_panel_app.AndroidPanelLayer-tablet", ON
11-02 07:40:03.164  1062  1545 E WindowManager: App trying to use insecure INPUT_FEATURE_NO_INPUT_CHANNEL flag. Ignoring
11-02 07:40:03.351   833  1962 I TrackingService: TrackingService::getSharedMemoryFileDescriptor
11-02 07:40:05.758   833  1962 I TrackingService: Unregistering client by ITrackingService.unregisterClient
11-02 07:40:05.759   833  1962 I TrackingService: Failed to unregister client because client not found in registered list
11-02 07:40:05.759   833  1962 I chatty  : uid=1000(system) Binder:833_3 identical 1 line
11-02 07:40:05.759   833  1962 I TrackingService: Failed to unregister client because client not found in registered list
11-02 07:40:06.197   833  1729 D TrackingService: [HANDTRACKING] Controller b52e25c2474e944e in hand: N, valid: Y
11-02 07:40:06.215   738  1028 I HollywoodCameraProvider: Switching channel from CONTROLLER to HAND
11-02 07:40:06.216   738  4716 I FrameSetDispatcher: [CONTROLLER] Client thread stopping
11-02 07:40:06.216   738  1028 I FrameSetDispatcher: [CONTROLLER] Client thread joined
11-02 07:40:06.216   738  1028 I CameraClientManager: [CONTROLLER] Removed client - started clients: 0
11-02 07:40:06.219   738  1028 I FrameSetDispatcher: [HAND] Client thread started
11-02 07:40:06.219   738  1028 I CameraClientManager: [HAND] Added client - started clients: 1
11-02 07:40:06.236   738  3848 W SensorService: FrameType HAND: New frameset capture timestamp exceeds tolerance bounds
11-02 07:40:06.387   738  1028 I FrameSetDispatcher: [HAND] Client thread started
11-02 07:40:06.387   738  1028 E FrameSetDispatcher: [HAND] Frame Count Requirement violated: number of streaming clients: 2, maximum number of FrameSets: 2
11-02 07:40:06.387   738  1028 I CameraClientManager: [HAND] Added client - started clients: 2
11-02 07:40:06.424   833  1962 I TrackingService: TrackingService::getSharedMemoryFileDescriptor
11-02 07:40:07.044   738  1700 W SensorService: Unknown packet type (20) received
11-02 07:40:07.370   738  4751 E FrameSetDispatcher: [HAND] Client: Failed to read from receive FMQ for 1 packets in 5000ms.
11-02 07:40:07.370   738  4751 E FrameSetDispatcher: This probably means this client is taking more than 33 ms to process the frame.
11-02 07:40:07.370   738  4751 E FrameSetDispatcher: Retrying.
11-02 07:40:10.080  1062  2355 I DisplayManagerService: Display device added: DisplayDeviceInfo{"com.oculus.android_panel_app.AndroidPanelLayer-toast": uniqueId="virtual:com.oculus.systemux,10026,com.oculus.android_panel_app.AndroidPanelLayer-toast,0", 525 x 1250, modeId 52, defaultModeId 52, supportedModes [{id=52, width=525, height=1250, fps=60.0}], colorMode 0, supportedColorModes [0], HdrCapabilities null, density 200, 200.0 x 200.0 dpi, appVsyncOff 0, presDeadline 16666666, touch NONE, rotation 0, type VIRTUAL, state OFF, owner com.oculus.systemux (uid 10026), FLAG_PRIVATE, FLAG_NEVER_BLANK, FLAG_OWN_CONTENT_ONLY}
11-02 07:40:10.089  1062  2355 I DisplayManagerService: Display device removed: DisplayDeviceInfo{"com.oculus.android_panel_app.AndroidPanelLayer-toast": uniqueId="virtual:com.oculus.systemux,10026,com.oculus.android_panel_app.AndroidPanelLayer-toast,0", 525 x 1250, modeId 52, defaultModeId 52, supportedModes [{id=52, width=525, height=1250, fps=60.0}], colorMode 0, supportedColorModes [0], HdrCapabilities null, density 200, 200.0 x 200.0 dpi, appVsyncOff 0, presDeadline 16666666, touch NONE, rotation 0, type VIRTUAL, state OFF, owner com.oculus.systemux (uid 10026), FLAG_PRIVATE, FLAG_NEVER_BLANK, FLAG_OWN_CONTENT_ONLY}
11-02 07:40:10.090  1062  2355 I DisplayManagerService: Display device added: DisplayDeviceInfo{"com.oculus.android_panel_app.AndroidPanelLayer-toast": uniqueId="virtual:com.oculus.systemux,10026,com.oculus.android_panel_app.AndroidPanelLayer-toast,0", 525 x 1, modeId 53, defaultModeId 53, supportedModes [{id=53, width=525, height=1, fps=60.0}], colorMode 0, supportedColorModes [0], HdrCapabilities null, density 200, 200.0 x 200.0 dpi, appVsyncOff 0, presDeadline 16666666, touch NONE, rotation 0, type VIRTUAL, state OFF, owner com.oculus.systemux (uid 10026), FLAG_PRIVATE, FLAG_NEVER_BLANK, FLAG_OWN_CONTENT_ONLY}
11-02 07:40:10.137  1062  1095 I ActivityTaskManager: Override config changes=200055f8 {0.0 ?mcc?mnc ?localeList ?layoutDir ?swdp w420dp ?hdp 200dpi smll land ?uimode ?night -touch qwerty/v/v -nav/h winConfig={ mBounds=Rect(0, 0 - 525, 1) mAppBounds=Rect(0, 0 - 525, 1) mWindowingMode=fullscreen mDisplayWindowingMode=fullscreen mActivityType=undefined mAlwaysOnTop=undefined mRotation=ROTATION_0}} for displayId=48
11-02 07:40:10.224  1062  1095 I DisplayManagerService: Display device changed state: "com.oculus.android_panel_app.AndroidPanelLayer-toast", ON
11-02 07:40:10.229  1062  1545 E WindowManager: App trying to use insecure INPUT_FEATURE_NO_INPUT_CHANNEL flag. Ignoring
11-02 07:40:10.250  1062  1545 I DisplayManagerService: Display device removed: DisplayDeviceInfo{"com.oculus.android_panel_app.AndroidPanelLayer-toast": uniqueId="virtual:com.oculus.systemux,10026,com.oculus.android_panel_app.AndroidPanelLayer-toast,0", 525 x 1, modeId 53, defaultModeId 53, supportedModes [{id=53, width=525, height=1, fps=60.0}], colorMode 0, supportedColorModes [0], HdrCapabilities null, density 200, 200.0 x 200.0 dpi, appVsyncOff 0, presDeadline 16666666, touch NONE, rotation 0, type VIRTUAL, state ON, owner com.oculus.systemux (uid 10026), FLAG_PRIVATE, FLAG_NEVER_BLANK, FLAG_OWN_CONTENT_ONLY}
11-02 07:40:10.253  1062  2355 I DisplayManagerService: Display device added: DisplayDeviceInfo{"com.oculus.android_panel_app.AndroidPanelLayer-toast": uniqueId="virtual:com.oculus.systemux,10026,com.oculus.android_panel_app.AndroidPanelLayer-toast,0", 525 x 80, modeId 54, defaultModeId 54, supportedModes [{id=54, width=525, height=80, fps=60.0}], colorMode 0, supportedColorModes [0], HdrCapabilities null, density 200, 200.0 x 200.0 dpi, appVsyncOff 0, presDeadline 16666666, touch NONE, rotation 0, type VIRTUAL, state OFF, owner com.oculus.systemux (uid 10026), FLAG_PRIVATE, FLAG_NEVER_BLANK, FLAG_OWN_CONTENT_ONLY}
11-02 07:40:10.282  1062  1245 W WindowManager: Failed looking up window callers=com.android.server.wm.WindowManagerService.windowForClientLocked:5331 com.android.server.wm.WindowManagerService.finishDrawingWindow:2433 com.android.server.wm.Session.finishDrawing:231 
11-02 07:40:10.284  1062  1245 W WindowManager: Failed looking up window callers=com.android.server.wm.WindowManagerService.windowForClientLocked:5331 com.android.server.wm.WindowManagerService.removeWindow:1789 com.android.server.wm.Session.remove:176 
11-02 07:40:10.286  1062  1095 I ActivityTaskManager: Override config changes=20005df8 {0.0 ?mcc?mnc ?localeList ?layoutDir sw64dp w420dp h64dp 200dpi smll land ?uimode ?night -touch qwerty/v/v -nav/h winConfig={ mBounds=Rect(0, 0 - 525, 80) mAppBounds=Rect(0, 0 - 525, 80) mWindowingMode=fullscreen mDisplayWindowingMode=fullscreen mActivityType=undefined mAlwaysOnTop=undefined mRotation=ROTATION_0}} for displayId=49
11-02 07:40:10.291  1062  1095 I DisplayManagerService: Display device changed state: "com.oculus.android_panel_app.AndroidPanelLayer-toast", ON
11-02 07:40:10.297  1062  2355 E WindowManager: App trying to use insecure INPUT_FEATURE_NO_INPUT_CHANNEL flag. Ignoring
11-02 07:40:12.045   738  1700 W SensorService: Unknown packet type (20) received
11-02 07:40:14.997  1062  3302 I DisplayManagerService: Display device removed: DisplayDeviceInfo{"com.oculus.android_panel_app.AndroidPanelLayer-toast": uniqueId="virtual:com.oculus.systemux,10026,com.oculus.android_panel_app.AndroidPanelLayer-toast,0", 525 x 80, modeId 54, defaultModeId 54, supportedModes [{id=54, width=525, height=80, fps=60.0}], colorMode 0, supportedColorModes [0], HdrCapabilities null, density 200, 200.0 x 200.0 dpi, appVsyncOff 0, presDeadline 16666666, touch NONE, rotation 0, type VIRTUAL, state ON, owner com.oculus.systemux (uid 10026), FLAG_PRIVATE, FLAG_NEVER_BLANK, FLAG_OWN_CONTENT_ONLY}
11-02 07:40:18.342  1062  1188 D ConnectivityService: NetworkAgentInfo [WIFI () - 101] validation failed
--------- beginning of main
11-02 07:40:23.854  1829  4728 I VrApi   : FPS=90/90,Prd=40ms,Tear=0,Early=90,Stale=0,VSnc=1,Lat=1,Fov=0,CPU4/GPU=2/3,1171/490MHz,OC=FF,TA=0/70/0,SP=N/F/N,Mem=1353MHz,Free=3985MB,PLS=0,Temp=21.5C/0.0C,TW=1.96ms,App=3.69ms,GD=0.00ms,CPU&GPU=6.44ms,LCnt=2,GPU%=0.53,CPU%=0.14(W0.19),DSF=1.00
11-02 07:40:23.886  1613  2906 I [CT]    : MIXEDREALITY: MrServiceView: renderIteration: (every 10 seconds), screen is: ON, PT is: OFF, ID is: OFF
11-02 07:40:24.329   833  1408 I [CT]    : VIPER:LOCALIZER: Extracting non-gravity-aligned descriptors on query.
11-02 07:40:24.469   746  3463 I hash_map_utils: key: 'snd_device_in' value: ''
11-02 07:40:24.469   746  3463 I hash_map_utils: key: 'snd_device_out' value: ''
11-02 07:40:24.510  2095  2875 I chatty  : uid=10069(com.oculus.guardian) GuardianSystem expire 19 lines
11-02 07:40:24.927  1613  3023 I Telemetry: App memory usage: PSS=13MB DalvikPSS=0 MB
11-02 07:40:24.935  2095  3369 I chatty  : uid=10069(com.oculus.guardian) Thread-14 expire 159 lines
11-02 07:40:24.977  1613  2906 I [CT]    : MIXEDREALITY: MrServiceModel: commitLayerState: (every 10 seconds), ImagesAndCompute: false, ImagesOnly: false, NoRequirement: true.
11-02 07:40:24.995   833  1408 I [CT]    : VIPER:LOCALIZER: Validating using a pose that is 0.09 [sec] old.
11-02 07:40:25.009   833  1408 I [CT]    : VIPER: AreaSearch 2 after new Submap. Matched 123. Stats: [4 42 0 0 1 3 66 0 2 0 0 0 0 0 5 0 0 0 0 ]).
11-02 07:40:25.009   833  1408 I [CT]    : VIPER: Searched with patch-based 3d-2d (Submap id = 0, version = 1): 123 queries.
11-02 07:40:25.010   833  1408 I [CT]    : VIPER: No validation due to too few inliers: num_inliers: 4 < 10
11-02 07:40:25.010   833  1408 I [CT]    : VIPER:LOCALIZER: Validation failed.
11-02 07:40:25.064  1829  4728 I Telemetry: App memory usage: PSS=201MB DalvikPSS=1 MB
11-02 07:40:25.065  1829  4728 I VrApi   : FPS=90/90,Prd=40ms,Tear=0,Early=90,Stale=0,VSnc=1,Lat=1,Fov=0,CPU4/GPU=2/3,1171/490MHz,OC=FF,TA=0/70/0,SP=N/F/N,Mem=1353MHz,Free=3984MB,PLS=0,Temp=21.5C/0.0C,TW=1.95ms,App=4.04ms,GD=0.00ms,CPU&GPU=6.34ms,LCnt=2,GPU%=0.56,CPU%=0.15(W0.15),DSF=1.00
11-02 07:40:25.234   833  3849 W [CT]    : F2F_TRACKER: Low ratio of active tracks for available capacity (135/300=0.45<0.50). Verify corner detection and track creation!
11-02 07:40:25.362   833  1408 I [CT]    : VIPER:LOCALIZER: Extracting non-gravity-aligned descriptors on query.
11-02 07:40:25.807   833  1690 I [CT]    : VIPER: InternalAnchorHealthMonitor: Anchors: 0 | Persistent anchors: 0 | Anchors never observed: 0
11-02 07:40:25.807   833  1690 I [CT]    :   (min/avg/max) Anchor landmarks: (-/-/-) | Covisible keyframes: (-/-/-) | Times since observation: (-/-/-)
11-02 07:40:25.854  1829  4728 I VrApi   : FPS=90/90,Prd=40ms,Tear=0,Early=90,Stale=0,VSnc=1,Lat=1,Fov=0,CPU4/GPU=2/3,1171/490MHz,OC=FF,TA=0/70/0,SP=N/F/N,Mem=1353MHz,Free=3984MB,PLS=0,Temp=21.5C/0.0C,TW=1.92ms,App=3.97ms,GD=0.00ms,CPU&GPU=6.79ms,LCnt=2,GPU%=0.55,CPU%=0.14(W0.16),DSF=1.00
11-02 07:40:26.018  1876  4777 I OSUpdateService: Intent with action system_battery_changed
11-02 07:40:26.239   833  3849 W [CT]    : F2F_TRACKER: Low ratio of active tracks for available capacity (125/300=0.42<0.50). Verify corner detection and track creation!
11-02 07:40:26.373   833  3849 I [CT]    : VIPER: Mode=Vega,Status=6DoF,TRACKING,KF=-1,Inl=175,Pts=135,Mem=63.5,Jit=0.6mm,Issues(Cam/min=0.5,IMU/min=0.0),Exp=(14.0ms,g=15.0,I=10,Ir=48.8)(14.0ms,g=15.0,I=28,Ir=134.7)(14.0ms,g=15.0,I=28,Ir=134.6)(14.0ms,g=15.0,I=12,Ir=60.5)
11-02 07:40:26.373   833  3849 W [CT]    : VIPER: Images too dark, 
11-02 07:40:26.381   833  4752 I [CT]    : IrradianceInfo: [Frame   600 camera 0] [HT] has_hand =  NO, irradiance_proxy =    206.4, intensity =   20.1, exposure =  6.498ms, gain =   15
11-02 07:40:26.382   833  4752 I [CT]    : IrradianceInfo: [Frame   600 camera 1] [HT] has_hand = YES, irradiance_proxy =    277.0, intensity =   27.0, exposure =  6.498ms, gain =   15
11-02 07:40:26.382   833  4752 I [CT]    : IrradianceInfo: [Frame   600 camera 2] [HT] has_hand = YES, irradiance_proxy =    253.8, intensity =   24.7, exposure =  6.498ms, gain =   15
11-02 07:40:26.382   833  4752 I [CT]    : IrradianceInfo: [Frame   600 camera 3] [HT] has_hand =  NO, irradiance_proxy =    227.9, intensity =   22.2, exposure =  6.498ms, gain =   15
11-02 07:40:26.382   833  4752 I [CT]    : NIMBLE:HTEngine: Hand Tracking Processed FPS = 30.00010813838977 Hz / Camera FPS = 30.00010813838977
11-02 07:40:26.383   833  4752 I [CT]    : NIMBLE:HLOG: [Throttled count=7] [Health][left ] [IK #] count= 150, mean=0+-0, max = 1.17549e-38, histogram = [[<1:150], [<3:0], [<5:0], [<7:0], [<9:0], [<11:0], [<30:0], ], 
11-02 07:40:26.406   833  3849 I [CT]    : VIPER:MAP_MANAGER: State: TrackingTransient, UUID=df5b783a-a21c-d0b3-3815-e212b5acd1a5, Num. Persistent maps = 3, Transient maps:df5b783a-a21c-d0b3-3815-e212b5acd1a5, Persistent maps:3f26dece-f9e3-a11d-4097-8100397eaeeb,b03287d6-8cfc-1be2-f26d-85050828fdcc,7fe96743-4f7e-fe0c-1024-e98ecac144c4,
11-02 07:40:26.462   833  1408 I [CT]    : VIPER:LOCALIZER: Extracting non-gravity-aligned descriptors on query.
11-02 07:40:26.498   746  3463 I hash_map_utils: key: 'snd_device_in' value: ''
11-02 07:40:26.499   746  3463 I hash_map_utils: key: 'snd_device_out' value: ''
11-02 07:40:26.517  2095  2875 I chatty  : uid=10069(com.oculus.guardian) GuardianSystem expire 2 lines
11-02 07:40:26.528  2095  3369 I chatty  : uid=10069(com.oculus.guardian) Thread-14 expire 20 lines
11-02 07:40:26.718  2095  2875 I chatty  : uid=10069(com.oculus.guardian) GuardianSystem expire 2 lines
11-02 07:40:26.728  2095  3369 I chatty  : uid=10069(com.oculus.guardian) Thread-14 expire 20 lines
11-02 07:40:26.829  3320  3320 D [SUI] SocialViewModel: refresPartyData()
11-02 07:40:26.856  1829  4728 I VrApi   : FPS=90/90,Prd=40ms,Tear=0,Early=90,Stale=0,VSnc=1,Lat=1,Fov=0,CPU4/GPU=2/3,1171/490MHz,OC=FF,TA=0/70/0,SP=N/F/N,Mem=1353MHz,Free=3983MB,PLS=0,Temp=21.5C/0.0C,TW=1.92ms,App=4.03ms,GD=0.00ms,CPU&GPU=6.73ms,LCnt=2,GPU%=0.56,CPU%=0.12(W0.15),DSF=1.00
11-02 07:40:26.856  1876  4779 I OSUpdateService: Intent with action WifiWaitAlarm
11-02 07:40:26.878  1876  4779 E WifiMonitor: isOculusAddressReachable IOException
11-02 07:40:26.879  2724  2840 E LoggingErrorHandler: Retrofit error, url: [https://graph.oculus.com/graphql?doc=query+GetCurrentPartyQuery+%7B++viewer+%7B++++user+%7B++++++current_party+%7B++++++++id%2C++++++++only_quest_users%2C++++++++join_policy%2C++++++++party_type%2C++++++++has_active_link_sharing%2C++++++++max_size%2C++++++++party_leader+%7Bid%2Cname%2Calias%2Cpresence%2Cpresence_status%2Cprofile_photo%28size%3A+%22240x240%22%29+%7B++name%2C++uri%2C++width%2C++height%2C%7D%2Cfriend_status%2Cis_blocked_by_viewer%2Ccan_viewer_message%2Ccurrent_party+%7B++id%2C++join_policy%2C++max_size%2C++party_users+%7B++++count%2C++%7D%2C%7D%2Cis_presence_deeplink_joinable%2Cmost_recent_presence+%7B++last_active_description%2C++destination_api_name%2C++scoped_user_id%2C++deeplink_message_for_deeplink_target%2C++launch_params_as_json_string%2C++vr_apps_for_deeplink_target+%7B++++id%2C+++++vr_platform%2C++++package_name%2C+%7D%2C%7D%2C++++++++%7D%2C++++++++invited_users+%7B++++++++++count%2C++++++++++edges+%7B++++++++++++sender%2C++++++++++++node+%7Bid%2Cname%2Calias%2Cpresence%2Cpresence_status%2Cprofile_photo%28size%3A+%22240x240%22%29+%7B++name%2C++uri%2C++width%2C++height%2C%7D%2Cfriend_status%2Cis_blocked_by_viewer%2Ccan_viewer_message%2Ccurrent_party+%7B++id%2C++join_policy%2C++max_size%2C++party_users+%7B++++count%2C++%7D%2C%7D%2Cis_presence_deeplink_joinable%2Cmost_recent_presence+%7B++last_active_description%2C++destination_api_name%2C++scoped_user_id%2C++deeplink_message_for_deeplink_target%2C++launch_params_as_json_string%2C++vr_apps_for_deeplink_target+%7B++++id%2C+++++vr_platform%2C++++package_name%2C+%7D%2C%7D%2C++++++++++++%7D%2C++++++++++%7D%2C++++++++%7D%2C++++++++party_users+%7B++++++++++count%2C++++++++++edges+%7B++++++++++++microphone_channel_selection%2C++++++++++++node+%7Bid%2Cname%2Calias%2Cpresence%2Cpresence_status%2Cprofile_photo%28size%3A+%22240x240%22%29+%7B++name%2C++uri%2C++width%2C++height%2C%7D%2Cfriend_status%2Cis_blocked_by_viewer%2Ccan_viewer_message%2Ccurrent_party+%7B++id%2C++join_policy%2C++max_size%2C++party_users+%7B++++count%2C++%7D%2C%7D%2Cis_presence_deeplink_joinable%2Cmost_recent_presence+%7B++last_active_description%2C++destination_api_name%2C++scoped_user_id%2C++deeplink_message_for_deeplink_target%2C++launch_params_as_json_string%2C++vr_apps_for_deeplink_target+%7B++++id%2C+++++vr_platform%2C++++package_name%2C+%7D%2C%7D%2C++++++++++++%7D%2C++++++++++%7D++++++++%7D%2C++++++++party_blocked_users+%7B++++++++++nodes+%7B++++++++++++id%2C++++++++++++alias%2C++++++++++%7D%2C++++++++%7D%2C++++++++party_blocked_invited_users+%7B++++++++++nodes+%7B++++++++++++id%2C++++++++++++alias%2C++++++++++%7D%2C++++++++%7D%2C++++++++party_invite_activity+%7B++++++++++id%2C++++++++++does_activity_support_group_launch%2C++++++++++application+%7B++++++++++++id%2C++++++++++++display_name%2C++++++++++++package_name%2C++++++++++++max_group_launch_capacity%2C++++++++++++icon_image+%7B++++++++++++++uri%2C++++++++++++%7D%2C++++++++++%7D%2C++++++++++deeplink%2C++++++++++title%2C++++++++%7D%2C++++++++party_group_launch+%7B++++++++++id%2C++++++++++state%2C++++++++++only_quest_users%2C++++++++++creator+%7B++++++++++++id%2C++++++++++%7D++++++++++vr_deeplink_target+%7B++++++++++++vr_apps_for_deeplink_target+%7B++++++++++++++vr_icon_image+%7B++++++++++++++++uri%2C++++++++++++++%7D%2C++++++++++++++id%2C++++++++++++++display_name%2C++++++++++++++is_viewer_entitled%2C++++++++++++%7D%2C++++++++++++deeplink_message_for_deeplink_target%2C++++++++++++...+on+VRDeeplinkTargetWithDefaultWebLink+%7B++++++++++++++description_for_deeplink_target_website%2C++++++++++++++name_for_deeplink_target_website%2C++++++++++++++id%2C++++++++++++++icon_image_for_deeplink_target_website+%7B++++++++++++++++uri%2C++++++++++++++%7D%2C++++++++++++%7D%2C++++++++++++...+on+VRPresenceStatusDefinition+%7B++++++++++++++is_external_deeplinkable%2C++++++++++++++max_group_launch_capacity%2C++++++++++++%7D%2C++++++++++%7D%2C++++++++++room+%7B++++++++++++id%2C++++++++++%7D%2C++++++++++users+%7B++++++++++++edges+%7B++++++++++++++proposal_response%2C++++++++++++++no
11-02 07:40:26.880  1876  4779 E WifiMonitor: isOculusAddressReachable IOException
11-02 07:40:26.882  2724  2840 E JavaBinder: *** Uncaught remote exception!  (Exceptions are not yet supported across processes.)
11-02 07:40:26.882  3320  3320 D [SUI] HorizonContentProviderHelper: java.lang.RuntimeException
11-02 07:40:26.882  3320  3320 E [SUI] SocialViewModel: Failed to fetch current party data
11-02 07:40:26.918  2095  2875 I chatty  : uid=10069(com.oculus.guardian) GuardianSystem expire 2 lines
11-02 07:40:26.929  2095  3369 I chatty  : uid=10069(com.oculus.guardian) Thread-14 expire 19 lines
11-02 07:40:27.046  2021  3348 I chatty  : uid=10020(com.oculus.vrshell) OkHttp Dispatch expire 2 lines
11-02 07:40:27.118  2095  3369 E [CT]    : SpatialAnchorPipeline: checkStateEq:getAllSurfaceData Called in an invalid state. 1
11-02 07:40:27.118  2095  2875 E [CT]    : SpatialAnchorPipeline: checkStateEq:getActiveGuardian Called in an invalid state. 1
11-02 07:40:27.118  2095  2875 E [CT]    : SpatialAnchorPipeline: checkStateEq:getActiveGuardian Called in an invalid state. 1
11-02 07:40:27.129  2095  3369 E [CT]    : SpatialAnchorPipeline: checkStateEq:getAllSurfaceData Called in an invalid state. 1
11-02 07:40:27.141  2095  3369 E [CT]    : SpatialAnchorPipeline: checkStateEq:getAllSurfaceData Called in an invalid state. 1
11-02 07:40:27.151  2095  3369 E [CT]    : SpatialAnchorPipeline: checkStateEq:getAllSurfaceData Called in an invalid state. 1
11-02 07:40:27.162  2095  3369 E [CT]    : SpatialAnchorPipeline: checkStateEq:getAllSurfaceData Called in an invalid state. 1
11-02 07:40:27.174  2095  3369 E [CT]    : SpatialAnchorPipeline: checkStateEq:getAllSurfaceData Called in an invalid state. 1
11-02 07:40:27.185  2095  3369 E [CT]    : SpatialAnchorPipeline: checkStateEq:getAllSurfaceData Called in an invalid state. 1
11-02 07:40:27.196  2095  3369 E [CT]    : SpatialAnchorPipeline: checkStateEq:getAllSurfaceData Called in an invalid state. 1
11-02 07:40:27.196  2095  3369 E [CT]    : SpatialAnchorPipeline: checkStateEq:getAllSurfaceData Called in an invalid state. 1
11-02 07:40:27.207  2095  3369 E [CT]    : SpatialAnchorPipeline: checkStateEq:getAllSurfaceData Called in an invalid state. 1
11-02 07:40:27.218  2095  3369 E [CT]    : SpatialAnchorPipeline: checkStateEq:getAllSurfaceData Called in an invalid state. 1
11-02 07:40:27.229  2095  3369 E [CT]    : SpatialAnchorPipeline: checkStateEq:getAllSurfaceData Called in an invalid state. 1
11-02 07:40:27.241  2095  3369 E [CT]    : SpatialAnchorPipeline: checkStateEq:getAllSurfaceData Called in an invalid state. 1
11-02 07:40:27.241   833  3849 W [CT]    : F2F_TRACKER: Low ratio of active tracks for available capacity (128/300=0.43<0.50). Verify corner detection and track creation!
11-02 07:40:27.252  2095  3369 E [CT]    : SpatialAnchorPipeline: checkStateEq:getAllSurfaceData Called in an invalid state. 1
11-02 07:40:27.263  2095  3369 E [CT]    : SpatialAnchorPipeline: checkStateEq:getAllSurfaceData Called in an invalid state. 1
11-02 07:40:27.274  2095  3369 E [CT]    : SpatialAnchorPipeline: checkStateEq:getAllSurfaceData Called in an invalid state. 1
11-02 07:40:27.285  2095  3369 E [CT]    : SpatialAnchorPipeline: checkStateEq:getAllSurfaceData Called in an invalid state. 1
11-02 07:40:27.296  2095  3369 E [CT]    : SpatialAnchorPipeline: checkStateEq:getAllSurfaceData Called in an invalid state. 1
11-02 07:40:27.296  2095  3369 E [CT]    : SpatialAnchorPipeline: checkStateEq:getAllSurfaceData Called in an invalid state. 1
11-02 07:40:27.307  2095  3369 E [CT]    : SpatialAnchorPipeline: checkStateEq:getAllSurfaceData Called in an invalid state. 1
11-02 07:40:27.318  2095  3369 E [CT]    : SpatialAnchorPipeline: checkStateEq:getAllSurfaceData Called in an invalid state. 1
11-02 07:40:27.318  2095  2875 E [CT]    : SpatialAnchorPipeline: checkStateEq:getActiveGuardian Called in an invalid state. 1
11-02 07:40:27.319  2095  2875 E [CT]    : SpatialAnchorPipeline: checkStateEq:getActiveGuardian Called in an invalid state. 1
11-02 07:40:27.329  2095  3369 E [CT]    : SpatialAnchorPipeline: checkStateEq:getAllSurfaceData Called in an invalid state. 1
11-02 07:40:27.341  2095  3369 E [CT]    : SpatialAnchorPipeline: checkStateEq:getAllSurfaceData Called in an invalid state. 1
11-02 07:40:27.352  2095  3369 E [CT]    : SpatialAnchorPipeline: checkStateEq:getAllSurfaceData Called in an invalid state. 1
11-02 07:40:27.363  2095  3369 E [CT]    : SpatialAnchorPipeline: checkStateEq:getAllSurfaceData Called in an invalid state. 1
11-02 07:40:27.374  2095  3369 E [CT]    : SpatialAnchorPipeline: checkStateEq:getAllSurfaceData Called in an invalid state. 1
11-02 07:40:27.385  2095  3369 E [CT]    : SpatialAnchorPipeline: checkStateEq:getAllSurfaceData Called in an invalid state. 1
11-02 07:40:27.396  2095  3369 E [CT]    : SpatialAnchorPipeline: checkStateEq:getAllSurfaceData Called in an invalid state. 1
11-02 07:40:27.396  2095  3369 E [CT]    : SpatialAnchorPipeline: checkStateEq:getAllSurfaceData Called in an invalid state. 1
11-02 07:40:27.408  2095  3369 E [CT]    : SpatialAnchorPipeline: checkStateEq:getAllSurfaceData Called in an invalid state. 1
11-02 07:40:27.419  2095  3369 E [CT]    : SpatialAnchorPipeline: checkStateEq:getAllSurfaceData Called in an invalid state. 1
11-02 07:40:27.430  2095  3369 E [CT]    : SpatialAnchorPipeline: checkStateEq:getAllSurfaceData Called in an invalid state. 1
11-02 07:40:27.441  2095  3369 E [CT]    : SpatialAnchorPipeline: checkStateEq:getAllSurfaceData Called in an invalid state. 1
11-02 07:40:27.452  2095  3369 E [CT]    : SpatialAnchorPipeline: checkStateEq:getAllSurfaceData Called in an invalid state. 1
11-02 07:40:27.463  2095  3369 E [CT]    : SpatialAnchorPipeline: checkStateEq:getAllSurfaceData Called in an invalid state. 1
