11-01 21:13:33.046 25824 25824 F DEBUG   :       #28 pc 000000000045d47c  /data/app/com.oculus.sdk.vrcubeworldfw-_j7LRfq-YLLV_Ryzt2bMAg==/base.apk!libvrcubeworldfw.so (offset 0x42000) (ACE_Thread_Adapter::invoke_i()+300) (BuildId: 96fa090bfd75a9e392831a48d7b952d5050798b2)
11-01 21:13:33.046 25824 25824 F DEBUG   :       #29 pc 000000000045d324  /data/app/com.oculus.sdk.vrcubeworldfw-_j7LRfq-YLLV_Ryzt2bMAg==/base.apk!libvrcubeworldfw.so (offset 0x42000) (ACE_Thread_Adapter::invoke()+288) (BuildId: 96fa090bfd75a9e392831a48d7b952d5050798b2)
11-01 21:13:33.046 25824 25824 F DEBUG   :       #30 pc 00000000004050b0  /data/app/com.oculus.sdk.vrcubeworldfw-_j7LRfq-YLLV_Ryzt2bMAg==/base.apk!libvrcubeworldfw.so (offset 0x42000) (ace_thread_adapter+40) (BuildId: 96fa090bfd75a9e392831a48d7b952d5050798b2)
11-01 21:13:33.046 25824 25824 F DEBUG   :       #31 pc 00000000000d5884  /apex/com.android.runtime/lib64/bionic/libc.so (__pthread_start(void*)+36) (BuildId: a6e0ca3a9989715134d1d1e2126e0f7a)
11-01 21:13:33.638  1058 25828 I chatty  : uid=1000 system_server expire 1 line
11-01 21:13:33.640  1058 25829 I chatty  : uid=1000 system_server expire 1 line
11-01 21:13:33.643  1058  1099 I chatty  : uid=1000(system) FileObserver expire 2 lines
11-01 21:13:33.677  1058 19740 I chatty  : uid=1000(system) Binder:1058_1C expire 1 line
11-01 21:13:33.685  1058  1084 I chatty  : uid=1000(system) android.ui expire 6 lines
11-01 21:13:33.685  1058 25108 I chatty  : uid=1000(system) Binder:1058_20 expire 1 line
11-01 21:13:33.699  1058  1086 I chatty  : uid=1000(system) android.display expire 4 lines
11-01 21:13:34.088  1058  3756 I chatty  : uid=1000(system) Binder:1058_E expire 2 lines
11-01 21:13:34.130  1058  4369 I chatty  : uid=1000(system) Binder:1058_12 expire 1 line
11-01 21:13:34.207  1058  1101 I chatty  : uid=1000(system) PowerManagerSer expire 2 lines
11-01 21:13:34.225  1058  4369 I chatty  : uid=1000(system) Binder:1058_12 expire 2 lines
11-01 21:13:34.262  1058 25859 I chatty  : uid=1000 system_server expire 2 lines
11-01 21:13:34.279  1058 25861 I chatty  : uid=1000 system_server expire 1 line
11-01 21:13:34.290  1058  1084 I chatty  : uid=1000(system) android.ui expire 9 lines
11-01 21:13:34.493  1058 22843 I chatty  : uid=1000(system) Binder:1058_1E expire 1 line
11-01 21:13:34.531  1058  1086 I chatty  : uid=1000(system) android.display expire 3 lines
11-01 21:13:34.618  1058  5382 I chatty  : uid=1000(system) Binder:1058_15 expire 1 line
11-01 21:13:34.628  1058  3756 I chatty  : uid=1000(system) Binder:1058_E expire 3 lines
11-01 21:13:34.926  1058  4148 I chatty  : uid=1000(system) Binder:1058_11 expire 1 line
11-01 21:13:35.511  1058 25828 I chatty  : uid=1000 system_server expire 1 line
11-01 21:13:35.861  1058  1751 I chatty  : uid=1000(system) LazyTaskWriterT expire 2 lines
11-01 21:13:36.414  1058  4148 I chatty  : uid=1000(system) Binder:1058_11 expire 3 lines
11-01 21:13:36.463  1058  1086 I chatty  : uid=1000(system) android.display expire 12 lines
11-01 21:13:36.545  1058 19740 I chatty  : uid=1000(system) Binder:1058_1C expire 1 line
11-01 21:13:36.577  1058  3810 I chatty  : uid=1000(system) Binder:1058_F expire 2 lines
11-01 21:13:36.604  1058  5382 I chatty  : uid=1000(system) Binder:1058_15 expire 2 lines
11-01 21:13:36.630  1058 23869 I chatty  : uid=1000(system) Binder:1058_1F expire 1 line
11-01 21:13:36.699  1058 18522 I chatty  : uid=1000(system) Binder:1058_1B expire 1 line
11-01 21:14:19.583  1058  1092 I chatty  : uid=1000(system) ActivityManager expire 1 line
11-01 21:14:29.831  1058  1356 I chatty  : uid=1000(system) Binder:1058_4 expire 1 line
11-01 21:14:29.847  1058  1081 I chatty  : uid=1000(system) Binder:1058_1 expire 3 lines
11-01 21:14:29.906  1058  4019 I chatty  : uid=1000(system) Binder:1058_10 expire 6 lines
11-01 21:14:29.914  1058  1086 I chatty  : uid=1000(system) android.display expire 5 lines
11-01 21:14:29.925  1058  1786 I chatty  : uid=1000(system) Binder:1058_8 expire 3 lines
11-01 21:14:30.050  1058  2461 I chatty  : uid=1000(system) Binder:1058_9 expire 2 lines
11-01 21:14:32.888  1058 22091 I chatty  : uid=1000(system) Binder:1058_1D expire 1 line
11-01 21:14:32.962  1058  1356 I chatty  : uid=1000(system) Binder:1058_4 expire 1 line
11-01 21:14:32.996  1058  1092 I chatty  : uid=1000(system) ActivityManager expire 1 line
11-01 21:14:33.085  1058  1751 I chatty  : uid=1000(system) LazyTaskWriterT expire 2 lines
11-01 21:14:33.341  1058  1104 I chatty  : uid=1000(system) PackageManager expire 5 lines
11-01 21:14:33.369  1058  1058 I chatty  : uid=1000 system_server expire 2 lines
11-01 21:14:33.382  1058  1091 I chatty  : uid=1000(system) android.bg expire 2 lines
11-01 21:14:33.432  1058  1157 I chatty  : uid=1000(system) NetworkStats expire 1 line
11-01 21:14:57.359  1058  1104 I chatty  : uid=1000(system) PackageManager expire 18 lines
11-01 21:14:57.656  1058  1058 I chatty  : uid=1000 system_server expire 5 lines
11-01 21:14:57.661  1058  1092 I chatty  : uid=1000(system) ActivityManager expire 1 line
11-01 21:14:57.667  1058  1091 I chatty  : uid=1000(system) android.bg expire 1 line
11-01 21:14:57.695  1058  1786 I chatty  : uid=1000(system) Binder:1058_8 expire 1 line
11-01 21:14:57.696  1058  3756 I chatty  : uid=1000(system) Binder:1058_E expire 1 line
11-01 21:14:57.784  1058  4019 I chatty  : uid=1000(system) Binder:1058_10 expire 1 line
11-01 21:14:57.855  1058  1093 I chatty  : uid=1000(system) ActivityManager expire 4 lines
11-01 21:14:57.908  1058  1091 I chatty  : uid=1000(system) android.bg expire 4 lines
11-01 21:14:57.929  1058  1058 I chatty  : uid=1000 system_server expire 3 lines
11-01 21:14:58.067  1058  3810 I chatty  : uid=1000(system) Binder:1058_F expire 3 lines
11-01 21:14:58.090  1058  4148 I chatty  : uid=1000(system) Binder:1058_11 expire 4 lines
11-01 21:15:01.293  1058  1751 I chatty  : uid=1000(system) LazyTaskWriterT expire 1 line
11-01 21:15:14.894  1058  4019 I chatty  : uid=1000(system) Binder:1058_10 expire 1 line
11-01 21:15:14.931  1058  1086 I chatty  : uid=1000(system) android.display expire 2 lines
11-01 21:15:14.932  1058  1081 I chatty  : uid=1000(system) Binder:1058_1 expire 1 line
11-01 21:15:15.630  1058  5382 I chatty  : uid=1000(system) Binder:1058_15 expire 4 lines
11-01 21:15:15.766  1058  6293 I chatty  : uid=1000(system) Binder:1058_18 expire 4 lines
11-01 21:15:15.789  1058  3756 I chatty  : uid=1000(system) Binder:1058_E expire 2 lines
11-01 21:15:15.808  1058  1086 I chatty  : uid=1000(system) android.display expire 8 lines
11-01 21:15:15.936  1058 18522 I chatty  : uid=1000(system) Binder:1058_1B expire 1 line
11-01 21:15:15.948  1058 22091 I chatty  : uid=1000(system) Binder:1058_1D expire 1 line
11-01 21:15:16.065  1058  3690 I chatty  : uid=1000(system) Binder:1058_D expire 4 lines
11-01 21:15:16.263  1058  4019 I chatty  : uid=1000(system) Binder:1058_10 expire 3 lines
11-01 21:15:16.534  1058  1356 I chatty  : uid=1000(system) Binder:1058_4 expire 2 lines
11-01 21:15:16.643  1058  4483 I chatty  : uid=1000(system) Binder:1058_13 expire 1 line
11-01 21:15:16.859  1058  2461 I chatty  : uid=1000(system) Binder:1058_9 expire 2 lines
11-01 21:15:16.880  1058  1086 I chatty  : uid=1000(system) android.display expire 11 lines
11-01 21:15:17.024  1058  1356 I chatty  : uid=1000(system) Binder:1058_4 expire 1 line
11-01 21:15:17.130  1058  6293 I chatty  : uid=1000(system) Binder:1058_18 expire 3 lines
11-01 21:15:20.555  1058  1751 I chatty  : uid=1000(system) LazyTaskWriterT expire 1 line
11-01 21:16:07.124  1058  1092 I chatty  : uid=1000(system) ActivityManager expire 1 line
11-01 21:16:58.056  1058  1164 I chatty  : uid=1000(system) ConnectivitySer expire 1 line
11-01 21:17:20.481  1058  4483 I chatty  : uid=1000(system) Binder:1058_13 expire 8 lines
11-01 21:17:20.652  1058  1081 I chatty  : uid=1000(system) Binder:1058_1 expire 1 line
11-01 21:17:20.659  1058  3756 I chatty  : uid=1000(system) Binder:1058_E expire 1 line
11-01 21:17:23.016  1058  4019 I chatty  : uid=1000(system) Binder:1058_10 expire 2 lines
11-01 21:17:23.771  1058  1081 I chatty  : uid=1000(system) Binder:1058_1 expire 1 line
11-01 21:17:23.838  1058  1356 I chatty  : uid=1000(system) Binder:1058_4 expire 1 line
11-01 21:17:23.869  1058  1092 I chatty  : uid=1000(system) ActivityManager expire 2 lines
11-01 21:17:23.950  1058  1751 I chatty  : uid=1000(system) LazyTaskWriterT expire 2 lines
11-01 21:17:24.167  1058  1086 I chatty  : uid=1000(system) android.display expire 1 line
11-01 21:17:24.215  1058  1104 I chatty  : uid=1000(system) PackageManager expire 18 lines
11-01 21:17:24.228  1058  1058 I chatty  : uid=1000 system_server expire 2 lines
11-01 21:17:24.232  1058  1091 I chatty  : uid=1000(system) android.bg expire 2 lines
11-01 21:17:24.282  1058  1157 I chatty  : uid=1000(system) NetworkStats expire 1 line
11-01 21:17:52.206  1058  1104 I chatty  : uid=1000(system) PackageManager expire 5 lines
11-01 21:17:52.465  1058  1058 I chatty  : uid=1000 system_server expire 4 lines
11-01 21:17:52.470  1058  1092 I chatty  : uid=1000(system) ActivityManager expire 1 line
11-01 21:17:52.485  1058 22091 I chatty  : uid=1000(system) Binder:1058_1D expire 1 line
11-01 21:17:52.489  1058  1091 I chatty  : uid=1000(system) android.bg expire 3 lines
11-01 21:17:52.530  1058 25108 I chatty  : uid=1000(system) Binder:1058_20 expire 1 line
11-01 21:17:52.635  1058  1093 I chatty  : uid=1000(system) ActivityManager expire 6 lines
11-01 21:17:52.657  1058 18522 I chatty  : uid=1000(system) Binder:1058_1B expire 1 line
11-01 21:17:52.865  1058  3690 I chatty  : uid=1000(system) Binder:1058_D expire 3 lines
11-01 21:17:52.881  1058  3756 I chatty  : uid=1000(system) Binder:1058_E expire 1 line
11-01 21:17:53.611  1058  4019 I chatty  : uid=1000(system) Binder:1058_10 expire 1 line
11-01 21:17:56.218  1058  1751 I chatty  : uid=1000(system) LazyTaskWriterT expire 1 line
11-01 21:18:00.964  1058  1086 I chatty  : uid=1000(system) android.display expire 6 lines
11-01 21:18:00.991  1058 22091 I chatty  : uid=1000(system) Binder:1058_1D expire 8 lines
11-01 21:18:02.114  1058 23869 I chatty  : uid=1000(system) Binder:1058_1F expire 2 lines
11-01 21:18:02.120  1058  6293 I chatty  : uid=1000(system) Binder:1058_18 expire 4 lines
11-01 21:18:02.129  1058  4019 I chatty  : uid=1000(system) Binder:1058_10 expire 2 lines
11-01 21:18:02.455  1058  3690 I chatty  : uid=1000(system) Binder:1058_D expire 3 lines
11-01 21:18:02.683  1058  3756 I chatty  : uid=1000(system) Binder:1058_E expire 2 lines
11-01 21:18:02.816  1058  3689 I chatty  : uid=1000(system) Binder:1058_C expire 5 lines
11-01 21:18:02.865  1058  3756 I chatty  : uid=1000(system) Binder:1058_E expire 1 line
11-01 21:18:02.939  1058  1086 I chatty  : uid=1000(system) android.display expire 14 lines
11-01 21:18:03.036  1058 22091 I chatty  : uid=1000(system) Binder:1058_1D expire 3 lines
11-01 21:18:03.281  1058  3690 I chatty  : uid=1000(system) Binder:1058_D expire 1 line
11-01 21:18:03.406  1058  1084 I chatty  : uid=1000(system) android.ui expire 1 line
11-01 21:18:06.665  1058  1751 I chatty  : uid=1000(system) LazyTaskWriterT expire 1 line
11-01 21:19:01.974  1058  1092 I chatty  : uid=1000(system) ActivityManager expire 1 line
11-01 21:20:27.570  1058  4019 I chatty  : uid=1000(system) Binder:1058_10 expire 1 line
11-01 21:20:27.586  1058  6293 I chatty  : uid=1000(system) Binder:1058_18 expire 2 lines
11-01 21:20:27.637  1058 25108 I chatty  : uid=1000(system) Binder:1058_20 expire 2 lines
11-01 21:20:27.639  1058  3810 I chatty  : uid=1000(system) Binder:1058_F expire 5 lines
11-01 21:20:27.736  1058  4019 I chatty  : uid=1000(system) Binder:1058_10 expire 2 lines
11-01 21:20:27.791  1058  1086 I chatty  : uid=1000(system) android.display expire 4 lines
11-01 21:20:28.035  1058  3689 I chatty  : uid=1000(system) Binder:1058_C expire 2 lines
11-01 21:20:30.301  1058  5382 I chatty  : uid=1000(system) Binder:1058_15 expire 1 line
11-01 21:20:30.385  1058  1092 I chatty  : uid=1000(system) ActivityManager expire 2 lines
11-01 21:20:30.490  1058  1751 I chatty  : uid=1000(system) LazyTaskWriterT expire 2 lines
11-01 21:20:30.705  1058  1104 I chatty  : uid=1000(system) PackageManager expire 2 lines
11-01 21:20:30.720  1058  1058 I chatty  : uid=1000 system_server expire 3 lines
11-01 21:20:30.721  1058  1091 I chatty  : uid=1000(system) android.bg expire 2 lines
11-01 21:20:30.752  1058  1157 I chatty  : uid=1000(system) NetworkStats expire 1 line
11-01 21:20:30.783  1058 25108 I chatty  : uid=1000(system) Binder:1058_20 expire 1 line
11-01 21:20:34.449  1058 19740 I chatty  : uid=1000(system) Binder:1058_1C expire 1 line
11-01 21:20:34.449  1058  5639 I chatty  : uid=1000(system) Binder:1058_16 expire 1 line
11-01 21:20:34.451  1058  1164 I chatty  : uid=1000(system) ConnectivitySer expire 1 line
11-01 21:20:35.472  1058  1093 I chatty  : uid=1000(system) ActivityManager expire 1 line
11-01 21:20:35.674  1058  5639 I chatty  : uid=1000(system) Binder:1058_16 expire 1 line
11-01 21:20:35.789  1058 19740 I chatty  : uid=1000(system) Binder:1058_1C expire 1 line
11-01 21:20:39.606  1058  1097 I chatty  : uid=1000(system) batterystats-wo expire 4 lines
11-01 21:20:54.302  1058  1104 I chatty  : uid=1000(system) PackageManager expire 21 lines
11-01 21:20:54.565  1058  1058 I chatty  : uid=1000 system_server expire 1 line
11-01 21:20:54.573  1058  1092 I chatty  : uid=1000(system) ActivityManager expire 1 line
11-01 21:20:54.576  1058  1091 I chatty  : uid=1000(system) android.bg expire 3 lines
11-01 21:20:54.594  1058  1058 I chatty  : uid=1000 system_server expire 3 lines
11-01 21:20:54.612  1058  5639 I chatty  : uid=1000(system) Binder:1058_16 expire 2 lines
11-01 21:20:54.805  1058  1093 I chatty  : uid=1000(system) ActivityManager expire 6 lines
11-01 21:20:55.515  1058  4483 I chatty  : uid=1000(system) Binder:1058_13 expire 1 line
11-01 21:20:55.586  1058 19740 I chatty  : uid=1000(system) Binder:1058_1C expire 4 lines
11-01 21:20:58.247  1058  1751 I chatty  : uid=1000(system) LazyTaskWriterT expire 1 line
11-01 21:21:09.000  1058 18522 I chatty  : uid=1000(system) Binder:1058_1B expire 5 lines
11-01 21:21:09.023  1058  1086 I chatty  : uid=1000(system) android.display expire 2 lines
11-01 21:21:09.034  1058  3689 I chatty  : uid=1000(system) Binder:1058_C expire 1 line
11-01 21:21:10.639  1058  2461 I chatty  : uid=1000(system) Binder:1058_9 expire 4 lines
11-01 21:21:10.735  1058  1086 I chatty  : uid=1000(system) android.display expire 5 lines
11-01 21:21:10.755  1058 19740 I chatty  : uid=1000(system) Binder:1058_1C expire 3 lines
11-01 21:21:10.819  1058  1519 I chatty  : uid=1000(system) Binder:1058_7 expire 1 line
11-01 21:21:10.870  1058  5382 I chatty  : uid=1000(system) Binder:1058_15 expire 1 line
11-01 21:21:10.902  1058 18522 I chatty  : uid=1000(system) Binder:1058_1B expire 2 lines
11-01 21:21:10.972  1058  1084 I chatty  : uid=1000(system) android.ui expire 1 line
11-01 21:21:11.134  1058  3810 I chatty  : uid=1000(system) Binder:1058_F expire 3 lines
11-01 21:21:11.215  1058  4946 I chatty  : uid=1000(system) Binder:1058_14 expire 2 lines
11-01 21:21:11.233  1058  4483 I chatty  : uid=1000(system) Binder:1058_13 expire 1 line
11-01 21:21:11.317  1058  5639 I chatty  : uid=1000(system) Binder:1058_16 expire 4 lines
11-01 21:21:11.453  1058  3810 I chatty  : uid=1000(system) Binder:1058_F expire 1 line
11-01 21:21:11.465  1058  1086 I chatty  : uid=1000(system) android.display expire 10 lines
11-01 21:21:11.572  1058  4483 I chatty  : uid=1000(system) Binder:1058_13 expire 2 lines
11-01 21:21:11.663  1058  1356 I chatty  : uid=1000(system) Binder:1058_4 expire 3 lines
11-01 21:21:11.803  1058 25108 I chatty  : uid=1000(system) Binder:1058_20 expire 1 line
11-01 21:21:15.221  1058  1751 I chatty  : uid=1000(system) LazyTaskWriterT expire 1 line
11-01 21:22:04.103  1058  1092 I chatty  : uid=1000(system) ActivityManager expire 1 line
11-01 21:23:33.046  1058  1519 I chatty  : uid=1000(system) Binder:1058_7 expire 3 lines
11-01 21:23:33.168  1058 18522 I chatty  : uid=1000(system) Binder:1058_1B expire 1 line
11-01 21:23:35.541  1058  1086 I chatty  : uid=1000(system) android.display expire 2 lines
11-01 21:23:35.556  1058  1519 I chatty  : uid=1000(system) Binder:1058_7 expire 1 line
11-01 21:23:36.407  1058 19740 I chatty  : uid=1000(system) Binder:1058_1C expire 1 line
11-01 21:23:36.475  1058  4946 I chatty  : uid=1000(system) Binder:1058_14 expire 1 line
11-01 21:23:36.511  1058  1092 I chatty  : uid=1000(system) ActivityManager expire 2 lines
11-01 21:23:36.598  1058  1751 I chatty  : uid=1000(system) LazyTaskWriterT expire 2 lines
11-01 21:23:36.845  1058  1104 I chatty  : uid=1000(system) PackageManager expire 12 lines
11-01 21:23:36.866  1058  1058 I chatty  : uid=1000 system_server expire 2 lines
11-01 21:23:36.877  1058  1091 I chatty  : uid=1000(system) android.bg expire 2 lines
11-01 21:23:36.888  1058  1157 I chatty  : uid=1000(system) NetworkStats expire 1 line
11-01 21:23:36.922  1058  2742 I chatty  : uid=1000(system) Binder:1058_A expire 1 line
11-01 21:23:59.479  1058  1104 I chatty  : uid=1000(system) PackageManager expire 11 lines
11-01 21:23:59.777  1058  1092 I chatty  : uid=1000(system) ActivityManager expire 1 line
11-01 21:23:59.777  1058  1058 I chatty  : uid=1000 system_server expire 4 lines
11-01 21:23:59.809  1058  3810 I chatty  : uid=1000(system) Binder:1058_F expire 1 line
11-01 21:23:59.812  1058  1091 I chatty  : uid=1000(system) android.bg expire 2 lines
11-01 21:23:59.818  1058 25108 I chatty  : uid=1000(system) Binder:1058_20 expire 1 line
11-01 21:23:59.900  1058  4483 I chatty  : uid=1000(system) Binder:1058_13 expire 1 line
11-01 21:23:59.965  1058  1093 I chatty  : uid=1000(system) ActivityManager expire 6 lines
11-01 21:24:00.176  1058 22843 I chatty  : uid=1000(system) Binder:1058_1E expire 3 lines
11-01 21:24:00.242  1058  1091 I chatty  : uid=1000(system) android.bg expire 1 line
11-01 21:24:01.180  1058 25108 I chatty  : uid=1000(system) Binder:1058_20 expire 7 lines
11-01 21:24:03.418  1058  1751 I chatty  : uid=1000(system) LazyTaskWriterT expire 1 line
11-01 21:24:05.828  1058  1519 I chatty  : uid=1000(system) Binder:1058_7 expire 2 lines
11-01 21:24:06.069  1058 19740 I chatty  : uid=1000(system) Binder:1058_1C expire 6 lines
11-01 21:24:06.093  1058  1086 I chatty  : uid=1000(system) android.display expire 4 lines
11-01 21:24:07.503  1058  1356 I chatty  : uid=1000(system) Binder:1058_4 expire 1 line
11-01 21:24:07.536  1058  3690 I chatty  : uid=1000(system) Binder:1058_D expire 1 line
11-01 21:24:07.738  1058  6298 I chatty  : uid=1000(system) Binder:1058_19 expire 2 lines
11-01 21:24:07.817  1058 18522 I chatty  : uid=1000(system) Binder:1058_1B expire 1 line
11-01 21:24:07.836  1058  1356 I chatty  : uid=1000(system) Binder:1058_4 expire 4 lines
11-01 21:24:07.847  1058  1086 I chatty  : uid=1000(system) android.display expire 10 lines
11-01 21:24:07.897  1058  3690 I chatty  : uid=1000(system) Binder:1058_D expire 2 lines
11-01 21:24:08.106  1058  2742 I chatty  : uid=1000(system) Binder:1058_A expire 3 lines
11-01 21:24:08.492  1058  1519 I chatty  : uid=1000(system) Binder:1058_7 expire 2 lines
11-01 21:24:08.598  1058 22843 I chatty  : uid=1000(system) Binder:1058_1E expire 1 line
11-01 21:24:08.639  1058  1086 I chatty  : uid=1000(system) android.display expire 5 lines
11-01 21:24:08.697  1058 18522 I chatty  : uid=1000(system) Binder:1058_1B expire 1 line
11-01 21:24:10.084  1058  6298 I chatty  : uid=1000(system) Binder:1058_19 expire 4 lines
11-01 21:24:11.090  1058  1519 I chatty  : uid=1000(system) Binder:1058_7 expire 2 lines
11-01 21:24:11.111  1058  5382 I chatty  : uid=1000(system) Binder:1058_15 expire 2 lines
11-01 21:24:11.113  1058  3810 I chatty  : uid=1000(system) Binder:1058_F expire 1 line
11-01 21:24:12.426  1058  1751 I chatty  : uid=1000(system) LazyTaskWriterT expire 1 line
11-01 21:24:18.578  1058  2742 I chatty  : uid=1000(system) Binder:1058_A expire 8 lines
11-01 21:24:19.707  1058 22091 I chatty  : uid=1000(system) Binder:1058_1D expire 5 lines
11-01 21:24:19.929  1058  1086 I chatty  : uid=1000(system) android.display expire 10 lines
11-01 21:24:19.996  1058  6298 I chatty  : uid=1000(system) Binder:1058_19 expire 8 lines
11-01 21:24:20.145  1058 18522 I chatty  : uid=1000(system) Binder:1058_1B expire 1 line
11-01 21:24:20.172  1058 22843 I chatty  : uid=1000(system) Binder:1058_1E expire 2 lines
11-01 21:24:20.662  1058  3690 I chatty  : uid=1000(system) Binder:1058_D expire 1 line
11-01 21:24:20.738  1058  3810 I chatty  : uid=1000(system) Binder:1058_F expire 2 lines
11-01 21:24:20.842  1058  2742 I chatty  : uid=1000(system) Binder:1058_A expire 1 line
11-01 21:24:20.980  1058  1084 I chatty  : uid=1000(system) android.ui expire 1 line
11-01 21:24:21.006  1058  1086 I chatty  : uid=1000(system) android.display expire 9 lines
11-01 21:24:21.007  1058 22843 I chatty  : uid=1000(system) Binder:1058_1E expire 1 line
11-01 21:24:23.735  1058  1751 I chatty  : uid=1000(system) LazyTaskWriterT expire 2 lines
11-01 21:25:00.346  1058 22091 I chatty  : uid=1000(system) Binder:1058_1D expire 1 line
11-01 21:25:00.386  1058  3756 I chatty  : uid=1000(system) Binder:1058_E expire 3 lines
11-01 21:25:00.403  1058 18522 I chatty  : uid=1000(system) Binder:1058_1B expire 1 line
11-01 21:25:00.461  1058  3810 I chatty  : uid=1000(system) Binder:1058_F expire 1 line
11-01 21:25:00.497  1058  5639 I chatty  : uid=1000(system) Binder:1058_16 expire 1 line
11-01 21:25:00.507  1058  3690 I chatty  : uid=1000(system) Binder:1058_D expire 6 lines
11-01 21:25:03.821  1058  2742 I chatty  : uid=1000(system) Binder:1058_A expire 1 line
11-01 21:25:03.932  1058  1092 I chatty  : uid=1000(system) ActivityManager expire 3 lines
11-01 21:25:04.280  1058  1104 I chatty  : uid=1000(system) PackageManager expire 19 lines
11-01 21:25:04.311  1058  1058 I chatty  : uid=1000 system_server expire 2 lines
11-01 21:25:04.320  1058  1091 I chatty  : uid=1000(system) android.bg expire 2 lines
11-01 21:25:04.324  1058  1751 I chatty  : uid=1000(system) LazyTaskWriterT expire 1 line
11-01 21:25:04.368  1058  1157 I chatty  : uid=1000(system) NetworkStats expire 1 line
11-01 21:25:04.373  1058  3756 I chatty  : uid=1000(system) Binder:1058_E expire 2 lines
11-01 21:25:28.365  1058  1104 I chatty  : uid=1000(system) PackageManager expire 4 lines
11-01 21:25:28.632  1058  1058 I chatty  : uid=1000 system_server expire 5 lines
11-01 21:25:28.637  1058  1092 I chatty  : uid=1000(system) ActivityManager expire 1 line
11-01 21:25:28.637  1058  1091 I chatty  : uid=1000(system) android.bg expire 3 lines
11-01 21:25:28.668  1058  1356 I chatty  : uid=1000(system) Binder:1058_4 expire 1 line
11-01 21:25:28.700  1058 25108 I chatty  : uid=1000(system) Binder:1058_20 expire 2 lines
11-01 21:25:28.801  1058  4946 I chatty  : uid=1000(system) Binder:1058_14 expire 1 line
11-01 21:25:28.820  1058  1093 I chatty  : uid=1000(system) ActivityManager expire 6 lines
11-01 21:25:30.209  1058  5639 I chatty  : uid=1000(system) Binder:1058_16 expire 3 lines
11-01 21:25:32.277  1058  1751 I chatty  : uid=1000(system) LazyTaskWriterT expire 1 line
11-01 21:25:43.555  1058  4946 I chatty  : uid=1000(system) Binder:1058_14 expire 1 line
11-01 21:25:44.107  1058 25108 I chatty  : uid=1000(system) Binder:1058_20 expire 1 line
11-01 21:25:44.142  1058  3690 I chatty  : uid=1000(system) Binder:1058_D expire 5 lines
11-01 21:25:44.144  1058  1086 I chatty  : uid=1000(system) android.display expire 5 lines
11-01 21:25:45.023  1058 22843 I chatty  : uid=1000(system) Binder:1058_1E expire 3 lines
11-01 21:25:45.095  1058  3810 I chatty  : uid=1000(system) Binder:1058_F expire 1 line
11-01 21:25:45.127  1058  1356 I chatty  : uid=1000(system) Binder:1058_4 expire 1 line
11-01 21:25:45.357  1058  4019 I chatty  : uid=1000(system) Binder:1058_10 expire 2 lines
11-01 21:25:45.377  1058  3756 I chatty  : uid=1000(system) Binder:1058_E expire 1 line
11-01 21:25:45.446  1058 18522 I chatty  : uid=1000(system) Binder:1058_1B expire 2 lines
11-01 21:25:45.460  1058  6298 I chatty  : uid=1000(system) Binder:1058_19 expire 2 lines
11-01 21:25:45.792  1058 19740 I chatty  : uid=1000(system) Binder:1058_1C expire 6 lines
11-01 21:25:45.821  1058 18522 I chatty  : uid=1000(system) Binder:1058_1B expire 2 lines
11-01 21:25:45.869  1058  1086 I chatty  : uid=1000(system) android.display expire 11 lines
11-01 21:25:45.902  1058  3756 I chatty  : uid=1000(system) Binder:1058_E expire 3 lines
11-01 21:25:45.913  1058 22843 I chatty  : uid=1000(system) Binder:1058_1E expire 2 lines
11-01 21:25:46.157  1058 22091 I chatty  : uid=1000(system) Binder:1058_1D expire 2 lines
11-01 21:25:48.768  1058  4946 I chatty  : uid=1000(system) Binder:1058_14 expire 1 line
11-01 21:25:49.160  1058 22091 I chatty  : uid=1000(system) Binder:1058_1D expire 1 line
11-01 21:25:49.742  1058  1751 I chatty  : uid=1000(system) LazyTaskWriterT expire 3 lines
11-01 21:26:38.122  1058  1092 I chatty  : uid=1000(system) ActivityManager expire 3 lines
11-01 21:26:58.240  1058  1164 I chatty  : uid=1000(system) ConnectivitySer expire 1 line
11-01 21:27:41.444  1058  1356 I chatty  : uid=1000(system) Binder:1058_4 expire 7 lines
11-01 21:27:41.490  1058 22843 I chatty  : uid=1000(system) Binder:1058_1E expire 1 line
11-01 21:27:41.493  1058  1086 I chatty  : uid=1000(system) android.display expire 5 lines
11-01 21:27:44.502  1058  6298 I chatty  : uid=1000(system) Binder:1058_19 expire 1 line
11-01 21:27:44.893  1058  1104 I chatty  : uid=1000(system) PackageManager expire 2 lines
11-01 21:27:44.905  1058  1091 I chatty  : uid=1000(system) android.bg expire 1 line
11-01 21:27:44.912  1058  1058 I chatty  : uid=1000 system_server expire 2 lines
11-01 21:27:44.946  1058  2461 I chatty  : uid=1000(system) Binder:1058_9 expire 1 line
11-01 21:27:44.995  1058  1157 I chatty  : uid=1000(system) NetworkStats expire 1 line
11-01 21:27:45.241  1058  1091 I chatty  : uid=1000(system) android.bg expire 2 lines
11-01 21:28:17.265  1058  1104 I chatty  : uid=1000(system) PackageManager expire 21 lines
11-01 21:28:17.540  1058  1058 I chatty  : uid=1000 system_server expire 4 lines
11-01 21:28:17.544  1058  1092 I chatty  : uid=1000(system) ActivityManager expire 1 line
11-01 21:28:17.568  1058  1091 I chatty  : uid=1000(system) android.bg expire 2 lines
11-01 21:28:17.572  1058 19740 I chatty  : uid=1000(system) Binder:1058_1C expire 1 line
11-01 21:28:17.591  1058  3690 I chatty  : uid=1000(system) Binder:1058_D expire 2 lines
11-01 21:28:17.649  1058  4946 I chatty  : uid=1000(system) Binder:1058_14 expire 3 lines
11-01 21:28:17.705  1058  1093 I chatty  : uid=1000(system) ActivityManager expire 6 lines
11-01 21:28:17.860  1058 22843 I chatty  : uid=1000(system) Binder:1058_1E expire 4 lines
11-01 21:28:21.220  1058  1751 I chatty  : uid=1000(system) LazyTaskWriterT expire 1 line
11-01 21:28:28.802  1058  5639 I chatty  : uid=1000(system) Binder:1058_16 expire 2 lines
11-01 21:28:29.197  1058  1086 I chatty  : uid=1000(system) android.display expire 4 lines
11-01 21:28:30.607  1058  4019 I chatty  : uid=1000(system) Binder:1058_10 expire 1 line
11-01 21:28:32.791  1058 22091 I chatty  : uid=1000(system) Binder:1058_1D expire 1 line
11-01 21:28:35.731  1058  2461 I chatty  : uid=1000(system) Binder:1058_9 expire 4 lines
11-01 21:28:35.778  1058 18522 I chatty  : uid=1000(system) Binder:1058_1B expire 3 lines
11-01 21:28:35.849  1058  4019 I chatty  : uid=1000(system) Binder:1058_10 expire 6 lines
11-01 21:28:35.865  1058  1086 I chatty  : uid=1000(system) android.display expire 8 lines
11-01 21:28:36.251  1058  4946 I chatty  : uid=1000(system) Binder:1058_14 expire 2 lines
11-01 21:28:36.265  1058  3689 I chatty  : uid=1000(system) Binder:1058_C expire 1 line
11-01 21:28:36.279  1058  5639 I chatty  : uid=1000(system) Binder:1058_16 expire 2 lines
11-01 21:28:36.323  1058  3690 I chatty  : uid=1000(system) Binder:1058_D expire 4 lines
11-01 21:28:36.480  1058  2742 I chatty  : uid=1000(system) Binder:1058_A expire 1 line
11-01 21:28:36.598  1058 25108 I chatty  : uid=1000(system) Binder:1058_20 expire 3 lines
11-01 21:28:36.707  1058  1086 I chatty  : uid=1000(system) android.display expire 9 lines
11-01 21:28:36.717  1058  3690 I chatty  : uid=1000(system) Binder:1058_D expire 1 line
11-01 21:28:36.864  1058  4019 I chatty  : uid=1000(system) Binder:1058_10 expire 2 lines
11-01 21:28:36.993  1058  3689 I chatty  : uid=1000(system) Binder:1058_C expire 1 line
11-01 21:28:37.109  1058  1084 I chatty  : uid=1000(system) android.ui expire 1 line
11-01 21:28:40.335  1058  1751 I chatty  : uid=1000(system) LazyTaskWriterT expire 1 line
11-01 21:29:27.061  1058  1092 I chatty  : uid=1000(system) ActivityManager expire 1 line
11-01 21:30:04.066  1058  3756 I chatty  : uid=1000(system) Binder:1058_E expire 4 lines
11-01 21:30:04.115  1058  4483 I chatty  : uid=1000(system) Binder:1058_13 expire 1 line
11-01 21:30:04.310  1058  1519 I chatty  : uid=1000(system) Binder:1058_7 expire 2 lines
11-01 21:30:04.438  1058  5639 I chatty  : uid=1000(system) Binder:1058_16 expire 3 lines
11-01 21:30:06.411  1058  2742 I chatty  : uid=1000(system) Binder:1058_A expire 1 line
11-01 21:30:06.458  1058  1519 I chatty  : uid=1000(system) Binder:1058_7 expire 2 lines
11-01 21:30:07.320  1058  5639 I chatty  : uid=1000(system) Binder:1058_16 expire 1 line
11-01 21:30:07.425  1058  1092 I chatty  : uid=1000(system) ActivityManager expire 2 lines
11-01 21:30:07.511  1058  1751 I chatty  : uid=1000(system) LazyTaskWriterT expire 2 lines
11-01 21:30:07.752  1058  1104 I chatty  : uid=1000(system) PackageManager expire 15 lines
11-01 21:30:07.781  1058  1058 I chatty  : uid=1000 system_server expire 2 lines
11-01 21:30:07.782  1058  1086 I chatty  : uid=1000(system) android.display expire 1 line
11-01 21:30:07.787  1058  1091 I chatty  : uid=1000(system) android.bg expire 2 lines
11-01 21:30:07.802  1058  1157 I chatty  : uid=1000(system) NetworkStats expire 1 line
11-01 21:30:07.859  1058  1081 I chatty  : uid=1000(system) Binder:1058_1 expire 1 line
11-01 21:30:34.108  1058  1104 I chatty  : uid=1000(system) PackageManager expire 8 lines
11-01 21:30:34.375  1058  1058 I chatty  : uid=1000 system_server expire 4 lines
11-01 21:30:34.382  1058  1091 I chatty  : uid=1000(system) android.bg expire 3 lines
11-01 21:30:34.383  1058  1092 I chatty  : uid=1000(system) ActivityManager expire 1 line
11-01 21:30:34.408  1058  5679 I chatty  : uid=1000(system) Binder:1058_17 expire 1 line
11-01 21:30:34.422  1058  1243 I chatty  : uid=1000(system) Binder:1058_3 expire 1 line
11-01 21:30:34.506  1058  5382 I chatty  : uid=1000(system) Binder:1058_15 expire 1 line
11-01 21:30:34.532  1058  1093 I chatty  : uid=1000(system) ActivityManager expire 6 lines
11-01 21:30:34.840  1058 18522 I chatty  : uid=1000(system) Binder:1058_1B expire 2 lines
11-01 21:30:35.771  1058  4019 I chatty  : uid=1000(system) Binder:1058_10 expire 1 line
11-01 21:30:36.106 27975 27999 F libc    : FORTIFY: memcpy: prevented 1183744-byte write into 1048576-byte buffer
11-01 21:30:36.625 27975 27999 F libc    : Fatal signal 6 (SIGABRT), code -1 (SI_QUEUE) in tid 27999 (main), pid 27975 (k.vrcubeworldfw)
11-01 21:30:36.670 28026 28026 F DEBUG   : *** *** *** *** *** *** *** *** *** *** *** *** *** *** *** ***
11-01 21:30:36.670 28026 28026 F DEBUG   : Build fingerprint: 'oculus/hollywood/hollywood:10/QQ3A.200805.001/19130100300900000:user/release-keys'
11-01 21:30:36.670 28026 28026 F DEBUG   : Revision: '0'
11-01 21:30:36.670 28026 28026 F DEBUG   : ABI: 'arm64'
11-01 21:30:36.671 28026 28026 F DEBUG   : Timestamp: 2021-11-01 21:30:36-0400
11-01 21:30:36.671 28026 28026 F DEBUG   : pid: 27975, tid: 27999, name: main  >>> com.oculus.sdk.vrcubeworldfw <<<
11-01 21:30:36.671 28026 28026 F DEBUG   : uid: 10322
11-01 21:30:36.671 28026 28026 F DEBUG   : signal 6 (SIGABRT), code -1 (SI_QUEUE), fault addr --------
11-01 21:30:36.671 28026 28026 F DEBUG   : Abort message: 'FORTIFY: memcpy: prevented 1183744-byte write into 1048576-byte buffer'
11-01 21:30:36.671 28026 28026 F DEBUG   :     x0  0000000000000000  x1  0000000000006d5f  x2  0000000000000006  x3  000000729a38e350
11-01 21:30:36.671 28026 28026 F DEBUG   :     x4  0000000000008080  x5  0000000000008080  x6  0000000000008080  x7  0000000000000038
11-01 21:30:36.671 28026 28026 F DEBUG   :     x8  00000000000000f0  x9  4e8f7c678b097e71  x10 0000000000000001  x11 0000000000000000
11-01 21:30:36.671 28026 28026 F DEBUG   :     x12 fffffff0fffffbdf  x13 00000000618094bc  x14 0005c7d4cca94200  x15 000096c1bfff0900
11-01 21:30:36.671 28026 28026 F DEBUG   :     x16 00000073806a2140  x17 0000007380685b00  x18 0000007298634000  x19 0000000000006d47
11-01 21:30:36.671 28026 28026 F DEBUG   :     x20 0000000000006d5f  x21 00000000ffffffff  x22 0000007280c54500  x23 0000000000000000
11-01 21:30:36.671 28026 28026 F DEBUG   :     x24 0000000000000410  x25 000000729a38f020  x26 000000729a2579a8  x27 00000072999196c8
11-01 21:30:36.671 28026 28026 F DEBUG   :     x28 00000072999196c8  x29 000000729a38e3d0
11-01 21:30:36.671 28026 28026 F DEBUG   :     sp  000000729a38e330  lr  0000007380642c3c  pc  0000007380642c68
11-01 21:30:36.675 28026 28026 F DEBUG   : 
11-01 21:30:36.675 28026 28026 F DEBUG   : backtrace:
11-01 21:30:36.675 28026 28026 F DEBUG   :       #00 pc 0000000000081c68  /apex/com.android.runtime/lib64/bionic/libc.so (abort+160) (BuildId: a6e0ca3a9989715134d1d1e2126e0f7a)
11-01 21:30:36.675 28026 28026 F DEBUG   :       #01 pc 00000000000a226c  /apex/com.android.runtime/lib64/bionic/libc.so (__fortify_fatal(char const*, ...)+116) (BuildId: a6e0ca3a9989715134d1d1e2126e0f7a)
11-01 21:30:36.675 28026 28026 F DEBUG   :       #02 pc 00000000000a2298  /apex/com.android.runtime/lib64/bionic/libc.so (__check_buffer_access(char const*, char const*, unsigned long, unsigned long)+40) (BuildId: a6e0ca3a9989715134d1d1e2126e0f7a)
11-01 21:30:36.675 28026 28026 F DEBUG   :       #03 pc 00000000000a240c  /apex/com.android.runtime/lib64/bionic/libc.so (__memcpy_chk_fail+68) (BuildId: a6e0ca3a9989715134d1d1e2126e0f7a)
11-01 21:30:36.675 28026 28026 F DEBUG   :       #04 pc 00000000000a3070  /apex/com.android.runtime/lib64/bionic/libc.so (__memcpy_chk+16) (BuildId: a6e0ca3a9989715134d1d1e2126e0f7a)
11-01 21:30:36.675 28026 28026 F DEBUG   :       #05 pc 00000000002c2e50  /data/app/com.oculus.sdk.vrcubeworldfw-IVWPs2v1KNoZIDfQ-_05yg==/base.apk!libvrcubeworldfw.so (offset 0x42000) (OVRFW::ovrAppl::DefaultRenderFrame_Running(OVRFW::ovrApplFrameIn const&, OVRFW::ovrRendererOutput&)+644) (BuildId: 5d85e55863c6afb9ba422233f1d7adc8041a0418)
11-01 21:30:36.675 28026 28026 F DEBUG   :       #06 pc 00000000002bc52c  /data/app/com.oculus.sdk.vrcubeworldfw-IVWPs2v1KNoZIDfQ-_05yg==/base.apk!libvrcubeworldfw.so (offset 0x42000) (OVRFW::VrCubeWorld::AppRenderFrame(OVRFW::ovrApplFrameIn const&, OVRFW::ovrRendererOutput&)+924) (BuildId: 5d85e55863c6afb9ba422233f1d7adc8041a0418)
11-01 21:30:36.675 28026 28026 F DEBUG   :       #07 pc 00000000002c28cc  /data/app/com.oculus.sdk.vrcubeworldfw-IVWPs2v1KNoZIDfQ-_05yg==/base.apk!libvrcubeworldfw.so (offset 0x42000) (OVRFW::ovrAppl::RenderFrame(OVRFW::ovrApplFrameIn const&)+236) (BuildId: 5d85e55863c6afb9ba422233f1d7adc8041a0418)
11-01 21:30:36.675 28026 28026 F DEBUG   :       #08 pc 00000000002c32b8  /data/app/com.oculus.sdk.vrcubeworldfw-IVWPs2v1KNoZIDfQ-_05yg==/base.apk!libvrcubeworldfw.so (offset 0x42000) (OVRFW::ovrAppl::Run(android_app*)+728) (BuildId: 5d85e55863c6afb9ba422233f1d7adc8041a0418)
11-01 21:30:36.675 28026 28026 F DEBUG   :       #09 pc 00000000002bca8c  /data/app/com.oculus.sdk.vrcubeworldfw-IVWPs2v1KNoZIDfQ-_05yg==/base.apk!libvrcubeworldfw.so (offset 0x42000) (android_main+40) (BuildId: 5d85e55863c6afb9ba422233f1d7adc8041a0418)
11-01 21:30:36.675 28026 28026 F DEBUG   :       #10 pc 000000000052303c  /data/app/com.oculus.sdk.vrcubeworldfw-IVWPs2v1KNoZIDfQ-_05yg==/base.apk!libvrcubeworldfw.so (offset 0x42000) (BuildId: 5d85e55863c6afb9ba422233f1d7adc8041a0418)
11-01 21:30:36.675 28026 28026 F DEBUG   :       #11 pc 00000000000d5884  /apex/com.android.runtime/lib64/bionic/libc.so (__pthread_start(void*)+36) (BuildId: a6e0ca3a9989715134d1d1e2126e0f7a)
11-01 21:30:37.252  1058 28033 I chatty  : uid=1000 system_server expire 1 line
11-01 21:30:37.252  1058 28032 I chatty  : uid=1000 system_server expire 1 line
11-01 21:30:37.258  1058  1099 I chatty  : uid=1000(system) FileObserver expire 2 lines
11-01 21:30:37.275  1058  3689 I chatty  : uid=1000(system) Binder:1058_C expire 1 line
11-01 21:30:37.275  1058  6293 I chatty  : uid=1000(system) Binder:1058_18 expire 3 lines
11-01 21:30:37.335  1058  1086 I chatty  : uid=1000(system) android.display expire 10 lines
11-01 21:30:37.602  1058  1412 I chatty  : uid=1000(system) Binder:1058_6 expire 1 line
11-01 21:30:37.693  1058  5679 I chatty  : uid=1000(system) Binder:1058_17 expire 6 lines
11-01 21:30:37.809  1058 19740 I chatty  : uid=1000(system) Binder:1058_1C expire 2 lines
11-01 21:30:37.973  1058  1243 I chatty  : uid=1000(system) Binder:1058_3 expire 1 line
11-01 21:30:38.257  1058  1081 I chatty  : uid=1000(system) Binder:1058_1 expire 6 lines
11-01 21:30:38.421  1058  5679 I chatty  : uid=1000(system) Binder:1058_17 expire 1 line
11-01 21:30:38.425  1058  1086 I chatty  : uid=1000(system) android.display expire 9 lines
11-01 21:30:39.152  1058  1751 I chatty  : uid=1000(system) LazyTaskWriterT expire 2 lines
11-01 21:31:22.839  1058  6293 I chatty  : uid=1000(system) Binder:1058_18 expire 4 lines
11-01 21:31:23.012  1058  3689 I chatty  : uid=1000(system) Binder:1058_C expire 6 lines
11-01 21:31:36.966  1058  3690 I chatty  : uid=1000(system) Binder:1058_D expire 1 line
11-01 21:31:37.059  1058  1092 I chatty  : uid=1000(system) ActivityManager expire 1 line
11-01 21:31:37.406  1058  1104 I chatty  : uid=1000(system) PackageManager expire 23 lines
11-01 21:31:37.416  1058  1751 I chatty  : uid=1000(system) LazyTaskWriterT expire 1 line
11-01 21:31:37.420  1058  1058 I chatty  : uid=1000 system_server expire 3 lines
11-01 21:31:37.435  1058  1081 I chatty  : uid=1000(system) Binder:1058_1 expire 1 line
11-01 21:31:37.439  1058  1091 I chatty  : uid=1000(system) android.bg expire 3 lines
11-01 21:31:37.497  1058  1157 I chatty  : uid=1000(system) NetworkStats expire 1 line
11-01 21:31:43.907  1058  1092 I chatty  : uid=1000(system) ActivityManager expire 2 lines
11-01 21:32:04.903  1058  1058 I chatty  : uid=1000 system_server expire 4 lines
11-01 21:32:04.912  1058  1091 I chatty  : uid=1000(system) android.bg expire 2 lines
11-01 21:32:04.922  1058 19740 I chatty  : uid=1000(system) Binder:1058_1C expire 1 line
11-01 21:32:04.984  1058  5679 I chatty  : uid=1000(system) Binder:1058_17 expire 1 line
11-01 21:32:05.016  1058  6293 I chatty  : uid=1000(system) Binder:1058_18 expire 1 line
11-01 21:32:05.044  1058  1093 I chatty  : uid=1000(system) ActivityManager expire 6 lines
11-01 21:32:05.206  1058  1412 I chatty  : uid=1000(system) Binder:1058_6 expire 2 lines
11-01 21:32:05.222  1058  3690 I chatty  : uid=1000(system) Binder:1058_D expire 4 lines
11-01 21:32:06.292  1058  4019 I chatty  : uid=1000(system) Binder:1058_10 expire 1 line
11-01 21:32:08.518  1058  1751 I chatty  : uid=1000(system) LazyTaskWriterT expire 1 line
11-01 21:32:16.473  1058  1081 I chatty  : uid=1000(system) Binder:1058_1 expire 2 lines
11-01 21:32:16.780  1058  1086 I chatty  : uid=1000(system) android.display expire 2 lines
11-01 21:32:17.572  1058  3689 I chatty  : uid=1000(system) Binder:1058_C expire 4 lines
11-01 21:32:17.708  1058  1519 I chatty  : uid=1000(system) Binder:1058_7 expire 1 line
11-01 21:32:17.739  1058  1086 I chatty  : uid=1000(system) android.display expire 9 lines
11-01 21:32:17.743  1058 18522 I chatty  : uid=1000(system) Binder:1058_1B expire 7 lines
11-01 21:32:17.850  1058  5639 I chatty  : uid=1000(system) Binder:1058_16 expire 1 line
11-01 21:32:17.886  1058  1082 I chatty  : uid=1000(system) Binder:1058_2 expire 4 lines
11-01 21:32:18.137  1058  3485 I chatty  : uid=1000(system) Binder:1058_B expire 1 line
11-01 21:32:18.152  1058  6293 I chatty  : uid=1000(system) Binder:1058_18 expire 2 lines
11-01 21:32:18.482  1058  1081 I chatty  : uid=1000(system) Binder:1058_1 expire 1 line
11-01 21:32:18.594  1058  1243 I chatty  : uid=1000(system) Binder:1058_3 expire 1 line
11-01 21:32:18.734  1058 25108 I chatty  : uid=1000(system) Binder:1058_20 expire 1 line
11-01 21:32:18.878  1058  1082 I chatty  : uid=1000(system) Binder:1058_2 expire 1 line
11-01 21:32:18.906  1058  1086 I chatty  : uid=1000(system) android.display expire 4 lines
11-01 21:32:18.987  1058 19740 I chatty  : uid=1000(system) Binder:1058_1C expire 1 line
11-01 21:32:18.997  1058  1243 I chatty  : uid=1000(system) Binder:1058_3 expire 1 line
11-01 21:32:19.117  1058  6293 I chatty  : uid=1000(system) Binder:1058_18 expire 3 lines
11-01 21:32:22.424  1058  1751 I chatty  : uid=1000(system) LazyTaskWriterT expire 1 line
11-01 21:33:14.373  1058  1092 I chatty  : uid=1000(system) ActivityManager expire 1 line
11-01 21:33:30.293  1058  1058 I chatty  : uid=1000 system_server expire 3 lines
11-01 21:33:30.294  1058  1101 I chatty  : uid=1000(system) PowerManagerSer expire 4 lines
11-01 21:33:30.328  1058  1097 I chatty  : uid=1000(system) batterystats-wo expire 5 lines
11-01 21:33:30.434  1058  4369 I chatty  : uid=1000(system) Binder:1058_12 expire 2 lines
11-01 21:33:30.644  1058  5679 I chatty  : uid=1000(system) Binder:1058_17 expire 1 line
11-01 21:33:30.669  1058  3485 I chatty  : uid=1000(system) Binder:1058_B expire 5 lines
11-01 21:33:30.763  1058  3810 I chatty  : uid=1000(system) Binder:1058_F expire 3 lines
11-01 21:33:34.181  1058  1097 I chatty  : uid=1000(system) batterystats-wo expire 2 lines
11-01 21:33:40.431  1058  1086 I chatty  : uid=1000(system) android.display expire 1 line
11-01 21:33:41.092  1058 23869 I chatty  : uid=1000(system) Binder:1058_1F expire 5 lines
11-01 21:33:44.597   836   836 I wificond: Received external scan result notification from kernel.
11-01 21:34:09.460  1058  4148 I chatty  : uid=1000(system) Binder:1058_11 expire 4 lines
11-01 21:35:14.537  1058  1091 I chatty  : uid=1000(system) android.bg expire 2 lines
11-01 21:35:16.899  1058  2742 I chatty  : uid=1000(system) Binder:1058_A expire 1 line
11-01 21:35:27.872  1058  1058 I chatty  : uid=1000 system_server expire 1 line
11-01 21:35:35.911  1058  1157 I chatty  : uid=1000(system) NetworkStats expire 1 line
11-01 21:35:40.521  1058  1092 I chatty  : uid=1000(system) ActivityManager expire 1 line
11-01 21:36:13.385  1058  1243 I chatty  : uid=1000(system) Binder:1058_3 expire 2 lines
11-01 21:36:58.304  1058  1164 I chatty  : uid=1000(system) ConnectivitySer expire 1 line
11-01 21:37:51.442  1058  1243 I chatty  : uid=1000(system) Binder:1058_3 expire 8 lines
11-01 21:38:23.973  1058 25108 I chatty  : uid=1000(system) Binder:1058_20 expire 2 lines
11-01 21:38:40.243  1058  3485 I chatty  : uid=1000(system) Binder:1058_B expire 1 line
11-01 21:38:56.505  1058  4148 I chatty  : uid=1000(system) Binder:1058_11 expire 3 lines
11-01 21:39:08.611  1058  1145 I chatty  : uid=1000(system) AlarmManager expire 1 line
11-01 21:39:52.530  1058  1097 I chatty  : uid=1000(system) batterystats-wo expire 4 lines
11-01 21:39:53.443  1058  1519 I chatty  : uid=1000(system) Binder:1058_7 expire 5 lines
11-01 21:41:37.605  1058  2742 I chatty  : uid=1000(system) Binder:1058_A expire 2 lines
11-01 21:41:55.454  1058  3810 I chatty  : uid=1000(system) Binder:1058_F expire 2 lines
11-01 21:43:06.259  1058  3690 I chatty  : uid=1000(system) Binder:1058_D expire 1 line
11-01 21:43:39.623  1058  1086 I chatty  : uid=1000(system) android.display expire 10 lines
11-01 21:43:49.326  1058  1243 I chatty  : uid=1000(system) Binder:1058_3 expire 1 line
11-01 21:44:02.583  1058  1081 I chatty  : uid=1000(system) Binder:1058_1 expire 1 line
11-01 21:44:08.121  1058  1148 I chatty  : uid=1000(system) InputReader expire 2 lines
11-01 21:44:08.121  1058  1058 I chatty  : uid=1000 system_server expire 1 line
11-01 21:44:08.123  1058  1101 I chatty  : uid=1000(system) PowerManagerSer expire 5 lines
11-01 21:44:08.176  1058  1082 I chatty  : uid=1000(system) Binder:1058_2 expire 1 line
11-01 21:44:08.216  1058 22091 I chatty  : uid=1000(system) Binder:1058_1D expire 2 lines
11-01 21:44:08.252  1058  5679 I chatty  : uid=1000(system) Binder:1058_17 expire 2 lines
11-01 21:44:08.916  1058 19740 I chatty  : uid=1000(system) Binder:1058_1C expire 5 lines
11-01 21:44:08.997  1058  5639 I chatty  : uid=1000(system) Binder:1058_16 expire 3 lines
11-01 21:44:09.070  1058  1086 I chatty  : uid=1000(system) android.display expire 8 lines
11-01 21:44:11.839  1058  1751 I chatty  : uid=1000(system) LazyTaskWriterT expire 3 lines
11-01 21:44:13.792  1058 22091 I chatty  : uid=1000(system) Binder:1058_1D expire 8 lines
11-01 21:44:13.956  1058  4148 I chatty  : uid=1000(system) Binder:1058_11 expire 3 lines
11-01 21:44:14.013  1058 19740 I chatty  : uid=1000(system) Binder:1058_1C expire 1 line
11-01 21:44:16.232  1058  4369 I chatty  : uid=1000(system) Binder:1058_12 expire 1 line
11-01 21:44:16.254  1058  1092 I chatty  : uid=1000(system) ActivityManager expire 2 lines
11-01 21:44:16.585  1058  1104 I chatty  : uid=1000(system) PackageManager expire 23 lines
11-01 21:44:16.593  1058  1091 I chatty  : uid=1000(system) android.bg expire 2 lines
11-01 21:44:16.608  1058  1058 I chatty  : uid=1000 system_server expire 3 lines
11-01 21:44:16.627  1058  1157 I chatty  : uid=1000(system) NetworkStats expire 1 line
11-01 21:44:16.632  1058  3690 I chatty  : uid=1000(system) Binder:1058_D expire 1 line
11-01 21:44:18.727  1058  2461 I chatty  : uid=1000(system) Binder:1058_9 expire 1 line
11-01 21:46:12.737  1058  1092 I chatty  : uid=1000(system) ActivityManager expire 1 line
11-01 21:46:12.738  1058  1091 I chatty  : uid=1000(system) android.bg expire 3 lines
11-01 21:46:12.758  1058  1058 I chatty  : uid=1000 system_server expire 4 lines
11-01 21:46:12.762  1058  1243 I chatty  : uid=1000(system) Binder:1058_3 expire 2 lines
11-01 21:46:12.775  1058 22091 I chatty  : uid=1000(system) Binder:1058_1D expire 4 lines
11-01 21:46:12.893  1058  1093 I chatty  : uid=1000(system) ActivityManager expire 1 line
11-01 21:46:13.056  1058  1082 I chatty  : uid=1000(system) Binder:1058_2 expire 1 line
11-01 21:46:13.972  1058  5679 I chatty  : uid=1000(system) Binder:1058_17 expire 3 lines
11-01 21:46:16.342  1058  1751 I chatty  : uid=1000(system) LazyTaskWriterT expire 1 line
11-01 21:46:19.327  1058  1086 I chatty  : uid=1000(system) android.display expire 2 lines
11-01 21:46:20.748  1058 23869 I chatty  : uid=1000(system) Binder:1058_1F expire 4 lines
11-01 21:46:20.803  1058  3810 I chatty  : uid=1000(system) Binder:1058_F expire 3 lines
11-01 21:46:20.875  1058  2742 I chatty  : uid=1000(system) Binder:1058_A expire 4 lines
11-01 21:46:20.891  1058  1086 I chatty  : uid=1000(system) android.display expire 10 lines
11-01 21:46:20.908  1058 25108 I chatty  : uid=1000(system) Binder:1058_20 expire 1 line
11-01 21:46:21.106  1058 22091 I chatty  : uid=1000(system) Binder:1058_1D expire 2 lines
11-01 21:46:21.194  1058  4148 I chatty  : uid=1000(system) Binder:1058_11 expire 7 lines
11-01 21:46:21.370  1058  1243 I chatty  : uid=1000(system) Binder:1058_3 expire 1 line
11-01 21:46:21.652  1058 19740 I chatty  : uid=1000(system) Binder:1058_1C expire 2 lines
11-01 21:46:21.779  1058  1086 I chatty  : uid=1000(system) android.display expire 10 lines
11-01 21:46:21.795  1058  1082 I chatty  : uid=1000(system) Binder:1058_2 expire 4 lines
11-01 21:46:21.808  1058  3810 I chatty  : uid=1000(system) Binder:1058_F expire 1 line
11-01 21:46:21.954  1058  1243 I chatty  : uid=1000(system) Binder:1058_3 expire 3 lines
11-01 21:46:22.222  1058  1084 I chatty  : uid=1000(system) android.ui expire 1 line
--------- beginning of tracking
11-01 21:46:23.644   740   740 I CameraClientManager: [CONTROLLER] Removed client - started clients: 0
11-01 21:46:23.650   740   740 I FrameSetDispatcher: [HAND] Client thread started
11-01 21:46:23.650   740   740 I CameraClientManager: [HAND] Added client - started clients: 1
11-01 21:46:23.679   740 28808 W SensorService: FrameType HAND: New frameset capture timestamp exceeds tolerance bounds
11-01 21:46:23.832   740   811 I FrameSetDispatcher: [HAND] Client thread started
11-01 21:46:23.832   740   811 E FrameSetDispatcher: [HAND] Frame Count Requirement violated: number of streaming clients: 2, maximum number of FrameSets: 2
11-01 21:46:23.832   740   811 I CameraClientManager: [HAND] Added client - started clients: 2
11-01 21:46:23.879   740 29128 E FrameSetDispatcher: [HAND] Client: Failed to read from receive FMQ for 1 packets in 5000ms.
11-01 21:46:23.879   740 29128 E FrameSetDispatcher: This probably means this client is taking more than 33 ms to process the frame.
11-01 21:46:23.879   740 29128 E FrameSetDispatcher: Retrying.
11-01 21:46:23.879   860   860 I TrackingService: TrackingService::getSharedMemoryFileDescriptor
11-01 21:46:23.941   740 28741 W SensorService: Arrival timestamp too late
11-01 21:46:23.970   740 28741 W SensorService: Arrival timestamp too early
11-01 21:46:25.444  1058  1751 I chatty  : uid=1000(system) LazyTaskWriterT expire 1 line
11-01 21:46:26.075   740 28741 W SensorService: Unknown packet type (20) received
11-01 21:46:58.341  1058  1164 I chatty  : uid=1000(system) ConnectivitySer expire 1 line
11-01 21:46:56.079   740 28741 I chatty  : uid=1000(system) sensors@1.0-ser identical 6 lines
11-01 21:47:01.080   740 28741 W SensorService: Unknown packet type (20) received
11-01 21:47:05.979   740 29128 E FrameSetDispatcher: [HAND] Client: Failed to read from receive FMQ for 1 packets in 5000ms.
