11-02 07:40:29.245  2425  4860 I IPCSharedMemory: CreateSharedMemory: Allocated shared memory fd 179 (ipcStateReadWrite)
11-02 07:40:29.245  2425  4860 I IPCSharedMemory: CreateSharedMemory: Allocated shared memory fd 180 (ipcReadOnlyState)
11-02 07:40:29.245  2425  4860 I ServerProcessConnector: HandleClientConnect: Client: com.oculus.sdk.vrcubeworldfw:com.oculus.sdk.vrcubeworldfw:4828, Server: com.oculus.systemdriver:com.oculus.vrruntimeservice:2425 (RuntimeServiceServer)
11-02 07:40:29.252  2425  2865 I VrRuntimeService: DestroySwapChain: swapchain=204
11-02 07:40:29.252  2425  2693 I SwapChain: DestroyAndroidSurfaceSwapChain: 0x6fec922000: Destroying SurfaceTexture 0x2bd6 Surface 0x2be6
11-02 07:40:29.252  2425  2865 I VrRuntimeServer: DestroyTextureSwapChain: result destroyswapchain 1
11-02 07:40:29.252  2425  2865 I VrRuntimeService: DestroySwapChain: swapchain=209
11-02 07:40:29.252  2425  2865 I VrRuntimeServer: DestroyTextureSwapChain: result destroyswapchain 1
11-02 07:40:29.252  2425  2865 I VrRuntimeService: DestroySwapChain: swapchain=203
11-02 07:40:29.252  2425  2693 I SwapChain: DestroyAndroidSurfaceSwapChain: 0x6fe8ea1000: Destroying SurfaceTexture 0x2b96 Surface 0x2ba6
11-02 07:40:29.252  2425  2865 I VrRuntimeServer: DestroyTextureSwapChain: result destroyswapchain 1
11-02 07:40:29.253  2425  2865 I VrRuntimeService: DestroySwapChain: swapchain=206
11-02 07:40:29.253  2425  2865 I VrRuntimeServer: DestroyTextureSwapChain: result destroyswapchain 1
11-02 07:40:29.267   833  3849 W [CT]    : F2F_TRACKER: Low ratio of active tracks for available capacity (134/300=0.45<0.50). Verify corner detection and track creation!
11-02 07:40:29.323  2095  2875 E [CT]    : SpatialAnchorPipeline: checkStateEq:getActiveGuardian Called in an invalid state. 1
11-02 07:40:29.323  2095  2875 E [CT]    : SpatialAnchorPipeline: checkStateEq:getActiveGuardian Called in an invalid state. 1
11-02 07:40:29.373   833  3849 I [CT]    : VIPER: Mode=Vega,Status=6DoF,TRACKING,KF=-1,Inl=196,Pts=135,Mem=63.5,Jit=0.6mm,Issues(Cam/min=0.5,IMU/min=0.0),Exp=(14.0ms,g=15.0,I=10,Ir=51.8)(14.0ms,g=15.0,I=28,Ir=133.8)(14.0ms,g=15.0,I=27,Ir=131.4)(14.0ms,g=15.0,I=12,Ir=58.0)
11-02 07:40:29.373   833  3849 W [CT]    : VIPER: Images too dark, 
11-02 07:40:29.406   833  3849 I [CT]    : VIPER:MAP_MANAGER: State: TrackingTransient, UUID=df5b783a-a21c-d0b3-3815-e212b5acd1a5, Num. Persistent maps = 3, Transient maps:df5b783a-a21c-d0b3-3815-e212b5acd1a5, Persistent maps:3f26dece-f9e3-a11d-4097-8100397eaeeb,b03287d6-8cfc-1be2-f26d-85050828fdcc,7fe96743-4f7e-fe0c-1024-e98ecac144c4,
11-02 07:40:29.523  2095  2875 E [CT]    : SpatialAnchorPipeline: checkStateEq:getActiveGuardian Called in an invalid state. 1
11-02 07:40:29.523  2095  2875 E [CT]    : SpatialAnchorPipeline: checkStateEq:getActiveGuardian Called in an invalid state. 1
11-02 07:40:29.562   833  1408 I [CT]    : VIPER:LOCALIZER: Extracting non-gravity-aligned descriptors on query.
11-02 07:40:29.660  1829  1899 I Clay    : EnvironmentSystem: Visibility is Unload, discarding cached scene: 'apk://com.oculus.environment.prod.adobe/assets/scene.zip'
11-02 07:40:29.721  2425  2830 D RuntimeIPCServerMgr: RegisterClient: Client: com.oculus.sdk.vrcubeworldfw:com.oculus.sdk.vrcubeworldfw:4828, Server: com.oculus.systemdriver:com.oculus.vrruntimeservice (RuntimeServiceServer)
11-02 07:40:29.721  2425  4861 I VrRuntimeService: RuntimeIPC: IPC_SYSTEM_EVENT_CLIENT_CONNECTED_EXT: com.oculus.sdk.vrcubeworldfw:4828, Version: 1.0, Custom: 1.0
11-02 07:40:29.721  2425  4861 I VrRuntimeService: RuntimeIPC: SendPrimaryPackageChangeEvent: PostClientEvent SUCCESS: com.oculus.sdk.vrcubeworldfw:com.oculus.sdk.vrcubeworldfw:4828, com.oculus.shellenv, com.oculus.shellenv
11-02 07:40:29.721  2425  4861 I VrRuntimeService: RuntimeIPC: SendFocusChangeEvent: PostClientEvent SUCCESS: com.oculus.sdk.vrcubeworldfw:com.oculus.sdk.vrcubeworldfw:4828, com.oculus.vrshell, com.oculus.vrshell
11-02 07:40:29.721  2425  4861 I VrRuntimeService: RuntimeServiceSDKServer::RegisterClient: com.oculus.sdk.vrcubeworldfw
11-02 07:40:29.721  2425  4861 I ClientMgr: ClientMgr::CreateClient: 4828:com.oculus.sdk.vrcubeworldfw
11-02 07:40:29.721  2425  4861 I ClientMgr: CliengMgr: Client session placement = 0
11-02 07:40:29.721  2425  4861 I TimeWarpClientMgr: Register client 10
11-02 07:40:29.721  2425  4861 I VrRuntimeServer: RegisterCompositorClient client(10)
11-02 07:40:29.722  2425  4861 I ClientMgr: ClientMgr: Client:com.oculus.sdk.vrcubeworldfw isOsApp=false
11-02 07:40:29.723  2425  4861 I SharedMemoryServer: SharedMemoryServer::MapMemory: Allocated shared memory fd 182 (VrRuntimeService_PrivateReadWrite_com.oculus.sdk.vrcubeworldfw)
11-02 07:40:29.723  2425  4861 I ClientMgr: AddClient: com.oculus.sdk.vrcubeworldfw:com.oculus.sdk.vrcubeworldfw:4828
11-02 07:40:29.723  2425  4861 I ClientMgr: CreateClient: Sending PrimaryPackageChangeEvent outside of normal operation for Guardian.
11-02 07:40:29.723  2425  4861 I VrRuntimeService: RuntimeIPC: SendPrimaryPackageChangeEvent: PostClientEvent SUCCESS: com.oculus.guardian:com.oculus.vrguardianservice:2095, com.oculus.sdk.vrcubeworldfw, com.oculus.sdk.vrcubeworldfw
11-02 07:40:29.724  2095  2875 E [CT]    : SpatialAnchorPipeline: checkStateEq:getActiveGuardian Called in an invalid state. 1
11-02 07:40:29.724  2095  2875 E [CT]    : SpatialAnchorPipeline: checkStateEq:getActiveGuardian Called in an invalid state. 1
11-02 07:40:29.724  2095  2875 I GuardianSystem: runtimeServiceSDKClient_.PackageChangeEvent: package=[com.oculus.sdk.vrcubeworldfw], process=[com.oculus.sdk.vrcubeworldfw]
11-02 07:40:29.724  2095  2875 I GuardianSystem: SetCurrentProcessName: com.oculus.sdk.vrcubeworldfw, previous ProcessName: com.oculus.shellenv
11-02 07:40:29.724  2095  2875 I GuardianSystem: SetCurrentProcessName: Return package changed: com.oculus.sdk.vrcubeworldfw
11-02 07:40:29.725  2425  4861 I UnifiedTelemetryWrapper: Started UT session lifetime:com.oculus.sdk.vrcubeworldfw
11-02 07:40:29.726  2425  4861 I VrRuntimeService: RuntimeServiceSDKServer::GetSharedMemoryFileDescriptor: 2680921779
11-02 07:40:29.726  2425  4861 I VrRuntimeService: GetSharedMemoryFileDescriptor: SharedMemoryType_PublicReadOnly: 33
11-02 07:40:29.726  2425  4861 I VrRuntimeService: RuntimeServiceSDKServer::GetSharedMemoryFileDescriptor: 2680921779
11-02 07:40:29.726  2425  4861 I VrRuntimeService: GetSharedMemoryFileDescriptor: SharedMemoryType_PrivateReadWrite: 182
11-02 07:40:29.727  2425  4861 I VrRuntimeService: RuntimeServiceSDKServer::IsExperimental120HzSupportEnabled
11-02 07:40:29.736  4828  4851 I chatty  : uid=10336(com.oculus.sdk.vrcubeworldfw) main expire 246 lines
11-02 07:40:29.740  2425  4861 I VrRuntimeService: CreateSwapChain: 2680921779
11-02 07:40:29.740  2425  4861 I VrRuntimeService: CreateSwapChain: api:gles 2 0x8c43 1440 1584 1 3 2 0 14
11-02 07:40:29.741  2425  4861 I VrRuntimeServer: CreateTextureSwapChain: result importswapchaingles 1
11-02 07:40:29.869  1062  2355 E WindowManager: App trying to use insecure INPUT_FEATURE_NO_INPUT_CHANNEL flag. Ignoring
11-02 07:40:29.878  2425  2425 I ClientMgr: FocusedClient changed.
11-02 07:40:29.878  2425  2425 W ClientMgr: ClientMgr::SetFocusedClient: No focused client
11-02 07:40:29.878  2425  2425 I ClientMgr: Releasing clocks.
11-02 07:40:29.888  1966  2005 I LibraryProvider: running queryApp(com.oculus.shellenv) for UID 10031
11-02 07:40:29.888  2021  2021 D KeyboardInputMethodService: onFinishInput
11-02 07:40:29.889  2095  4859 E [CT]    : SpatialAnchorPipeline: checkStateEq:getAllSurfaceData Called in an invalid state. 1
11-02 07:40:29.889  1966  2005 W LibraryProvider: Cannot find entitlement for com.oculus.shellenv
11-02 07:40:29.889  1999  1999 W OVRLibrary: null cursor received for query content://com.oculus.ocms.library/apps/com.oculus.shellenv
11-02 07:40:29.891  1062  1100 I ActivityTaskManager: Displayed com.oculus.sdk.vrcubeworldfw/.MainActivity: +1s101ms
11-02 07:40:29.898  4828  4865 I chatty  : uid=10336(com.oculus.sdk.vrcubeworldfw) expire 2 lines
11-02 07:40:29.899   833  1962 I TrackingService: TrackingService::getSharedMemoryFileDescriptor
11-02 07:40:29.913  2095  2095 D VrGuardianUserService: onStartCommandIntent { act=FOREGROUND_CLIENT cmp=com.oculus.guardian/com.oculus.vrguardianservice.VrGuardianUserService (has extras) }
11-02 07:40:29.913  2095  2095 D VrGuardianUserService: onStartCommand FOREGROUND_CLIENT user = 0
11-02 07:40:29.914  2095  2095 D VrGuardianService: setCurrentUser() called with: userId = [0]
11-02 07:40:29.914  2095  2095 I VrGuardianService: nativeSetCurrentUser userid = 0
11-02 07:40:29.914  2095  2095 I GuardianSystem: GuardianSystem::SetCurrentUser: 0 
11-02 07:40:29.914  2425  4861 I VrRuntimeService: RuntimeServiceSDKServer::EnableRendering: 0x6fd1fff600, 2, com.oculus.sdk.vrcubeworldfw
11-02 07:40:29.914  2425  4861 I ClientMgr: EnableRendering2: Calling SetFocusedClient: 2680921779
11-02 07:40:29.914  2425  4861 I ClientMgr: FocusedClient changed.
11-02 07:40:29.914  2425  4861 I ClientMgr: ClientMgr::SetFocusedClient: 4828:com.oculus.sdk.vrcubeworldfw type 0
11-02 07:40:29.914  2425  4861 I VrRuntimeService: RuntimeIPC: SendFocusChangeEventToAllClients: PostClientEvent SUCCESS: com.oculus.shellenv:com.oculus.shellenv:1829, com.oculus.sdk.vrcubeworldfw, com.oculus.sdk.vrcubeworldfw
11-02 07:40:29.914  2425  4861 I VrRuntimeService: RuntimeIPC: SendFocusChangeEventToAllClients: PostClientEvent SUCCESS: com.oculus.vrshell:com.oculus.vrshell:2650, com.oculus.sdk.vrcubeworldfw, com.oculus.sdk.vrcubeworldfw
11-02 07:40:29.914  2425  4861 I VrRuntimeService: RuntimeIPC: SendFocusChangeEventToAllClients: PostClientEvent SUCCESS: com.oculus.mrservice:com.oculus.mrservice:1613, com.oculus.sdk.vrcubeworldfw, com.oculus.sdk.vrcubeworldfw
11-02 07:40:29.914  2425  4861 I VrRuntimeService: RuntimeIPC: SendFocusChangeEventToAllClients: PostClientEvent SUCCESS: com.oculus.sdk.vrcubeworldfw:com.oculus.sdk.vrcubeworldfw:4828, com.oculus.sdk.vrcubeworldfw, com.oculus.sdk.vrcubeworldfw
11-02 07:40:29.914  2425  4861 I VrRuntimeService: RuntimeIPC: SendFocusChangeEventToAllClients: PostClientEvent SUCCESS: com.oculus.vrshell:com.oculus.vrshell:Overlay:2021, com.oculus.sdk.vrcubeworldfw, com.oculus.sdk.vrcubeworldfw
11-02 07:40:29.914  2425  4861 I VrRuntimeService: RuntimeIPC: SendFocusChangeEventToAllClients: PostClientEvent SUCCESS: com.oculus.guardian:com.oculus.vrguardianservice:2095, com.oculus.sdk.vrcubeworldfw, com.oculus.sdk.vrcubeworldfw
11-02 07:40:29.914  2425  4861 I ClientMgr: ClientMgr::EnableRendering 4828:com.oculus.sdk.vrcubeworldfw : type 0 comp-id 10: enable
11-02 07:40:29.914  2425  4861 I TimeWarp: CheckDebuggerConnected: debugger 0
11-02 07:40:29.914  2425  4861 I VrRuntimeServer: SysProp debug mode is disabled on Server side
11-02 07:40:29.918  2425  4861 I UnifiedTelemetryWrapper: Started UT session render:com.oculus.sdk.vrcubeworldfw
11-02 07:40:29.919  2425  4861 I VrRuntimeService: GetSpecialSwapChain: 2680921779
11-02 07:40:29.919  2425  4861 I VrRuntimeService: GetSpecialSwapChain: 2680921779
11-02 07:40:29.920  2095  2095 D VrGuardianUserService: onStartCommandIntent { act=FOREGROUND_CLIENT cmp=com.oculus.guardian/com.oculus.vrguardianservice.VrGuardianUserService (has extras) }
11-02 07:40:29.920  4828  4869 I chatty  : uid=10336(com.oculus.sdk.vrcubeworldfw) expire 1 line
11-02 07:40:29.921  2095  2095 D VrGuardianUserService: onStartCommand FOREGROUND_CLIENT user = 0
11-02 07:40:29.921  2425  2831 I ClientMgr: Non-overlay clients rendering status has changed: prev=24, curr=25, enabled=1
11-02 07:40:29.921  2425  2831 I ClientMgr: Primary Client is not valid.
11-02 07:40:29.921  2425  2831 I ClientMgr: Primary client determined to be the current enabled client -1614045517
11-02 07:40:29.921  2425  2831 I ClientMgr: ClientMgr::SetPrimaryCompositorClient: 4828:com.oculus.sdk.vrcubeworldfw
11-02 07:40:29.921  2425  2831 W ClientMgr: ClientMgr::GetClientPermissionFlagsById: Client missing proper permissions: com.oculus.sdk.vrcubeworldfw, 2
11-02 07:40:29.921  2425  2831 I TimeWarpClientMgr: Enable client 10
11-02 07:40:29.921  2425  2831 I VrRuntimeServer: EnableCompositorClient client(10): layer placement(0) flags(1) sm(0x703ee3a010)
11-02 07:40:29.921  2095  2095 D VrGuardianService: setCurrentUser() called with: userId = [0]
11-02 07:40:29.921  2425  2831 I ServiceInputManager: ServiceInputManager::SetPrimaryPackageName 'com.oculus.sdk.vrcubeworldfw' 'com.oculus.sdk.vrcubeworldfw'  updated AnytimeUI processname 1
11-02 07:40:29.921  2095  2095 I VrGuardianService: nativeSetCurrentUser userid = 0
11-02 07:40:29.921  2425  2831 I VrRuntimeService: RuntimeIPC: SendPrimaryPackageChangeEvent: PostClientEvent SUCCESS: com.oculus.shellenv:com.oculus.shellenv:1829, com.oculus.sdk.vrcubeworldfw, com.oculus.sdk.vrcubeworldfw
11-02 07:40:29.921  2095  2095 I GuardianSystem: GuardianSystem::SetCurrentUser: 0 
11-02 07:40:29.921  2425  2831 I VrRuntimeService: RuntimeIPC: SendPrimaryPackageChangeEvent: PostClientEvent SUCCESS: com.oculus.vrshell:com.oculus.vrshell:2650, com.oculus.sdk.vrcubeworldfw, com.oculus.sdk.vrcubeworldfw
11-02 07:40:29.921  2425  2831 I VrRuntimeService: RuntimeIPC: SendPrimaryPackageChangeEvent: PostClientEvent SUCCESS: com.oculus.mrservice:com.oculus.mrservice:1613, com.oculus.sdk.vrcubeworldfw, com.oculus.sdk.vrcubeworldfw
11-02 07:40:29.921  2425  2831 I VrRuntimeService: RuntimeIPC: SendPrimaryPackageChangeEvent: PostClientEvent SUCCESS: com.oculus.sdk.vrcubeworldfw:com.oculus.sdk.vrcubeworldfw:4828, com.oculus.sdk.vrcubeworldfw, com.oculus.sdk.vrcubeworldfw
11-02 07:40:29.921  2425  2831 I VrRuntimeService: RuntimeIPC: SendPrimaryPackageChangeEvent: PostClientEvent SUCCESS: com.oculus.vrshell:com.oculus.vrshell:Overlay:2021, com.oculus.sdk.vrcubeworldfw, com.oculus.sdk.vrcubeworldfw
11-02 07:40:29.921  2425  2831 I VrRuntimeService: RuntimeIPC: SendPrimaryPackageChangeEvent: PostClientEvent SUCCESS: com.oculus.guardian:com.oculus.vrguardianservice:2095, com.oculus.sdk.vrcubeworldfw, com.oculus.sdk.vrcubeworldfw
11-02 07:40:29.921  2425  2831 D VrRuntimeService: sendPrimaryPackageChangeBroadcast
11-02 07:40:29.922  2425  2831 I AADT    : SetAADTLutDataX: 0
11-02 07:40:29.922  2425  2831 I AADT    : SetAADTLutDataY: 0
11-02 07:40:29.922  2425  2831 I ServiceInputManager: DEADRECKONING deadReckoning mode on ClientMgr from server is 0
11-02 07:40:29.922  2425  2831 I PerformanceManager: SetClockLevels: Force releasing clocks
11-02 07:40:29.922  2425  2831 I PerformanceManager: SetClockLevels: Apply pending clock request change: 2,3 -> -1,-1
11-02 07:40:29.922  2425  3809 I Clocks  : ReleaseClocks - start
11-02 07:40:29.922  2650  2650 D [SEO] BaseOverlayService: screenStateReceiver Received broadcast: com.oculus.vrshell.intent.action.PRIMARY_PACKAGE_CHANGED
11-02 07:40:29.923  2021  2021 D [OAO] BaseOverlayService: screenStateReceiver Received broadcast: com.oculus.vrshell.intent.action.PRIMARY_PACKAGE_CHANGED
11-02 07:40:29.923  2021  2021 I [OAO] ShellOverlayServiceJNI: NativeSendOverlayCommand
11-02 07:40:29.923  2021  2021 I [OAO] ShellOverlayServiceJNI: NativeWake
11-02 07:40:29.923  2021  2021 I [OAO] ShellOverlayMain: WakeVrThread
11-02 07:40:29.923  2021  2021 I [OAO] ShellOverlayMain: WakeVrThread - notifying vr thread
11-02 07:40:29.923  2425  3809 I Clocks  : ReleaseClocks - end (1.3 ms)
11-02 07:40:29.924  2095  2875 E [CT]    : SpatialAnchorPipeline: checkStateEq:getActiveGuardian Called in an invalid state. 1
11-02 07:40:29.924  2095  2875 E [CT]    : SpatialAnchorPipeline: checkStateEq:getActiveGuardian Called in an invalid state. 1
11-02 07:40:29.924  2095  2875 I GuardianSystem: runtimeServiceSDKClient_.ForceShowGuardianEvent
11-02 07:40:29.924  2095  2875 I GuardianSystem: ForceShowGuardian: false, 0.00
11-02 07:40:29.924  2095  2875 I GuardianSystem: runtimeServiceSDKClient_.PackageChangeEvent: package=[com.oculus.sdk.vrcubeworldfw], process=[com.oculus.sdk.vrcubeworldfw]
11-02 07:40:29.926  2425  3817 I TimeWarpProgs: loaded binary layerProgram 0:0x40065:0x0 in 2.8 ms
11-02 07:40:29.928  2425  3817 I TimeWarp: SetSchedFifo( tid=1899, pol=2, pri=0 ) succeeded
11-02 07:40:29.928   860  3955 E VrApiService: Error set scheduler for process 2425 thread 4730 to 2 : No such process (3)
11-02 07:40:29.928  2425  3817 I TimeWarp: SetSchedFifo( tid=4730, pol=2, pri=0 ) succeeded
11-02 07:40:29.928  2425  3817 I TimeWarp: SetSchedFifo( tid=4869, pol=3, pri=0 ) succeeded
11-02 07:40:29.928  2425  3817 I AADT    : SetAADTLutDataX. Thread. SizeX: 0
11-02 07:40:29.928  2425  3817 I AADT    : SetAADTLutDataY. Thread. SizeY: 0
11-02 07:40:29.929  3030  3030 D MetricsService: Bound Intent { cmp=com.oculus.ovrmonitormetricsservice/.MetricsService }
11-02 07:40:29.932  2425  2831 I PerformanceManager: SetClockLevels: Apply pending clock request change: -1,-1 -> 2,3
11-02 07:40:29.932  2425  3809 I Clocks  : LockClocks( cpu=2, gpu=3 ) - start
11-02 07:40:29.932  4828  4828 I chatty  : uid=10336(com.oculus.sdk.vrcubeworldfw) expire 1 line
11-02 07:40:29.933  2425  3809 I Clocks  : CPU levels [0, 4]
11-02 07:40:29.933  2425  3809 I Clocks  : GPU levels [0, 5]
11-02 07:40:29.933  2425  3809 I Clocks  : LockClocks( cpu=2, gpu=3 ) - end (0.9 ms)
11-02 07:40:29.934  1999  1999 E OVRMediaServiceManager: LivestreamingManager Not initialized
11-02 07:40:29.934  2724  2724 E PartyStateManager: onAppStart nativeGetSystemVoipData didn't contain state
11-02 07:40:29.934  4828  4866 I chatty  : uid=10336(com.oculus.sdk.vrcubeworldfw) expire 3 lines
11-02 07:40:29.943  1966  2005 I LibraryProvider: running queryApp(com.oculus.sdk.vrcubeworldfw) for UID 10031
11-02 07:40:29.943  1966  2008 I LibraryProvider: running queryApp(com.oculus.socialplatform) for UID 1000
11-02 07:40:29.943  2425  2831 I Vsync   : Adjusting vsync display refresh rate 90.000000 -> 72.000000
11-02 07:40:29.945  1966  2005 W LibraryProvider: Cannot find entitlement for com.oculus.sdk.vrcubeworldfw
11-02 07:40:29.946  1999  1999 W OVRLibrary: null cursor received for query content://com.oculus.ocms.library/apps/com.oculus.sdk.vrcubeworldfw
11-02 07:40:29.947  1966  2005 I LibraryProvider: running queryApp(com.oculus.sdk.vrcubeworldfw) for UID 10031
11-02 07:40:29.949   860   860 D VrApiService: refresh-rate changed to 72Hz
11-02 07:40:29.950  1966  2005 W LibraryProvider: Cannot find entitlement for com.oculus.sdk.vrcubeworldfw
11-02 07:40:29.950  1999  1999 W OVRLibrary: null cursor received for query content://com.oculus.ocms.library/apps/com.oculus.sdk.vrcubeworldfw
11-02 07:40:29.954  2425  2831 I VrRuntimeServer: DisableCompositorClient: 0
11-02 07:40:29.954  2425  2831 I TimeWarpClientMgr: Disable client 0
11-02 07:40:29.954  2425  2831 I TimeWarpClientMgr: DisableClient: frame flush required: 1
11-02 07:40:29.958  2724  3311 E LoggingErrorHandler: Retrofit error, url: [https://graph.oculus.com/graphql?q=me%28%29+%7B++current_party+%7B+++++id%2C++++%7D%7D], kind: [NETWORK], status: [0 - ], headers: , body: []
11-02 07:40:29.958  2724  2724 E PartyStateManager: Error fetching current party, I don't know what to do
11-02 07:40:29.973  2021  2935 I [OAO] ShellOverlayApp: 0xbe512c38 msg: overlayCommand:
11-02 07:40:29.973  2021  2935 I [OAO] ShellOverlayApp: command = primaryPackageChanged
11-02 07:40:29.973  2021  2935 I [OAO] ShellOverlayApp: Process_OverlayCommand command : primaryPackageChanged
11-02 07:40:29.973  2021  2935 I [OAO] ShellOverlayApp: UpdatePrimaryPackage
11-02 07:40:29.973  2021  2935 I [OAO] ShellOverlayApp: UpdatePrimaryPackage Requested for PackageName:com.oculus.sdk.vrcubeworldfw  IsFocusAware:1
11-02 07:40:29.973  2021  2935 I [OAO] ShellOverlayApp: UpdatePrimaryPackage Package change detected. Previous package:[com.oculus.shellenv]
11-02 07:40:29.973  2021  2935 I [OAO] OverlayFlowController: OnPrimaryPackageChange primaryPackage:com.oculus.sdk.vrcubeworldfw immersiveAppChanged:1 forceSilentUpdate:0
11-02 07:40:29.973  2021  2935 I [OAO] OverlayFlowController: Non system primary client change: ready to sleep
11-02 07:40:29.973  2021  2935 I [OAO] OverlayFlowController: Reset resetReason : PrimaryClientChanged
11-02 07:40:29.973  2021  2935 I [OAO] SystemTabletController: Reset, reason: 4, taskBarVisibility: 1
11-02 07:40:29.974  2021  2935 I [OAO] SystemDialogController: Reset
11-02 07:40:29.974  2021  2935 I [OAO] DialogControllerManager: Reset
11-02 07:40:29.974  2021  2935 I [OAO] OverlayFlowController: Reset - Resetting lastNonSystemPackageName to empty
11-02 07:40:29.974  2021  2935 I [OAO] OverlayFlowController: OnPrimaryPackageChange Setting lastNonSystemPackageName = com.oculus.sdk.vrcubeworldfw
11-02 07:40:29.974  2021  2935 I [OAO] OverlayFlowController: WarmStart
11-02 07:40:29.974  2021  2935 I [OAO] OverlaySystemUXTransitionFlow: KeepAliveForDuration countdown start
11-02 07:40:29.974  2021  2935 I [OAO] FlowController: UpdateActiveFlow from (none) to OverlaySystemUXTransitionFlow
11-02 07:40:29.974  2021  2935 I [OAO] OverlaySystemUXTransitionFlow: Activated
11-02 07:40:29.974  2021  2935 I [OAO] OverlayGuardianFlow: OverlayGuardianFlow UpdatePrimaryPackage lastNonSystemPackage:com.oculus.sdk.vrcubeworldfw isVrShellPackage0
11-02 07:40:29.974  2021  2935 I [OAO] TelemetryProvider: AUI visibility true, TaskBar visibility true, forced true
11-02 07:40:29.974  2021  2935 I [OAO] SystemTabletController: Processing pending None tablet.
11-02 07:40:29.974  2021  2935 I [OAO] SystemTabletController: Processing AUI deep link uri /tablet_none.
11-02 07:40:29.975  2021  2935 I [OAO] PanelAppAnalytics: Panel render last: 93478ms avg: 10334ms for com.oculus.systemux/com.oculus.panelapp.anytimeui.AnytimeUIAndroidPanelService
11-02 07:40:29.975  3320  3320 I [SUI] AnytimeUIAndroidPanelApp: handleGenericMessage dismissNotificationToast 0|android|0|com.android.server.wm.AlertWindowNotification - com.oculus.vrshell|1000
11-02 07:40:29.976  3320  3320 D [SUI] ToastController: onReceiveNotificationToDismiss()
11-02 07:40:29.976  3320  3320 I [SUI] AnytimeUIAndroidPanelApp: handleGenericMessage dismissNotificationToast 0|android|0|com.android.server.wm.AlertWindowNotification - com.oculus.vrshell|1000
11-02 07:40:29.976  3320  3320 D [SUI] ToastController: onReceiveNotificationToDismiss()
11-02 07:40:29.976  3320  3320 I [SUI] AnytimeUIAndroidPanelApp: handleGenericMessage dismissNotificationToast 0|android|0|com.android.server.wm.AlertWindowNotification - com.oculus.vrshell|1000
11-02 07:40:29.976  3320  3320 D [SUI] ToastController: onReceiveNotificationToDismiss()
11-02 07:40:29.976  3320  3320 D [SUI] AnytimeUIAndroidPanelApp: Received deeplink; uri: /tablet_none.
11-02 07:40:29.977  3320  3320 D [SUI] AnytimeUIAndroidPanelApp: Hiding tablet due to unknown reason
11-02 07:40:29.977  3320  3320 D [SUI] MemoryManager: Executing clearViewCache - maxAgeSecs: 0
11-02 07:40:29.977  3320  3320 I [SUI] AnytimeUIAndroidPanelApp: handleGenericMessage activeComponent com.oculus.systemux/com.oculus.panelapp.anytimeui.AnytimeUIAndroidPanelService 
11-02 07:40:29.977  3320  3320 I [SUI] AnytimeUIAndroidPanelApp: handleActiveComponent - com.oculus.systemux/com.oculus.panelapp.anytimeui.AnytimeUIAndroidPanelService, returnComponent = 
11-02 07:40:29.978  1999  1999 E OVRMediaServiceManager: LivestreamingManager Not initialized
11-02 07:40:29.978  2724  2724 E PartyStateManager: onAppStart nativeGetSystemVoipData didn't contain state
11-02 07:40:29.981  2724  3311 E LoggingErrorHandler: Retrofit error, url: [https://graph.oculus.com/graphql?q=me%28%29+%7B++current_party+%7B+++++id%2C++++%7D%7D], kind: [NETWORK], status: [0 - ], headers: , body: []
11-02 07:40:29.982  2724  2724 E PartyStateManager: Error fetching current party, I don't know what to do
11-02 07:40:29.982  2425  3817 I Vsync   : Vsync 10211:  1 x 13.93 ms (89.80 Hz, at 145.262)
11-02 07:40:29.983  3320  3320 D [SUI] SharingViewModel: clearAbuseReportRecordingTimer
11-02 07:40:29.983  3320  3320 D [SUI] SocialViewModel: refreshLowPriData()
11-02 07:40:29.983  3320  3320 D [SUI] SocialViewModel: loadProfilePhotoUrl()
11-02 07:40:29.983  3320  3320 D [SUI] SocialViewModel: refresPartyData()
11-02 07:40:30.000  2724  2840 E LoggingErrorHandler: Retrofit error, url: [https://graph.oculus.com/graphql?q=viewer%28%29+%7B++user+%7B++++alias%2C++++profile_photo.size%2840x40%29+%7B++++++uri%2C++++%7D%2C++++avatar_image.size%28240x240%29+%7B++++++uri%2C++++%7D%2C++++user_nux_flags+%7B++++++has_seen_vr_invite_profile_nux%2C++++%7D%2C++%7D%2C+%7D], kind: [NETWORK], status: [0 - ], headers: , body: []
11-02 07:40:30.002  2724  2840 E JavaBinder: *** Uncaught remote exception!  (Exceptions are not yet supported across processes.)
11-02 07:40:30.005  3320  3320 E [SUI] SocialViewModel: Failed to fetch social viewer info, latency: 22ms
11-02 07:40:30.010  1966  2005 I LibraryProvider: running queryApp(com.oculus.systemux) for UID 1000
11-02 07:40:30.011  1613  2906 I [CT]    : MIXEDREALITY: MrServiceView: renderIteration: Display refresh rate changed, new value: 72.0.
11-02 07:40:30.011  1613  2906 I [CT]    : MIXEDREALITY: MrRuntimeImpl: onDisplayRefreshRateChanged: Display rate changed from 90.0 to 72.0.
11-02 07:40:30.011  1613  2906 I [CT]    : MIXEDREALITY: MrRuntimeImpl: Force telemetry to be sent now.
11-02 07:40:30.011  1613  2906 I [CT]    : MIXEDREALITY: MrRuntimeImpl: Reset telemetry such to start collecting data using the new refresh rate.
11-02 07:40:30.011  1613  2906 I [CT]    : MIXEDREALITY: MrRuntimeImpl: setSessionInitTime: Session initialization timer was set to 145.291381921 ns.
11-02 07:40:30.011  1613  2906 I [CT]    : MIXEDREALITY: MrRuntimeImpl: setSessionInitTime: Reset session duration timer after 27.104905615 seconds.
11-02 07:40:30.012  1966  2005 W LibraryProvider: Cannot find entitlement for com.oculus.systemux
11-02 07:40:30.012  1551  1939 W OVRLibrary: null cursor received for query content://com.oculus.ocms.library/apps/com.oculus.systemux
11-02 07:40:30.016  2425  3817 I Vsync   : Vsync 10214:  2 x 13.92 ms (71.96 Hz, at 145.296)
11-02 07:40:30.022  3320  3651 E memtrack: Couldn't load memtrack module
11-02 07:40:30.022  3320  3651 W android.os.Debug: failed to get memory consumption info: -1
11-02 07:40:30.025  2724  2840 E LoggingErrorHandler: Retrofit error, url: [https://graph.oculus.com/graphql?doc=query+GetCurrentPartyQuery+%7B++viewer+%7B++++user+%7B++++++current_party+%7B++++++++id%2C++++++++only_quest_users%2C++++++++join_policy%2C++++++++party_type%2C++++++++has_active_link_sharing%2C++++++++max_size%2C++++++++party_leader+%7Bid%2Cname%2Calias%2Cpresence%2Cpresence_status%2Cprofile_photo%28size%3A+%22240x240%22%29+%7B++name%2C++uri%2C++width%2C++height%2C%7D%2Cfriend_status%2Cis_blocked_by_viewer%2Ccan_viewer_message%2Ccurrent_party+%7B++id%2C++join_policy%2C++max_size%2C++party_users+%7B++++count%2C++%7D%2C%7D%2Cis_presence_deeplink_joinable%2Cmost_recent_presence+%7B++last_active_description%2C++destination_api_name%2C++scoped_user_id%2C++deeplink_message_for_deeplink_target%2C++launch_params_as_json_string%2C++vr_apps_for_deeplink_target+%7B++++id%2C+++++vr_platform%2C++++package_name%2C+%7D%2C%7D%2C++++++++%7D%2C++++++++invited_users+%7B++++++++++count%2C++++++++++edges+%7B++++++++++++sender%2C++++++++++++node+%7Bid%2Cname%2Calias%2Cpresence%2Cpresence_status%2Cprofile_photo%28size%3A+%22240x240%22%29+%7B++name%2C++uri%2C++width%2C++height%2C%7D%2Cfriend_status%2Cis_blocked_by_viewer%2Ccan_viewer_message%2Ccurrent_party+%7B++id%2C++join_policy%2C++max_size%2C++party_users+%7B++++count%2C++%7D%2C%7D%2Cis_presence_deeplink_joinable%2Cmost_recent_presence+%7B++last_active_description%2C++destination_api_name%2C++scoped_user_id%2C++deeplink_message_for_deeplink_target%2C++launch_params_as_json_string%2C++vr_apps_for_deeplink_target+%7B++++id%2C+++++vr_platform%2C++++package_name%2C+%7D%2C%7D%2C++++++++++++%7D%2C++++++++++%7D%2C++++++++%7D%2C++++++++party_users+%7B++++++++++count%2C++++++++++edges+%7B++++++++++++microphone_channel_selection%2C++++++++++++node+%7Bid%2Cname%2Calias%2Cpresence%2Cpresence_status%2Cprofile_photo%28size%3A+%22240x240%22%29+%7B++name%2C++uri%2C++width%2C++height%2C%7D%2Cfriend_status%2Cis_blocked_by_viewer%2Ccan_viewer_message%2Ccurrent_party+%7B++id%2C++join_policy%2C++max_size%2C++party_users+%7B++++count%2C++%7D%2C%7D%2Cis_presence_deeplink_joinable%2Cmost_recent_presence+%7B++last_active_description%2C++destination_api_name%2C++scoped_user_id%2C++deeplink_message_for_deeplink_target%2C++launch_params_as_json_string%2C++vr_apps_for_deeplink_target+%7B++++id%2C+++++vr_platform%2C++++package_name%2C+%7D%2C%7D%2C++++++++++++%7D%2C++++++++++%7D++++++++%7D%2C++++++++party_blocked_users+%7B++++++++++nodes+%7B++++++++++++id%2C++++++++++++alias%2C++++++++++%7D%2C++++++++%7D%2C++++++++party_blocked_invited_users+%7B++++++++++nodes+%7B++++++++++++id%2C++++++++++++alias%2C++++++++++%7D%2C++++++++%7D%2C++++++++party_invite_activity+%7B++++++++++id%2C++++++++++does_activity_support_group_launch%2C++++++++++application+%7B++++++++++++id%2C++++++++++++display_name%2C++++++++++++package_name%2C++++++++++++max_group_launch_capacity%2C++++++++++++icon_image+%7B++++++++++++++uri%2C++++++++++++%7D%2C++++++++++%7D%2C++++++++++deeplink%2C++++++++++title%2C++++++++%7D%2C++++++++party_group_launch+%7B++++++++++id%2C++++++++++state%2C++++++++++only_quest_users%2C++++++++++creator+%7B++++++++++++id%2C++++++++++%7D++++++++++vr_deeplink_target+%7B++++++++++++vr_apps_for_deeplink_target+%7B++++++++++++++vr_icon_image+%7B++++++++++++++++uri%2C++++++++++++++%7D%2C++++++++++++++id%2C++++++++++++++display_name%2C++++++++++++++is_viewer_entitled%2C++++++++++++%7D%2C++++++++++++deeplink_message_for_deeplink_target%2C++++++++++++...+on+VRDeeplinkTargetWithDefaultWebLink+%7B++++++++++++++description_for_deeplink_target_website%2C++++++++++++++name_for_deeplink_target_website%2C++++++++++++++id%2C++++++++++++++icon_image_for_deeplink_target_website+%7B++++++++++++++++uri%2C++++++++++++++%7D%2C++++++++++++%7D%2C++++++++++++...+on+VRPresenceStatusDefinition+%7B++++++++++++++is_external_deeplinkable%2C++++++++++++++max_group_launch_capacity%2C++++++++++++%7D%2C++++++++++%7D%2C++++++++++room+%7B++++++++++++id%2C++++++++++%7D%2C++++++++++users+%7B++++++++++++edges+%7B++++++++++++++proposal_response%2C++++++++++++++no
11-02 07:40:30.026  2724  2840 E JavaBinder: *** Uncaught remote exception!  (Exceptions are not yet supported across processes.)
11-02 07:40:30.027  3320  3320 D [SUI] HorizonContentProviderHelper: java.lang.RuntimeException
11-02 07:40:30.027  3320  3320 E [SUI] SocialViewModel: Failed to fetch current party data
11-02 07:40:30.125  2095  2875 E [CT]    : SpatialAnchorPipeline: checkStateEq:getActiveGuardian Called in an invalid state. 1
11-02 07:40:30.125  2095  2875 E [CT]    : SpatialAnchorPipeline: checkStateEq:getActiveGuardian Called in an invalid state. 1
11-02 07:40:30.125  2095  2875 I GuardianSystem: runtimeServiceSDKClient_.ForceShowGuardianEvent
11-02 07:40:30.125  2095  2875 I GuardianSystem: ForceShowGuardian: false, 0.00
11-02 07:40:30.125  2095  2875 E [CT]    : SpatialAnchorPipeline: checkStateNotEq:handleXrEvent Called in an invalid state. 1
11-02 07:40:30.212  1829  1899 I Clay    : BaseApp: Entering hibernation now
11-02 07:40:30.267  4828  4864 I chatty  : uid=10336(com.oculus.sdk.vrcubeworldfw) main expire 145 lines
11-02 07:40:30.267   833  3849 W [CT]    : F2F_TRACKER: Low ratio of active tracks for available capacity (130/300=0.43<0.50). Verify corner detection and track creation!
11-02 07:40:30.325  2095  2875 E [CT]    : SpatialAnchorPipeline: checkStateEq:getActiveGuardian Called in an invalid state. 1
11-02 07:40:30.325  2095  2875 E [CT]    : SpatialAnchorPipeline: checkStateEq:getActiveGuardian Called in an invalid state. 1
11-02 07:40:30.526  2095  2875 E [CT]    : SpatialAnchorPipeline: checkStateEq:getActiveGuardian Called in an invalid state. 1
11-02 07:40:30.526  2095  2875 E [CT]    : SpatialAnchorPipeline: checkStateEq:getActiveGuardian Called in an invalid state. 1
11-02 07:40:30.551   746  1550 I hash_map_utils: key: 'snd_device_in' value: ''
11-02 07:40:30.552   746  1550 I hash_map_utils: key: 'snd_device_out' value: ''
11-02 07:40:30.595   833  1408 I [CT]    : VIPER:LOCALIZER: Extracting non-gravity-aligned descriptors on query.
11-02 07:40:30.636  2425  2425 D VrRuntimeService: onForegroundActivitiesChanged: pid=1829, uid=10013, hasForegroundActivities=false
11-02 07:40:30.710  4828  4851 I chatty  : uid=10336(com.oculus.sdk.vrcubeworldfw) main expire 158 lines
11-02 07:40:30.726  2095  2875 E [CT]    : SpatialAnchorPipeline: checkStateEq:getActiveGuardian Called in an invalid state. 1
11-02 07:40:30.726  2095  2875 E [CT]    : SpatialAnchorPipeline: checkStateEq:getActiveGuardian Called in an invalid state. 1
11-02 07:40:30.927  2095  2875 E [CT]    : SpatialAnchorPipeline: checkStateEq:getActiveGuardian Called in an invalid state. 1
11-02 07:40:30.927  2095  2875 E [CT]    : SpatialAnchorPipeline: checkStateEq:getActiveGuardian Called in an invalid state. 1
11-02 07:40:31.035  4828  4866 I chatty  : uid=10336(com.oculus.sdk.vrcubeworldfw) expire 3 lines
11-02 07:40:31.126  1876  4871 I OSUpdateService: Intent with action system_battery_changed
11-02 07:40:31.128  2095  2875 E [CT]    : SpatialAnchorPipeline: checkStateEq:getActiveGuardian Called in an invalid state. 1
11-02 07:40:31.128  2095  2875 E [CT]    : SpatialAnchorPipeline: checkStateEq:getActiveGuardian Called in an invalid state. 1
11-02 07:40:31.268   833  3849 W [CT]    : F2F_TRACKER: Low ratio of active tracks for available capacity (140/300=0.47<0.50). Verify corner detection and track creation!
11-02 07:40:31.329  2095  2875 E [CT]    : SpatialAnchorPipeline: checkStateEq:getActiveGuardian Called in an invalid state. 1
11-02 07:40:31.329  2095  2875 E [CT]    : SpatialAnchorPipeline: checkStateEq:getActiveGuardian Called in an invalid state. 1
11-02 07:40:31.382   833  4752 I [CT]    : IrradianceInfo: [Frame   750 camera 0] [HT] has_hand =  NO, irradiance_proxy =    222.6, intensity =   21.7, exposure =  6.498ms, gain =   15
11-02 07:40:31.382   833  4752 I [CT]    : IrradianceInfo: [Frame   750 camera 1] [HT] has_hand = YES, irradiance_proxy =    280.9, intensity =   27.4, exposure =  6.498ms, gain =   15
11-02 07:40:31.382   833  4752 I [CT]    : IrradianceInfo: [Frame   750 camera 2] [HT] has_hand = YES, irradiance_proxy =    267.9, intensity =   26.1, exposure =  6.498ms, gain =   15
11-02 07:40:31.382   833  4752 I [CT]    : IrradianceInfo: [Frame   750 camera 3] [HT] has_hand =  NO, irradiance_proxy =    222.4, intensity =   21.7, exposure =  6.498ms, gain =   15
11-02 07:40:31.382   833  4752 I [CT]    : NIMBLE:HTEngine: Hand Tracking Processed FPS = 29.998395097861625 Hz / Camera FPS = 29.998395097861625
11-02 07:40:31.383   833  4752 I [CT]    : NIMBLE:HLOG: [Throttled count=3] [Health][left ] [IK #] count= 150, mean=0+-0, max = 1.17549e-38, histogram = [[<1:150], [<3:0], [<5:0], [<7:0], [<9:0], [<11:0], [<30:0], ], 
11-02 07:40:31.516  4828  4864 I chatty  : uid=10336(com.oculus.sdk.vrcubeworldfw) main expire 94 lines
11-02 07:40:31.529  4828  4851 I chatty  : uid=10336(com.oculus.sdk.vrcubeworldfw) main expire 318 lines
11-02 07:40:31.530  2095  2875 E [CT]    : SpatialAnchorPipeline: checkStateEq:getActiveGuardian Called in an invalid state. 1
11-02 07:40:31.530  2095  2875 E [CT]    : SpatialAnchorPipeline: checkStateEq:getActiveGuardian Called in an invalid state. 1
11-02 07:40:31.629   833  1408 I [CT]    : VIPER:LOCALIZER: Extracting non-gravity-aligned descriptors on query.
11-02 07:40:31.730  2095  2875 E [CT]    : SpatialAnchorPipeline: checkStateEq:getActiveGuardian Called in an invalid state. 1
11-02 07:40:31.730  2095  2875 E [CT]    : SpatialAnchorPipeline: checkStateEq:getActiveGuardian Called in an invalid state. 1
11-02 07:40:31.764  3320  3320 D [SUI] SocialViewModel: refresPartyData()
11-02 07:40:31.784  2724  2840 E LoggingErrorHandler: Retrofit error, url: [https://graph.oculus.com/graphql?doc=query+GetCurrentPartyQuery+%7B++viewer+%7B++++user+%7B++++++current_party+%7B++++++++id%2C++++++++only_quest_users%2C++++++++join_policy%2C++++++++party_type%2C++++++++has_active_link_sharing%2C++++++++max_size%2C++++++++party_leader+%7Bid%2Cname%2Calias%2Cpresence%2Cpresence_status%2Cprofile_photo%28size%3A+%22240x240%22%29+%7B++name%2C++uri%2C++width%2C++height%2C%7D%2Cfriend_status%2Cis_blocked_by_viewer%2Ccan_viewer_message%2Ccurrent_party+%7B++id%2C++join_policy%2C++max_size%2C++party_users+%7B++++count%2C++%7D%2C%7D%2Cis_presence_deeplink_joinable%2Cmost_recent_presence+%7B++last_active_description%2C++destination_api_name%2C++scoped_user_id%2C++deeplink_message_for_deeplink_target%2C++launch_params_as_json_string%2C++vr_apps_for_deeplink_target+%7B++++id%2C+++++vr_platform%2C++++package_name%2C+%7D%2C%7D%2C++++++++%7D%2C++++++++invited_users+%7B++++++++++count%2C++++++++++edges+%7B++++++++++++sender%2C++++++++++++node+%7Bid%2Cname%2Calias%2Cpresence%2Cpresence_status%2Cprofile_photo%28size%3A+%22240x240%22%29+%7B++name%2C++uri%2C++width%2C++height%2C%7D%2Cfriend_status%2Cis_blocked_by_viewer%2Ccan_viewer_message%2Ccurrent_party+%7B++id%2C++join_policy%2C++max_size%2C++party_users+%7B++++count%2C++%7D%2C%7D%2Cis_presence_deeplink_joinable%2Cmost_recent_presence+%7B++last_active_description%2C++destination_api_name%2C++scoped_user_id%2C++deeplink_message_for_deeplink_target%2C++launch_params_as_json_string%2C++vr_apps_for_deeplink_target+%7B++++id%2C+++++vr_platform%2C++++package_name%2C+%7D%2C%7D%2C++++++++++++%7D%2C++++++++++%7D%2C++++++++%7D%2C++++++++party_users+%7B++++++++++count%2C++++++++++edges+%7B++++++++++++microphone_channel_selection%2C++++++++++++node+%7Bid%2Cname%2Calias%2Cpresence%2Cpresence_status%2Cprofile_photo%28size%3A+%22240x240%22%29+%7B++name%2C++uri%2C++width%2C++height%2C%7D%2Cfriend_status%2Cis_blocked_by_viewer%2Ccan_viewer_message%2Ccurrent_party+%7B++id%2C++join_policy%2C++max_size%2C++party_users+%7B++++count%2C++%7D%2C%7D%2Cis_presence_deeplink_joinable%2Cmost_recent_presence+%7B++last_active_description%2C++destination_api_name%2C++scoped_user_id%2C++deeplink_message_for_deeplink_target%2C++launch_params_as_json_string%2C++vr_apps_for_deeplink_target+%7B++++id%2C+++++vr_platform%2C++++package_name%2C+%7D%2C%7D%2C++++++++++++%7D%2C++++++++++%7D++++++++%7D%2C++++++++party_blocked_users+%7B++++++++++nodes+%7B++++++++++++id%2C++++++++++++alias%2C++++++++++%7D%2C++++++++%7D%2C++++++++party_blocked_invited_users+%7B++++++++++nodes+%7B++++++++++++id%2C++++++++++++alias%2C++++++++++%7D%2C++++++++%7D%2C++++++++party_invite_activity+%7B++++++++++id%2C++++++++++does_activity_support_group_launch%2C++++++++++application+%7B++++++++++++id%2C++++++++++++display_name%2C++++++++++++package_name%2C++++++++++++max_group_launch_capacity%2C++++++++++++icon_image+%7B++++++++++++++uri%2C++++++++++++%7D%2C++++++++++%7D%2C++++++++++deeplink%2C++++++++++title%2C++++++++%7D%2C++++++++party_group_launch+%7B++++++++++id%2C++++++++++state%2C++++++++++only_quest_users%2C++++++++++creator+%7B++++++++++++id%2C++++++++++%7D++++++++++vr_deeplink_target+%7B++++++++++++vr_apps_for_deeplink_target+%7B++++++++++++++vr_icon_image+%7B++++++++++++++++uri%2C++++++++++++++%7D%2C++++++++++++++id%2C++++++++++++++display_name%2C++++++++++++++is_viewer_entitled%2C++++++++++++%7D%2C++++++++++++deeplink_message_for_deeplink_target%2C++++++++++++...+on+VRDeeplinkTargetWithDefaultWebLink+%7B++++++++++++++description_for_deeplink_target_website%2C++++++++++++++name_for_deeplink_target_website%2C++++++++++++++id%2C++++++++++++++icon_image_for_deeplink_target_website+%7B++++++++++++++++uri%2C++++++++++++++%7D%2C++++++++++++%7D%2C++++++++++++...+on+VRPresenceStatusDefinition+%7B++++++++++++++is_external_deeplinkable%2C++++++++++++++max_group_launch_capacity%2C++++++++++++%7D%2C++++++++++%7D%2C++++++++++room+%7B++++++++++++id%2C++++++++++%7D%2C++++++++++users+%7B++++++++++++edges+%7B++++++++++++++proposal_response%2C++++++++++++++no
11-02 07:40:31.785  2724  2840 E JavaBinder: *** Uncaught remote exception!  (Exceptions are not yet supported across processes.)
11-02 07:40:31.785  3320  3320 D [SUI] HorizonContentProviderHelper: java.lang.RuntimeException
11-02 07:40:31.785  3320  3320 E [SUI] SocialViewModel: Failed to fetch current party data
11-02 07:40:31.914   726   971 D audio_hw_primary: out_standby: enter: stream (0xf14d2000) usecase(1: low-latency-playback)
11-02 07:40:31.931  2095  2875 E [CT]    : SpatialAnchorPipeline: checkStateEq:getActiveGuardian Called in an invalid state. 1
11-02 07:40:31.931  2095  2875 E [CT]    : SpatialAnchorPipeline: checkStateEq:getActiveGuardian Called in an invalid state. 1
11-02 07:40:31.934   726   971 I audio_hw_primary: disable_audio_route: reset and update mixer path: low-latency-playback
11-02 07:40:31.936   726   971 D msm8974_platform: platform_split_snd_device: snd_device(2) num devices(0) new_snd_devices(0)
11-02 07:40:31.936   726   971 I msm8974_platform: platform_get_custom_mtmx_params: no matching param with id 0 ip_ch 2 op_ch 2 uc_id 1 snd_dev 2
11-02 07:40:31.936   726   971 D hardware_info: hw_info_append_hw_type : device_name = speaker
11-02 07:40:31.936   726   971 D msm8974_platform: platform_split_snd_device: snd_device(2) num devices(0) new_snd_devices(0)
11-02 07:40:31.936   726   971 D audio_hw_primary: out_standby: exit
11-02 07:40:32.043  1966  2005 I LibraryProvider: running queryApp(com.oculus.systemdriver) for UID 1000
11-02 07:40:32.044  1966  2005 W LibraryProvider: Cannot find entitlement for com.oculus.systemdriver
11-02 07:40:32.044  1551  1939 W OVRLibrary: null cursor received for query content://com.oculus.ocms.library/apps/com.oculus.systemdriver
11-02 07:40:32.048   833  1729 I [CT]    : CONSTELLATION:IMU_STATUS: b52e25c2474e944e (R): [FusionTracked=1.000, OutputTracked=1.000, OutputValid=1.000] [AccelSat=0.000, GyroSat=0.000] 
11-02 07:40:32.050   738  1700 W SensorService: Unknown packet type (20) received
11-02 07:40:32.131  2095  2875 E [CT]    : SpatialAnchorPipeline: checkStateEq:getActiveGuardian Called in an invalid state. 1
11-02 07:40:32.131  2095  2875 E [CT]    : SpatialAnchorPipeline: checkStateEq:getActiveGuardian Called in an invalid state. 1
11-02 07:40:32.198  1966  2005 I LibraryProvider: running queryApp(com.oculus.guardian) for UID 1000
11-02 07:40:32.199  1966  2005 W LibraryProvider: Cannot find entitlement for com.oculus.guardian
11-02 07:40:32.199  1551  1939 W OVRLibrary: null cursor received for query content://com.oculus.ocms.library/apps/com.oculus.guardian
11-02 07:40:32.273   833  3849 W [CT]    : F2F_TRACKER: Low ratio of active tracks for available capacity (148/300=0.49<0.50). Verify corner detection and track creation!
11-02 07:40:32.288  4828  4864 I chatty  : uid=10336(com.oculus.sdk.vrcubeworldfw) main expire 96 lines
11-02 07:40:32.332  2095  2875 E [CT]    : SpatialAnchorPipeline: checkStateEq:getActiveGuardian Called in an invalid state. 1
11-02 07:40:32.332  2095  2875 E [CT]    : SpatialAnchorPipeline: checkStateEq:getActiveGuardian Called in an invalid state. 1
11-02 07:40:32.371  1062  1793 E TaskPersister: File error accessing recents directory (directory doesn't exist?).
11-02 07:40:32.374   833  3849 I [CT]    : VIPER: Mode=Vega,Status=6DoF,TRACKING,KF=-1,Inl=168,Pts=135,Mem=63.5,Jit=0.2mm,Issues(Cam/min=0.4,IMU/min=0.0),Exp=(14.0ms,g=15.0,I=8,Ir=42.5)(14.0ms,g=15.0,I=33,Ir=157.2)(14.0ms,g=15.0,I=26,Ir=126.9)(14.0ms,g=15.0,I=12,Ir=58.5)
11-02 07:40:32.374   833  3849 W [CT]    : VIPER: Images too dark, 
11-02 07:40:32.407   833  3849 I [CT]    : VIPER:MAP_MANAGER: State: TrackingTransient, UUID=df5b783a-a21c-d0b3-3815-e212b5acd1a5, Num. Persistent maps = 3, Transient maps:df5b783a-a21c-d0b3-3815-e212b5acd1a5, Persistent maps:3f26dece-f9e3-a11d-4097-8100397eaeeb,b03287d6-8cfc-1be2-f26d-85050828fdcc,7fe96743-4f7e-fe0c-1024-e98ecac144c4,
11-02 07:40:32.428   833  3851 I [CT]    : NIMBLE:HLOG: NimbleTelemetryAggregator::populateTelemetry
11-02 07:40:32.532  2095  2875 E [CT]    : SpatialAnchorPipeline: checkStateEq:getActiveGuardian Called in an invalid state. 1
11-02 07:40:32.532  2095  2875 E [CT]    : SpatialAnchorPipeline: checkStateEq:getActiveGuardian Called in an invalid state. 1
11-02 07:40:32.580   746  1550 I hash_map_utils: key: 'snd_device_in' value: ''
11-02 07:40:32.581   746  1550 I hash_map_utils: key: 'snd_device_out' value: ''
11-02 07:40:32.662   833  1408 I [CT]    : VIPER:LOCALIZER: Extracting non-gravity-aligned descriptors on query.
11-02 07:40:32.732  2095  2875 E [CT]    : SpatialAnchorPipeline: checkStateEq:getActiveGuardian Called in an invalid state. 1
11-02 07:40:32.732  2095  2875 E [CT]    : SpatialAnchorPipeline: checkStateEq:getActiveGuardian Called in an invalid state. 1
11-02 07:40:32.734  1062  1092 E NetworkLocationProvider: Error: Service not registered: com.oculus.location.geocoder.NetworkLocationProvider$ThreadHelper@4754c3f
11-02 07:40:32.791   726   971 D audio_hw_primary: out_standby: enter: stream (0xf14d4800) usecase(0: deep-buffer-playback)
11-02 07:40:32.927   726   971 I audio_hw_primary: disable_audio_route: reset and update mixer path: deep-buffer-playback
11-02 07:40:32.928   726   971 D msm8974_platform: platform_split_snd_device: snd_device(2) num devices(0) new_snd_devices(0)
11-02 07:40:32.928   726   971 I msm8974_platform: platform_get_custom_mtmx_params: no matching param with id 0 ip_ch 2 op_ch 2 uc_id 0 snd_dev 2
11-02 07:40:32.928   726   971 D hardware_info: hw_info_append_hw_type : device_name = speaker
11-02 07:40:32.928   726   971 D audio_hw_primary: disable_snd_device: snd_device(2: speaker)
11-02 07:40:32.928   726   971 D msm8974_platform: platform_split_snd_device: snd_device(2) num devices(0) new_snd_devices(0)
11-02 07:40:32.933  2095  2875 E [CT]    : SpatialAnchorPipeline: checkStateEq:getActiveGuardian Called in an invalid state. 1
11-02 07:40:32.933  2095  2875 E [CT]    : SpatialAnchorPipeline: checkStateEq:getActiveGuardian Called in an invalid state. 1
11-02 07:40:32.941  4828  4866 I chatty  : uid=10336(com.oculus.sdk.vrcubeworldfw) expire 1 line
11-02 07:40:32.949   726   971 D audio_hw_primary: out_standby: exit
11-02 07:40:32.988  2021  2935 I [OAO] FlowController: UpdateActiveFlow from OverlaySystemUXTransitionFlow to (none)
11-02 07:40:32.989  2021  2935 I [OAO] OverlaySystemUXTransitionFlow: Deactivated
11-02 07:40:33.039  2021  2935 I [OAO] ShellOverlayApp: Sleep timeout exceeded. Timeout:146.241216, Now:148.318827. Sleeping... 
11-02 07:40:33.039  2021  2935 I [OAO] ShellOverlayApp: WaitForWake: VrThread entering waiting state
11-02 07:40:33.119  4828  4851 I chatty  : uid=10336(com.oculus.sdk.vrcubeworldfw) main expire 32 lines
11-02 07:40:33.120  4828  4864 I chatty  : uid=10336(com.oculus.sdk.vrcubeworldfw) main expire 21 lines
11-02 07:40:33.134  2095  2875 E [CT]    : SpatialAnchorPipeline: checkStateEq:getActiveGuardian Called in an invalid state. 1
11-02 07:40:33.134  2095  2875 E [CT]    : SpatialAnchorPipeline: checkStateEq:getActiveGuardian Called in an invalid state. 1
11-02 07:40:33.297  4828  4851 I chatty  : uid=10336(com.oculus.sdk.vrcubeworldfw) main expire 5 lines
11-02 07:40:33.301   833  3849 W [CT]    : F2F_TRACKER: Low ratio of active tracks for available capacity (137/300=0.46<0.50). Verify corner detection and track creation!
11-02 07:40:33.303  4828  4864 I chatty  : uid=10336(com.oculus.sdk.vrcubeworldfw) main expire 3 lines
11-02 07:40:33.325  4828  4851 I chatty  : uid=10336(com.oculus.sdk.vrcubeworldfw) main expire 6 lines
11-02 07:40:33.330  4828  4864 I chatty  : uid=10336(com.oculus.sdk.vrcubeworldfw) main expire 4 lines
11-02 07:40:33.334  2095  2875 E [CT]    : SpatialAnchorPipeline: checkStateEq:getActiveGuardian Called in an invalid state. 1
11-02 07:40:33.334  2095  2875 E [CT]    : SpatialAnchorPipeline: checkStateEq:getActiveGuardian Called in an invalid state. 1
11-02 07:40:33.353  4828  4851 I chatty  : uid=10336(com.oculus.sdk.vrcubeworldfw) main expire 5 lines
11-02 07:40:33.374  4828  4864 I chatty  : uid=10336(com.oculus.sdk.vrcubeworldfw) main expire 3 lines
11-02 07:40:33.381  4828  4851 I chatty  : uid=10336(com.oculus.sdk.vrcubeworldfw) main expire 5 lines
11-02 07:40:33.401  4828  4864 I chatty  : uid=10336(com.oculus.sdk.vrcubeworldfw) main expire 3 lines
11-02 07:40:33.409  4828  4851 I chatty  : uid=10336(com.oculus.sdk.vrcubeworldfw) main expire 6 lines
11-02 07:40:33.429  4828  4864 I chatty  : uid=10336(com.oculus.sdk.vrcubeworldfw) main expire 3 lines
11-02 07:40:33.439  4828  4851 I chatty  : uid=10336(com.oculus.sdk.vrcubeworldfw) main expire 5 lines
11-02 07:40:33.456  4828  4864 I chatty  : uid=10336(com.oculus.sdk.vrcubeworldfw) main expire 3 lines
11-02 07:40:33.466  4828  4851 I chatty  : uid=10336(com.oculus.sdk.vrcubeworldfw) main expire 5 lines
11-02 07:40:33.484  4828  4864 I chatty  : uid=10336(com.oculus.sdk.vrcubeworldfw) main expire 4 lines
11-02 07:40:33.494  4828  4851 I chatty  : uid=10336(com.oculus.sdk.vrcubeworldfw) main expire 5 lines
11-02 07:40:33.512  4828  4864 I chatty  : uid=10336(com.oculus.sdk.vrcubeworldfw) main expire 3 lines
11-02 07:40:33.522  4828  4851 I chatty  : uid=10336(com.oculus.sdk.vrcubeworldfw) main expire 5 lines
11-02 07:40:33.534  2095  2875 E [CT]    : SpatialAnchorPipeline: checkStateEq:getActiveGuardian Called in an invalid state. 1
11-02 07:40:33.534  2095  2875 E [CT]    : SpatialAnchorPipeline: checkStateEq:getActiveGuardian Called in an invalid state. 1
11-02 07:40:33.537  4828  4864 I chatty  : uid=10336(com.oculus.sdk.vrcubeworldfw) main expire 3 lines
11-02 07:40:33.550  4828  4851 I chatty  : uid=10336(com.oculus.sdk.vrcubeworldfw) main expire 5 lines
11-02 07:40:33.564  4828  4864 I chatty  : uid=10336(com.oculus.sdk.vrcubeworldfw) main expire 4 lines
