11-02 07:40:28.612  2650  2857 W [SEO] HandRenderComponent: HandRenderComponent got invalid world transform: `0.4496474862 0.5494040847 -0.8531900048 0.1319620311 -0.4431751966 0.9458149672 0.3754873276 1.355785728 0.9128931165 0.188547343 0.6025255322 -0.1821959615 0 0 0 1`
11-02 07:40:28.622  2095  3369 E [CT]    : SpatialAnchorPipeline: checkStateEq:getAllSurfaceData Called in an invalid state. 1
11-02 07:40:28.622  2650  2857 W [SEO] HandRenderComponent: HandRenderComponent got invalid world transform: `0.4496474862 0.5494040847 -0.8531900048 0.1319620311 -0.4431751966 0.9458149672 0.3754873276 1.355785728 0.9128931165 0.188547343 0.6025255322 -0.1821959615 0 0 0 1`
11-02 07:40:28.633  2095  3369 E [CT]    : SpatialAnchorPipeline: checkStateEq:getAllSurfaceData Called in an invalid state. 1
11-02 07:40:28.634  2650  2857 W [SEO] HandRenderComponent: HandRenderComponent got invalid world transform: `0.4496474862 0.5494040847 -0.8531900048 0.1319620311 -0.4431751966 0.9458149672 0.3754873276 1.355785728 0.9128931165 0.188547343 0.6025255322 -0.1821959615 0 0 0 1`
11-02 07:40:28.644  2095  3369 E [CT]    : SpatialAnchorPipeline: checkStateEq:getAllSurfaceData Called in an invalid state. 1
11-02 07:40:28.666  2095  3369 E [CT]    : SpatialAnchorPipeline: checkStateEq:getAllSurfaceData Called in an invalid state. 1
11-02 07:40:28.673  4793  4793 I dex2oat : dex2oat took 263.503ms (120.020ms cpu) (threads: 8) arena alloc=2376B (2376B) java alloc=16KB (17144B) native alloc=726KB (744096B) free=353KB (361824B)
11-02 07:40:28.677  2095  3369 E [CT]    : SpatialAnchorPipeline: checkStateEq:getAllSurfaceData Called in an invalid state. 1
11-02 07:40:28.678   790   790 V installd: DexInv: --- END '/data/app/com.oculus.sdk.vrcubeworldfw-GyJssL3hvlNZPQ8d5bJkNg==/base.apk' (success) ---
11-02 07:40:28.682  1062  1113 V BackupManagerService: restoreAtInstall pkg=com.oculus.sdk.vrcubeworldfw token=1 restoreSet=539
11-02 07:40:28.682  1062  1113 W BackupManagerService: Non-restorable state: auto=false
11-02 07:40:28.685  1062  1113 V BackupManagerService: Finishing install immediately
11-02 07:40:28.688  2095  3369 E [CT]    : SpatialAnchorPipeline: checkStateEq:getAllSurfaceData Called in an invalid state. 1
11-02 07:40:28.693   691  1460 I netd    : trafficSetNetPermForUids(4, [10336]) <0.02ms>
11-02 07:40:28.694   790   790 E         : Couldn't opendir /data/app/vmdl1880281635.tmp: No such file or directory
11-02 07:40:28.694   790   790 E installd: Failed to delete /data/app/vmdl1880281635.tmp: No such file or directory
11-02 07:40:28.699  2095  3369 E [CT]    : SpatialAnchorPipeline: checkStateEq:getAllSurfaceData Called in an invalid state. 1
11-02 07:40:28.703  1062  1062 I RoleManagerService: Granting default permissions...
11-02 07:40:28.708   691  1460 I netd    : firewallSetUidRule(2, 10336, 2) <0.04ms>
11-02 07:40:28.711  2095  3369 E [CT]    : SpatialAnchorPipeline: checkStateEq:getAllSurfaceData Called in an invalid state. 1
11-02 07:40:28.711  1290  1290 V AvrcpMediaPlayerList: mPackageChangedBroadcastReceiver: action: android.intent.action.PACKAGE_ADDED
11-02 07:40:28.711  1290  1290 D AvrcpMediaPlayerList: Name of package changed: com.oculus.sdk.vrcubeworldfw
11-02 07:40:28.713  1062  1101 W BroadcastQueue: Background execution not allowed: receiving Intent { act=android.intent.action.PACKAGE_ADDED dat=package:com.oculus.sdk.vrcubeworldfw flg=0x4000010 (has extras) } to com.android.packageinstaller/.PackageInstalledReceiver
11-02 07:40:28.715  1062  1162 I InputReader: Reconfiguring input devices.  changes=0x00000010
11-02 07:40:28.720  1966  1966 I LibraryProvider: running queryApp(com.oculus.sdk.vrcubeworldfw) for UID 10009
11-02 07:40:28.720  1062  4732 W BroadcastQueue: Background execution not allowed: receiving Intent { act=android.intent.action.PACKAGE_ADDED dat=package:com.oculus.sdk.vrcubeworldfw flg=0x4000010 (has extras) } to com.oculus.socialplatform/com.oculus.common.packagescache.PackagesCacheReceiver
11-02 07:40:28.722  2095  2875 E [CT]    : SpatialAnchorPipeline: checkStateEq:getActiveGuardian Called in an invalid state. 1
11-02 07:40:28.722  2095  2875 E [CT]    : SpatialAnchorPipeline: checkStateEq:getActiveGuardian Called in an invalid state. 1
11-02 07:40:28.722  2095  3369 E [CT]    : SpatialAnchorPipeline: checkStateEq:getAllSurfaceData Called in an invalid state. 1
11-02 07:40:28.722  2095  3369 E [CT]    : SpatialAnchorPipeline: checkStateEq:getAllSurfaceData Called in an invalid state. 1
11-02 07:40:28.722  1966  1966 W LibraryProvider: Cannot find entitlement for com.oculus.sdk.vrcubeworldfw
11-02 07:40:28.722  1966  1966 W OVRLibrary: null cursor received for query content://com.oculus.ocms.library/apps/com.oculus.sdk.vrcubeworldfw
11-02 07:40:28.727  1062  1062 V BackupManagerConstants: getFullBackupIntervalMilliseconds(...) returns 86400000
11-02 07:40:28.729  1062  1062 V BackupManagerConstants: getFullBackupRequiredNetworkType(...) returns 2
11-02 07:40:28.729  1062  1062 V BackupManagerConstants: getFullBackupRequireCharging(...) returns true
11-02 07:40:28.733  2095  3369 E [CT]    : SpatialAnchorPipeline: checkStateEq:getAllSurfaceData Called in an invalid state. 1
11-02 07:40:28.735  4525  4803 W ExclusiveDefaultHolderMixin: Cannot get ApplicationInfo for default holder, config: config_defaultSms, package: com.android.messaging
11-02 07:40:28.736  1062  1100 W TextServicesManagerService: no available spell checker services found
11-02 07:40:28.744  2095  3369 E [CT]    : SpatialAnchorPipeline: checkStateEq:getAllSurfaceData Called in an invalid state. 1
11-02 07:40:28.745  1062  1100 W Searchables: No global search activity found
11-02 07:40:28.746  1062  1100 W VoiceInteractionManagerService: no available voice recognition services found for user 0
11-02 07:40:28.755  2095  3369 E [CT]    : SpatialAnchorPipeline: checkStateEq:getAllSurfaceData Called in an invalid state. 1
11-02 07:40:28.758   692   692 D Zygote  : Forked child process 4806
11-02 07:40:28.762  1062  1102 I ActivityManager: Start proc 4806:com.android.packageinstaller/u0a7 for broadcast {com.android.packageinstaller/com.android.packageinstaller.PackageInstalledReceiver}
11-02 07:40:28.766  2095  3369 E [CT]    : SpatialAnchorPipeline: checkStateEq:getAllSurfaceData Called in an invalid state. 1
11-02 07:40:28.775   833  1682 I [CT]    : boltlib: DSP utilization: 27.63 % (1382 / 5002 ms)
11-02 07:40:28.778  2095  3369 E [CT]    : SpatialAnchorPipeline: checkStateEq:getAllSurfaceData Called in an invalid state. 1
11-02 07:40:28.779  1062  3302 I ActivityTaskManager: START u0 {act=android.intent.action.MAIN cat=[android.intent.category.LAUNCHER] flg=0x10000000 cmp=com.oculus.sdk.vrcubeworldfw/.MainActivity} from uid 2000
11-02 07:40:28.786  4806  4806 E ackageinstalle: Not starting debugger since process cannot load the jdwp agent.
11-02 07:40:28.791  2095  3369 E [CT]    : SpatialAnchorPipeline: checkStateEq:getAllSurfaceData Called in an invalid state. 1
11-02 07:40:28.799  1829  1899 I Clay    : Exiting VR mode
11-02 07:40:28.799  1829  1899 I VrApi   : ---------- vrapi_LeaveVrMode [start] ----------
11-02 07:40:28.800  2650  2650 D [SEO] ShellEnvOverlayService: Message Handler: onPause
11-02 07:40:28.801  2095  3369 E [CT]    : SpatialAnchorPipeline: checkStateEq:getAllSurfaceData Called in an invalid state. 1
11-02 07:40:28.801  1829  1899 D VrApi   : targetSDKVersion 25
11-02 07:40:28.802  1829  1899 I VrRuntimeClient: DEVICE MODEL NUMBER = Quest 2
11-02 07:40:28.802  1829  1899 I VrRuntimeClient: DEVICE BUILD NAME = user-19130100300900000
11-02 07:40:28.802  1829  1899 I VrRuntimeClient: DEVICE BUILD TYPE = user
11-02 07:40:28.802  1829  1899 I VrRuntimeClient: DEVICE OS VERSION = 10
11-02 07:40:28.802  1829  1899 I VrRuntimeClient: API LOADER VERSION = 1.47.0
11-02 07:40:28.802  1829  1899 I VrRuntimeClient: RUNTIME API VERSION = 1.50.0
11-02 07:40:28.802  1829  1899 I VrRuntimeClient: RUNTIME VERSION = 33.0.0.95.370 Oct 18 2021 12:28:23 RELEASE
11-02 07:40:28.802  1829  1899 I VrRuntimeClient: APP NAME = ShellEnv
11-02 07:40:28.802  1829  1899 I VrRuntimeClient: APP VERSION = 33.0.0.95.367 versionCode 328040767 internalVersionName 33.0.0.95.367.73b219270aae 2021_10_25_19_28
11-02 07:40:28.802  1829  1899 I VrRuntimeClient: APP VR TYPE = vr_only
11-02 07:40:28.802  1829  1899 I VrRuntimeClient: APP MODE TYPE = VR
11-02 07:40:28.802  1829  1899 I VrRuntimeClient: APP PACKAGE NAME = com.oculus.shellenv
11-02 07:40:28.802  1829  1899 I VrRuntimeClient: APP ACTIVITY CLASS = com.oculus.shellenv.ShellEnvActivity
11-02 07:40:28.809  1829  1899 D BatteryReceiver: Unregistering battery receiver
11-02 07:40:28.810  2650  2857 I [SEO] ShellApp: 0xbd9e9be0 msg: pause
11-02 07:40:28.810  2650  2857 I [SEO] ShellApp: ShellApp::LeaveVrMode()
11-02 07:40:28.810  2650  2857 I [SEO] DesktopPanelControllerAnalytics: DesktopPanelControllerAnalytics flushing telemetry
11-02 07:40:28.810  2650  2857 I [SEO] DesktopPanelControllerAnalytics: FlushPendingDesktopMetrics Multi-app
11-02 07:40:28.810  2650  2857 I [SEO] LocalSpace: Applying Initial Pose
11-02 07:40:28.810  2425  3461 I VrRuntimeService: RuntimeServiceSDKServer::UpdateLocalSpace
11-02 07:40:28.810  2425  3461 I VrRuntimeServer: UpdateLocalSpace: Src: 2, Version: 10, VersionUser: 0, RawFloorHeightOld: -1.675000, RawFloorHeightNew: -1.675000
11-02 07:40:28.810  1829  1899 I Sensor  : OSSDKTRACKING Shutdown tracking
11-02 07:40:28.810  2650  2857 I [SEO] SystemAssistant: OnModeChanged from FullShell to ImmersiveAppFocused
11-02 07:40:28.810  2650  2857 I [SEO] AudioMixer: Disabling AudioPlayer.
11-02 07:40:28.811   746  1041 D AF::TrackHandle: OpPlayAudio: track:75 uid:10026 pkg:com.oculus.systemux usage:10 not muted
11-02 07:40:28.811   746  3463 D AF::TrackHandle: OpPlayAudio: track:78 uid:10026 pkg:com.oculus.systemux usage:10 not muted
11-02 07:40:28.813   746  1681 D AF::RecordHandle: OpRecordAudio: track:58 uid:10013 pkg:com.oculus.shellenv usage:0 muted
11-02 07:40:28.813   746  3463 D AF::TrackHandle: OpPlayAudio: track:56 uid:10013 pkg:com.oculus.shellenv usage:1 muted
11-02 07:40:28.815  2650  4727 I [SEO] AudioMixer: Notifying VrThread to shutdown.
11-02 07:40:28.815  2650  2857 I [SEO] AudioMixer: Successful shutdown.
11-02 07:40:28.815  2650  2857 I [SEO] AudioEngine: virtual void AudioLibrary::AudioEngine::DisablePlayer()
11-02 07:40:28.815  2650  2857 I [SEO] AudioEngine: Setting ShuttingDown.
11-02 07:40:28.815   746  1550 D AF::TrackHandle: OpPlayAudio: track:72 uid:1000 pkg:com.android.networkstack.inprocess usage:13 not muted
11-02 07:40:28.817   746  3301 D AF::TrackHandle: OpPlayAudio: track:76 uid:10020 pkg:com.oculus.vrshell usage:1 not muted
11-02 07:40:28.821   746  3844 D AF::RecordHandle: OpRecordAudio: track:58 uid:10013 pkg:com.oculus.shellenv usage:0 muted
11-02 07:40:28.821  1829  4728 I VrRuntimeDeviceConfigClient: GetGatekeeper cached result: oculus_mobile_disable_non_hands_app_hands_usage Not enabled
11-02 07:40:28.821  1829  4728 I VrApi   : FPS=90/90,Prd=40ms,Tear=0,Early=90,Stale=0,VSnc=1,Lat=1,Fov=0,CPU4/GPU=2/3,2419/490MHz,OC=FF,TA=0/F/0,SP=N/F/N,Mem=2092MHz,Free=3969MB,PLS=0,Temp=21.5C/0.0C,TW=1.93ms,App=3.96ms,GD=0.00ms,CPU&GPU=6.78ms,LCnt=2,GPU%=0.55,CPU%=0.32(W0.39),DSF=1.00
11-02 07:40:28.823   746  1041 D AF::RecordHandle: OpRecordAudio: track:66 uid:10031 pkg:com.oculus.horizon usage:0 not muted
11-02 07:40:28.831   726  2699 W msm8974_platform: platform_send_gain_dep_cal: Usecase list is empty
11-02 07:40:28.832   726  2699 D msm8974_platform: platform_split_snd_device: snd_device(2) num devices(1) new_snd_devices(0)
11-02 07:40:28.832   726  2699 D ACDB-LOADER: ACDB -> send_audvoltable
11-02 07:40:28.832   726  2699 D ACDB-LOADER: ACDB -> ACDB_CMD_GET_AUDPROC_INSTANCE_GAIN_DEP_STEP_TABLE_SIZE
11-02 07:40:28.832   726  2699 D         : Failed to fetch the lookup information of the device 0000000F 
11-02 07:40:28.832   726  2699 D ACDB-LOADER: Error: ACDB_CMD_GET_AUDPROC_INSTANCE_GAIN_DEP_STEP_TABLE_SIZE Returned = -19
11-02 07:40:28.832   726  2699 D ACDB-LOADER: ACDB -> ACDB_CMD_GET_AUDPROC_INSTANCE_GAIN_DEP_STEP_TABLE, vol index 3
11-02 07:40:28.832   726  2699 D         : Failed to fetch the lookup information of the device 0000000F 
11-02 07:40:28.832   726  2699 D ACDB-LOADER: Error: ACDB AudProc vol returned = -19
11-02 07:40:28.832   726  2699 D ACDB-LOADER: ACDB -> AUDIO_SET_VOL_CAL cal type = 40
11-02 07:40:28.832   726  2699 D msm8974_platform: platform_split_snd_device: snd_device(2) num devices(1) new_snd_devices(0)
11-02 07:40:28.832   726  2699 D ACDB-LOADER: ACDB -> send_audvoltable
11-02 07:40:28.832   726  2699 D ACDB-LOADER: ACDB -> ACDB_CMD_GET_AUDPROC_INSTANCE_GAIN_DEP_STEP_TABLE_SIZE
11-02 07:40:28.832   726  2699 D         : Failed to fetch the lookup information of the device 0000000F 
11-02 07:40:28.832   726  2699 D ACDB-LOADER: Error: ACDB_CMD_GET_AUDPROC_INSTANCE_GAIN_DEP_STEP_TABLE_SIZE Returned = -19
11-02 07:40:28.832   726  2699 D ACDB-LOADER: ACDB -> ACDB_CMD_GET_AUDPROC_INSTANCE_GAIN_DEP_STEP_TABLE, vol index 3
11-02 07:40:28.832   726  2699 D         : Failed to fetch the lookup information of the device 0000000F 
11-02 07:40:28.832   726  2699 D ACDB-LOADER: Error: ACDB AudProc vol returned = -19
11-02 07:40:28.832   726  2699 D ACDB-LOADER: ACDB -> AUDIO_SET_VOL_CAL cal type = 40
11-02 07:40:28.835   746  1041 D AF::RecordHandle: OpRecordAudio: track:66 uid:10031 pkg:com.oculus.horizon usage:0 not muted
11-02 07:40:28.835  2650  4727 I [SEO] AudioMixer: Notifying VrThread to shutdown.
11-02 07:40:28.835  2650  4727 I [SEO] AudioEngine: Fading final buffer
11-02 07:40:28.852  1829  1899 I VrApi   : OVR::Stats thread stopped
11-02 07:40:28.852  1829  1899 I InputDeviceManager: ovrInputDeviceManager::~ovrInputDeviceManager
11-02 07:40:28.852  1829  1899 I OSHandDataQuerier: OSSDKTRACKING shutting down HandsTracker
11-02 07:40:28.852  1829  1899 I OSHandDataQuerier: OSSDKTRACKING shutting down HandsTracker
11-02 07:40:28.852  1829  1899 I InputDevice_TrackedRemote: OSSDKTRACKING shutting down Haptics
11-02 07:40:28.852  1829  1899 I InputDevice_TrackedRemote: OSSDKTRACKING shutting down Haptics
11-02 07:40:28.852  1829  1899 D OsSdk   : TrackingServiceConnection dtor
11-02 07:40:22.046   738  1700 I chatty  : uid=1000(system) SBEventHandler identical 2 lines
11-02 07:40:27.048   738  1700 W SensorService: Unknown packet type (20) received
11-02 07:40:28.853   833  1962 I TrackingService: Unregistering client by ITrackingService.unregisterClient
11-02 07:40:28.853   833  1962 I TrackingService: Failed to unregister client because client not found in registered list
11-02 07:40:28.853   833  1962 I chatty  : uid=1000(system) Binder:833_3 identical 2 lines
11-02 07:40:28.853   833  1962 I TrackingService: Failed to unregister client because client not found in registered list
11-02 07:40:28.853  1829  1899 D OsSdk   : TrackingServiceConnection unregistered
11-02 07:40:28.855  2650  4727 I [SEO] AudioEngine: Notifying VrThread to shutdown.
11-02 07:40:28.855  2650  4727 D         : PlayerBase::stop() from IPlayer
11-02 07:40:28.855  2650  4727 D AudioTrack: stop(35): called with 1248000 frames delivered
11-02 07:40:28.856  1290  1290 V AvrcpMediaPlayerList: onPlaybackConfigChanged(): Configs list size=6
11-02 07:40:28.862  2650  2857 I [SEO] AudioEngine: Stopping player
11-02 07:40:28.862  2650  2857 D         : PlayerBase::stop() from IPlayer
11-02 07:40:28.864  1829  4725 I ClientInputThread_Internal: InputThreadRun ShutdownRequest received
11-02 07:40:28.864  1829  1899 I InputHooks_Internal: Disabling Native Input Hooks
11-02 07:40:28.865  1829  1899 I ClientInputTrackedObjectManager: TRACKEDKEYBOARD ClearTrackedObjectManager called on client
11-02 07:40:28.865  2425  2865 I VrRuntimeService: RuntimeServiceSDKServer::EnableRendering: 0x0, 0, com.oculus.shellenv
11-02 07:40:28.865  2425  2865 I ClientMgr: ClientMgr::EnableRendering 1829:com.oculus.shellenv : type 0 comp-id 1: disable
11-02 07:40:28.865  2425  2865 I VrRuntimeServer: DisableCompositorClient: 1
11-02 07:40:28.865  2425  2865 I TimeWarpClientMgr: Disable client 1
11-02 07:40:28.865  2425  2865 I TimeWarpClientMgr: DisableClient: frame flush required: 1
11-02 07:40:28.866  2650  2857 D [SEO] ShellApplication: abandonAudioFocus
11-02 07:40:28.866  1290  1290 V AvrcpMediaPlayerList: onPlaybackConfigChanged(): Configs list size=5
11-02 07:40:28.867  1062  3302 I MediaFocusControl: abandonAudioFocus() from uid/pid 10020/2650 clientId=android.media.AudioManager@be925cccom.oculus.vrshell.ShellAudioFocusHandler@3917015
11-02 07:40:28.868  2650  2857 I [SEO] DragDropController: OnBackground
11-02 07:40:28.871  2650  2857 I [SEO] ModelDef: Destroying ModelFileModel guardianLaserBeam.gltf.ovrscene
11-02 07:40:28.873  2650  2857 I [SEO] ModelDef: Destroying ModelFileModel pinchArrowBlend.gltf.ovrscene
11-02 07:40:28.873  2650  2857 I [SEO] ModelDef: Destroying ModelFileModel guardianLaserBeam.gltf.ovrscene
11-02 07:40:28.873  2650  2857 I [SEO] ModelDef: Destroying ModelFileModel pinchArrowBlend.gltf.ovrscene
11-02 07:40:28.873  2650  2857 I [SEO] TrackedKeyboardDeviceManager: Clearing all tracked keyboards
11-02 07:40:28.874  2650  2857 D [SEO] ShellApplication: setOverlayInputFocus: inputFocus=false shouldSupportIME=false
11-02 07:40:28.874  2650  2857 D [SEO] BaseOverlayService: setOverlayInputFocus : entrypoint - inputFocus=false shouldSupportIME=false
11-02 07:40:28.874  2425  2831 I ClientMgr: Non-overlay clients rendering status has changed: prev=23, curr=24, enabled=0
11-02 07:40:28.874  2650  2650 D [SEO] BaseOverlayService: detachServiceWindowView
11-02 07:40:28.875  2650  2857 I VrApi   : ---------- vrapi_LeaveVrMode [start] ----------
11-02 07:40:28.876  2425  2865 I UnifiedTelemetryWrapper: Stopped UT session render:com.oculus.shellenv
11-02 07:40:28.876  2425  2831 I TimeWarpClientMgr: Enable client 0
11-02 07:40:28.876  2425  2831 I VrRuntimeServer: EnableCompositorClient client(0): layer placement(2147483643) flags(8) sm(0x6ff3554710)
11-02 07:40:28.876  1829  4730 I FenceChecker: FenceChecker::MainLoop - ended
11-02 07:40:28.876  1829  1899 I VrApi   : ---------- vrapi_LeaveVrMode [end] ----------
11-02 07:40:28.876  1829  1899 I Clay    : OculusVRSystem:configureRendering: releasing primary render target
11-02 07:40:28.881  2425  2865 I VrRuntimeService: DestroySwapChain: swapchain=205
11-02 07:40:28.881  2425  2865 I VrRuntimeServer: DestroyTextureSwapChain: result destroyswapchain 1
11-02 07:40:28.882  1829  1899 I Clay    : BaseApp: Entering hibernation in 30 frames
11-02 07:40:28.885   692   692 D Zygote  : Forked child process 4828
11-02 07:40:28.885  1062  1102 W ActivityManager: Slow operation: 77ms so far, now at startProcess: returned from zygote!
11-02 07:40:28.886  1062  1102 W ActivityManager: Slow operation: 77ms so far, now at startProcess: done updating battery stats
11-02 07:40:28.886  2650  2857 D VrApi   : targetSDKVersion 29
11-02 07:40:28.886  1062  1102 W ActivityManager: Slow operation: 78ms so far, now at startProcess: building log message
11-02 07:40:28.886  1062  1102 I ActivityManager: Start proc 4828:com.oculus.sdk.vrcubeworldfw/u0a336 for activity {com.oculus.sdk.vrcubeworldfw/com.oculus.sdk.vrcubeworldfw.MainActivity}
11-02 07:40:28.886  1062  1102 W ActivityManager: Slow operation: 78ms so far, now at startProcess: starting to update pids map
11-02 07:40:28.887   746  3463 D AF::TrackHandle: OpPlayAudio: track:78 uid:10026 pkg:com.oculus.systemux usage:10 not muted
11-02 07:40:28.887   746  1041 D AF::TrackHandle: OpPlayAudio: track:72 uid:1000 pkg:com.android.networkstack.inprocess usage:13 not muted
11-02 07:40:28.887   746  3844 D AF::TrackHandle: OpPlayAudio: track:76 uid:10020 pkg:com.oculus.vrshell usage:1 not muted
11-02 07:40:28.888  1062  1102 W ActivityManager: Slow operation: 79ms so far, now at startProcess: done updating pids map
11-02 07:40:28.888   746  3301 D AF::TrackHandle: OpPlayAudio: track:56 uid:10013 pkg:com.oculus.shellenv usage:1 muted
11-02 07:40:28.888  1566  1566 D OculusNotificationListenerService: Notification removed: 0|android|0|com.android.server.wm.AlertWindowNotification - com.oculus.vrshell|1000
11-02 07:40:28.889  2021  2021 I [OAO] VrNotificationListenerService: onNotificationRemoved(): key = 0|android|0|com.android.server.wm.AlertWindowNotification - com.oculus.vrshell|1000, type = third_party
11-02 07:40:28.889  2650  2857 I VrRuntimeClient: DEVICE MODEL NUMBER = Quest 2
11-02 07:40:28.889  2021  2021 I [OAO] VrNotificationListenerService: onNotificationRemoved(): user|package|tag|id = UserHandle{0}|android|com.android.server.wm.AlertWindowNotification - com.oculus.vrshell|0
11-02 07:40:28.889  2650  2857 I VrRuntimeClient: DEVICE BUILD NAME = user-19130100300900000
11-02 07:40:28.889  2650  2857 I VrRuntimeClient: DEVICE BUILD TYPE = user
11-02 07:40:28.889  2650  2857 I VrRuntimeClient: DEVICE OS VERSION = 10
11-02 07:40:28.889  2650  2857 I VrRuntimeClient: API LOADER VERSION = 1.47.0
11-02 07:40:28.889  2650  2857 I VrRuntimeClient: RUNTIME API VERSION = 1.50.0
11-02 07:40:28.889  2650  2857 I VrRuntimeClient: RUNTIME VERSION = 33.0.0.95.370 Oct 18 2021 12:28:06 RELEASE
11-02 07:40:28.889  2650  2857 I VrRuntimeClient: APP NAME = Oculus App Runtime
11-02 07:40:28.889  2650  2857 I VrRuntimeClient: APP VERSION = 33.0.0.96.367 versionCode 328036574 internalVersionName 33.0.0.96.367.73b219270aae 2021_10_25_18_35
11-02 07:40:28.889  2650  2857 I VrRuntimeClient: APP VR TYPE = vr_only
11-02 07:40:28.889  2650  2857 I VrRuntimeClient: APP MODE TYPE = VR
11-02 07:40:28.889  2650  2857 I VrRuntimeClient: APP PACKAGE NAME = com.oculus.vrshell
11-02 07:40:28.889  2650  2857 I VrRuntimeClient: APP ACTIVITY CLASS = com.oculus.os.WindowTokenContext
11-02 07:40:28.889   746   746 D AF::RecordHandle: OpRecordAudio: track:58 uid:10013 pkg:com.oculus.shellenv usage:0 muted
11-02 07:40:28.889   746  1681 D AF::RecordHandle: OpRecordAudio: track:66 uid:10031 pkg:com.oculus.horizon usage:0 not muted
11-02 07:40:28.889   746  1550 D AF::TrackHandle: OpPlayAudio: track:75 uid:10026 pkg:com.oculus.systemux usage:10 not muted
11-02 07:40:28.891  2650  2650 D [SEO] BaseOverlayService: setOverlayInputFocus : completed - inputFocus=false shouldSupportIME=false actionTaken:true
11-02 07:40:28.892  4828  4828 I chatty  : uid=10336(com.oculus.sdk.vrcubeworldfw) expire 7 lines
11-02 07:40:28.892  2650  2857 D BatteryReceiver: Unregistering battery receiver
11-02 07:40:28.897  2021  2021 D VrNotificationAnalytics: logNotificationRemoved(third_party)
11-02 07:40:28.897  2650  2857 I Sensor  : OSSDKTRACKING Shutdown tracking
11-02 07:40:28.902  1966  1966 D UnifiedTelemetryLogger: Already initialized.
11-02 07:40:28.909  3320  3320 D [SUI] NotificationBroadcastReceiver: action: com.oculus.intent.action.NOTIF_CHANGE
11-02 07:40:28.909  2650  4723 I VrRuntimeDeviceConfigClient: GetGatekeeper cached result: oculus_mobile_disable_non_hands_app_hands_usage Not enabled
11-02 07:40:28.920  3030  3030 D MetricsService: Unbound
11-02 07:40:28.922  2095  2875 E [CT]    : SpatialAnchorPipeline: checkStateEq:getActiveGuardian Called in an invalid state. 1
11-02 07:40:28.922  2095  2875 E [CT]    : SpatialAnchorPipeline: checkStateEq:getActiveGuardian Called in an invalid state. 1
11-02 07:40:28.922  2095  2875 I GuardianSurfaceMgr: ForceShowSurfaceBounds: false, 1.00
11-02 07:40:28.922  2095  2875 I GuardianSurfaceMgr: ForceShowSurfaceBounds: Soft fade out: currentTime 144.20, ForceShowTime 145.20, ForceShowFadeTime 146.20
11-02 07:40:28.922  2095  2875 E [CT]    : SpatialAnchorPipeline: checkStateNotEq:handleXrEvent Called in an invalid state. 1
11-02 07:40:28.923  2650  2857 I VrApi   : OVR::Stats thread stopped
11-02 07:40:28.923  2650  2857 I InputDeviceManager: ovrInputDeviceManager::~ovrInputDeviceManager
11-02 07:40:28.924  2650  2857 I OSHandDataQuerier: OSSDKTRACKING shutting down HandsTracker
11-02 07:40:28.924  2650  2857 I OSHandDataQuerier: OSSDKTRACKING shutting down HandsTracker
11-02 07:40:28.924  2650  2857 I InputDevice_TrackedRemote: OSSDKTRACKING shutting down Haptics
11-02 07:40:28.924  2650  2857 I InputDevice_TrackedRemote: OSSDKTRACKING shutting down Haptics
11-02 07:40:28.924  2650  2857 D OsSdk   : TrackingServiceConnection dtor
11-02 07:40:28.924   833  1962 I TrackingService: Unregistering client by ITrackingService.unregisterClient
11-02 07:40:28.924   833  1962 I TrackingService: Failed to unregister client because client not found in registered list
11-02 07:40:28.924   833  1962 I TrackingService: Failed to unregister client because client not found in registered list
11-02 07:40:28.924  2650  2857 D OsSdk   : TrackingServiceConnection unregistered
11-02 07:40:28.925   726  2699 W msm8974_platform: platform_send_gain_dep_cal: Usecase list is empty
11-02 07:40:28.926   726  2699 D msm8974_platform: platform_split_snd_device: snd_device(2) num devices(1) new_snd_devices(0)
11-02 07:40:28.926   726  2699 D ACDB-LOADER: ACDB -> send_audvoltable
11-02 07:40:28.926   726  2699 D ACDB-LOADER: ACDB -> ACDB_CMD_GET_AUDPROC_INSTANCE_GAIN_DEP_STEP_TABLE_SIZE
11-02 07:40:28.926   726  2699 D         : Failed to fetch the lookup information of the device 0000000F 
11-02 07:40:28.926   726  2699 D ACDB-LOADER: Error: ACDB_CMD_GET_AUDPROC_INSTANCE_GAIN_DEP_STEP_TABLE_SIZE Returned = -19
11-02 07:40:28.926   726  2699 D ACDB-LOADER: ACDB -> ACDB_CMD_GET_AUDPROC_INSTANCE_GAIN_DEP_STEP_TABLE, vol index 1
11-02 07:40:28.926   726  2699 D         : Failed to fetch the lookup information of the device 0000000F 
11-02 07:40:28.926   726  2699 D ACDB-LOADER: Error: ACDB AudProc vol returned = -19
11-02 07:40:28.926   726  2699 D ACDB-LOADER: ACDB -> AUDIO_SET_VOL_CAL cal type = 40
11-02 07:40:28.926   726  2699 D msm8974_platform: platform_split_snd_device: snd_device(2) num devices(1) new_snd_devices(0)
11-02 07:40:28.926   726  2699 D ACDB-LOADER: ACDB -> send_audvoltable
11-02 07:40:28.926   726  2699 D ACDB-LOADER: ACDB -> ACDB_CMD_GET_AUDPROC_INSTANCE_GAIN_DEP_STEP_TABLE_SIZE
11-02 07:40:28.926   726  2699 D         : Failed to fetch the lookup information of the device 0000000F 
11-02 07:40:28.926   726  2699 D ACDB-LOADER: Error: ACDB_CMD_GET_AUDPROC_INSTANCE_GAIN_DEP_STEP_TABLE_SIZE Returned = -19
11-02 07:40:28.926   726  2699 D ACDB-LOADER: ACDB -> ACDB_CMD_GET_AUDPROC_INSTANCE_GAIN_DEP_STEP_TABLE, vol index 1
11-02 07:40:28.926   726  2699 D         : Failed to fetch the lookup information of the device 0000000F 
11-02 07:40:28.926   726  2699 D ACDB-LOADER: Error: ACDB AudProc vol returned = -19
11-02 07:40:28.926   726  2699 D ACDB-LOADER: ACDB -> AUDIO_SET_VOL_CAL cal type = 40
11-02 07:40:28.927  3320  3320 V [SUI] BarView: Notifs badge count: 5, Messenger badge count 0
11-02 07:40:28.928  3320  3320 E DeviceConfigTelemetryLogger: Can't find param: oculus_systemux:oculus_sysux_notification_blue_bell
11-02 07:40:28.938  3320  3320 V [SUI] BarView: Notifs badge count: 5, Messenger badge count 0
11-02 07:40:28.938  3320  3320 E DeviceConfigTelemetryLogger: Can't find param: oculus_systemux:oculus_sysux_notification_blue_bell
11-02 07:40:28.939  2650  4722 I ClientInputThread_Internal: InputThreadRun ShutdownRequest received
11-02 07:40:28.939  2650  2857 D InputHooksJava: Disabling Java Input Hooks
11-02 07:40:28.939  2650  2857 I ClientInputTrackedObjectManager: TRACKEDKEYBOARD ClearTrackedObjectManager called on client
11-02 07:40:28.940  2425  3461 I VrRuntimeService: RuntimeServiceSDKServer::EnableRendering: 0x0, 0, com.oculus.vrshell
11-02 07:40:28.940  2425  3461 I ClientMgr: ClientMgr::EnableRendering 2650:com.oculus.vrshell : type 1 comp-id 5: disable
11-02 07:40:28.940  2425  3461 I VrRuntimeServer: DisableCompositorClient: 5
11-02 07:40:28.940  2425  3461 I TimeWarpClientMgr: Disable client 5
11-02 07:40:28.940  2425  3461 I TimeWarpClientMgr: DisableClient: frame flush required: 1
11-02 07:40:28.942  2021  2021 D DeviceHelper: isScreenOn = true
11-02 07:40:28.943  2021  2021 D [OAO] ShellOverlayBroadcastReceiver: onReceive with ShellOverlayService native pointer 3891373072, action com.oculus.vrshell.intent.action.DISMISS_NOTIFICATION
11-02 07:40:28.943  2021  2021 D [OAO] RssdkHelper: getCurrentPackageInfo
11-02 07:40:28.943  2021  2021 I [OAO] RssdkHelperJNI: Java_com_oculus_common_navigation_RssdkHelper_nativeGetCurrentPackageInfo
11-02 07:40:28.943  2021  2021 I [OAO] RssdkHelperJNI: NativeGetCurrentPackageInfo - str combined: 'com.oculus.shellenv'
11-02 07:40:28.943  2021  2021 D [OAO] PrimaryPackage: Shell or ShellEnv foreground
11-02 07:40:28.943  1062  1990 W InputReader: Device has associated, but no associated display id.
11-02 07:40:28.953  2650  2650 D [SEO] RssdkHelper: getCurrentPackageInfo
11-02 07:40:28.953  2650  2650 I [SEO] RssdkHelperJNI: Java_com_oculus_common_navigation_RssdkHelper_nativeGetCurrentPackageInfo
11-02 07:40:28.953  2650  2650 I [SEO] RssdkHelperJNI: NativeGetCurrentPackageInfo - str combined: 'com.oculus.shellenv'
11-02 07:40:28.953  2650  2650 D [SEO] ShellControlProtectedReceiver: onReceive with MainActivity native pointer 3891345544, action com.oculus.vrshell.intent.action.DISMISS_NOTIFICATION
11-02 07:40:28.953  2425  3461 I UnifiedTelemetryWrapper: Stopped UT session render:com.oculus.vrshell
11-02 07:40:28.954  2650  4734 I FenceChecker: FenceChecker::MainLoop - ended
11-02 07:40:28.955  2650  2857 I VrApi   : ---------- vrapi_LeaveVrMode [end] ----------
11-02 07:40:28.955   746  1681 D AF::TrackHandle: OpPlayAudio: track:72 uid:1000 pkg:com.android.networkstack.inprocess usage:13 not muted
11-02 07:40:28.955  1613  4726 W [CT]    : MIXEDREALITY: MrFeatureStatus: Status change from Created with the operation Pause is not allowed.
11-02 07:40:28.955  1613  4726 W [CT]    : MIXEDREALITY: MrFeatureStatus: clientChangeStatus: client 1729908306 status change not allowed.
11-02 07:40:28.955   746  1550 D AF::RecordHandle: OpRecordAudio: track:66 uid:10031 pkg:com.oculus.horizon usage:0 not muted
11-02 07:40:28.955  2425  2425 D VrRuntimeService: onForegroundActivitiesChanged: pid=4828, uid=10336, hasForegroundActivities=true
11-02 07:40:28.956   746  3844 D AF::TrackHandle: OpPlayAudio: track:75 uid:10026 pkg:com.oculus.systemux usage:10 not muted
11-02 07:40:28.956  1613  4726 I [CT]    : MIXEDREALITY: MrFeatureStatus: Client status changed from Created to Destroyed.
11-02 07:40:28.957  2650  2650 D DeviceHelper: isScreenOn = true
11-02 07:40:28.957  2650  2650 D [SEO] PrimaryPackage: ShellEnv is in the foreground
11-02 07:40:28.957  2650  2650 D [SEO] ShellApplication: isTrustedAppLaunch early exit. Not a trusted action.com.oculus.vrshell.intent.action.DISMISS_NOTIFICATION
11-02 07:40:28.957  2650  2650 D [SEO] ShellBaseBroadcastReceiver: Broadcast intent should go to overlay.
11-02 07:40:28.957  1613  3622 I ServerProcessConnector: HandleClientDisconnect: Client: com.oculus.vrshell:com.oculus.vrshell:2650, Server: com.oculus.mrservice:com.oculus.mrservice:1613 (MrServiceIPCServer)
11-02 07:40:28.958  2650  2857 I RuntimeIPCClientMgr: RuntimeIPCClient: Shutdown: Client: com.oculus.vrshell:com.oculus.vrshell:2650, Server: com.oculus.mrservice:com.oculus.mrservice (MrServiceIPCServer)
11-02 07:40:28.958  2650  2857 I RuntimeIPCApi: ipc_Shutdown
11-02 07:40:28.958  2650  2857 I RuntimeIPCServiceClient: Shutdown: Refs still outstanding: 8, com.oculus.vrshell
11-02 07:40:28.958  2650  2857 I [SEO] ShellFrameAnalytics: ShellFrame frameFunction: 11071us/4470434us, trace: 0us/25us, process commands: 36us/1085us, system update: 278us/9851us, render 118us/496us, post render 0us/0us
11-02 07:40:28.958  2650  2857 I [SEO] PanelAppHost: PanelAppHost destructor: id 9 com.oculus.systemux/com.oculus.panelapp.anytimeui.AnytimeUIAndroidPanelService
11-02 07:40:28.958  2650  2857 I [SEO] PanelAppHost: Panel app 9 (com.oculus.systemux/com.oculus.panelapp.anytimeui.AnytimeUIAndroidPanelService) changing state from foreground to shutdown
11-02 07:40:28.958   691  1460 I netd    : firewallSetUidRule(2, 10336, 1) <0.02ms>
11-02 07:40:28.959  1613  4726 W PipeUtils: RuntimeIPC: ReadFromPipeInternal: read failed: 0, Success
11-02 07:40:28.959  1613  4726 W PipeUtils: RuntimeIPC: ReadFromPipe: ReadFromPipeInternal FAILED
11-02 07:40:28.959  1613  4726 W RuntimeIPCServerMgr: RPCClientHandler::MainLoop: Error reading pipe: Client: com.oculus.vrshell:com.oculus.vrshell:2650, Server: com.oculus.mrservice:com.oculus.mrservice (MrServiceIPCServer)
11-02 07:40:28.959  2650  2857 D [SEO] ShellApplication: Unbinding service for panel app id 9
11-02 07:40:28.959  1613  4726 I [CT]    : MIXEDREALITY: MrServiceIPCServer: MrServiceIPCServer::onClientDisconnected
11-02 07:40:28.960  2021  2021 I [OAO] ShellOverlayService: onStartCommand(): Intent { act=com.oculus.vrshell.intent.action.DISMISS_NOTIFICATION flg=0x10 pkg=com.oculus.vrshell cmp=com.oculus.vrshell/.ShellOverlayService (has extras) }
11-02 07:40:28.960  2021  2021 I [OAO] ShellOverlayServiceJNI: NativeWake
11-02 07:40:28.960  2021  2021 I [OAO] ShellOverlayMain: WakeVrThread
11-02 07:40:28.960  2021  2021 I [OAO] ShellOverlayMain: WakeVrThread - notifying vr thread
11-02 07:40:28.960  2021  2935 I [OAO] ShellOverlayApp: VrThread woke up
11-02 07:40:28.960  2021  2935 I [OAO] ShellOverlayApp: 0xbe512c38 msg: broadcastIntent:
11-02 07:40:28.960  2021  2935 I [OAO] ShellOverlayApp: intent_action = com.oculus.vrshell.intent.action.DISMISS_NOTIFICATION
11-02 07:40:28.960  2021  2935 I [OAO] ShellOverlayApp: status_bar_notification = 0|android|0|com.android.server.wm.AlertWindowNotification - com.oculus.vrshell|1000
11-02 07:40:28.960  2021  2935 I [OAO] ShellOverlayApp: ProcessMessage_Broadcast: com.oculus.vrshell.intent.action.DISMISS_NOTIFICATION
11-02 07:40:28.961  2425  2425 D VrRuntimeService: Package com.oculus.sdk.vrcubeworldfw has ossplash false
11-02 07:40:28.961   746  1550 D AF::TrackHandle: OpPlayAudio: track:56 uid:10013 pkg:com.oculus.shellenv usage:1 muted
11-02 07:40:28.962  2021  2935 I [OAO] ShellOverlayApp: Start sleep timeout. Now:144.241216, Timeout:146.241216
11-02 07:40:28.964  1613  4726 I [CT]    : MIXEDREALITY: MrServiceController: clientDisconnected: 1729908306/com.oculus.vrshell/com.oculus.vrshell:2650
11-02 07:40:28.964  1613  4726 I [CT]    : MIXEDREALITY: ClientsStatus: ====== Connected clients ======
11-02 07:40:28.964  1613  4726 I [CT]    : MIXEDREALITY: ClientsStatus: Client: 1729908306/com.oculus.vrshell/com.oculus.vrshell:2650
11-02 07:40:28.964  1613  4726 I [CT]    : MIXEDREALITY: ClientsStatus:    [Passthrough] -> Destroyed
11-02 07:40:28.964  1613  4726 I [CT]    : MIXEDREALITY: ClientsStatus:    [Freespace] -> Destroyed
11-02 07:40:28.964  1613  4726 I [CT]    : MIXEDREALITY: ClientsStatus: Client: 387439652/com.oculus.guardian/com.oculus.vrguardianservice:2095
11-02 07:40:28.964   746  3844 D AF::RecordHandle: OpRecordAudio: track:66 uid:10031 pkg:com.oculus.horizon usage:0 not muted
11-02 07:40:28.965   746  3301 D AF::TrackHandle: OpPlayAudio: track:78 uid:10026 pkg:com.oculus.systemux usage:10 not muted
11-02 07:40:28.965  1613  4726 I [CT]    : MIXEDREALITY: ClientsStatus:    [Passthrough] -> Created
11-02 07:40:28.965  1613  4726 I [CT]    : MIXEDREALITY: ClientsStatus:    [Freespace] -> Created
11-02 07:40:28.965  1613  4726 I [CT]    : MIXEDREALITY: ClientsStatus: ===============================
11-02 07:40:28.965  1613  4726 I [CT]    : MIXEDREALITY: MrClientModelStates: unregisterClient: For client 1729908306.
11-02 07:40:28.965  1613  4726 I [CT]    : MIXEDREALITY: ClientsStatus: Unregistration from 1729908306/com.oculus.vrshell/com.oculus.vrshell:2650 accepted.
11-02 07:40:28.966  1966  2005 I LibraryProvider: running queryApp(com.oculus.mrservice) for UID 1000
11-02 07:40:28.976  3320  3320 I PanelService: VR Shell socket closed(ECONNRESET); shutting down fd: 57
11-02 07:40:28.976  3320  3320 I PanelService: Quitting application via hardExit flag. Shutting down fd 57.
11-02 07:40:28.976  3320  3320 I AndroidPanelApp: Destroyed
11-02 07:40:28.976  3320  3320 D [SUI] HostView: Destroying HostView
11-02 07:40:28.976  3320  3320 D [SUI] EmptyView: Hiding EmptyView
11-02 07:40:28.976  3320  3320 D [SUI] EmptyView: Destroying EmptyView
11-02 07:40:28.976  2650  2857 I [SEO] ShellEnvSwapChainApi: Destroying SwapChain:0xbc3783e0
11-02 07:40:28.976  2650  2857 I [SEO] ShellEnvSwapChainApi: Destroying SwapChain:0xd1608940
11-02 07:40:28.976  2650  2857 I [SEO] ShellEnvSwapChainApi: Destroying SwapChain:0xbc378340
11-02 07:40:28.976  3320  3320 D [SUI] AnytimeUIPanelAppBase: Releasing viewModel RunningAppsViewModel refCount: 1
11-02 07:40:28.977  3320  3320 D [SUI] AnytimeUIPanelAppBase: Releasing viewModel DestinationUIViewModel refCount: 2
11-02 07:40:28.977  3320  3320 D [SUI] AnytimeUIPanelAppBase: Releasing viewModel SharingViewModel refCount: 0
11-02 07:40:28.977  3320  3320 D [SUI] SharingViewModel: Destroying ViewModel
11-02 07:40:28.977  2650  2857 I [SEO] ShellEnvSwapChainApi: Destroying SwapChain:0xd16088a0
11-02 07:40:28.977  2650  2857 I [SEO] SystemTabletController: Reset, reason: 5, taskBarVisibility: 1
11-02 07:40:28.977  2650  2857 I [SEO] SystemDialogController: Reset
11-02 07:40:28.977  2650  2857 I [SEO] DialogControllerManager: Reset
11-02 07:40:28.978  1966  2005 W LibraryProvider: Cannot find entitlement for com.oculus.mrservice
11-02 07:40:28.978  1551  4256 W OVRLibrary: null cursor received for query content://com.oculus.ocms.library/apps/com.oculus.mrservice
11-02 07:40:28.980  1613  2906 I [CT]    : MIXEDREALITY: MrClientModelStates: Cleaned up resources for client 1729908306
11-02 07:40:28.980   746  3301 D AF::RecordHandle: OpRecordAudio: track:66 uid:10031 pkg:com.oculus.horizon usage:0 not muted
11-02 07:40:28.986  3320  3320 D [SUI] SharingViewModel: clearAbuseReportRecordingTimer
11-02 07:40:28.987  3320  3320 D [SUI] BarView: Destroying BarView
11-02 07:40:28.987  3320  3320 D [SUI] SocialViewModel: removeObserver(): -$$Lambda$SystemStatusView$hvdttGlyfUmlGZJVTLPJRt2c5Fk
11-02 07:40:28.987  3320  3320 D [SUI] AnytimeUIPanelAppBase: Releasing viewModel SocialViewModel refCount: 2
11-02 07:40:28.987  3320  3320 D [SUI] AnytimeUIPanelAppBase: Releasing viewModel SystemStatusViewModel refCount: 0
11-02 07:40:28.987  3320  3320 D [SUI] AnytimeUIPanelAppBase: Releasing viewModel BarViewModel refCount: 1
11-02 07:40:28.987  3320  3320 D [SUI] StatusViewModel: Destroying ViewModel
11-02 07:40:28.988  3320  3320 D [SUI] AnytimeUIPanelAppBase: Releasing viewModel ActiveCallBarViewModel refCount: 0
11-02 07:40:28.988  3320  3320 D [SUI] AnytimeUIPanelAppBase: Releasing viewModel SocialViewModel refCount: 1
11-02 07:40:28.988  3320  3320 D [SUI] AnytimeUIPanelAppBase: Releasing viewModel MessengerCallViewModel refCount: 0
11-02 07:40:28.988  3320  3320 D [SUI] MessengerCallBarViewModel: destroyed MessengerCallBarViewModel
11-02 07:40:28.988  3320  3320 D [SUI] DynamicAppsView: Destroying dynamic apps view on bar
11-02 07:40:28.988   746   746 D AF::RecordHandle: OpRecordAudio: track:58 uid:10013 pkg:com.oculus.shellenv usage:0 muted
11-02 07:40:28.989   746   746 D AF::RecordHandle: OpRecordAudio: track:58 uid:10013 pkg:com.oculus.shellenv usage:0 muted
11-02 07:40:28.989  3320  3320 D [SUI] SocialViewModel: removePartyObserver(): -$$Lambda$BarView$fPaf1t2zUzaBp3TdM7SRVnZn-Po
11-02 07:40:28.989  3320  3320 D [SUI] AnytimeUIPanelAppBase: Releasing viewModel BarPinnedAppsViewModel refCount: 1
11-02 07:40:28.989  3320  3320 D [SUI] AnytimeUIPanelAppBase: Releasing viewModel RunningAppsViewModel refCount: 0
11-02 07:40:28.989  3320  3320 E [SUI] AnytimeUIPanelAppBase: Release ViewModel called on already destroyed ViewModelnull
11-02 07:40:28.989  3320  3320 D [SUI] AnytimeUIPanelAppBase: Releasing viewModel BarViewModel refCount: 0
11-02 07:40:28.989  3320  3320 D [SUI] BarViewModel: Destroying BarViewModel
11-02 07:40:28.989  3320  3320 D [SUI] AnytimeUIPanelAppBase: Releasing viewModel SettingsViewModel refCount: 0
11-02 07:40:28.989  3320  3320 D [SUI] SettingsViewModel: Destroying ViewModel
11-02 07:40:28.989   746   746 D AF::RecordHandle: OpRecordAudio: track:58 uid:10013 pkg:com.oculus.shellenv usage:0 muted
11-02 07:40:28.995  3320  3320 D [SUI] AnytimeUIPanelAppBase: Releasing viewModel StatusViewModel refCount: 2
11-02 07:40:29.009  3320  3320 D [SUI] AnytimeUIPanelAppBase: Releasing viewModel DestinationUIViewModel refCount: 1
11-02 07:40:29.009  3320  3320 D [SUI] AnytimeUIPanelAppBase: Releasing viewModel SocialViewModel refCount: 0
11-02 07:40:29.009  3320  3320 D [SUI] SocialViewModel: Destroying ViewModel
11-02 07:40:29.009  3320  3320 D [SUI] AnytimeUIPanelAppBase: Releasing viewModel BarPinnedAppsViewModel refCount: 0
11-02 07:40:29.009  3320  3320 D [SUI] BarPinnedAppsViewModel: Destroying BarPinnedAppsViewModel
11-02 07:40:29.009  3320  3320 D [SUI] AnytimeUIPanelAppBase: Releasing viewModel StatusViewModel refCount: 1
11-02 07:40:29.009  3320  3320 I [SUI] AnytimeUIAndroidPanelApp: Destroyed AUI PanelApp, isInOverlay: false, instanceCount: 1
11-02 07:40:29.013  3320  3320 D [SUI] AnytimeUIPanelAppBase: Releasing viewModel StatusViewModel refCount: 0
11-02 07:40:29.013  3320  3320 D [SUI] StatusViewModel: Destroying ViewModel
11-02 07:40:29.017  3320  3320 E [SUI] AnytimeUIPanelAppBase: ViewModel not released DestinationUIViewModel
11-02 07:40:29.017  3320  3320 D [SUI] DestinationUIViewModelBase: Destroying DestinationUIViewModelBase
11-02 07:40:29.017  3320  3320 V LifecycleAwareViewModelStore: LifecycleAwareViewModelStore destroyed
11-02 07:40:29.017  3320  3320 V LifecycleAwarePanelApp: PanelApp lifecycle moved to final state: DESTROYED
11-02 07:40:29.017  3320  3320 I AndroidPanelApp: destroyed
11-02 07:40:29.017  3320  3320 I AndroidPanelLayer: Destroying presentation for layer "tablet".
11-02 07:40:29.021  1062  3302 I DisplayManagerService: Display device removed: DisplayDeviceInfo{"com.oculus.android_panel_app.AndroidPanelLayer-tablet": uniqueId="virtual:com.oculus.systemux,10026,com.oculus.android_panel_app.AndroidPanelLayer-tablet,0", 1000 x 625, modeId 51, defaultModeId 51, supportedModes [{id=51, width=1000, height=625, fps=60.0}], colorMode 0, supportedColorModes [0], HdrCapabilities null, density 200, 200.0 x 200.0 dpi, appVsyncOff 0, presDeadline 16666666, touch NONE, rotation 0, type VIRTUAL, state ON, owner com.oculus.systemux (uid 10026), FLAG_PRIVATE, FLAG_NEVER_BLANK, FLAG_OWN_CONTENT_ONLY}
11-02 07:40:29.021  3320  3320 I AndroidPanelLayer: Destroying presentation for layer "#main".
11-02 07:40:29.036  1062  1990 I DisplayManagerService: Display device removed: DisplayDeviceInfo{"com.oculus.android_panel_app.AndroidPanelLayer-#main": uniqueId="virtual:com.oculus.systemux,10026,com.oculus.android_panel_app.AndroidPanelLayer-#main,1", 800 x 110, modeId 50, defaultModeId 50, supportedModes [{id=50, width=800, height=110, fps=60.0}], colorMode 0, supportedColorModes [0], HdrCapabilities null, density 200, 200.0 x 200.0 dpi, appVsyncOff 0, presDeadline 16666666, touch NONE, rotation 0, type VIRTUAL, state ON, owner com.oculus.systemux (uid 10026), FLAG_PRIVATE, FLAG_NEVER_BLANK, FLAG_OWN_CONTENT_ONLY}
11-02 07:40:29.053  1062  1100 I RoleUserState: Wrote roles.xml successfully
11-02 07:40:29.053  4828  4851 I chatty  : uid=10336(com.oculus.sdk.vrcubeworldfw) main expire 156 lines
11-02 07:40:29.090  1966  2005 I LibraryProvider: running queryApp(com.oculus.sdk.vrcubeworldfw) for UID 1000
11-02 07:40:29.092  1966  2005 W LibraryProvider: Cannot find entitlement for com.oculus.sdk.vrcubeworldfw
11-02 07:40:29.092  1551  4256 W OVRLibrary: null cursor received for query content://com.oculus.ocms.library/apps/com.oculus.sdk.vrcubeworldfw
11-02 07:40:29.120  4828  4854 I chatty  : uid=10336(com.oculus.sdk.vrcubeworldfw) main expire 1 line
11-02 07:40:29.121   783  2086 I RuntimeIPCService: CreateBrokerConnection: 4828:com.oculus.sdk.vrcubeworldfw:com.oculus.sdk.vrcubeworldfw
11-02 07:40:29.121   783  2086 D ThreadHelpers: RuntimeIPC: ThreadBase: Shutdown
11-02 07:40:29.122  2095  2875 E [CT]    : SpatialAnchorPipeline: checkStateEq:getActiveGuardian Called in an invalid state. 1
11-02 07:40:29.122  2095  2875 E [CT]    : SpatialAnchorPipeline: checkStateEq:getActiveGuardian Called in an invalid state. 1
11-02 07:40:29.123  2095  2095 D VrGuardianService: onStartCommand
11-02 07:40:29.123  2095  2095 D VrGuardianUserService: onStartCommandIntent { cmp=com.oculus.guardian/com.oculus.vrguardianservice.VrGuardianUserService }
11-02 07:40:29.123  2095  2095 D VrGuardianUserService: onStartCommand null user = 0
11-02 07:40:29.124  2095  2095 D VrGuardianService: setCurrentUser() called with: userId = [0]
11-02 07:40:29.124  2095  2095 I VrGuardianService: nativeSetCurrentUser userid = 0
11-02 07:40:29.124  2095  2095 I GuardianSystem: GuardianSystem::SetCurrentUser: 0 
11-02 07:40:29.126   783  4855 I RuntimeIPCService: RPC_BROKER_CREATE_PROCESS_CONNECTION: SUCCESS: Client: com.oculus.sdk.vrcubeworldfw:com.oculus.sdk.vrcubeworldfw:4828, Server: com.oculus.guardian:com.oculus.vrguardianservice:2095, SetBrokerHandlerCalled: 1
11-02 07:40:29.126  4525  4853 E BackupHelper: Could not parse delayed permissions
11-02 07:40:29.126  4525  4853 E BackupHelper: java.io.FileNotFoundException: /data/user_de/0/com.android.permissioncontroller/files/delayed_restore_permissions.xml: open failed: ENOENT (No such file or directory)
11-02 07:40:29.126  4525  4853 E BackupHelper: 	at libcore.io.IoBridge.open(IoBridge.java:496)
11-02 07:40:29.126  4525  4853 E BackupHelper: 	at java.io.FileInputStream.<init>(FileInputStream.java:159)
11-02 07:40:29.126  4525  4853 E BackupHelper: 	at android.app.ContextImpl.openFileInput(ContextImpl.java:612)
11-02 07:40:29.126  4525  4853 E BackupHelper: 	at com.android.packageinstaller.permission.service.BackupHelper.restoreDelayedState(BackupHelper.java:338)
11-02 07:40:29.126  4525  4853 E BackupHelper: 	at com.android.packageinstaller.permission.service.PermissionControllerServiceImpl.onRestoreDelayedRuntimePermissionsBackup(PermissionControllerServiceImpl.java:357)
11-02 07:40:29.126  4525  4853 E BackupHelper: 	at com.android.packageinstaller.permission.service.PermissionControllerServiceImpl.lambda$onRestoreDelayedRuntimePermissionsBackup$3$PermissionControllerServiceImpl(PermissionControllerServiceImpl.java:351)
11-02 07:40:29.126  4525  4853 E BackupHelper: 	at com.android.packageinstaller.permission.service.-$$Lambda$PermissionControllerServiceImpl$wHAhob5PsX8wKMTaFp8IJWkb1LE.run(Unknown Source:8)
11-02 07:40:29.126  4525  4853 E BackupHelper: 	at android.os.AsyncTask$SerialExecutor$1.run(AsyncTask.java:289)
11-02 07:40:29.126  4525  4853 E BackupHelper: 	at java.util.concurrent.ThreadPoolExecutor.runWorker(ThreadPoolExecutor.java:1167)
11-02 07:40:29.126  4525  4853 E BackupHelper: 	at java.util.concurrent.ThreadPoolExecutor$Worker.run(ThreadPoolExecutor.java:641)
11-02 07:40:29.126  4525  4853 E BackupHelper: 	at java.lang.Thread.run(Thread.java:919)
11-02 07:40:29.126  4525  4853 E BackupHelper: Caused by: android.system.ErrnoException: open failed: ENOENT (No such file or directory)
11-02 07:40:29.126  4525  4853 E BackupHelper: 	at libcore.io.Linux.open(Native Method)
11-02 07:40:29.126  4525  4853 E BackupHelper: 	at libcore.io.ForwardingOs.open(ForwardingOs.java:167)
11-02 07:40:29.126  4525  4853 E BackupHelper: 	at libcore.io.BlockGuardOs.open(BlockGuardOs.java:252)
11-02 07:40:29.126  4525  4853 E BackupHelper: 	at libcore.io.ForwardingOs.open(ForwardingOs.java:167)
11-02 07:40:29.126  4525  4853 E BackupHelper: 	at android.app.ActivityThread$AndroidOs.open(ActivityThread.java:7288)
11-02 07:40:29.126  4525  4853 E BackupHelper: 	at libcore.io.IoBridge.open(IoBridge.java:482)
11-02 07:40:29.126  4525  4853 E BackupHelper: 	... 10 more
11-02 07:40:29.128  2095  4858 I IPCSharedMemory: CreateSharedMemory: Allocated shared memory fd 135 (ipcStateReadWrite)
11-02 07:40:29.128  2095  4858 I IPCSharedMemory: CreateSharedMemory: Allocated shared memory fd 137 (ipcReadOnlyState)
11-02 07:40:29.131  2095  4858 I ServerProcessConnector: HandleClientConnect: Client: com.oculus.sdk.vrcubeworldfw:com.oculus.sdk.vrcubeworldfw:4828, Server: com.oculus.guardian:com.oculus.vrguardianservice:2095 (guardianserver)
11-02 07:40:29.165  1062  1074 I system_server: Background concurrent copying GC freed 98514(5282KB) AllocSpace objects, 54(2044KB) LOS objects, 42% free, 12MB/21MB, paused 240us total 471.478ms
11-02 07:40:29.189  2095  2320 D RuntimeIPCServerMgr: RegisterClient: Client: com.oculus.sdk.vrcubeworldfw:com.oculus.sdk.vrcubeworldfw:4828, Server: com.oculus.guardian:com.oculus.vrguardianservice (guardianserver)
11-02 07:40:29.190  2095  4859 W REFLECT : Broadcasting -1614045517, com.oculus.sdk.vrcubeworldfw, com.oculus.sdk.vrcubeworldfw
11-02 07:40:29.215  1829  1899 I Clay    : EnvironmentSystem: computed visibility changed from Visible to Unload (reason: Paused)
11-02 07:40:29.215  1829  1899 I Clay    : EnvironmentSystem: environment path not valid, resetting to default scene
11-02 07:40:29.218  1829  1899 I Clay    : EnvironmentStateSystem: Clearing IR due to pausing
11-02 07:40:29.218  1829  1899 I Clay    : EnvironmentSystem: setCurrentEnvironment from 'apk://com.oculus.environment.prod.adobe/assets/scene.zip' to ''. Computed visibility: Unload (reason: Paused)
11-02 07:40:29.243  1966  2005 W PublicLibraryProvider: Cannot find entitlement for com.oculus.sdk.vrcubeworldfw
11-02 07:40:29.243  2425  2425 D VrRuntimeService: onStartCommand
11-02 07:40:29.244   783  4855 I RuntimeIPCService: RPC_BROKER_CREATE_PROCESS_CONNECTION: SUCCESS: Client: com.oculus.sdk.vrcubeworldfw:com.oculus.sdk.vrcubeworldfw:4828, Server: com.oculus.systemdriver:com.oculus.vrruntimeservice:2425, SetBrokerHandlerCalled: 1
