--------- beginning of system
11-01 11:43:08.263  1058  3485 I chatty  : uid=1000(system) Binder:1058_B expire 3 lines
11-01 11:43:32.684  1058  1082 I chatty  : uid=1000(system) Binder:1058_2 expire 6 lines
11-01 11:44:54.121  1058  5639 I chatty  : uid=1000(system) Binder:1058_16 expire 1 line
11-01 11:46:59.468  1058  1243 I chatty  : uid=1000(system) Binder:1058_3 expire 3 lines
11-01 11:49:10.731  1058  1058 I chatty  : uid=1000 system_server expire 1 line
11-01 11:49:20.746  1058  1091 I chatty  : uid=1000(system) android.bg expire 1 line
11-01 11:50:11.706  1058  3689 I chatty  : uid=1000(system) Binder:1058_C expire 9 lines
11-01 11:51:26.539  1058  1058 I chatty  : uid=1000 system_server expire 2 lines
11-01 11:51:39.598  1058  1082 I chatty  : uid=1000(system) Binder:1058_2 expire 4 lines
11-01 11:51:57.456  1058  3485 I chatty  : uid=1000(system) Binder:1058_B expire 3 lines
11-01 11:52:34.295  1058  1164 I chatty  : uid=1000(system) ConnectivitySer expire 1 line
11-01 11:52:59.600  1058  3756 I chatty  : uid=1000(system) Binder:1058_E expire 2 lines
11-01 11:53:59.621  1058  1243 I chatty  : uid=1000(system) Binder:1058_3 expire 5 lines
11-01 11:54:04.964  1058  1091 I chatty  : uid=1000(system) android.bg expire 2 lines
11-01 11:55:29.283  1058  1412 I chatty  : uid=1000(system) Binder:1058_6 expire 3 lines
11-01 11:57:55.883  1058  6298 I chatty  : uid=1000(system) Binder:1058_19 expire 6 lines
11-01 12:02:34.377  1058  1164 I chatty  : uid=1000(system) ConnectivitySer expire 1 line
11-01 12:02:40.922  1058  1082 I chatty  : uid=1000(system) Binder:1058_2 expire 4 lines
11-01 12:03:21.640  1058  1412 I chatty  : uid=1000(system) Binder:1058_6 expire 3 lines
11-01 12:03:33.440  1058  1097 I chatty  : uid=1000(system) batterystats-wo expire 2 lines
11-01 12:03:42.949   836   836 I wificond: Received external scan result notification from kernel.
11-01 12:03:54.211  1058  5639 I chatty  : uid=1000(system) Binder:1058_16 expire 6 lines
11-01 12:04:18.645  1058  3756 I chatty  : uid=1000(system) Binder:1058_E expire 6 lines
11-01 12:06:46.545  1058  1058 I chatty  : uid=1000 system_server expire 1 line
11-01 12:06:57.456  1058  1243 I chatty  : uid=1000(system) Binder:1058_3 expire 1 line
11-01 12:07:13.809  1058  1091 I chatty  : uid=1000(system) android.bg expire 1 line
11-01 12:08:59.658  1058  1157 I chatty  : uid=1000(system) NetworkStats expire 1 line
11-01 12:10:08.817  1058  3756 I chatty  : uid=1000(system) Binder:1058_E expire 6 lines
11-01 12:10:59.982  1058  1082 I chatty  : uid=1000(system) Binder:1058_2 expire 2 lines
11-01 12:11:38.388  1058  5639 I chatty  : uid=1000(system) Binder:1058_16 expire 4 lines
11-01 12:11:54.683  1058  3689 I chatty  : uid=1000(system) Binder:1058_C expire 4 lines
11-01 12:12:27.262  1058  6298 I chatty  : uid=1000(system) Binder:1058_19 expire 5 lines
11-01 12:12:34.465  1058  1164 I chatty  : uid=1000(system) ConnectivitySer expire 1 line
11-01 12:14:05.139  1058  1091 I chatty  : uid=1000(system) android.bg expire 3 lines
11-01 12:14:14.462  1058  1145 I chatty  : uid=1000(system) AlarmManager expire 1 line
11-01 12:15:00.075  1058  1412 I chatty  : uid=1000(system) Binder:1058_6 expire 3 lines
11-01 12:15:24.807  1058  1058 I chatty  : uid=1000 system_server expire 1 line
11-01 12:18:41.866  1058  3485 I chatty  : uid=1000(system) Binder:1058_B expire 5 lines
11-01 12:20:00.169  1058  3756 I chatty  : uid=1000(system) Binder:1058_E expire 7 lines
11-01 12:21:57.457  1058  1405 I chatty  : uid=1000(system) Binder:1058_5 expire 7 lines
11-01 12:22:34.546  1058  1164 I chatty  : uid=1000(system) ConnectivitySer expire 2 lines
11-01 12:23:39.591  1058  1082 I chatty  : uid=1000(system) Binder:1058_2 expire 4 lines
11-01 12:24:00.254  1058  5639 I chatty  : uid=1000(system) Binder:1058_16 expire 4 lines
11-01 12:24:14.508  1058  1145 I chatty  : uid=1000(system) AlarmManager expire 1 line
11-01 12:25:56.840  1058  1058 I chatty  : uid=1000 system_server expire 1 line
11-01 12:26:06.879  1058  1091 I chatty  : uid=1000(system) android.bg expire 4 lines
11-01 12:33:33.509  1058  1097 I chatty  : uid=1000(system) batterystats-wo expire 2 lines
11-01 12:33:37.672  1058  1405 I chatty  : uid=1000(system) Binder:1058_5 expire 2 lines
11-01 12:33:39.733  1058  1243 I chatty  : uid=1000(system) Binder:1058_3 expire 4 lines
11-01 12:33:43.306   836   836 I wificond: Received external scan result notification from kernel.
11-01 12:33:43.444  1058  5639 I chatty  : uid=1000(system) Binder:1058_16 expire 2 lines
11-01 12:34:04.322  1058  1058 I chatty  : uid=1000 system_server expire 4 lines
11-01 12:34:04.346  1058  1157 I chatty  : uid=1000(system) NetworkStats expire 1 line
11-01 12:34:14.550  1058  1145 I chatty  : uid=1000(system) AlarmManager expire 1 line
11-01 12:35:56.123  1058  3485 I chatty  : uid=1000(system) Binder:1058_B expire 6 lines
11-01 12:36:57.455  1058  1412 I chatty  : uid=1000(system) Binder:1058_6 expire 3 lines
11-01 12:37:39.587  1058  3756 I chatty  : uid=1000(system) Binder:1058_E expire 2 lines
11-01 12:42:34.705  1058  1164 I chatty  : uid=1000(system) ConnectivitySer expire 2 lines
11-01 12:44:01.671  1058  3485 I chatty  : uid=1000(system) Binder:1058_B expire 1 line
11-01 12:44:14.598  1058  1058 I chatty  : uid=1000 system_server expire 4 lines
11-01 12:44:24.668  1058  1145 I chatty  : uid=1000(system) AlarmManager expire 4 lines
11-01 12:44:53.617  1058  2742 I chatty  : uid=1000(system) Binder:1058_A expire 1 line
11-01 12:45:57.456  1058  6298 I chatty  : uid=1000(system) Binder:1058_19 expire 5 lines
11-01 12:47:00.728  1058  3689 I chatty  : uid=1000(system) Binder:1058_C expire 4 lines
11-01 12:49:00.777  1058  1082 I chatty  : uid=1000(system) Binder:1058_2 expire 4 lines
11-01 12:50:59.939  1058  1091 I chatty  : uid=1000(system) android.bg expire 3 lines
11-01 12:57:39.157  1058  1405 I chatty  : uid=1000(system) Binder:1058_5 expire 8 lines
11-01 13:00:54.644  1058  3689 I chatty  : uid=1000(system) Binder:1058_C expire 4 lines
11-01 13:01:26.003  1058  1145 I chatty  : uid=1000(system) AlarmManager expire 2 lines
11-01 13:02:01.044  1058  5639 I chatty  : uid=1000(system) Binder:1058_16 expire 1 line
11-01 13:02:34.851  1058  1164 I chatty  : uid=1000(system) ConnectivitySer expire 2 lines
11-01 13:02:56.822  1058  6298 I chatty  : uid=1000(system) Binder:1058_19 expire 4 lines
11-01 13:03:33.572  1058  1097 I chatty  : uid=1000(system) batterystats-wo expire 2 lines
11-01 13:03:43.324   836   836 I wificond: Received external scan result notification from kernel.
11-01 13:03:57.458  1058  1786 I chatty  : uid=1000(system) Binder:1058_8 expire 2 lines
11-01 13:05:59.956  1058  1058 I chatty  : uid=1000 system_server expire 1 line
11-01 13:06:09.968  1058  1091 I chatty  : uid=1000(system) android.bg expire 3 lines
11-01 13:06:46.575  1058  1157 I chatty  : uid=1000(system) NetworkStats expire 2 lines
11-01 13:08:02.189  1058  1082 I chatty  : uid=1000(system) Binder:1058_2 expire 3 lines
11-01 13:15:57.457  1058  3756 I chatty  : uid=1000(system) Binder:1058_E expire 4 lines
11-01 13:16:13.996  1058  1058 I chatty  : uid=1000 system_server expire 2 lines
11-01 13:16:24.048  1058  1091 I chatty  : uid=1000(system) android.bg expire 2 lines
11-01 13:17:01.369  1058  1405 I chatty  : uid=1000(system) Binder:1058_5 expire 7 lines
11-01 13:18:01.390  1058  1786 I chatty  : uid=1000(system) Binder:1058_8 expire 4 lines
11-01 13:21:02.467  1058  3689 I chatty  : uid=1000(system) Binder:1058_C expire 5 lines
11-01 13:21:16.389  1058  5639 I chatty  : uid=1000(system) Binder:1058_16 expire 4 lines
11-01 13:21:39.587  1058  2742 I chatty  : uid=1000(system) Binder:1058_A expire 2 lines
11-01 13:22:34.988  1058  1164 I chatty  : uid=1000(system) ConnectivitySer expire 2 lines
11-01 13:33:01.704  1058  5639 I chatty  : uid=1000(system) Binder:1058_16 expire 6 lines
11-01 13:33:33.636  1058  1097 I chatty  : uid=1000(system) batterystats-wo expire 2 lines
11-01 13:33:39.904  1058  1405 I chatty  : uid=1000(system) Binder:1058_5 expire 3 lines
11-01 13:33:43.362   836   836 I wificond: Received external scan result notification from kernel.
11-01 13:34:05.802  1058  1091 I chatty  : uid=1000(system) android.bg expire 3 lines
11-01 13:34:14.089  1058  1058 I chatty  : uid=1000 system_server expire 2 lines
11-01 13:35:02.749  1058  1786 I chatty  : uid=1000(system) Binder:1058_8 expire 2 lines
11-01 13:35:39.600  1058  2742 I chatty  : uid=1000(system) Binder:1058_A expire 4 lines
11-01 13:36:46.579  1058  1157 I chatty  : uid=1000(system) NetworkStats expire 2 lines
11-01 13:37:25.564  1058  3689 I chatty  : uid=1000(system) Binder:1058_C expire 3 lines
11-01 13:41:26.140  1058  1145 I chatty  : uid=1000(system) AlarmManager expire 4 lines
11-01 13:42:15.167  1058  1091 I chatty  : uid=1000(system) android.bg expire 4 lines
11-01 13:42:35.149  1058  1164 I chatty  : uid=1000(system) ConnectivitySer expire 2 lines
11-01 13:42:57.457  1058  5639 I chatty  : uid=1000(system) Binder:1058_16 expire 5 lines
11-01 13:43:39.600  1058  3756 I chatty  : uid=1000(system) Binder:1058_E expire 5 lines
11-01 13:44:01.924  1058  1786 I chatty  : uid=1000(system) Binder:1058_8 expire 4 lines
11-01 13:45:49.446  1058  1058 I chatty  : uid=1000 system_server expire 2 lines
11-01 13:48:57.458  1058  1405 I chatty  : uid=1000(system) Binder:1058_5 expire 3 lines
11-01 13:50:43.710  1058  3689 I chatty  : uid=1000(system) Binder:1058_C expire 1 line
11-01 13:51:57.451  1058  1082 I chatty  : uid=1000(system) Binder:1058_2 expire 3 lines
11-01 13:54:57.456  1058  2742 I chatty  : uid=1000(system) Binder:1058_A expire 3 lines
11-01 13:57:02.199  1058  5639 I chatty  : uid=1000(system) Binder:1058_16 expire 5 lines
11-01 13:57:57.456  1058  1405 I chatty  : uid=1000(system) Binder:1058_5 expire 5 lines
11-01 13:58:37.526  1058  1145 I chatty  : uid=1000(system) AlarmManager expire 1 line
11-01 13:59:02.232  1058  3756 I chatty  : uid=1000(system) Binder:1058_E expire 7 lines
11-01 13:59:39.590  1058  3689 I chatty  : uid=1000(system) Binder:1058_C expire 3 lines
11-01 14:02:35.314  1058  1164 I chatty  : uid=1000(system) ConnectivitySer expire 1 line
11-01 14:03:33.693  1058  1097 I chatty  : uid=1000(system) batterystats-wo expire 2 lines
11-01 14:03:39.593  1058  1082 I chatty  : uid=1000(system) Binder:1058_2 expire 2 lines
11-01 14:03:39.969  1058  1786 I chatty  : uid=1000(system) Binder:1058_8 expire 2 lines
11-01 14:03:43.354   836   836 I wificond: Received external scan result notification from kernel.
11-01 14:08:35.197  1058  1058 I chatty  : uid=1000 system_server expire 1 line
11-01 14:08:45.225  1058  1091 I chatty  : uid=1000(system) android.bg expire 3 lines
11-01 14:09:02.439  1058  3689 I chatty  : uid=1000(system) Binder:1058_C expire 4 lines
11-01 14:09:35.838  1058  5639 I chatty  : uid=1000(system) Binder:1058_16 expire 4 lines
11-01 14:09:57.456  1058  1082 I chatty  : uid=1000(system) Binder:1058_2 expire 2 lines
11-01 14:10:16.562  1058  3756 I chatty  : uid=1000(system) Binder:1058_E expire 5 lines
11-01 14:10:57.283  1058  1786 I chatty  : uid=1000(system) Binder:1058_8 expire 5 lines
11-01 14:12:10.585  1058  2742 I chatty  : uid=1000(system) Binder:1058_A expire 7 lines
11-01 14:12:35.380  1058  1164 I chatty  : uid=1000(system) ConnectivitySer expire 1 line
11-01 14:16:14.917  1058  1405 I chatty  : uid=1000(system) Binder:1058_5 expire 7 lines
11-01 14:18:17.084  1058  1082 I chatty  : uid=1000(system) Binder:1058_2 expire 3 lines
11-01 14:18:33.377  1058  3756 I chatty  : uid=1000(system) Binder:1058_E expire 4 lines
11-01 14:19:14.088  1058  3689 I chatty  : uid=1000(system) Binder:1058_C expire 3 lines
11-01 14:19:30.383  1058  1786 I chatty  : uid=1000(system) Binder:1058_8 expire 7 lines
11-01 14:20:29.885  1058  1058 I chatty  : uid=1000 system_server expire 2 lines
11-01 14:22:06.597  1058  1157 I chatty  : uid=1000(system) NetworkStats expire 1 line
11-01 14:22:35.462  1058  1164 I chatty  : uid=1000(system) ConnectivitySer expire 1 line
11-01 14:22:45.864  1058  2742 I chatty  : uid=1000(system) Binder:1058_A expire 2 lines
11-01 14:23:51.020  1058  5639 I chatty  : uid=1000(system) Binder:1058_16 expire 2 lines
11-01 14:26:03.266  1058  1091 I chatty  : uid=1000(system) android.bg expire 3 lines
11-01 14:27:47.228  1058  2742 I chatty  : uid=1000(system) Binder:1058_A expire 3 lines
11-01 14:27:57.455  1058  3756 I chatty  : uid=1000(system) Binder:1058_E expire 6 lines
11-01 14:28:19.806  1058  1786 I chatty  : uid=1000(system) Binder:1058_8 expire 2 lines
11-01 14:28:37.629  1058  1145 I chatty  : uid=1000(system) AlarmManager expire 1 line
11-01 14:29:16.823  1058  5639 I chatty  : uid=1000(system) Binder:1058_16 expire 4 lines
11-01 14:30:13.826  1058  3689 I chatty  : uid=1000(system) Binder:1058_C expire 5 lines
11-01 14:32:02.904  1058  1082 I chatty  : uid=1000(system) Binder:1058_2 expire 1 line
11-01 14:32:35.526  1058  1164 I chatty  : uid=1000(system) ConnectivitySer expire 1 line
11-01 14:33:33.747  1058  1097 I chatty  : uid=1000(system) batterystats-wo expire 2 lines
11-01 14:33:42.737  1058  1085 I chatty  : uid=1000(system) android.io expire 2 lines
11-01 14:33:43.381   836   836 I wificond: Received external scan result notification from kernel.
11-01 14:33:43.534  1058  1405 I chatty  : uid=1000(system) Binder:1058_5 expire 1 line
11-01 14:33:55.268  1058  1058 I chatty  : uid=1000 system_server expire 3 lines
11-01 14:34:06.367  1058  1091 I chatty  : uid=1000(system) android.bg expire 2 lines
11-01 14:34:26.323  1058  1786 I chatty  : uid=1000(system) Binder:1058_8 expire 3 lines
11-01 14:34:42.606  1058  3689 I chatty  : uid=1000(system) Binder:1058_C expire 1 line
11-01 14:35:02.964  1058  3756 I chatty  : uid=1000(system) Binder:1058_E expire 6 lines
11-01 14:35:39.604  1058  1082 I chatty  : uid=1000(system) Binder:1058_2 expire 2 lines
11-01 14:35:42.684  1058  1093 I chatty  : uid=1000(system) ActivityManager expire 1 line
11-01 14:35:42.764  1058  5639 I chatty  : uid=1000(system) Binder:1058_16 expire 4 lines
11-01 14:35:42.778  1058  1157 I chatty  : uid=1000(system) NetworkStats expire 1 line
11-01 14:36:12.204  1058  2742 I chatty  : uid=1000(system) Binder:1058_A expire 4 lines
11-01 14:38:47.741  1058  1145 I chatty  : uid=1000(system) AlarmManager expire 4 lines
11-01 14:41:03.085  1058  1405 I chatty  : uid=1000(system) Binder:1058_5 expire 4 lines
11-01 14:42:35.575  1058  1164 I chatty  : uid=1000(system) ConnectivitySer expire 2 lines
11-01 14:42:57.455  1058  5639 I chatty  : uid=1000(system) Binder:1058_16 expire 1 line
11-01 14:43:07.566  1058  1082 I chatty  : uid=1000(system) Binder:1058_2 expire 4 lines
11-01 14:43:23.863  1058  3485 I chatty  : uid=1000(system) Binder:1058_B expire 6 lines
11-01 14:43:39.590  1058  6298 I chatty  : uid=1000(system) Binder:1058_19 expire 3 lines
11-01 14:43:56.436  1058  1412 I chatty  : uid=1000(system) Binder:1058_6 expire 5 lines
11-01 14:44:07.472  1058  1786 I chatty  : uid=1000(system) Binder:1058_8 expire 5 lines
11-01 14:45:17.884  1058  3689 I chatty  : uid=1000(system) Binder:1058_C expire 3 lines
11-01 14:47:17.041  1058  1058 I chatty  : uid=1000 system_server expire 2 lines
11-01 14:54:03.337  1058  3689 I chatty  : uid=1000(system) Binder:1058_C expire 7 lines
11-01 14:54:06.390  1058  1091 I chatty  : uid=1000(system) android.bg expire 3 lines
11-01 14:54:23.546  1058  1412 I chatty  : uid=1000(system) Binder:1058_6 expire 7 lines
11-01 14:55:49.075  1058  1145 I chatty  : uid=1000(system) AlarmManager expire 1 line
11-01 14:56:33.865  1058  3485 I chatty  : uid=1000(system) Binder:1058_B expire 3 lines
11-01 14:56:58.302  1058  1786 I chatty  : uid=1000(system) Binder:1058_8 expire 2 lines
11-01 14:57:14.591  1058  1405 I chatty  : uid=1000(system) Binder:1058_5 expire 4 lines
11-01 15:02:35.729  1058  1164 I chatty  : uid=1000(system) ConnectivitySer expire 1 line
11-01 15:03:33.791  1058  1097 I chatty  : uid=1000(system) batterystats-wo expire 2 lines
11-01 15:03:37.403  1058  1412 I chatty  : uid=1000(system) Binder:1058_6 expire 4 lines
11-01 15:03:40.154  1058  3756 I chatty  : uid=1000(system) Binder:1058_E expire 7 lines
11-01 15:03:43.541   836   836 I wificond: Received external scan result notification from kernel.
11-01 15:03:43.691  1058  6298 I chatty  : uid=1000(system) Binder:1058_19 expire 5 lines
11-01 15:04:58.863  1058  1405 I chatty  : uid=1000(system) Binder:1058_5 expire 5 lines
11-01 15:05:49.116  1058  1145 I chatty  : uid=1000(system) AlarmManager expire 1 line
11-01 15:06:20.305  1058  1082 I chatty  : uid=1000(system) Binder:1058_2 expire 5 lines
11-01 15:07:03.621  1058  1786 I chatty  : uid=1000(system) Binder:1058_8 expire 1 line
11-01 15:07:06.598  1058  1157 I chatty  : uid=1000(system) NetworkStats expire 1 line
11-01 15:12:35.793  1058  1164 I chatty  : uid=1000(system) ConnectivitySer expire 2 lines
11-01 15:13:32.002  1058  1082 I chatty  : uid=1000(system) Binder:1058_2 expire 5 lines
11-01 15:13:48.305  1058  1405 I chatty  : uid=1000(system) Binder:1058_5 expire 4 lines
11-01 15:14:06.586  1058  1091 I chatty  : uid=1000(system) android.bg expire 3 lines
11-01 15:14:53.439  1058  1786 I chatty  : uid=1000(system) Binder:1058_8 expire 3 lines
11-01 15:15:18.338  1058  1058 I chatty  : uid=1000 system_server expire 1 line
11-01 15:15:39.599  1058  1412 I chatty  : uid=1000(system) Binder:1058_6 expire 7 lines
11-01 15:18:03.842  1058  3756 I chatty  : uid=1000(system) Binder:1058_E expire 1 line
11-01 15:19:14.103  1058  6298 I chatty  : uid=1000(system) Binder:1058_19 expire 2 lines
11-01 15:21:03.903  1058  3485 I chatty  : uid=1000(system) Binder:1058_B expire 3 lines
11-01 15:22:13.328  1058  3689 I chatty  : uid=1000(system) Binder:1058_C expire 4 lines
11-01 15:24:15.512  1058  6298 I chatty  : uid=1000(system) Binder:1058_19 expire 3 lines
11-01 15:24:31.803  1058  3485 I chatty  : uid=1000(system) Binder:1058_B expire 4 lines
11-01 15:24:57.457  1058  1082 I chatty  : uid=1000(system) Binder:1058_2 expire 8 lines
11-01 15:25:49.217  1058  1058 I chatty  : uid=1000 system_server expire 2 lines
11-01 15:26:01.402  1058  1412 I chatty  : uid=1000(system) Binder:1058_6 expire 2 lines
11-01 15:26:25.842  1058  1405 I chatty  : uid=1000(system) Binder:1058_5 expire 3 lines
11-01 15:27:04.036  1058  3756 I chatty  : uid=1000(system) Binder:1058_E expire 1 line
11-01 15:32:35.945  1058  1164 I chatty  : uid=1000(system) ConnectivitySer expire 1 line
11-01 15:33:33.854  1058  1097 I chatty  : uid=1000(system) batterystats-wo expire 2 lines
11-01 15:33:43.785   836   836 I wificond: Received external scan result notification from kernel.
11-01 15:34:06.755  1058  1091 I chatty  : uid=1000(system) android.bg expire 3 lines
11-01 15:35:49.242  1058  1145 I chatty  : uid=1000(system) AlarmManager expire 3 lines
11-01 15:35:49.270  1058  1157 I chatty  : uid=1000(system) NetworkStats expire 1 line
11-01 15:36:12.306  1058  3689 I chatty  : uid=1000(system) Binder:1058_C expire 4 lines
11-01 15:36:57.456  1058  3485 I chatty  : uid=1000(system) Binder:1058_B expire 6 lines
11-01 15:39:05.282  1058  6298 I chatty  : uid=1000(system) Binder:1058_19 expire 1 line
11-01 15:40:08.504  1058  1082 I chatty  : uid=1000(system) Binder:1058_2 expire 3 lines
11-01 15:41:04.311  1058  1405 I chatty  : uid=1000(system) Binder:1058_5 expire 10 lines
11-01 15:42:36.023  1058  1164 I chatty  : uid=1000(system) ConnectivitySer expire 1 line
11-01 15:44:28.582  1058  1058 I chatty  : uid=1000 system_server expire 1 line
11-01 15:46:47.568  1058  3756 I chatty  : uid=1000(system) Binder:1058_E expire 7 lines
11-01 15:51:39.601  1058  3689 I chatty  : uid=1000(system) Binder:1058_C expire 4 lines
11-01 15:51:57.080  1058  6298 I chatty  : uid=1000(system) Binder:1058_19 expire 9 lines
11-01 15:52:36.085  1058  1164 I chatty  : uid=1000(system) ConnectivitySer expire 2 lines
11-01 15:53:00.609  1058  1058 I chatty  : uid=1000 system_server expire 2 lines
11-01 15:54:05.587  1058  3485 I chatty  : uid=1000(system) Binder:1058_B expire 1 line
11-01 15:54:06.966  1058  1091 I chatty  : uid=1000(system) android.bg expire 3 lines
11-01 15:59:05.686  1058  1082 I chatty  : uid=1000(system) Binder:1058_2 expire 4 lines
11-01 16:01:43.463  1058  1405 I chatty  : uid=1000(system) Binder:1058_5 expire 1 line
11-01 16:03:33.897  1058  1097 I chatty  : uid=1000(system) batterystats-wo expire 2 lines
11-01 16:03:44.175   836   836 I wificond: Received external scan result notification from kernel.
11-01 16:06:44.786  1058  1412 I chatty  : uid=1000(system) Binder:1058_6 expire 2 lines
11-01 16:07:06.602  1058  1157 I chatty  : uid=1000(system) NetworkStats expire 1 line
11-01 16:09:03.243  1058  6298 I chatty  : uid=1000(system) Binder:1058_19 expire 4 lines
11-01 16:09:19.526  1058  1405 I chatty  : uid=1000(system) Binder:1058_5 expire 5 lines
11-01 16:11:05.925  1058  3689 I chatty  : uid=1000(system) Binder:1058_C expire 5 lines
11-01 16:12:05.932  1058  3485 I chatty  : uid=1000(system) Binder:1058_B expire 3 lines
11-01 16:12:36.232  1058  1164 I chatty  : uid=1000(system) ConnectivitySer expire 1 line
11-01 16:14:07.104  1058  1091 I chatty  : uid=1000(system) android.bg expire 3 lines
11-01 16:14:24.464  1058  1058 I chatty  : uid=1000 system_server expire 1 line
11-01 16:15:04.992  1058  1082 I chatty  : uid=1000(system) Binder:1058_2 expire 2 lines
11-01 16:15:39.596  1058  1412 I chatty  : uid=1000(system) Binder:1058_6 expire 3 lines
11-01 16:16:39.316  1058  3756 I chatty  : uid=1000(system) Binder:1058_E expire 3 lines
11-01 16:20:59.907  1058  2742 I chatty  : uid=1000(system) Binder:1058_A expire 5 lines
11-01 16:22:36.297  1058  1164 I chatty  : uid=1000(system) ConnectivitySer expire 2 lines
11-01 16:22:41.531  1058  1091 I chatty  : uid=1000(system) android.bg expire 2 lines
11-01 16:23:00.704  1058  1058 I chatty  : uid=1000 system_server expire 2 lines
11-01 16:23:18.345  1058  3689 I chatty  : uid=1000(system) Binder:1058_C expire 8 lines
11-01 16:23:59.061  1058  3756 I chatty  : uid=1000(system) Binder:1058_E expire 4 lines
11-01 16:25:04.210  1058  6298 I chatty  : uid=1000(system) Binder:1058_19 expire 3 lines
11-01 16:25:20.511  1058  1405 I chatty  : uid=1000(system) Binder:1058_5 expire 3 lines
11-01 16:33:00.740  1058  1145 I chatty  : uid=1000(system) AlarmManager expire 1 line
11-01 16:33:33.957  1058  1097 I chatty  : uid=1000(system) batterystats-wo expire 2 lines
11-01 16:33:44.056   836   836 I wificond: Received external scan result notification from kernel.
11-01 16:33:44.185  1058  6298 I chatty  : uid=1000(system) Binder:1058_19 expire 2 lines
11-01 16:33:57.456  1058  3689 I chatty  : uid=1000(system) Binder:1058_C expire 5 lines
11-01 16:34:07.221  1058  1091 I chatty  : uid=1000(system) android.bg expire 8 lines
11-01 16:34:34.384  1058  1082 I chatty  : uid=1000(system) Binder:1058_2 expire 4 lines
11-01 16:35:05.404  1058  3756 I chatty  : uid=1000(system) Binder:1058_E expire 4 lines
11-01 16:37:26.604  1058  1157 I chatty  : uid=1000(system) NetworkStats expire 2 lines
11-01 16:37:39.600  1058  5639 I chatty  : uid=1000(system) Binder:1058_16 expire 4 lines
11-01 16:38:05.474  1058  1405 I chatty  : uid=1000(system) Binder:1058_5 expire 3 lines
11-01 16:40:24.639  1058  2742 I chatty  : uid=1000(system) Binder:1058_A expire 1 line
11-01 16:41:33.920  1058  1058 I chatty  : uid=1000 system_server expire 1 line
11-01 16:42:36.444  1058  1164 I chatty  : uid=1000(system) ConnectivitySer expire 1 line
11-01 16:43:10.848  1058  1145 I chatty  : uid=1000(system) AlarmManager expire 2 lines
11-01 16:43:39.599  1058  1405 I chatty  : uid=1000(system) Binder:1058_5 expire 4 lines
11-01 16:44:37.174  1058  3756 I chatty  : uid=1000(system) Binder:1058_E expire 4 lines
11-01 16:45:16.015  1058  1058 I chatty  : uid=1000 system_server expire 3 lines
11-01 16:45:34.188  1058  5639 I chatty  : uid=1000(system) Binder:1058_16 expire 3 lines
11-01 16:46:39.363  1058  2742 I chatty  : uid=1000(system) Binder:1058_A expire 7 lines
11-01 16:47:36.384  1058  1412 I chatty  : uid=1000(system) Binder:1058_6 expire 6 lines
11-01 16:50:19.304  1058  6298 I chatty  : uid=1000(system) Binder:1058_19 expire 1 line
11-01 16:50:35.603  1058  1082 I chatty  : uid=1000(system) Binder:1058_2 expire 2 lines
11-01 16:52:36.518  1058  1164 I chatty  : uid=1000(system) ConnectivitySer expire 2 lines
11-01 16:52:45.925  1058  3756 I chatty  : uid=1000(system) Binder:1058_E expire 1 line
11-01 16:53:05.780  1058  5639 I chatty  : uid=1000(system) Binder:1058_16 expire 2 lines
11-01 16:53:59.235  1058  3485 I chatty  : uid=1000(system) Binder:1058_B expire 9 lines
11-01 16:54:07.454  1058  1091 I chatty  : uid=1000(system) android.bg expire 3 lines
11-01 16:54:23.658  1058  2742 I chatty  : uid=1000(system) Binder:1058_A expire 2 lines
11-01 16:57:05.859  1058  1786 I chatty  : uid=1000(system) Binder:1058_8 expire 8 lines
11-01 16:57:52.640  1058  1058 I chatty  : uid=1000 system_server expire 1 line
11-01 16:59:33.238  1058  1405 I chatty  : uid=1000(system) Binder:1058_5 expire 2 lines
11-01 17:01:19.141  1058  6298 I chatty  : uid=1000(system) Binder:1058_19 expire 5 lines
11-01 17:03:33.966  1058  1097 I chatty  : uid=1000(system) batterystats-wo expire 2 lines
11-01 17:03:37.626  1058  5639 I chatty  : uid=1000(system) Binder:1058_16 expire 7 lines
11-01 17:03:44.141   836   836 I wificond: Received external scan result notification from kernel.
11-01 17:03:53.924  1058  3485 I chatty  : uid=1000(system) Binder:1058_B expire 3 lines
11-01 17:05:23.542  1058  1082 I chatty  : uid=1000(system) Binder:1058_2 expire 2 lines
11-01 17:05:39.599  1058  1786 I chatty  : uid=1000(system) Binder:1058_8 expire 4 lines
11-01 17:06:20.563  1058  1405 I chatty  : uid=1000(system) Binder:1058_5 expire 3 lines
11-01 17:07:26.616  1058  1058 I chatty  : uid=1000 system_server expire 3 lines
11-01 17:07:26.636  1058  1157 I chatty  : uid=1000(system) NetworkStats expire 1 line
11-01 17:08:46.689  1058  1091 I chatty  : uid=1000(system) android.bg expire 1 line
11-01 17:10:33.100  1058  1243 I chatty  : uid=1000(system) Binder:1058_3 expire 8 lines
11-01 17:11:13.825  1058  2742 I chatty  : uid=1000(system) Binder:1058_A expire 7 lines
11-01 17:12:18.983  1058  1082 I chatty  : uid=1000(system) Binder:1058_2 expire 7 lines
11-01 17:12:35.277  1058  1405 I chatty  : uid=1000(system) Binder:1058_5 expire 3 lines
11-01 17:12:36.651  1058  1164 I chatty  : uid=1000(system) ConnectivitySer expire 1 line
11-01 17:12:51.566  1058  3485 I chatty  : uid=1000(system) Binder:1058_B expire 4 lines
11-01 17:14:07.214  1058  5639 I chatty  : uid=1000(system) Binder:1058_16 expire 2 lines
11-01 17:14:07.587  1058  1091 I chatty  : uid=1000(system) android.bg expire 2 lines
11-01 17:18:33.675  1058  1786 I chatty  : uid=1000(system) Binder:1058_8 expire 4 lines
11-01 17:21:08.442  1058  1082 I chatty  : uid=1000(system) Binder:1058_2 expire 5 lines
11-01 17:21:39.589  1058  1243 I chatty  : uid=1000(system) Binder:1058_3 expire 3 lines
11-01 17:21:57.455  1058  5639 I chatty  : uid=1000(system) Binder:1058_16 expire 11 lines
11-01 17:22:26.615  1058  1058 I chatty  : uid=1000 system_server expire 1 line
11-01 17:22:36.729  1058  1164 I chatty  : uid=1000(system) ConnectivitySer expire 1 line
11-01 17:23:02.487  1058  3485 I chatty  : uid=1000(system) Binder:1058_B expire 2 lines
11-01 17:24:21.752  1058  1091 I chatty  : uid=1000(system) android.bg expire 1 line
11-01 17:27:57.455  1058  2742 I chatty  : uid=1000(system) Binder:1058_A expire 3 lines
11-01 17:28:07.506  1058  1405 I chatty  : uid=1000(system) Binder:1058_5 expire 5 lines
11-01 17:31:19.423  1058  1786 I chatty  : uid=1000(system) Binder:1058_8 expire 3 lines
11-01 17:31:35.707  1058  3485 I chatty  : uid=1000(system) Binder:1058_B expire 3 lines
11-01 17:31:52.010  1058  4019 I chatty  : uid=1000(system) Binder:1058_10 expire 4 lines
11-01 17:32:24.589  1058  5639 I chatty  : uid=1000(system) Binder:1058_16 expire 6 lines
11-01 17:32:36.810  1058  1164 I chatty  : uid=1000(system) ConnectivitySer expire 1 line
11-01 17:33:33.966  1058  1097 I chatty  : uid=1000(system) batterystats-wo expire 2 lines
11-01 17:33:42.762  1058  1085 I chatty  : uid=1000(system) android.io expire 2 lines
11-01 17:33:44.049   836   836 I wificond: Received external scan result notification from kernel.
11-01 17:33:44.168  1058  3756 I chatty  : uid=1000(system) Binder:1058_E expire 1 line
11-01 17:34:07.733  1058  1091 I chatty  : uid=1000(system) android.bg expire 4 lines
11-01 17:35:01.748  1058  1058 I chatty  : uid=1000 system_server expire 2 lines
11-01 17:37:46.646  1058  1157 I chatty  : uid=1000(system) NetworkStats expire 1 line
11-01 17:37:58.604  1058  6298 I chatty  : uid=1000(system) Binder:1058_19 expire 4 lines
11-01 17:38:14.901  1058  1405 I chatty  : uid=1000(system) Binder:1058_5 expire 2 lines
11-01 17:38:31.196  1058  3485 I chatty  : uid=1000(system) Binder:1058_B expire 8 lines
11-01 17:39:39.598  1058  5639 I chatty  : uid=1000(system) Binder:1058_16 expire 5 lines
11-01 17:40:06.736  1058  4019 I chatty  : uid=1000(system) Binder:1058_10 expire 2 lines
11-01 17:40:17.282  1058  1145 I chatty  : uid=1000(system) AlarmManager expire 3 lines
11-01 17:42:27.514  1058  1058 I chatty  : uid=1000 system_server expire 2 lines
11-01 17:42:36.873  1058  1164 I chatty  : uid=1000(system) ConnectivitySer expire 1 line
11-01 17:42:41.784  1058  1092 I chatty  : uid=1000(system) ActivityManager expire 1 line
11-01 17:42:51.829  1058  1091 I chatty  : uid=1000(system) android.bg expire 1 line
11-01 17:43:04.615  1058  3756 I chatty  : uid=1000(system) Binder:1058_E expire 1 line
11-01 17:44:45.900  1058  1786 I chatty  : uid=1000(system) Binder:1058_8 expire 5 lines
11-01 17:47:06.882  1058  1405 I chatty  : uid=1000(system) Binder:1058_5 expire 6 lines
11-01 17:47:36.983  1058  4019 I chatty  : uid=1000(system) Binder:1058_10 expire 7 lines
11-01 17:48:51.579  1058  1058 I chatty  : uid=1000 system_server expire 4 lines
11-01 17:51:06.960  1058  3485 I chatty  : uid=1000(system) Binder:1058_B expire 5 lines
11-01 17:52:36.949  1058  1164 I chatty  : uid=1000(system) ConnectivitySer expire 1 line
11-01 17:53:19.836  1058  1092 I chatty  : uid=1000(system) ActivityManager expire 1 line
11-01 17:53:29.885  1058  1091 I chatty  : uid=1000(system) android.bg expire 3 lines
11-01 17:57:57.457  1058  3756 I chatty  : uid=1000(system) Binder:1058_E expire 4 lines
11-01 17:58:08.113  1058  4019 I chatty  : uid=1000(system) Binder:1058_10 expire 3 lines
11-01 17:58:44.963  1058  3485 I chatty  : uid=1000(system) Binder:1058_B expire 3 lines
11-01 17:59:07.123  1058  1786 I chatty  : uid=1000(system) Binder:1058_8 expire 6 lines
11-01 18:01:27.880  1058  1405 I chatty  : uid=1000(system) Binder:1058_5 expire 1 line
11-01 18:01:39.601  1058  6298 I chatty  : uid=1000(system) Binder:1058_19 expire 6 lines
11-01 18:01:52.304  1058  5639 I chatty  : uid=1000(system) Binder:1058_16 expire 3 lines
11-01 18:02:37.044  1058  1164 I chatty  : uid=1000(system) ConnectivitySer expire 1 line
11-01 18:03:33.948  1058  1097 I chatty  : uid=1000(system) batterystats-wo expire 2 lines
11-01 18:03:44.353   836   836 I wificond: Received external scan result notification from kernel.
11-01 18:07:23.647  1058  1058 I chatty  : uid=1000 system_server expire 1 line
11-01 18:08:06.692  1058  1157 I chatty  : uid=1000(system) NetworkStats expire 2 lines
11-01 18:10:08.350  1058  3756 I chatty  : uid=1000(system) Binder:1058_E expire 5 lines
11-01 18:12:08.388  1058  1405 I chatty  : uid=1000(system) Binder:1058_5 expire 1 line
11-01 18:12:37.122  1058  1164 I chatty  : uid=1000(system) ConnectivitySer expire 2 lines
11-01 18:12:57.456  1058  5639 I chatty  : uid=1000(system) Binder:1058_16 expire 7 lines
11-01 18:13:08.414  1058  1082 I chatty  : uid=1000(system) Binder:1058_2 expire 2 lines
11-01 18:13:39.600  1058  6298 I chatty  : uid=1000(system) Binder:1058_19 expire 6 lines
11-01 18:14:07.423  1058  3485 I chatty  : uid=1000(system) Binder:1058_B expire 3 lines
11-01 18:14:08.114  1058  1091 I chatty  : uid=1000(system) android.bg expire 2 lines
11-01 18:17:23.680  1058  1058 I chatty  : uid=1000 system_server expire 2 lines
11-01 18:18:08.511  1058  4019 I chatty  : uid=1000(system) Binder:1058_10 expire 4 lines
11-01 18:23:39.599  1058  5639 I chatty  : uid=1000(system) Binder:1058_16 expire 2 lines
11-01 18:24:57.457  1058  6298 I chatty  : uid=1000(system) Binder:1058_19 expire 9 lines
11-01 18:27:23.714  1058  1058 I chatty  : uid=1000 system_server expire 2 lines
11-01 18:29:08.746  1058  3756 I chatty  : uid=1000(system) Binder:1058_E expire 4 lines
11-01 18:29:58.415  1058  1082 I chatty  : uid=1000(system) Binder:1058_2 expire 4 lines
11-01 18:31:07.775  1058  3485 I chatty  : uid=1000(system) Binder:1058_B expire 2 lines
11-01 18:32:21.960  1058  1091 I chatty  : uid=1000(system) android.bg expire 3 lines
11-01 18:32:37.295  1058  1164 I chatty  : uid=1000(system) ConnectivitySer expire 1 line
11-01 18:33:33.965  1058  1097 I chatty  : uid=1000(system) batterystats-wo expire 2 lines
11-01 18:33:44.364   836   836 I wificond: Received external scan result notification from kernel.
11-01 18:35:39.597  1058  1405 I chatty  : uid=1000(system) Binder:1058_5 expire 4 lines
11-01 18:36:29.923  1058  1157 I chatty  : uid=1000(system) NetworkStats expire 1 line
11-01 18:36:57.456  1058  1082 I chatty  : uid=1000(system) Binder:1058_2 expire 5 lines
11-01 18:37:07.889  1058  6298 I chatty  : uid=1000(system) Binder:1058_19 expire 2 lines
11-01 18:37:23.747  1058  1058 I chatty  : uid=1000 system_server expire 5 lines
11-01 18:37:33.816  1058  1145 I chatty  : uid=1000(system) AlarmManager expire 2 lines
11-01 18:38:26.731  1058  5639 I chatty  : uid=1000(system) Binder:1058_16 expire 3 lines
11-01 18:41:07.969  1058  3485 I chatty  : uid=1000(system) Binder:1058_B expire 5 lines
11-01 18:42:37.369  1058  1164 I chatty  : uid=1000(system) ConnectivitySer expire 1 line
11-01 18:42:57.447  1058  3756 I chatty  : uid=1000(system) Binder:1058_E expire 3 lines
11-01 18:45:29.030  1058  1091 I chatty  : uid=1000(system) android.bg expire 4 lines
11-01 18:49:08.132  1058  1082 I chatty  : uid=1000(system) Binder:1058_2 expire 8 lines
11-01 18:50:09.162  1058  3485 I chatty  : uid=1000(system) Binder:1058_B expire 4 lines
11-01 18:52:08.192  1058  3756 I chatty  : uid=1000(system) Binder:1058_E expire 4 lines
11-01 18:52:37.447  1058  1164 I chatty  : uid=1000(system) ConnectivitySer expire 2 lines
11-01 18:54:35.100  1058  1145 I chatty  : uid=1000(system) AlarmManager expire 1 line
11-01 18:55:08.251  1058  5639 I chatty  : uid=1000(system) Binder:1058_16 expire 1 line
11-01 18:57:08.012  1058  1058 I chatty  : uid=1000 system_server expire 1 line
11-01 18:57:56.246  1058  4019 I chatty  : uid=1000(system) Binder:1058_10 expire 3 lines
11-01 19:00:08.361  1058  6298 I chatty  : uid=1000(system) Binder:1058_19 expire 4 lines
11-01 19:03:34.029  1058  1097 I chatty  : uid=1000(system) batterystats-wo expire 2 lines
11-01 19:03:40.832  1058  1082 I chatty  : uid=1000(system) Binder:1058_2 expire 8 lines
11-01 19:03:44.451   836   836 I wificond: Received external scan result notification from kernel.
11-01 19:03:44.567  1058  3485 I chatty  : uid=1000(system) Binder:1058_B expire 5 lines
11-01 19:04:08.429  1058  6298 I chatty  : uid=1000(system) Binder:1058_19 expire 5 lines
11-01 19:04:35.140  1058  1058 I chatty  : uid=1000 system_server expire 1 line
11-01 19:06:57.444  1058  5639 I chatty  : uid=1000(system) Binder:1058_16 expire 4 lines
11-01 19:07:39.599  1058  3756 I chatty  : uid=1000(system) Binder:1058_E expire 3 lines
11-01 19:08:46.755  1058  1157 I chatty  : uid=1000(system) NetworkStats expire 2 lines
11-01 19:09:18.108  1058  1091 I chatty  : uid=1000(system) android.bg expire 1 line
11-01 19:12:37.570  1058  1164 I chatty  : uid=1000(system) ConnectivitySer expire 2 lines
11-01 19:13:39.600  1058  1082 I chatty  : uid=1000(system) Binder:1058_2 expire 6 lines
11-01 19:14:05.427  1058  1405 I chatty  : uid=1000(system) Binder:1058_5 expire 5 lines
11-01 19:14:35.166  1058  1058 I chatty  : uid=1000 system_server expire 2 lines
11-01 19:15:08.326  1058  1091 I chatty  : uid=1000(system) android.bg expire 3 lines
11-01 19:15:08.661  1058  3485 I chatty  : uid=1000(system) Binder:1058_B expire 5 lines
11-01 19:15:39.599  1058  6298 I chatty  : uid=1000(system) Binder:1058_19 expire 3 lines
11-01 19:15:57.456  1058  3756 I chatty  : uid=1000(system) Binder:1058_E expire 2 lines
11-01 19:18:57.456  1058  4019 I chatty  : uid=1000(system) Binder:1058_10 expire 3 lines
11-01 19:24:35.199  1058  1145 I chatty  : uid=1000(system) AlarmManager expire 1 line
11-01 19:25:08.861  1058  1082 I chatty  : uid=1000(system) Binder:1058_2 expire 7 lines
11-01 19:25:21.463  1058  6298 I chatty  : uid=1000(system) Binder:1058_19 expire 6 lines
11-01 19:26:08.882  1058  1405 I chatty  : uid=1000(system) Binder:1058_5 expire 1 line
11-01 19:26:34.762  1058  3756 I chatty  : uid=1000(system) Binder:1058_E expire 1 line
11-01 19:27:39.601  1058  4019 I chatty  : uid=1000(system) Binder:1058_10 expire 1 line
11-01 19:28:08.925  1058  1786 I chatty  : uid=1000(system) Binder:1058_8 expire 5 lines
11-01 19:28:20.641  1058  5639 I chatty  : uid=1000(system) Binder:1058_16 expire 5 lines
11-01 19:29:57.127  1058  1058 I chatty  : uid=1000 system_server expire 1 line
11-01 19:30:07.178  1058  1091 I chatty  : uid=1000(system) android.bg expire 1 line
11-01 19:32:37.725  1058  1164 I chatty  : uid=1000(system) ConnectivitySer expire 1 line
11-01 19:33:09.038  1058  3485 I chatty  : uid=1000(system) Binder:1058_B expire 1 line
11-01 19:33:34.071  1058  1097 I chatty  : uid=1000(system) batterystats-wo expire 2 lines
11-01 19:33:44.312   836   836 I wificond: Received external scan result notification from kernel.
11-01 19:33:44.439  1058  4019 I chatty  : uid=1000(system) Binder:1058_10 expire 3 lines
11-01 19:34:08.926  1058  5639 I chatty  : uid=1000(system) Binder:1058_16 expire 4 lines
11-01 19:34:18.965  1058  3756 I chatty  : uid=1000(system) Binder:1058_E expire 2 lines
11-01 19:34:35.244  1058  1145 I chatty  : uid=1000(system) AlarmManager expire 1 line
11-01 19:34:59.683  1058  1405 I chatty  : uid=1000(system) Binder:1058_5 expire 2 lines
11-01 19:35:08.717  1058  1091 I chatty  : uid=1000(system) android.bg expire 2 lines
11-01 19:35:10.156  1058  1786 I chatty  : uid=1000(system) Binder:1058_8 expire 5 lines
11-01 19:35:27.795  1058  1058 I chatty  : uid=1000 system_server expire 1 line
11-01 19:35:56.703  1058  6298 I chatty  : uid=1000(system) Binder:1058_19 expire 3 lines
11-01 19:38:23.303  1058  1082 I chatty  : uid=1000(system) Binder:1058_2 expire 1 line
11-01 19:38:39.600  1058  2742 I chatty  : uid=1000(system) Binder:1058_A expire 3 lines
11-01 19:39:06.806  1058  1157 I chatty  : uid=1000(system) NetworkStats expire 2 lines
11-01 19:41:09.192  1058  3485 I chatty  : uid=1000(system) Binder:1058_B expire 7 lines
11-01 19:41:39.587  1058  2742 I chatty  : uid=1000(system) Binder:1058_A expire 1 line
11-01 19:41:55.065  1058  4019 I chatty  : uid=1000(system) Binder:1058_10 expire 4 lines
11-01 19:42:09.220  1058  5639 I chatty  : uid=1000(system) Binder:1058_16 expire 10 lines
11-01 19:42:19.501  1058  3756 I chatty  : uid=1000(system) Binder:1058_E expire 1 line
11-01 19:42:37.788  1058  1164 I chatty  : uid=1000(system) ConnectivitySer expire 1 line
11-01 19:44:21.665  1058  1082 I chatty  : uid=1000(system) Binder:1058_2 expire 1 line
11-01 19:44:35.274  1058  1058 I chatty  : uid=1000 system_server expire 2 lines
11-01 19:44:45.349  1058  1145 I chatty  : uid=1000(system) AlarmManager expire 3 lines
11-01 19:46:58.235  1058  1091 I chatty  : uid=1000(system) android.bg expire 4 lines
11-01 19:48:42.282  1058  3485 I chatty  : uid=1000(system) Binder:1058_B expire 3 lines
11-01 19:49:39.285  1058  4019 I chatty  : uid=1000(system) Binder:1058_10 expire 4 lines
11-01 19:50:09.374  1058  5639 I chatty  : uid=1000(system) Binder:1058_16 expire 8 lines
11-01 19:50:44.442  1058  1082 I chatty  : uid=1000(system) Binder:1058_2 expire 3 lines
11-01 19:51:25.163  1058  6298 I chatty  : uid=1000(system) Binder:1058_19 expire 2 lines
11-01 19:51:39.600  1058  1243 I chatty  : uid=1000(system) Binder:1058_3 expire 6 lines
11-01 19:52:37.852  1058  1164 I chatty  : uid=1000(system) ConnectivitySer expire 1 line
11-01 19:55:57.206  1058  1058 I chatty  : uid=1000 system_server expire 2 lines
11-01 19:57:56.083  1058  5639 I chatty  : uid=1000(system) Binder:1058_16 expire 8 lines
11-01 19:59:01.235  1058  2742 I chatty  : uid=1000(system) Binder:1058_A expire 1 line
11-01 20:00:06.401  1058  1786 I chatty  : uid=1000(system) Binder:1058_8 expire 5 lines
11-01 20:00:57.455  1058  6298 I chatty  : uid=1000(system) Binder:1058_19 expire 4 lines
11-01 20:01:09.601  1058  1243 I chatty  : uid=1000(system) Binder:1058_3 expire 3 lines
11-01 20:01:46.667  1058  1145 I chatty  : uid=1000(system) AlarmManager expire 1 line
11-01 20:02:37.915  1058  1164 I chatty  : uid=1000(system) ConnectivitySer expire 1 line
11-01 20:03:34.082  1058  1097 I chatty  : uid=1000(system) batterystats-wo expire 2 lines
11-01 20:03:44.438   836   836 I wificond: Received external scan result notification from kernel.
11-01 20:04:09.133  1058  1082 I chatty  : uid=1000(system) Binder:1058_2 expire 1 line
11-01 20:06:17.130  1058  1148 I chatty  : uid=1000(system) InputReader expire 1 line
11-01 20:06:17.133  1058  1101 I chatty  : uid=1000(system) PowerManagerSer expire 5 lines
11-01 20:06:17.162  1058  1086 I chatty  : uid=1000(system) android.display expire 5 lines
11-01 20:06:17.188  1058  1082 I chatty  : uid=1000(system) Binder:1058_2 expire 6 lines
11-01 20:06:17.230  1058  3485 I chatty  : uid=1000(system) Binder:1058_B expire 1 line
11-01 20:06:17.687  1058  5639 I chatty  : uid=1000(system) Binder:1058_16 expire 1 line
11-01 20:06:17.698  1058  1084 I chatty  : uid=1000(system) android.ui expire 5 lines
11-01 20:06:17.818  1058  6298 I chatty  : uid=1000(system) Binder:1058_19 expire 4 lines
11-01 20:06:18.100  1058  1164 I chatty  : uid=1000(system) ConnectivitySer expire 2 lines
11-01 20:06:18.165  1058  1405 I chatty  : uid=1000(system) Binder:1058_5 expire 1 line
11-01 20:06:18.237  1058  7808 I chatty  : uid=1000(system) Binder:1058_1A expire 1 line
11-01 20:06:18.248  1058  3689 I chatty  : uid=1000(system) Binder:1058_C expire 1 line
11-01 20:06:18.279  1058  1243 I chatty  : uid=1000(system) Binder:1058_3 expire 5 lines
11-01 20:06:18.302  1058  1086 I chatty  : uid=1000(system) android.display expire 8 lines
11-01 20:06:18.335  1058 18278 I chatty  : uid=1000 system_server expire 2 lines
11-01 20:06:18.346  1058 18284 I chatty  : uid=1000 system_server expire 1 line
11-01 20:06:18.399  1058  1101 I chatty  : uid=1000(system) PowerManagerSer expire 2 lines
11-01 20:06:18.402  1058  1084 I chatty  : uid=1000(system) android.ui expire 2 lines
11-01 20:06:18.438  1058  1405 I chatty  : uid=1000(system) Binder:1058_5 expire 1 line
11-01 20:06:18.603  1058  6298 I chatty  : uid=1000(system) Binder:1058_19 expire 2 lines
11-01 20:06:19.199  1058  1164 I chatty  : uid=1000(system) ConnectivitySer expire 2 lines
11-01 20:06:21.094  1058  1751 I chatty  : uid=1000(system) LazyTaskWriterT expire 1 line
11-01 20:06:23.232  1058  5639 I chatty  : uid=1000(system) Binder:1058_16 expire 1 line
11-01 20:06:23.418  1058  4019 I chatty  : uid=1000(system) Binder:1058_10 expire 1 line
11-01 20:06:23.450  1058  1412 I chatty  : uid=1000(system) Binder:1058_6 expire 3 lines
11-01 20:06:24.203  1058  1084 I chatty  : uid=1000(system) android.ui expire 6 lines
11-01 20:06:24.310  1058  7808 I chatty  : uid=1000(system) Binder:1058_1A expire 2 lines
11-01 20:06:24.808  1058  3756 I chatty  : uid=1000(system) Binder:1058_E expire 1 line
11-01 20:06:24.843  1058  1086 I chatty  : uid=1000(system) android.display expire 9 lines
11-01 20:06:24.859  1058  1164 I chatty  : uid=1000(system) ConnectivitySer expire 3 lines
11-01 20:06:24.913  1058  4019 I chatty  : uid=1000(system) Binder:1058_10 expire 2 lines
11-01 20:06:24.915  1058  3485 I chatty  : uid=1000(system) Binder:1058_B expire 1 line
11-01 20:06:24.932  1058  6298 I chatty  : uid=1000(system) Binder:1058_19 expire 6 lines
11-01 20:06:26.469  1058  1786 I chatty  : uid=1000(system) Binder:1058_8 expire 1 line
11-01 20:06:27.798  1058  1751 I chatty  : uid=1000(system) LazyTaskWriterT expire 3 lines
11-01 20:06:33.344  1058  1164 I chatty  : uid=1000(system) ConnectivitySer expire 3 lines
11-01 20:06:37.196  1058  1157 I chatty  : uid=1000(system) NetworkStats expire 2 lines
11-01 20:06:40.815  1058  1243 I chatty  : uid=1000(system) Binder:1058_3 expire 1 line
11-01 20:06:40.847  1058  1086 I chatty  : uid=1000(system) android.display expire 2 lines
11-01 20:06:40.855  1058  1405 I chatty  : uid=1000(system) Binder:1058_5 expire 1 line
11-01 20:06:41.791  1058  1412 I chatty  : uid=1000(system) Binder:1058_6 expire 1 line
11-01 20:06:41.851  1058  3756 I chatty  : uid=1000(system) Binder:1058_E expire 2 lines
11-01 20:06:41.887  1058  1092 I chatty  : uid=1000(system) ActivityManager expire 1 line
11-01 20:06:42.179  1058  1104 I chatty  : uid=1000(system) PackageManager expire 2 lines
11-01 20:06:42.197  1058  1058 I chatty  : uid=1000 system_server expire 2 lines
11-01 20:06:42.252  1058  1093 I chatty  : uid=1000(system) ActivityManager expire 3 lines
11-01 20:06:42.275  1058  1091 I chatty  : uid=1000(system) android.bg expire 2 lines
11-01 20:06:42.611  1058  5639 I chatty  : uid=1000(system) Binder:1058_16 expire 1 line
11-01 20:06:42.685  1058 18522 I chatty  : uid=1000(system) Binder:1058_1B expire 2 lines
11-01 20:06:42.723  1058  7808 I chatty  : uid=1000(system) Binder:1058_1A expire 2 lines
11-01 20:06:52.221  1058  1145 I chatty  : uid=1000(system) AlarmManager expire 1 line
11-01 20:06:57.282  1058  5639 I chatty  : uid=1000(system) Binder:1058_16 expire 4 lines
11-01 20:07:04.816  1058  1660 I chatty  : uid=1000(system) AdbDebuggingMan expire 2 lines
11-01 20:07:04.817  1058  1083 I chatty  : uid=1000(system) android.fg expire 4 lines
11-01 20:07:04.859  1058  1405 I chatty  : uid=1000(system) Binder:1058_5 expire 1 line
11-01 20:07:04.877  1058  1093 I chatty  : uid=1000(system) ActivityManager expire 2 lines
11-01 20:07:04.925  1058  1058 I chatty  : uid=1000 system_server expire 1 line
11-01 20:07:04.962  1058 18522 I chatty  : uid=1000(system) Binder:1058_1B expire 2 lines
11-01 20:07:05.075  1058  5382 I chatty  : uid=1000(system) Binder:1058_15 expire 1 line
11-01 20:07:06.006  1058  1101 I chatty  : uid=1000(system) PowerManagerSer expire 2 lines
11-01 20:07:09.009  1058  5679 I chatty  : uid=1000(system) Binder:1058_17 expire 2 lines
11-01 20:07:09.361  1058  1086 I chatty  : uid=1000(system) android.display expire 2 lines
11-01 20:07:09.374  1058  1164 I chatty  : uid=1000(system) ConnectivitySer expire 6 lines
11-01 20:07:09.551  1058  1086 I chatty  : uid=1000(system) android.display expire 7 lines
11-01 20:07:09.605  1058  5679 I chatty  : uid=1000(system) Binder:1058_17 expire 1 line
11-01 20:07:09.617  1058  5639 I chatty  : uid=1000(system) Binder:1058_16 expire 2 lines
11-01 20:07:09.661  1058 18522 I chatty  : uid=1000(system) Binder:1058_1B expire 1 line
11-01 20:07:09.709  1058  4946 I chatty  : uid=1000(system) Binder:1058_14 expire 2 lines
11-01 20:07:12.284  1058  1751 I chatty  : uid=1000(system) LazyTaskWriterT expire 1 line
11-01 20:07:36.061  1058  1093 I chatty  : uid=1000(system) ActivityManager expire 1 line
11-01 20:07:36.314  1058  1104 I chatty  : uid=1000(system) PackageManager expire 21 lines
11-01 20:07:36.602  1058  1058 I chatty  : uid=1000 system_server expire 4 lines
11-01 20:07:36.604  1058  1091 I chatty  : uid=1000(system) android.bg expire 2 lines
11-01 20:07:36.609  1058  1092 I chatty  : uid=1000(system) ActivityManager expire 1 line
11-01 20:07:36.619  1058  5382 I chatty  : uid=1000(system) Binder:1058_15 expire 1 line
11-01 20:07:36.667  1058  1093 I chatty  : uid=1000(system) ActivityManager expire 7 lines
11-01 20:07:36.700  1058  3689 I chatty  : uid=1000(system) Binder:1058_C expire 1 line
11-01 20:07:36.769  1058  1405 I chatty  : uid=1000(system) Binder:1058_5 expire 3 lines
11-01 20:07:36.945  1058  1091 I chatty  : uid=1000(system) android.bg expire 1 line
11-01 20:07:36.970  1058  1058 I chatty  : uid=1000 system_server expire 1 line
11-01 20:07:36.987  1058  3689 I chatty  : uid=1000(system) Binder:1058_C expire 1 line
11-01 20:07:38.292  1058 18824 I chatty  : uid=1000 system_server expire 1 line
11-01 20:07:38.295  1058 18825 I chatty  : uid=1000 system_server expire 1 line
11-01 20:07:38.298  1058  1099 I chatty  : uid=1000(system) FileObserver expire 2 lines
11-01 20:07:38.304  1058  1081 I chatty  : uid=1000(system) Binder:1058_1 expire 1 line
11-01 20:07:38.333  1058  1786 I chatty  : uid=1000(system) Binder:1058_8 expire 1 line
11-01 20:07:38.795  1058  1086 I chatty  : uid=1000(system) android.display expire 6 lines
11-01 20:07:38.859  1058  3756 I chatty  : uid=1000(system) Binder:1058_E expire 1 line
11-01 20:07:38.904  1058  1164 I chatty  : uid=1000(system) ConnectivitySer expire 2 lines
11-01 20:07:39.001  1058  4946 I chatty  : uid=1000(system) Binder:1058_14 expire 2 lines
11-01 20:07:39.015  1058  5679 I chatty  : uid=1000(system) Binder:1058_17 expire 2 lines
11-01 20:07:39.034  1058  3810 I chatty  : uid=1000(system) Binder:1058_F expire 1 line
11-01 20:07:39.058  1058  6293 I chatty  : uid=1000(system) Binder:1058_18 expire 1 line
11-01 20:07:39.072  1058  1356 I chatty  : uid=1000(system) Binder:1058_4 expire 2 lines
11-01 20:07:39.175  1058  1086 I chatty  : uid=1000(system) android.display expire 4 lines
