--------- beginning of tracking
11-02 07:38:29.751   738   738 I SensorService: Syncboss hal version: v2.12.1. Built Aug  5 2021 15:00:52 by twsvcscm@sandcastle2327.. SHA: 3b657bf8d484
11-02 07:38:29.751   738   738 D SensorService: ControllerProvider()
11-02 07:38:29.751   738   738 I HollywoodCameraProvider: Starting HollywoodCameraProvider SensorService
11-02 07:38:29.751   738   738 I HollywoodCameraProvider: Creating Camera Hal, requesting 11 buffers per camera
11-02 07:38:30.109   738   738 I CameraStream: [HEADSET] Creating ICameraStream type HEADSET
11-02 07:38:30.112   738   738 I CameraStream: [CONTROLLER] Creating ICameraStream type CONTROLLER
11-02 07:38:30.114   738   738 I CameraStream: [HAND] Creating ICameraStream type HAND
11-02 07:38:30.246   738   738 I SyncBossHAL: [info   ] syncboss_hal_impl_android_driver.c(546): Failed to read system property vendor.syncbosshal.uart_path. Using default "/dev/ttyHS14".
11-02 07:38:30.261   738   738 I SyncBossHAL: [info   ] syncboss_hal_impl_android_driver.c(480): Starting logging thread from UART path /dev/ttyHS14
11-02 07:38:30.262   738   738 I         : [info   ] (0): Successfully loaded telmetry library (v11.0)
11-02 07:38:30.273   738   738 I SyncBossHAL: [info   ] syncboss_hal_impl_common.c(176): Detected firmware version: v2.12.0. Built Jul 30 2021 17:19:08 by twsvcscm@sandcastle1332. with cc 4.8.5. Git SHA 1079d9069281
11-02 07:38:30.277   738   980 I SyncBossFW:      50 [info   ] {APPI}: Disabling prox sensor
11-02 07:38:30.277   738   980 I SyncBossFW:      50 [info   ] {WAKE}: Disabling prox wakeup
11-02 07:38:30.287   738   980 I SyncBossFW:      61 [info   ] {APPI}: Found 0 connected pulsar devices
11-02 07:38:30.926   738   738 I SyncBossHAL: [info   ] syncboss_hal_prox.c(42): Reporting prox event: system_down
11-02 07:38:30.931   833   833 D CameraMuxModeMonitor: Connecting to 'cameramuxmodeservice'
11-02 07:38:30.938   738   738 I SensorService: Oculus SyncBoss sensor HAL ready.
11-02 07:38:31.033   833   833 D CameraMuxModeMonitor: Connected to 'cameramuxmodeservice'
11-02 07:38:33.860   738   738 W libsensorscommon: doubletap: unregisterDirect called but not supported
11-02 07:38:34.104   833   833 I TrackingService: Using input path: system
11-02 07:38:34.218   738   738 I SyncBossHAL: [info   ] syncboss_hal_impl_android_driver.c(546): Failed to read system property vendor.syncbosshal.uart_path. Using default "/dev/ttyHS14".
11-02 07:38:34.221   738   738 I SyncBossHAL: [info   ] syncboss_hal_impl_android_driver.c(480): Starting logging thread from UART path /dev/ttyHS14
11-02 07:38:34.222   738   738 I         : [info   ] (0): Successfully loaded telmetry library (v11.0)
11-02 07:38:34.224   738  1166 E SyncBossFW: ý
11-02 07:38:34.232   738   738 I SyncBossHAL: [info   ] syncboss_hal_impl_common.c(176): Detected firmware version: v2.12.0. Built Jul 30 2021 17:19:08 by twsvcscm@sandcastle1332. with cc 4.8.5. Git SHA 1079d9069281
11-02 07:38:34.234   738  1166 E SyncBossFW: 7G÷îØge
11-02 07:38:34.234   738  1166 E SyncBossFW:       7 [info   ] {BSP }: Setting prox config version to 1
11-02 07:38:34.234   738  1166 E SyncBossFW:       8 [info   ] {APPI}: prox_set_calibration called. on: 46, off: 32, cancellation: 57
11-02 07:38:34.234   738  1166 E SyncBossFW:       8 [info   ] {VCNL}: Setting prox config: on: 46, off: 32, canc: 57
11-02 07:38:34.234   738  1166 E SyncBossFW:       9 [info   ] {APPI}:
11-02 07:38:34.234   738  1166 E SyncBossFW:  Enabling prox sensor
11-02 07:38:34.234   738  1166 E SyncBossFW:       9 [info   ] {WAKE}: Enabling prox wakeup
11-02 07:38:34.234   738  1166 E SyncBossFW:      10 [info   ] {VCNL}: Setting prox config: on: 46, off: 32, canc: 57
11-02 07:38:34.244   738  1166 I SyncBossFW:      20 [info   ] {APPI}: Found 0 connected pulsar devices
11-02 07:38:34.616   738  1016 I SyncBossHAL: [info   ] syncboss_hal_prox.c(42): Reporting prox event: system_down
11-02 07:38:34.726   738  1028 I SyncBossHAL: [info   ] syncboss_hal_impl_android_driver.c(546): Failed to read system property vendor.syncbosshal.uart_path. Using default "/dev/ttyHS14".
11-02 07:38:34.729   738  1028 I SyncBossHAL: [info   ] syncboss_hal_impl_android_driver.c(480): Starting logging thread from UART path /dev/ttyHS14
11-02 07:38:34.730   738  1028 I         : [info   ] (0): Successfully loaded telmetry library (v11.0)
11-02 07:38:34.739   738  1028 I SyncBossHAL: [info   ] syncboss_hal_impl_common.c(176): Detected firmware version: v2.12.0. Built Jul 30 2021 17:19:08 by twsvcscm@sandcastle1332. with cc 4.8.5. Git SHA 1079d9069281
11-02 07:38:34.741   738  1212 I SyncBossFW:      25 [info   ] {BSP }: Setting prox config version to 1
11-02 07:38:34.741   738  1212 I SyncBossFW:      26 [info   ] {APPI}: prox_set_calibration called. on: 46, off: 32, cancellation: 57
11-02 07:38:34.741   738  1212 I SyncBossFW:      26 [info   ] {VCNL}: Setting prox config: on: 46, off: 32, canc: 57
11-02 07:38:34.741   738  1212 I SyncBossFW:      27 [info   ] {APPI}: Enabling
11-02 07:38:34.741   738  1212 E SyncBossFW:  prox sensor
11-02 07:38:34.741   738  1212 E SyncBossFW:      27 [info   ] {WAKE}: Enabling prox wakeup
11-02 07:38:34.741   738  1212 E SyncBossFW:      28 [info   ] {VCNL}: Setting prox config: on: 46, off: 32, canc: 57
11-02 07:38:34.751   738  1212 I SyncBossFW:      39 [info   ] {APPI}: Found 0 connected pulsar devices
11-02 07:38:34.769   833   833 D TrackingService: TrackingDataPostProcessor: Set heuristic confidence param persist.ovr.tracking.chct value 0.00
11-02 07:38:34.769   833   833 D TrackingService: TrackingDataPostProcessor: Set heuristic confidence param persist.ovr.tracking.chnopress value 2.00
11-02 07:38:34.769   833   833 D TrackingService: TrackingDataPostProcessor: Set heuristic confidence param persist.ovr.tracking.chnotouch value -1.00
11-02 07:38:34.769   833   833 D TrackingService: TrackingDataPostProcessor: Set heuristic confidence param persist.ovr.tracking.chnotouchct value 2.00
11-02 07:38:34.769   833   833 D TrackingService: TrackingDataPostProcessor: Set heuristic confidence param persist.ovr.tracking.chringtilt value 0.26
11-02 07:38:34.769   833   833 D TrackingService: TrackingDataPostProcessor: Set heuristic confidence param persist.ovr.tracking.chringrlx value 1.00
11-02 07:38:34.769   833   833 D TrackingService: TrackingDataPostProcessor: Set heuristic confidence param persist.ovr.tracking.chstatic value 2.00
11-02 07:38:34.769   833   833 D TrackingService: TrackingDataPostProcessor: Set heuristic confidence param persist.ovr.tracking.chstaticrlx value 0.50
11-02 07:38:34.769   833   833 D TrackingService: TrackingDataPostProcessor: Set heuristic confidence param persist.ovr.tracking.chincenter value 2.00
11-02 07:38:34.769   833   833 D TrackingService: TrackingDataPostProcessor: Set heuristic confidence param persist.ovr.tracking.chdeadctr value 0.20
11-02 07:38:34.769   833   833 D TrackingService: TrackingDataPostProcessor: Set heuristic confidence param persist.ovr.tracking.chnoproxct value 2.00
11-02 07:38:34.769   833   833 D TrackingService: TrackingDataPostProcessor: Set heuristic confidence param persist.ovr.tracking.chunliketime value 8.00
11-02 07:38:34.814   833   833 D TrackingService: Scaled haptics updated to: 86
11-02 07:38:34.816   833   833 D TrackingService: ControllerGlue()
11-02 07:38:34.816   833   833 D TrackingService: ControllerGlue: Setting up streams
11-02 07:38:34.818   833   833 D TrackingService: ControllerGlue: Enumerating paired controllers
11-02 07:38:35.126   738  1016 I SyncBossHAL: [info   ] syncboss_hal_prox.c(42): Reporting prox event: system_down
11-02 07:38:35.237   738   738 I SyncBossHAL: [info   ] syncboss_hal_impl_android_driver.c(546): Failed to read system property vendor.syncbosshal.uart_path. Using default "/dev/ttyHS14".
11-02 07:38:35.239   738   738 I SyncBossHAL: [info   ] syncboss_hal_impl_android_driver.c(480): Starting logging thread from UART path /dev/ttyHS14
11-02 07:38:35.240   738   738 I         : [info   ] (0): Successfully loaded telmetry library (v11.0)
11-02 07:38:35.250   738  1284 I SyncBossFW: rÌ
11-02 07:38:35.250   738  1284 I SyncBossFW:      24 [info   ] {APPI}: prox_set_calibration called. on: 46, off: 32, cancellation: 57
11-02 07:38:35.250   738  1284 I SyncBossFW:      24 [info   ] {VCNL}: Setting prox config: on: 46, off: 32, canc: 57
11-02 07:38:35.250   738  1284 I SyncBossFW:      25 [info   ] {APPI}: Enabling prox sensor
11-02 07:38:35.250   738  1284 I SyncBossFW:      25 [info   ] {WAKE}: Enabling prox wak
11-02 07:38:35.250   738  1284 E SyncBossFW: eup
11-02 07:38:35.250   738  1284 E SyncBossFW:      26 [info   ] {VCNL}: Setting prox config: on: 46, off: 32, canc: 57
11-02 07:38:35.255   738   738 I SyncBossHAL: [info   ] syncboss_hal_impl_common.c(176): Detected firmware version: v2.12.0. Built Jul 30 2021 17:19:08 by twsvcscm@sandcastle1332. with cc 4.8.5. Git SHA 1079d9069281
11-02 07:38:35.259   738   738 D SensorService: Found paired controllers: 2
11-02 07:38:35.272   738  1284 I SyncBossFW:      46 [info   ] {APPI}: Found 0 connected pulsar devices
11-02 07:38:35.626   738  1016 I SyncBossHAL: [info   ] syncboss_hal_prox.c(42): Reporting prox event: system_down
11-02 07:38:35.626   833   833 I TrackingService: Creating RemoteDevice for 4b7681ec37a6d963
11-02 07:38:35.626   833   833 I TrackingService: Creating RemoteDevice for b52e25c2474e944e
11-02 07:38:35.627   833   833 I RemoteService: Initializing remote service
11-02 07:38:35.627   833   833 I InputSettingsService: Initializing InputSettingsService
11-02 07:38:36.385   738   738 I CameraProvider: Utility frequency frame period updated to 33333
11-02 07:38:36.391   738   738 I HollywoodCameraProvider: Switching channel from CONTROLLER to HAND
11-02 07:38:36.497   738   738 I SyncBossHAL: [info   ] syncboss_hal_impl_android_driver.c(546): Failed to read system property vendor.syncbosshal.uart_path. Using default "/dev/ttyHS14".
11-02 07:38:36.498   738   738 I SyncBossHAL: [info   ] syncboss_hal_impl_android_driver.c(480): Starting logging thread from UART path /dev/ttyHS14
11-02 07:38:36.499   738   738 I         : [info   ] (0): Successfully loaded telmetry library (v11.0)
11-02 07:38:36.510   738  1501 E SyncBossFW: ]vwwÚng prox config version to 1
11-02 07:38:36.510   738  1501 E SyncBossFW:      14 [info   ] {APPI}: prox_set_calibration called. on: 46, off: 32, cancellation: 57
11-02 07:38:36.510   738  1501 E SyncBossFW:      14 [info   ] {VCNL}: Setting prox config: on: 46, off: 32, canc: 57
11-02 07:38:36.510   738  1501 E SyncBossFW:      15 [info   ] {APPI}: Enabling prox sensor
11-02 07:38:36.510   738  1501 E SyncBossFW:      15 [info
11-02 07:38:36.510   738  1501 E SyncBossFW:    ] {WAKE}: Enabling prox wakeup
11-02 07:38:36.510   738  1501 E SyncBossFW:      16 [info   ] {VCNL}: Setting prox config: on: 46, off: 32, canc: 57
11-02 07:38:36.511   738   738 I SyncBossHAL: [info   ] syncboss_hal_impl_common.c(176): Detected firmware version: v2.12.0. Built Jul 30 2021 17:19:08 by twsvcscm@sandcastle1332. with cc 4.8.5. Git SHA 1079d9069281
11-02 07:38:36.520   738  1501 E SyncBossFW:      29 [error  ] {CAM }: Frame tag mode is not enabled, cannot use this API.
11-02 07:38:36.886   738  1016 I SyncBossHAL: [info   ] syncboss_hal_prox.c(42): Reporting prox event: system_down
11-02 07:38:36.891   833   833 D TrackingService: temporarilyWake(): performing transition to STANDBY
11-02 07:38:36.891   833   833 D TrackingService: Setting power state to STANDBY
11-02 07:38:36.893   833  1655 I TrackingService: [vision_manager_hmd] SLEEP -> STANDBY transition time: 1 ms
11-02 07:38:36.893   833  1656 I TrackingService: [            iad] SLEEP -> STANDBY transition time: 0 ms
11-02 07:38:37.059   833  1657 I TrackingService: [           bolt] SLEEP -> STANDBY transition time: 165 ms
11-02 07:38:37.206   738   738 I SyncBossHAL: [info   ] syncboss_hal_impl_android_driver.c(546): Failed to read system property vendor.syncbosshal.uart_path. Using default "/dev/ttyHS14".
11-02 07:38:37.207   738   738 I SyncBossHAL: [info   ] syncboss_hal_impl_android_driver.c(480): Starting logging thread from UART path /dev/ttyHS14
--------- beginning of system
11-02 07:38:37.207   561   561 D vold    : Waiting for FUSE to spin up...
11-02 07:38:37.207   738   738 I         : [info   ] (0): Successfully loaded telmetry library (v11.0)
11-02 07:38:37.217   738   738 I SyncBossHAL: [info   ] syncboss_hal_impl_common.c(176): Detected firmware version: v2.12.0. Built Jul 30 2021 17:19:08 by twsvcscm@sandcastle1332. with cc 4.8.5. Git SHA 1079d9069281
11-02 07:38:37.217   738   738 D SensorService: SyncbossEventHandler: starting all streams
11-02 07:38:37.217   738  1700 D SensorService: SyncbossEventHandler::producerThreadFunc() start
11-02 07:38:37.221  1062  1092 I chatty  : uid=1000(system) android.fg expire 12 lines
11-02 07:38:37.222  1696  1696 W sdcard  : Device explicitly enabled sdcardfs
11-02 07:38:37.226  1062  1095 I chatty  : uid=1000(system) android.display expire 10 lines
11-02 07:38:37.227   561   629 D vold    : fscrypt_unlock_user_key 0 serial=0 token_present=0
11-02 07:38:37.228   738  1697 I SyncBossFW:      23 [info   ] {BSP }: Setting prox config version to 1
11-02 07:38:37.228   738  1697 I SyncBossFW:      23 [info   ] {APPI}: prox_set_calibration called. on: 46, off: 32, cancellation: 57
11-02 07:38:37.228   738  1697 I SyncBossFW:      24 [info   ] {VCNL}: Setting prox config: on: 46, off: 32, canc: 57
11-02 07:38:37.228   738  1697 I SyncBossFW:      25 [info   ] {APPI}: Enabling
11-02 07:38:37.228   738  1697 E SyncBossFW:  prox sensor
11-02 07:38:37.228   738  1697 E SyncBossFW:      25 [info   ] {WAKE}: Enabling prox wakeup
11-02 07:38:37.228   738  1697 E SyncBossFW:      26 [info   ] {VCNL}: Setting prox config: on: 46, off: 32, canc: 57
11-02 07:38:37.228   738  1697 E SyncBossFW:      35 [info   ] {APPI}: Enabling display timestamping
11-02 07:38:37.228   738  1697 E SyncBossFW:      35 [info   ] {APPI}: Found 0 connected pulsar devices
11-02 07:38:37.228   738  1697 E SyncBossFW:      36
11-02 07:38:37.228   738  1697 E SyncBossFW:  [info   ] {APPI}: Enabling IMU
11-02 07:38:37.229   561   629 D vold    : Skipping non-key .
11-02 07:38:37.229   561   629 D vold    : Skipping non-key ..
11-02 07:38:37.229   561   629 D vold    : Trying user CE key /data/misc/vold/user_keys/ce/0/current
11-02 07:38:37.230   833  1658 I TrackingService: [            iot] SLEEP -> STANDBY transition time: 170 ms
11-02 07:38:37.238   738  1697 I SyncBossFW:      43 [info   ] {APPI}: Enabling magnetometer
11-02 07:38:37.238   738  1697 I SyncBossFW:      44 [info   ] {APPI}: Enabling mag streaming.  Temperature comp enabled
11-02 07:38:37.238   561   629 I vold    : List of Keymaster HALs found:
11-02 07:38:37.238   561   629 I vold    : Keymaster HAL #1: Keymaster HAL: 4 from QTI SecurityLevel: STRONGBOX HAL: android.hardware.keymaster@4.0::IKeymasterDevice/strongbox
11-02 07:38:37.239   561   629 I vold    : Keymaster HAL #2: Keymaster HAL: 4 from QTI SecurityLevel: TRUSTED_ENVIRONMENT HAL: android.hardware.keymaster@4.0::IKeymasterDevice/default
11-02 07:38:37.239   561   629 I vold    : Using Keymaster HAL: 4 from QTI for encryption.  Security level: TRUSTED_ENVIRONMENT, HAL: android.hardware.keymaster@4.0::IKeymasterDevice/default
11-02 07:38:37.249   833  1659 I TrackingService: ConstellationTrackingGlue: setEnableExtendedDeadreckoning to false
11-02 07:38:37.249   833  1659 I TrackingService: [  constellation] SLEEP -> STANDBY transition time: 18 ms
11-02 07:38:37.249   561   629 D vold    : Successfully retrieved key
11-02 07:38:37.249   833  1660 I TrackingService: [           hand] SLEEP -> STANDBY transition time: 0 ms
11-02 07:38:37.250   561   629 D vold    : Added key 371670811 (ext4:dbe6b67c37d65597) to keyring 293864474 in process 561
11-02 07:38:37.250   561   629 D vold    : Added key 598199952 (f2fs:dbe6b67c37d65597) to keyring 293864474 in process 561
11-02 07:38:37.251   561   629 D vold    : Added key 217805901 (fscrypt:dbe6b67c37d65597) to keyring 293864474 in process 561
11-02 07:38:37.251   561   629 D vold    : Installed ce key for user 0
11-02 07:38:37.252   833  1661 I TrackingService: [         object] SLEEP -> STANDBY transition time: 2 ms
11-02 07:38:37.252  1062  1188 I chatty  : uid=1000(system) ConnectivitySer expire 2 lines
11-02 07:38:37.252   833  1662 D TrackingService: ControllerGlue: setting expected mode to Streaming
11-02 07:38:37.252   833  1662 D TrackingService: ControllerGlue: Setting current mode to Streaming
11-02 07:38:37.252   833  1662 D TrackingService: ControllerGlue: leave mode Disabled
11-02 07:38:37.252   833  1662 D TrackingService: ControllerGlue: Setting mode to Streaming
11-02 07:38:37.252   833  1662 D TrackingService: ControllerGlue: enter mode Streaming
11-02 07:38:37.253   738   738 D SensorService: ControllerProvider: acquiring StreamingSession
11-02 07:38:37.253   561   629 D vold    : fscrypt_prepare_user_storage for volume null, user 0, serial 0, flags 2
11-02 07:38:37.253   561   629 D vold    : Preparing: /data/system_ce/0
11-02 07:38:37.253   561   629 D vold    : Preparing: /data/misc_ce/0
11-02 07:38:37.253   561   629 D vold    : Preparing: /data/vendor_ce/0
11-02 07:38:37.255  1062  1102 I chatty  : uid=1000(system) ActivityManager expire 4 lines
11-02 07:38:37.256   561   629 D vold    : Preparing: /data/media/0
11-02 07:38:37.257   561   629 D vold    : Preparing: /data/data
11-02 07:38:37.257   561   629 I vold    : Found policy dbe6b67c37d65597 at /data/system_ce/0 which matches expected value
11-02 07:38:37.257   738   738 I SyncBossHAL: [info   ] syncboss_hal_impl_input.c(252): No pulsar frequency blocklist set
11-02 07:38:37.258   738   738 I SyncBossHAL: [info   ] syncboss_hal_impl_input.c(273): No AFH behavior specified, enabled by default
11-02 07:38:37.258   738   738 I SyncBossHAL: [info   ] syncboss_hal_impl_input.c(306): Input device auto-whitelisting disabled
11-02 07:38:37.258   561   629 I vold    : Found policy dbe6b67c37d65597 at /data/misc_ce/0 which matches expected value
11-02 07:38:37.259   561   629 I vold    : Found policy dbe6b67c37d65597 at /data/vendor_ce/0 which matches expected value
11-02 07:38:37.260   561   629 I vold    : Found policy dbe6b67c37d65597 at /data/media/0 which matches expected value
11-02 07:38:37.261   561   629 I vold    : Found policy dbe6b67c37d65597 at /data/data which matches expected value
11-02 07:38:37.261   561   629 D vold    : Starting restorecon of /data/system_ce/0
11-02 07:38:37.263   738   738 D SensorService: ControllerProvider: acquiring StreamingClient impl; approx # alive: 1
11-02 07:38:37.264   738   738 D libsensorscommon: ControllerProvider: acquiring StreamingClient hidl
11-02 07:38:37.265   833  1662 I TrackingService: [     controller] SLEEP -> STANDBY transition time: 12 ms
11-02 07:38:37.265   833   833 D TrackingService: Scheduling delayed transition to SLEEP in 120000ms
11-02 07:38:37.268   833   833 D TrackingService: Scaled haptics updated to: 86
11-02 07:38:37.268   561   629 D vold    : Finished restorecon of /data/system_ce/0
11-02 07:38:37.268   561   629 D vold    : Starting restorecon of /data/vendor_ce/0
11-02 07:38:37.268   738  1697 I SyncBossFW:      76 [info   ] {WIHO}: Pulsar device auto-whitelisting disabled
11-02 07:38:37.268   738  1697 I SyncBossFW:      76 [info   ] {APPI}: Starting input
11-02 07:38:37.268   738  1697 I SyncBossFW:      77 [warning] {BMM1}: Sample DRDY bit not set
11-02 07:38:37.270   833  1732 D TrackingService: Ignoring same state transition to STANDBY
11-02 07:38:37.270   561   629 D vold    : Finished restorecon of /data/vendor_ce/0
11-02 07:38:37.270   561   629 D vold    : Starting restorecon of /data/misc_ce/0
11-02 07:38:37.270   738  1699 I SyncBossHAL: [info   ] pulsar_manager.c(750): Setting transmit power for all connected controllers to -4 dBm
11-02 07:38:37.271   833   833 D TrackingService: Scaled haptics updated to: 86
11-02 07:38:37.272   738  1699 I SyncBossHAL: [info   ] pulsar_manager.c(750): Setting transmit power for all connected controllers to -4 dBm
11-02 07:38:37.274   561   629 D vold    : Finished restorecon of /data/misc_ce/0
11-02 07:38:37.274   561   629 D vold    : /system/bin/vold_prepare_subdirs
11-02 07:38:37.274   561   629 D vold    :     prepare
11-02 07:38:37.274   561   629 D vold    :     
11-02 07:38:37.275   561   629 D vold    :     0
11-02 07:38:37.275   561   629 D vold    :     2
11-02 07:38:37.360  1062  1079 I chatty  : uid=1000(system) Binder:1062_2 expire 2 lines
11-02 07:38:37.360  1062  1094 I chatty  : uid=1000(system) android.io expire 1 line
11-02 07:38:37.427  1062  1277 I chatty  : uid=1000(system) Binder:1062_4 expire 1 line
11-02 07:38:37.452  1772  1772 I GkServiceApp: Scheduling periodic GK update for userId=0
11-02 07:38:37.454  1062  1101 I chatty  : uid=1000(system) ActivityManager expire 11 lines
11-02 07:38:37.482   561   629 D vold    : Linking /storage/emulated/0 to /mnt/user/0/primary
11-02 07:38:37.503  1062  1221 I chatty  : uid=1000(system) backup expire 6 lines
11-02 07:38:37.530  1062  1092 I chatty  : uid=1000(system) android.fg expire 1 line
11-02 07:38:37.533  1062  1277 I chatty  : uid=1000(system) Binder:1062_4 expire 6 lines
11-02 07:38:37.547  1062  1102 I chatty  : uid=1000(system) ActivityManager expire 15 lines
11-02 07:38:37.550  1062  1169 I chatty  : uid=1000(system) StorageManagerS expire 1 line
11-02 07:38:37.574  1062  1288 I chatty  : uid=1000(system) SyncManager expire 1 line
11-02 07:38:37.606   738  1016 I SyncBossHAL: [info   ] syncboss_hal_prox.c(42): Reporting prox event: prox_on
11-02 07:38:37.608   833  1732 D TrackingService: Cancelling delayed transition to SLEEP
11-02 07:38:37.608   833  1732 D TrackingService: Received transition request to RUNNING current is STANDBY
11-02 07:38:37.608   833  1732 D TrackingService: Executing transition from STANDBY to RUNNING
11-02 07:38:37.608   833  1732 D TrackingService: Setting power state to RUNNING
11-02 07:38:37.608   738  1697 I SyncBossFW:     420 [info   ] {CMTH}: Good morning.  Prox is currently near
11-02 07:38:37.609   833  1655 I TrackingService: [vision_manager_hmd] STANDBY -> RUNNING transition time: 0 ms
11-02 07:38:37.609   833  1656 I TrackingService: [            iad] STANDBY -> RUNNING transition time: 0 ms
11-02 07:38:37.609   833  1657 I TrackingService: [           bolt] STANDBY -> RUNNING transition time: 0 ms
11-02 07:38:37.613   833  1658 I TrackingService: Setting initial exposure: 0.005000, initial gain: 3.000000
11-02 07:38:37.618   738   738 I FrameSetDispatcher: [HEADSET] Client thread started
11-02 07:38:37.618   738   738 I CameraClientManager: [HEADSET] Added client - started clients: 1
11-02 07:38:37.619   738  1697 E SyncBossFW:     432 [error  ] {CAM }: Frame tag mode is not enabled, cannot use this API.
11-02 07:38:37.781   738  1697 I SyncBossFW:     589 [info   ] {BCAM}: OV7251 sensors found - 0xf
11-02 07:38:37.801   738  1697 I SyncBossFW:     613 [info   ] {APPI}: Camera probe, found: 0xf
11-02 07:38:37.812   738   738 I HollywoodCameraProvider: [HollywoodCameraProvider] Set cameras to 10 bpp (format 0x00000025)
11-02 07:38:37.818   738  1699 I SyncBossHAL: [info   ] pulsar_manager.c(715): Setting controller LED config to period: 33333us, on-time: 19us
11-02 07:38:37.861  1551  1875 W ContextImpl: Calling a method in the system process without a qualified user: android.app.ContextImpl.startService:1582 android.content.ContextWrapper.startService:669 com.oculus.authapi.OVRAuth.A00:2 com.oculus.unifiedtelemetry.credentialsmanager.UnifiedTelemetryCredentialsManager.A01:54 com.oculus.unifiedtelemetry.credentialsmanager.UnifiedTelemetryCredentialsManager.A02:52 
11-02 07:38:37.890   833  1962 D RemoteService: RemoteService - Registering status callback
11-02 07:38:37.896   738  1697 I SyncBossFW:     701 [info   ] {APPI}: Starting camera streaming
11-02 07:38:37.896   738  1697 I SyncBossFW:     702 [info   ] {BCAM}: Camera streaming started
11-02 07:38:37.903   833  1658 I TrackingService: [            iot] STANDBY -> RUNNING transition time: 293 ms
11-02 07:38:37.903   833  1659 I TrackingService: [  constellation] STANDBY -> RUNNING transition time: 0 ms
11-02 07:38:37.959  1062  1062 I chatty  : uid=1000 system_server expire 4 lines
11-02 07:38:37.978   738  2041 W SensorService: FrameType HEADSET: New frameset capture timestamp exceeds tolerance bounds
11-02 07:38:38.072  1062  2128 I chatty  : uid=1000 system_server expire 4 lines
11-02 07:38:38.092  1062  1102 I chatty  : uid=1000(system) ActivityManager expire 11 lines
11-02 07:38:38.295  2130  2130 W ContextImpl: Calling a method in the system process without a qualified user: android.app.ContextImpl.startForegroundService:1588 android.content.ContextWrapper.startForegroundService:674 android.content.ContextWrapper.startForegroundService:674 oculus.internal.ContextCompat.startForegroundService:9 com.oculus.nux.ota.NuxOtaBootReceiver.onReceive:19 
11-02 07:38:38.904   833  1732 W TrackingService: Power state transition timed out
11-02 07:38:38.934  1062  1245 I chatty  : uid=1000(system) Binder:1062_3 expire 2 lines
11-02 07:38:39.098   811   811 W wificond: Scan is not started. Ignore abort request
11-02 07:38:39.362   833  1962 I TrackingService: TrackingService::getSharedMemoryFileDescriptor
11-02 07:38:39.373  1062  1177 I chatty  : uid=1000(system) ClientModeImpl expire 1 line
11-02 07:38:39.404  1062  1188 I chatty  : uid=1000(system) ConnectivitySer expire 23 lines
11-02 07:38:39.794   738   738 I FrameSetDispatcher: [HAND] Client thread started
11-02 07:38:39.794   738   738 I CameraClientManager: [HAND] Added client - started clients: 1
11-02 07:38:40.100   833  1660 I TrackingService: [           hand] STANDBY -> RUNNING transition time: 2195 ms
11-02 07:38:40.107   738   738 I FrameSetDispatcher: [HEADSET] Client thread started
11-02 07:38:40.107   738   738 I CameraClientManager: [HEADSET] Added client - started clients: 2
11-02 07:38:40.110   738   738 I FrameSetDispatcher: [HAND] Client thread started
11-02 07:38:40.110   738   738 E FrameSetDispatcher: [HAND] Frame Count Requirement violated: number of streaming clients: 2, maximum number of FrameSets: 2
11-02 07:38:40.110   738   738 I CameraClientManager: [HAND] Added client - started clients: 2
11-02 07:38:40.110   833  1661 I TrackingService: [         object] STANDBY -> RUNNING transition time: 9 ms
11-02 07:38:40.110   833  1662 I TrackingService: [     controller] STANDBY -> RUNNING transition time: 0 ms
11-02 07:38:40.212   691   931 E NetlinkEvent: NetlinkEvent::FindParam(): Parameter 'INTERFACE' not found
11-02 07:38:40.212   691   931 E NetlinkEvent: NetlinkEvent::FindParam(): Parameter 'STATE' not found
11-02 07:38:40.212   691   931 E NetlinkEvent: NetlinkEvent::FindParam(): Parameter 'TIME_NS' not found
11-02 07:38:40.212   691   931 E NetlinkEvent: NetlinkEvent::FindParam(): Parameter 'UID' not found
11-02 07:38:40.252  1062  1424 I chatty  : uid=1000(system) Binder:1062_5 expire 3 lines
11-02 07:38:20.866  1062  1062 I chatty  : uid=1000 system_server expire 7 lines
11-02 07:38:20.871  1062  1100 I chatty  : uid=1000(system) android.bg expire 2 lines
11-02 07:38:21.104  1062  1102 I chatty  : uid=1000(system) ActivityManager expire 4 lines
11-02 07:38:21.297  1772  1772 I GkServiceApp: Scheduling periodic GK update for userId=0
11-02 07:38:22.522  1062  1807 I chatty  : uid=1000(system) backup-0 expire 364 lines
11-02 07:38:22.969   833  1732 I TrackingService: TrackingService::getSharedMemoryFileDescriptor
11-02 07:38:22.971   833  1732 I TrackingService: Unregistering client by ITrackingService.unregisterClient
11-02 07:38:22.971   833  1732 I TrackingService: Failed to unregister client because client not found in registered list
11-02 07:38:22.971   833  1732 I chatty  : uid=1000(system) Binder:833_1 identical 2 lines
11-02 07:38:22.971   833  1732 I TrackingService: Failed to unregister client because client not found in registered list
11-02 07:38:22.972   833  1732 I TrackingService: TrackingService::getSharedMemoryFileDescriptor
11-02 07:38:23.197   833  1732 I TrackingService: TrackingService::getSharedMemoryFileDescriptor
11-02 07:38:23.198   833  1962 I TrackingService: Unregistering client by ITrackingService.unregisterClient
11-02 07:38:23.198   833  1962 I TrackingService: Failed to unregister client because client not found in registered list
11-02 07:38:23.198   833  1962 I chatty  : uid=1000(system) Binder:833_3 identical 2 lines
11-02 07:38:23.198   833  1962 I TrackingService: Failed to unregister client because client not found in registered list
11-02 07:38:23.259   833  1732 I TrackingService: TrackingService::getSharedMemoryFileDescriptor
11-02 07:38:23.265   833  1732 I TrackingService: Unregistering client by ITrackingService.unregisterClient
11-02 07:38:23.265   833  1732 I TrackingService: Failed to unregister client because client not found in registered list
11-02 07:38:23.265   833  1732 I chatty  : uid=1000(system) Binder:833_1 identical 2 lines
11-02 07:38:23.265   833  1732 I TrackingService: Failed to unregister client because client not found in registered list
11-02 07:38:23.562  1062  2355 I chatty  : uid=1000(system) Binder:1062_B expire 3 lines
11-02 07:38:23.640  1062  1807 I chatty  : uid=1000(system) backup-0 expire 1 line
11-02 07:38:23.751   833  1732 I TrackingService: TrackingService::getSharedMemoryFileDescriptor
11-02 07:38:23.779  1062  1094 I chatty  : uid=1000(system) android.io expire 8 lines
11-02 07:38:23.814  1062  1102 I chatty  : uid=1000(system) ActivityManager expire 8 lines
11-02 07:38:24.289   833  1732 D TrackingService: TrackingEnvironment::getSharedMemory()
11-02 07:38:24.289   833  1732 D TrackingService: TrackingEnvironment::getSharedMemory()
11-02 07:38:24.296   833  1732 I TrackingService: TrackingService::getSharedMemoryFileDescriptor
11-02 07:38:24.774  1551  1551 W ContextImpl: Calling a method in the system process without a qualified user: android.app.ContextImpl.startService:1582 android.content.ContextWrapper.startService:669 com.oculus.authapi.OVRAuth.A00:2 com.oculus.unifiedtelemetry.credentialsmanager.UnifiedTelemetryCredentialsManager.A01:54 com.oculus.unifiedtelemetry.credentialsmanager.UnifiedTelemetryCredentialsManager.A02:52 
11-02 07:38:24.777   831   901 D CameraMuxModeMonitor: Connecting to 'cameramuxmodeservice'
11-02 07:38:24.777   831   901 D CameraMuxModeMonitor: Connected to 'cameramuxmodeservice'
11-02 07:38:26.012  1062  1990 I chatty  : uid=1000(system) Binder:1062_A expire 2 lines
11-02 07:38:26.286  1062  1547 I chatty  : uid=1000(system) Binder:1062_8 expire 3 lines
11-02 07:38:26.459  1062  1162 I chatty  : uid=1000(system) InputReader expire 2 lines
11-02 07:38:26.462  1062  1062 I chatty  : uid=1000 system_server expire 1 line
11-02 07:38:26.470  1062  1110 I chatty  : uid=1000(system) PowerManagerSer expire 8 lines
11-02 07:38:26.542  1062  1990 I chatty  : uid=1000(system) Binder:1062_A expire 1 line
11-02 07:38:26.543  1062  1095 I chatty  : uid=1000(system) android.display expire 2 lines
11-02 07:38:26.549  1062  1960 I chatty  : uid=1000(system) Binder:1062_9 expire 2 lines
11-02 07:38:26.590   833  1732 I TrackingService: Unregistering client by ITrackingService.unregisterClient
11-02 07:38:26.591   833  1732 I TrackingService: Failed to unregister client because client not found in registered list
11-02 07:38:26.591   833  1732 I chatty  : uid=1000(system) Binder:833_1 identical 2 lines
11-02 07:38:26.591   833  1732 I TrackingService: Failed to unregister client because client not found in registered list
11-02 07:38:26.744  1062  1102 I chatty  : uid=1000(system) ActivityManager expire 8 lines
11-02 07:38:27.076   833  1732 D TrackingService: Received transition request to SLEEP current is RUNNING
11-02 07:38:27.076   833  1732 D TrackingService: Executing transition from RUNNING to STANDBY
11-02 07:38:27.076   833  1732 D TrackingService: Executing transition from STANDBY to SLEEP
11-02 07:38:27.076   833  1732 D TrackingService: Setting power state to STANDBY
11-02 07:38:27.076   833  1662 I TrackingService: [     controller] RUNNING -> STANDBY transition time: 0 ms
11-02 07:38:27.077   738  2525 I FrameSetDispatcher: [HEADSET] Client thread stopping
11-02 07:38:27.077   738  1028 I FrameSetDispatcher: [HEADSET] Client thread joined
11-02 07:38:27.077   738  1028 I CameraClientManager: [HEADSET] Removed client - started clients: 1
11-02 07:38:27.078   738  2526 I FrameSetDispatcher: [HAND] Client thread stopping
11-02 07:38:27.079   738  1028 I FrameSetDispatcher: [HAND] Client thread joined
11-02 07:38:27.079   738  1028 I CameraClientManager: [HAND] Removed client - started clients: 1
11-02 07:38:27.079   833  1661 I TrackingService: [         object] RUNNING -> STANDBY transition time: 2 ms
11-02 07:38:27.086   738  2490 I FrameSetDispatcher: [HAND] Client thread stopping
11-02 07:38:27.086  1062  1546 I chatty  : uid=1000(system) Binder:1062_7 expire 2 lines
11-02 07:38:27.086   738  1028 I FrameSetDispatcher: [HAND] Client thread joined
11-02 07:38:27.086   738  1028 I CameraClientManager: [HAND] Removed client - started clients: 0
11-02 07:38:27.089   833  1660 I TrackingService: [           hand] RUNNING -> STANDBY transition time: 10 ms
11-02 07:38:27.090   833  1659 I TrackingService: [  constellation] RUNNING -> STANDBY transition time: 0 ms
11-02 07:38:27.145   738  1865 I FrameSetDispatcher: [HEADSET] Client thread stopping
11-02 07:38:27.145   738  1028 I FrameSetDispatcher: [HEADSET] Client thread joined
11-02 07:38:27.145   738  1028 I CameraClientManager: [HEADSET] Removed client - started clients: 0
11-02 07:38:27.156   738  2027 E HollywoodCameraProvider: Frame marked invalid by frame set generator
11-02 07:38:27.243   738  1697 I SyncBossFW:    9678 [info   ] {APPI}: Stopping camera streaming
11-02 07:38:27.243   738  1697 I SyncBossFW:    9678 [info   ] {BCAM}: Camera streaming stopped
11-02 07:38:27.268   833  1658 I TrackingService: [            iot] RUNNING -> STANDBY transition time: 178 ms
11-02 07:38:27.269   833  1657 I TrackingService: [           bolt] RUNNING -> STANDBY transition time: 0 ms
11-02 07:38:27.269   833  1656 I TrackingService: [            iad] RUNNING -> STANDBY transition time: 0 ms
11-02 07:38:27.269   833  1655 I TrackingService: [vision_manager_hmd] RUNNING -> STANDBY transition time: 0 ms
11-02 07:38:27.269   833  1732 D TrackingService: Time since last wake is 9286ms, using short sleep delay
11-02 07:38:27.269   833  1732 D TrackingService: Scheduling delayed transition to SLEEP in 60000ms
11-02 07:38:27.509  1062  3302 I chatty  : uid=1000(system) Binder:1062_D expire 1 line
11-02 07:38:27.509  1062  1078 I chatty  : uid=1000(system) Binder:1062_1 expire 1 line
11-02 07:38:27.783  1062  1062 I chatty  : uid=1000 system_server expire 7 lines
11-02 07:38:28.000  1062  1162 I chatty  : uid=1000(system) InputReader expire 1 line
11-02 07:38:28.024  1062  1079 I chatty  : uid=1000(system) Binder:1062_2 expire 1 line
11-02 07:38:28.111  1062  1110 I chatty  : uid=1000(system) PowerManagerSer expire 3 lines
11-02 07:38:28.130  1062  1102 I chatty  : uid=1000(system) ActivityManager expire 3 lines
11-02 07:38:28.136   833  1732 I TrackingService: TrackingService::getSharedMemoryFileDescriptor
11-02 07:38:28.148  1062  1960 I chatty  : uid=1000(system) Binder:1062_9 expire 3 lines
11-02 07:38:28.231   833  1732 D TrackingService: Cancelling delayed transition to SLEEP
11-02 07:38:28.232   833  1732 D TrackingService: Received transition request to RUNNING current is SLEEP
11-02 07:38:28.232   833  1732 D TrackingService: Executing transition from SLEEP to STANDBY
11-02 07:38:28.232   833  1732 D TrackingService: Executing transition from STANDBY to RUNNING
11-02 07:38:28.232   833  1732 D TrackingService: Setting power state to RUNNING
11-02 07:38:28.232   833  1655 I TrackingService: [vision_manager_hmd] STANDBY -> RUNNING transition time: 0 ms
11-02 07:38:28.233   833  1656 I TrackingService: [            iad] STANDBY -> RUNNING transition time: 0 ms
11-02 07:38:28.233   833  1657 I TrackingService: [           bolt] STANDBY -> RUNNING transition time: 0 ms
11-02 07:38:28.235   833  1658 I TrackingService: Setting initial exposure: 0.005000, initial gain: 3.000000
11-02 07:38:28.244  1062  1547 I chatty  : uid=1000(system) Binder:1062_8 expire 3 lines
11-02 07:38:28.245   738  1028 I FrameSetDispatcher: [HEADSET] Client thread started
11-02 07:38:28.245   738  1028 I CameraClientManager: [HEADSET] Added client - started clients: 1
11-02 07:38:28.407   738  1697 I SyncBossFW:   10845 [info   ] {BCAM}: OV7251 sensors found - 0xf
11-02 07:38:28.438   738  1697 I SyncBossFW:   10869 [info   ] {APPI}: Camera probe, found: 0xf
11-02 07:38:28.444   738  1028 I HollywoodCameraProvider: [HollywoodCameraProvider] Set cameras to 10 bpp (format 0x00000025)
11-02 07:38:28.448   738  1699 I SyncBossHAL: [info   ] pulsar_manager.c(715): Setting controller LED config to period: 33333us, on-time: 19us
11-02 07:38:28.531   738  1697 I SyncBossFW:   10965 [info   ] {APPI}: Starting camera streaming
11-02 07:38:28.531   738  1697 I SyncBossFW:   10966 [info   ] {BCAM}: Camera streaming started
11-02 07:38:28.537  1062  1245 I chatty  : uid=1000(system) Binder:1062_3 expire 2 lines
11-02 07:38:28.541  1062  3514 I chatty  : uid=1000(system) Binder:1062_E expire 2 lines
11-02 07:38:28.547  1062  3302 I chatty  : uid=1000(system) Binder:1062_D expire 2 lines
11-02 07:38:28.547   833  1658 I TrackingService: [            iot] STANDBY -> RUNNING transition time: 314 ms
11-02 07:38:28.547   833  1659 I TrackingService: [  constellation] STANDBY -> RUNNING transition time: 0 ms
11-02 07:38:28.550   738  1028 I FrameSetDispatcher: [HAND] Client thread started
11-02 07:38:28.551   738  1028 I CameraClientManager: [HAND] Added client - started clients: 1
11-02 07:38:28.562   833  1962 I TrackingService: TrackingService::getSharedMemoryFileDescriptor
11-02 07:38:28.619   738  3598 W SensorService: FrameType HEADSET: New frameset capture timestamp exceeds tolerance bounds
11-02 07:38:28.634   738  3598 W SensorService: FrameType HAND: New frameset capture timestamp exceeds tolerance bounds
11-02 07:38:28.752   833  1660 I TrackingService: [           hand] STANDBY -> RUNNING transition time: 204 ms
11-02 07:38:28.754   738  1028 I FrameSetDispatcher: [HEADSET] Client thread started
11-02 07:38:28.754   738  1028 I CameraClientManager: [HEADSET] Added client - started clients: 2
11-02 07:38:28.756   738  1028 I FrameSetDispatcher: [HAND] Client thread started
11-02 07:38:28.756   738  1028 E FrameSetDispatcher: [HAND] Frame Count Requirement violated: number of streaming clients: 2, maximum number of FrameSets: 2
11-02 07:38:28.756   738  1028 I CameraClientManager: [HAND] Added client - started clients: 2
11-02 07:38:28.756   833  1661 I TrackingService: [         object] STANDBY -> RUNNING transition time: 3 ms
11-02 07:38:28.756   833  1662 I TrackingService: [     controller] STANDBY -> RUNNING transition time: 0 ms
11-02 07:38:28.801   833  1732 I TrackingService: TrackingService::getSharedMemoryFileDescriptor
11-02 07:38:29.118  1062  1093 I chatty  : uid=1000(system) android.ui expire 5 lines
11-02 07:38:29.121  1062  1095 I chatty  : uid=1000(system) android.display expire 8 lines
11-02 07:38:29.593   833  1732 I TrackingService: TrackingService::getSharedMemoryFileDescriptor
11-02 07:38:29.596  1062  1102 I chatty  : uid=1000(system) ActivityManager expire 4 lines
11-02 07:38:29.608  1062  3709 I chatty  : uid=1000 system_server expire 2 lines
11-02 07:38:29.627  1062  3718 I chatty  : uid=1000 system_server expire 1 line
11-02 07:38:29.632  1062  1093 I chatty  : uid=1000(system) android.ui expire 1 line
11-02 07:38:29.732  1551  2973 W ContextImpl: Calling a method in the system process without a qualified user: android.app.ContextImpl.sendBroadcast:1057 android.content.ContextWrapper.sendBroadcast:448 X.uO.A00:58995 X.uz.A00:17 X.uz.handleMessage:91 
11-02 07:38:29.778  1062  1078 I chatty  : uid=1000(system) Binder:1062_1 expire 1 line
11-02 07:38:29.788   833  1962 I TrackingService: Unregistering client by ITrackingService.unregisterClient
11-02 07:38:29.788   833  1962 I TrackingService: Failed to unregister client because client not found in registered list
11-02 07:38:29.788   833  1962 I chatty  : uid=1000(system) Binder:833_3 identical 1 line
11-02 07:38:29.788   833  1962 I TrackingService: Failed to unregister client because client not found in registered list
11-02 07:38:29.889  1062  3295 I chatty  : uid=1000(system) Binder:1062_C expire 1 line
11-02 07:38:29.898  1551  2366 W ContextImpl: Calling a method in the system process without a qualified user: android.app.ContextImpl.sendBroadcast:1057 android.content.ContextWrapper.sendBroadcast:448 X.uO.A00:58995 X.uz.A00:17 X.uz.handleMessage:91 
11-02 07:38:29.909  1062  1547 I chatty  : uid=1000(system) Binder:1062_8 expire 1 line
11-02 07:38:29.948   833  1962 I TrackingService: Unregistering client by ITrackingService.unregisterClient
11-02 07:38:29.948   833  1962 I TrackingService: Failed to unregister client because client not found in registered list
11-02 07:38:29.948   833  1962 I chatty  : uid=1000(system) Binder:833_3 identical 2 lines
11-02 07:38:29.948   833  1962 I TrackingService: Failed to unregister client because client not found in registered list
11-02 07:38:30.066  1551  3745 W ContextImpl: Calling a method in the system process without a qualified user: android.app.ContextImpl.sendBroadcast:1057 android.content.ContextWrapper.sendBroadcast:448 X.uO.A00:58995 X.uz.A00:17 X.uz.handleMessage:91 
11-02 07:38:30.100   833  1962 I TrackingService: TrackingService::getSharedMemoryFileDescriptor
11-02 07:38:30.423   738  3561 E FrameSetDispatcher: [HEADSET] Client: Failed to read from receive FMQ for 1 packets in 5000ms.
11-02 07:38:30.423   738  3561 E FrameSetDispatcher: This probably means this client is taking more than 33 ms to process the frame.
11-02 07:38:30.423   738  3561 E FrameSetDispatcher: Retrying.
11-02 07:38:30.478  1062  1162 I chatty  : uid=1000(system) InputReader expire 3 lines
11-02 07:38:30.478  1062  1062 I chatty  : uid=1000 system_server expire 2 lines
11-02 07:38:30.479  1062  1110 I chatty  : uid=1000(system) PowerManagerSer expire 10 lines
11-02 07:38:31.398  1062  1162 I chatty  : uid=1000(system) InputReader expire 1 line
11-02 07:38:31.520  1062  1960 I chatty  : uid=1000(system) Binder:1062_9 expire 1 line
11-02 07:38:31.649  1062  1546 I chatty  : uid=1000(system) Binder:1062_7 expire 4 lines
11-02 07:38:31.748   833  1732 D TrackingService: Received transition request to SLEEP current is RUNNING
11-02 07:38:31.748   833  1732 D TrackingService: Executing transition from RUNNING to STANDBY
11-02 07:38:31.748   833  1732 D TrackingService: Executing transition from STANDBY to SLEEP
11-02 07:38:31.748   833  1732 D TrackingService: Setting power state to STANDBY
11-02 07:38:31.748   833  1662 I TrackingService: [     controller] RUNNING -> STANDBY transition time: 0 ms
11-02 07:38:31.750   738  3637 I FrameSetDispatcher: [HEADSET] Client thread stopping
11-02 07:38:31.753   738  1028 I FrameSetDispatcher: [HEADSET] Client thread joined
11-02 07:38:31.753   738  1028 I CameraClientManager: [HEADSET] Removed client - started clients: 1
11-02 07:38:31.756   738  3638 I FrameSetDispatcher: [HAND] Client thread stopping
11-02 07:38:31.756   738  1028 I FrameSetDispatcher: [HAND] Client thread joined
11-02 07:38:31.756   738  1028 I CameraClientManager: [HAND] Removed client - started clients: 1
11-02 07:38:31.757   833  1661 I TrackingService: [         object] RUNNING -> STANDBY transition time: 7 ms
11-02 07:38:31.763   738  3615 I FrameSetDispatcher: [HAND] Client thread stopping
11-02 07:38:31.764   738  1028 I FrameSetDispatcher: [HAND] Client thread joined
11-02 07:38:31.764   738  1028 I CameraClientManager: [HAND] Removed client - started clients: 0
11-02 07:38:31.771   833  1660 I TrackingService: [           hand] RUNNING -> STANDBY transition time: 12 ms
11-02 07:38:31.771   833  1659 I TrackingService: [  constellation] RUNNING -> STANDBY transition time: 0 ms
11-02 07:38:31.874   738  3561 I FrameSetDispatcher: [HEADSET] Client thread stopping
11-02 07:38:31.874   738  1028 I FrameSetDispatcher: [HEADSET] Client thread joined
11-02 07:38:31.874   738  1028 I CameraClientManager: [HEADSET] Removed client - started clients: 0
11-02 07:38:31.890   738  3604 E HollywoodCameraProvider: Frame marked invalid by frame set generator
11-02 07:38:31.911  1062  1277 I chatty  : uid=1000(system) Binder:1062_4 expire 6 lines
11-02 07:38:32.012   738  1697 I SyncBossFW:   14445 [info   ] {APPI}: Stopping camera streaming
11-02 07:38:32.012   738  1697 I SyncBossFW:   14446 [info   ] {BCAM}: Camera streaming stopped
11-02 07:38:32.061   833  1658 I TrackingService: [            iot] RUNNING -> STANDBY transition time: 290 ms
11-02 07:38:32.061   833  1657 I TrackingService: [           bolt] RUNNING -> STANDBY transition time: 0 ms
11-02 07:38:32.062   833  1656 I TrackingService: [            iad] RUNNING -> STANDBY transition time: 0 ms
11-02 07:38:32.062   833  1655 I TrackingService: [vision_manager_hmd] RUNNING -> STANDBY transition time: 0 ms
11-02 07:38:32.062   833  1732 D TrackingService: Time since last wake is 3830ms, using short sleep delay
11-02 07:38:32.062   833  1732 D TrackingService: Scheduling delayed transition to SLEEP in 60000ms
11-02 07:38:32.062   833  1732 D TrackingService: Cancelling delayed transition to SLEEP
11-02 07:38:32.069   833  1732 D TrackingService: Received transition request to RUNNING current is SLEEP
11-02 07:38:32.069   833  1732 D TrackingService: Executing transition from SLEEP to STANDBY
11-02 07:38:32.069   833  1732 D TrackingService: Executing transition from STANDBY to RUNNING
11-02 07:38:32.069   833  1732 D TrackingService: Setting power state to RUNNING
11-02 07:38:32.069   833  1655 I TrackingService: [vision_manager_hmd] STANDBY -> RUNNING transition time: 0 ms
11-02 07:38:32.070   833  1656 I TrackingService: [            iad] STANDBY -> RUNNING transition time: 0 ms
11-02 07:38:32.070   833  1657 I TrackingService: [           bolt] STANDBY -> RUNNING transition time: 0 ms
11-02 07:38:32.072   833  1658 I TrackingService: Setting initial exposure: 0.005000, initial gain: 3.000000
11-02 07:38:32.088   738  1028 I FrameSetDispatcher: [HEADSET] Client thread started
11-02 07:38:32.088   738  1028 I CameraClientManager: [HEADSET] Added client - started clients: 1
11-02 07:38:32.249   738  1697 I SyncBossFW:   14688 [info   ] {BCAM}: OV7251 sensors found - 0xf
11-02 07:38:32.279   738  1697 I SyncBossFW:   14712 [info   ] {APPI}: Camera probe, found: 0xf
11-02 07:38:32.286   738  1028 I HollywoodCameraProvider: [HollywoodCameraProvider] Set cameras to 10 bpp (format 0x00000025)
11-02 07:38:32.291   738  1699 I SyncBossHAL: [info   ] pulsar_manager.c(715): Setting controller LED config to period: 33333us, on-time: 19us
11-02 07:38:32.304  1062  3295 I chatty  : uid=1000(system) Binder:1062_C expire 3 lines
11-02 07:38:32.309   833  1962 I TrackingService: TrackingService::getSharedMemoryFileDescriptor
11-02 07:38:32.351  1062  1095 I chatty  : uid=1000(system) android.display expire 5 lines
11-02 07:38:32.362   738  1697 I SyncBossFW:   14791 [info   ] {APPI}: Starting camera streaming
11-02 07:38:32.362   738  1697 I SyncBossFW:   14792 [info   ] {BCAM}: Camera streaming started
11-02 07:38:32.366   833  1658 I TrackingService: [            iot] STANDBY -> RUNNING transition time: 295 ms
11-02 07:38:32.366   833  1659 I TrackingService: [  constellation] STANDBY -> RUNNING transition time: 0 ms
11-02 07:38:32.369   738  1028 I FrameSetDispatcher: [HAND] Client thread started
11-02 07:38:32.369   738  1028 I CameraClientManager: [HAND] Added client - started clients: 1
11-02 07:38:32.373  1551  3794 W ContextImpl: Calling a method in the system process without a qualified user: android.app.ContextImpl.sendBroadcast:1057 android.content.ContextWrapper.sendBroadcast:448 X.uO.A00:58995 X.uz.A00:17 X.uz.handleMessage:91 
11-02 07:38:32.419   738  3842 W SensorService: FrameType HEADSET: New frameset capture timestamp exceeds tolerance bounds
11-02 07:38:32.434   738  3842 W SensorService: FrameType HAND: New frameset capture timestamp exceeds tolerance bounds
11-02 07:38:32.452   738  3834 E SensorService: FrameType HEADSET: Releasing incomplete frame set: Received frame from next frame set
11-02 07:38:32.577   833  1660 I TrackingService: [           hand] STANDBY -> RUNNING transition time: 211 ms
11-02 07:38:32.579   738   738 I FrameSetDispatcher: [HEADSET] Client thread started
11-02 07:38:32.579   738   738 I CameraClientManager: [HEADSET] Added client - started clients: 2
11-02 07:38:32.580   738   738 I FrameSetDispatcher: [HAND] Client thread started
11-02 07:38:32.580   738   738 E FrameSetDispatcher: [HAND] Frame Count Requirement violated: number of streaming clients: 2, maximum number of FrameSets: 2
11-02 07:38:32.580   738   738 I CameraClientManager: [HAND] Added client - started clients: 2
11-02 07:38:32.580   833  1661 I TrackingService: [         object] STANDBY -> RUNNING transition time: 3 ms
11-02 07:38:32.580   833  1662 I TrackingService: [     controller] STANDBY -> RUNNING transition time: 0 ms
11-02 07:38:32.776   833  1732 I TrackingService: TrackingService::getSharedMemoryFileDescriptor
11-02 07:38:32.798  1551  3867 W ContextImpl: Calling a method in the system process without a qualified user: android.app.ContextImpl.sendBroadcast:1057 android.content.ContextWrapper.sendBroadcast:448 X.uO.A00:58995 X.uz.A00:17 X.uz.handleMessage:91 
